Archive member included to satisfy reference by file (symbol)

../../minlibc//libminlibc.a(atof.o)
                              build/m_config.o (atof)
../../minlibc//libminlibc.a(atoi.o)
                              build/d_main.o (atoi)
../../minlibc//libminlibc.a(errno.o)
                              build/m_misc.o (errno)
../../minlibc//libminlibc.a(exit.o)
                              build/d_main.o (exit)
../../minlibc//libminlibc.a(fclose.o)
                              build/g_game.o (fclose)
../../minlibc//libminlibc.a(fflush.o)
                              build/i_scale.o (fflush)
../../minlibc//libminlibc.a(fopen.o)
                              build/g_game.o (fopen)
../../minlibc//libminlibc.a(fprintf.o)
                              build/am_map.o (fprintf)
../../minlibc//libminlibc.a(fread.o)
                              build/m_menu.o (fread)
../../minlibc//libminlibc.a(fseek.o)
                              build/m_misc.o (fseek)
../../minlibc//libminlibc.a(ftell.o)
                              build/m_misc.o (ftell)
../../minlibc//libminlibc.a(fwrite.o)
                              build/m_misc.o (fwrite)
../../minlibc//libminlibc.a(isdigit.o)
                              ../../minlibc//libminlibc.a(atoi.o) (isdigit)
../../minlibc//libminlibc.a(malloc.o)
                              build/d_iwad.o (malloc)
../../minlibc//libminlibc.a(memcpy.o)
                              build/d_loop.o (memcpy)
../../minlibc//libminlibc.a(memset.o)
                              build/am_map.o (memset)
../../minlibc//libminlibc.a(mkdir.o)
                              build/m_misc.o (mkdir)
../../minlibc//libminlibc.a(mmap.o)
                              ../../minlibc//libminlibc.a(malloc.o) (mmap)
../../minlibc//libminlibc.a(mprotect.o)
                              ../../minlibc//libminlibc.a(malloc.o) (mprotect)
../../minlibc//libminlibc.a(munmap.o)
                              ../../minlibc//libminlibc.a(malloc.o) (munmap)
../../minlibc//libminlibc.a(printf.o)
                              build/d_iwad.o (printf)
../../minlibc//libminlibc.a(putchar.o)
                              build/i_system.o (putchar)
../../minlibc//libminlibc.a(puts.o)
                              build/i_scale.o (puts)
../../minlibc//libminlibc.a(snprintf.o)
                              build/am_map.o (snprintf)
../../minlibc//libminlibc.a(stdio_values.o)
                              build/i_scale.o (stdout)
../../minlibc//libminlibc.a(strcasecmp.o)
                              build/d_iwad.o (strcasecmp)
../../minlibc//libminlibc.a(strcmp.o)
                              build/d_iwad.o (strcmp)
../../minlibc//libminlibc.a(strdup.o)
                              build/d_iwad.o (strdup)
../../minlibc//libminlibc.a(strlen.o)
                              build/d_iwad.o (strlen)
../../minlibc//libminlibc.a(strncmp.o)
                              build/m_misc.o (strncmp)
../../minlibc//libminlibc.a(strncpy.o)
                              build/m_misc.o (strncpy)
../../minlibc//libminlibc.a(strrchr.o)
                              build/d_iwad.o (strrchr)
../../minlibc//libminlibc.a(strstr.o)
                              build/m_misc.o (strstr)
../../minlibc//libminlibc.a(tolower.o)
                              ../../minlibc//libminlibc.a(strcasecmp.o) (tolower)
../../minlibc//libminlibc.a(toupper.o)
                              build/f_finale.o (toupper)
../../minlibc//libminlibc.a(vfprintf.o)
                              build/i_system.o (vfprintf)
../../minlibc//libminlibc.a(vsnprintf.o)
                              build/m_misc.o (vsnprintf)
../../minlibc//libminlibc.a(abort.o)
                              ../../minlibc//libminlibc.a(malloc.o) (abort)
../../minlibc//libminlibc.a(bzero.o)
                              ../../minlibc//libminlibc.a(malloc.o) (bzero)
../../minlibc//libminlibc.a(fputc.o)
                              ../../minlibc//libminlibc.a(fwrite.o) (fputc)
../../minlibc//libminlibc.a(isspace.o)
                              ../../minlibc//libminlibc.a(printf.o) (isspace)
../../minlibc//libminlibc.a(strchr.o)
                              ../../minlibc//libminlibc.a(strstr.o) (strchr)
../../minlibc//libminlibc.a(strnlen.o)
                              ../../minlibc//libminlibc.a(vsnprintf.o) (strnlen)
/home/ubuntu/gcc-riscv/lib/gcc/riscv32-unknown-elf/15.1.0/libgcc.a(_divdi3.o)
                              build/m_fixed.o (__divdi3)
/home/ubuntu/gcc-riscv/lib/gcc/riscv32-unknown-elf/15.1.0/libgcc.a(_udivdi3.o)
                              ../../minlibc//libminlibc.a(vsnprintf.o) (__udivdi3)
/home/ubuntu/gcc-riscv/lib/gcc/riscv32-unknown-elf/15.1.0/libgcc.a(_umoddi3.o)
                              ../../minlibc//libminlibc.a(vsnprintf.o) (__umoddi3)
/home/ubuntu/gcc-riscv/lib/gcc/riscv32-unknown-elf/15.1.0/libgcc.a(adddf3.o)
                              ../../minlibc//libminlibc.a(atof.o) (__adddf3)
/home/ubuntu/gcc-riscv/lib/gcc/riscv32-unknown-elf/15.1.0/libgcc.a(ledf2.o)
[...]
Memory Configuration

Name             Origin             Length             Attributes
*default*        0x00000000         0xffffffff

Linker script and memory map

LOAD build/dummy.o
LOAD build/am_map.o
LOAD build/doomdef.o
LOAD build/doomstat.o
LOAD build/dstrings.o
LOAD build/d_event.o
LOAD build/d_items.o
LOAD build/d_iwad.o
LOAD build/d_loop.o
LOAD build/d_main.o
LOAD build/d_mode.o
LOAD build/d_net.o
LOAD build/f_finale.o
LOAD build/f_wipe.o
LOAD build/g_game.o
LOAD build/hu_lib.o
LOAD build/hu_stuff.o
LOAD build/info.o
LOAD build/i_cdmus.o
LOAD build/i_endoom.o
LOAD build/i_joystick.o
LOAD build/i_scale.o
LOAD build/i_sound.o
LOAD build/i_system.o
LOAD build/i_timer.o
LOAD build/memio.o
LOAD build/m_argv.o
LOAD build/m_bbox.o
LOAD build/m_cheat.o
LOAD build/m_config.o
LOAD build/m_controls.o
LOAD build/m_fixed.o
LOAD build/m_menu.o
LOAD build/m_misc.o
LOAD build/m_random.o
LOAD build/p_ceilng.o
LOAD build/p_doors.o
LOAD build/p_enemy.o
LOAD build/p_floor.o
LOAD build/p_inter.o
LOAD build/p_lights.o
LOAD build/p_map.o
LOAD build/p_maputl.o
LOAD build/p_mobj.o
LOAD build/p_plats.o
LOAD build/p_pspr.o
LOAD build/p_saveg.o
LOAD build/p_setup.o
LOAD build/p_sight.o
LOAD build/p_spec.o
LOAD build/p_switch.o
LOAD build/p_telept.o
LOAD build/p_tick.o
LOAD build/p_user.o
LOAD build/r_bsp.o
LOAD build/r_data.o
LOAD build/r_draw.o
LOAD build/r_main.o
LOAD build/r_plane.o
LOAD build/r_segs.o
LOAD build/r_sky.o
LOAD build/r_things.o
LOAD build/sha1.o
LOAD build/sounds.o
LOAD build/statdump.o
LOAD build/st_lib.o
LOAD build/st_stuff.o
LOAD build/s_sound.o
LOAD build/tables.o
LOAD build/v_video.o
LOAD build/wi_stuff.o
LOAD build/w_checksum.o
LOAD build/w_file.o
LOAD build/w_main.o
LOAD build/w_wad.o
LOAD build/z_zone.o
LOAD build/w_file_stdc.o
LOAD build/i_input.o
LOAD build/i_video.o
LOAD build/doomgeneric.o
LOAD build/doomgeneric_jane_cpu.o
LOAD ../../minlibc//libminlibc.a
LOAD /home/ubuntu/gcc-riscv/riscv32-unknown-elf/lib//libm.a
LOAD /home/ubuntu/gcc-riscv/lib/gcc/riscv32-unknown-elf/15.1.0/libgcc.a
                [!provide]                        PROVIDE (__executable_start = SEGMENT_START ("text-segment", 0x10000))
                0x000100b4                        . = (SEGMENT_START ("text-segment", 0x10000) + SIZEOF_HEADERS)

.note.gnu.build-id
 *(.note.gnu.build-id)

.interp
 *(.interp)

.hash
 *(.hash)

.gnu.hash
 *(.gnu.hash)

.dynsym
 *(.dynsym)

.dynstr
 *(.dynstr)

.gnu.version
 *(.gnu.version)

.gnu.version_d
 *(.gnu.version_d)

.gnu.version_r
 *(.gnu.version_r)

.rela.dyn
 *(.rela.init)
 *(.rela.text .rela.text.* .rela.gnu.linkonce.t.*)
 *(.rela.fini)
 *(.rela.rodata .rela.rodata.* .rela.gnu.linkonce.r.*)
 *(.rela.data .rela.data.* .rela.gnu.linkonce.d.*)
 *(.rela.tdata .rela.tdata.* .rela.gnu.linkonce.td.*)
 *(.rela.tbss .rela.tbss.* .rela.gnu.linkonce.tb.*)
 *(.rela.ctors)
 *(.rela.dtors)
 *(.rela.got)
 *(.rela.sdata .rela.sdata.* .rela.gnu.linkonce.s.*)
 *(.rela.sbss .rela.sbss.* .rela.gnu.linkonce.sb.*)
 *(.rela.sdata2 .rela.sdata2.* .rela.gnu.linkonce.s2.*)
 *(.rela.sbss2 .rela.sbss2.* .rela.gnu.linkonce.sb2.*)
 *(.rela.bss .rela.bss.* .rela.gnu.linkonce.b.*)
 *(.rela.ifunc)

.rela.plt       0x000100b4        0x0
 *(.rela.plt)
                [!provide]                        PROVIDE (__rela_iplt_start = .)
 *(.rela.iplt)
                [!provide]                        PROVIDE (__rela_iplt_end = .)

.init
 *(SORT_NONE(.init))

.plt
 *(.plt)
 *(.iplt)

.text           0x000100b4    0x4f5f0
 *(.text.unlikely .text.*_unlikely .text.unlikely.*)
 *(.text.exit .text.exit.*)
 *(.text.startup .text.startup.*)
 .text.startup  0x000100b4       0x14 build/doomgeneric_jane_cpu.o
                0x000100b4                main
 *(.text.hot .text.hot.*)
 *(SORT_BY_NAME(.text.sorted.*))
 *(.text .stub .text.* .gnu.linkonce.t.*)
 .text          0x000100c8        0x4 build/dummy.o
                0x000100c8                I_InitTimidityConfig
 .text          0x000100cc     0x3288 build/am_map.o
                0x000100cc                AM_getIslope
                0x00010194                AM_activateNewScale
                0x00010274                AM_saveScaleAndLoc
                0x00010298                AM_restoreScaleAndLoc
                0x00010338                AM_addMark
                0x000103ac                AM_findMinMaxBoundaries
                0x00010524                AM_changeWindowLoc
                0x000105d0                AM_initVariables
                0x0001075c                AM_loadPics
                0x000107d4                AM_unloadPics
                0x00010834                AM_clearMarks
                0x0001086c                AM_LevelInit
                0x0001090c                AM_Stop
                0x00010984                AM_Start
                0x00010a98                AM_minOutWindowScale
                0x00010ac0                AM_maxOutWindowScale
                0x00010ae8                AM_Responder
                0x00010f20                AM_changeWindowScale
                0x00010f80                AM_doFollowPlayer
                0x00011064                AM_updateLightLev
                0x000110d8                AM_Ticker
                0x00011168                AM_clearFB
                0x000111a0                AM_clipMline
                0x000117e0                AM_drawFline
                0x00011d80                AM_drawMline
                0x000120d8                AM_drawGrid
                0x00012274                AM_drawWalls
                0x000124ac                AM_rotate
                0x0001256c                AM_drawLineCharacter
                0x000129b4                AM_drawPlayers
                0x00012e48                AM_drawThings
                0x00013138                AM_drawMarks
                0x00013248                AM_drawCrosshair
                0x00013290                AM_Drawer
 .text          0x00013354        0x0 build/doomdef.o
 .text          0x00013354        0x0 build/doomstat.o
 .text          0x00013354        0x0 build/dstrings.o
 .text          0x00013354       0xa8 build/d_event.o
                0x00013354                D_PostEvent
                0x000133b4                D_PopEvent
 .text          0x000133fc        0x0 build/d_items.o
 .text          0x000133fc      0xa50 build/d_iwad.o
                0x000135cc                D_FindWADByName
                0x0001360c                D_TryFindWADByName
                0x00013658                D_FindIWAD
                0x00013a9c                D_FindAllIWADs
                0x00013b5c                D_SaveGameIWADName
                0x00013c04                D_SuggestIWADName
                0x00013cf8                D_SuggestGameName
 .text          0x00013e4c      0xb60 build/d_loop.o
                0x00013e4c                D_QuitNetGame
                0x00013f84                NetUpdate
                0x00014048                D_ReceiveTic
                0x00014228                D_StartGameLoop
                0x00014290                D_StartNetGame
                0x000142bc                D_InitNetGame
                0x000142f8                TryRunTics
                0x000149a4                D_RegisterLoopCallbacks
 .text          0x000149ac     0x1970 build/d_main.o
                0x000149ac                D_GrabMouseCallback
                0x00014e3c                D_ProcessEvents
                0x00014e90                D_Display
                0x00014ea0                D_BindVariables
                0x00015008                doomgeneric_Tick
                0x00015064                D_DoomLoop
                0x00015168                D_PageTicker
                0x00015188                D_PageDrawer
                0x000151b4                D_AdvanceDemo
                0x000151c0                D_DoAdvanceDemo
                0x000153b0                D_StartTitle
                0x000153c8                D_IdentifyVersion
                0x00015628                D_SetGameDescription
                0x00015764                PrintDehackedBanners
                0x00015768                PrintGameVersion
                0x00015828                D_DoomMain
 .text          0x0001631c      0x43c build/d_mode.o
                0x0001631c                D_ValidGameMode
                0x000163ac                D_ValidEpisodeMap
                0x0001651c                D_GetNumEpisodes
                0x00016678                D_ValidGameVersion
                0x0001670c                D_IsEpisodeMap
                0x0001672c                D_GameMissionString
 .text          0x00016758      0x5f0 build/d_net.o
                0x00016a08                D_ConnectNetGame
                0x00016af0                D_CheckNetGame
 .text          0x00016d48     0x1708 build/f_finale.o
                0x00016d48                F_StartFinale
                0x00016fb0                F_Responder
                0x00017078                F_Ticker
                0x000176cc                F_TextWrite
                0x00017848                F_StartCast
                0x000178c8                F_CastTicker
                0x00017db0                F_CastResponder
                0x00017e68                F_CastPrint
                0x00017fb0                F_CastDrawer
                0x00018074                F_DrawPatchCol
                0x0001810c                F_BunnyScroll
                0x000183a8                F_Drawer
 .text          0x00018450      0x880 build/f_wipe.o
                0x00018450                wipe_doColorXForm
                0x000184dc                wipe_exitColorXForm
                0x000184e4                wipe_doMelt
                0x000186e4                wipe_initColorXForm
                0x00018710                wipe_exitMelt
                0x00018740                wipe_initMelt
                0x00018a64                wipe_shittyColMajorXform
                0x00018b30                wipe_StartScreen
                0x00018b64                wipe_EndScreen
                0x00018bd8                wipe_ScreenWipe
 .text          0x00018cd0     0x37c0 build/g_game.o
                0x00018cd0                G_CmdChecksum
                0x00018ce8                G_BuildTiccmd
                0x00019768                G_DoLoadLevel
                0x00019938                G_Responder
                0x00019f9c                G_PlayerFinishLevel
                0x0001a034                G_PlayerReborn
                0x0001a150                G_InitPlayer
                0x0001a154                G_CheckSpot
                0x0001a56c                G_DeathMatchSpawnPlayer
                0x0001a66c                G_DoReborn
                0x0001a854                G_ScreenShot
                0x0001a860                G_ExitLevel
                0x0001a870                G_SecretExitLevel
                0x0001a8c4                G_DoCompleted
                0x0001ae74                G_WorldDone
                0x0001aef0                G_DoWorldDone
                0x0001af28                G_LoadGame
                0x0001af58                G_SaveGame
                0x0001af88                G_DoSaveGame
                0x0001afa8                G_DeferedInitNew
                0x0001afc0                G_InitNew
                0x0001b338                G_DoLoadGame
                0x0001b41c                G_DoNewGame
                0x0001b478                G_RecordDemo
                0x0001b52c                G_VanillaVersionCode
                0x0001b584                G_BeginRecording
                0x0001b71c                G_DeferedPlayDemo
                0x0001b72c                G_DoPlayDemo
                0x0001b9c4                G_TimeDemo
                0x0001ba0c                G_CheckDemoStatus
                0x0001bb7c                G_ReadDemoTiccmd
                0x0001bc14                G_WriteDemoTiccmd
                0x0001bd68                G_Ticker
 .text          0x0001c490      0xf84 build/hu_lib.o
                0x0001c490                HUlib_init
                0x0001c494                HUlib_clearTextLine
                0x0001c4a8                HUlib_initTextLine
                0x0001c4cc                HUlib_addCharToTextLine
                0x0001c508                HUlib_delCharFromTextLine
                0x0001c538                HUlib_drawTextLine
                0x0001c6a4                HUlib_eraseTextLine
                0x0001c7e0                HUlib_initSText
                0x0001c8f8                HUlib_addLineToSText
                0x0001c968                HUlib_addMessageToSText
                0x0001cacc                HUlib_drawSText
                0x0001cc1c                HUlib_eraseSText
                0x0001d088                HUlib_initIText
                0x0001d0b8                HUlib_delCharFromIText
                0x0001d0e8                HUlib_eraseLineFromIText
                0x0001d11c                HUlib_resetIText
                0x0001d134                HUlib_addPrefixToIText
                0x0001d19c                HUlib_keyInIText
                0x0001d248                HUlib_drawIText
                0x0001d260                HUlib_eraseIText
 .text          0x0001d414      0xf84 build/hu_stuff.o
                0x0001d414                HU_Init
                0x0001d490                HU_Stop
                0x0001d498                HU_Start
                0x0001d6fc                HU_Drawer
                0x0001d750                HU_Erase
                0x0001d788                HU_Ticker
                0x0001dcec                HU_queueChatChar
                0x0001dd2c                HU_dequeueChatChar
                0x0001dd5c                HU_Responder
 .text          0x0001e398        0x0 build/info.o
 .text          0x0001e398       0x48 build/i_cdmus.o
                0x0001e398                I_CDMusInit
                0x0001e3a0                I_CDMusPrintStartup
                0x0001e3a4                I_CDMusPlay
                0x0001e3ac                I_CDMusStop
                0x0001e3b4                I_CDMusResume
                0x0001e3bc                I_CDMusSetVolume
                0x0001e3c8                I_CDMusFirstTrack
                0x0001e3d0                I_CDMusLastTrack
                0x0001e3d8                I_CDMusTrackLength
 .text          0x0001e3e0        0x4 build/i_endoom.o
                0x0001e3e0                I_Endoom
 .text          0x0001e3e4      0x104 build/i_joystick.o
                0x0001e3e4                I_ShutdownJoystick
                0x0001e3e8                I_InitJoystick
                0x0001e3ec                I_UpdateJoystick
                0x0001e3f0                I_BindJoystickVariables
 .text          0x0001e4e8     0x22c4 build/i_scale.o
                0x00020710                I_InitScale
                0x00020720                I_ResetScaleTables
 .text          0x000207ac      0x270 build/i_sound.o
                0x000207ac                I_InitSound
                0x00020814                I_ShutdownSound
                0x00020828                I_GetSfxLumpNum
                0x00020840                I_UpdateSound
                0x00020854                I_UpdateSoundParams
                0x000208a4                I_StartSound
                0x000208f8                I_StopSound
                0x0002090c                I_SoundIsPlaying
                0x00020924                I_PrecacheSounds
                0x0002093c                I_InitMusic
                0x00020940                I_ShutdownMusic
                0x00020944                I_SetMusicVolume
                0x00020948                I_PauseSong
                0x0002094c                I_ResumeSong
                0x00020950                I_RegisterSong
                0x00020958                I_UnRegisterSong
                0x0002095c                I_PlaySong
                0x00020960                I_StopSong
                0x00020964                I_MusicIsPlaying
                0x0002096c                I_BindSoundVariables
 .text          0x00020a1c      0x5b0 build/i_system.o
                0x00020a1c                I_AtExit
                0x00020a60                I_Tactile
                0x00020a64                I_PrintBanner
                0x00020ac0                I_PrintDivider
                0x00020af4                I_PrintStartupBanner
                0x00020bb0                I_ConsoleStdout
                0x00020bb8                I_Quit
                0x00020bec                I_Error
                0x00020cd8                I_ZoneBase
                0x00020d84                I_GetMemoryValue
 .text          0x00020fcc       0x98 build/i_timer.o
                0x00020fcc                I_GetTicks
                0x00020fd0                I_GetTime
                0x00021020                I_GetTimeMS
                0x00021058                I_Sleep
                0x0002105c                I_WaitVBL
                0x00021060                I_InitTimer
 .text          0x00021064      0x340 build/memio.o
                0x00021064                mem_fopen_read
                0x000210b0                mem_fread
                0x0002118c                mem_fopen_write
                0x000211e8                mem_fwrite
                0x000212dc                mem_get_buf
                0x000212f0                mem_fclose
                0x0002132c                mem_ftell
                0x00021334                mem_fseek
 .text          0x000213a4      0x230 build/m_argv.o
                0x000213a4                M_CheckParmWithArgs
                0x00021454                M_ParmExists
                0x000214e8                M_CheckParm
                0x00021580                M_FindResponseFile
                0x00021584                M_GetExecutableName
 .text          0x000215d4       0x5c build/m_bbox.o
                0x000215d4                M_ClearBox
                0x000215f0                M_AddToBox
 .text          0x00021630       0xf0 build/m_cheat.o
                0x00021630                cht_CheckCheat
                0x0002170c                cht_GetParam
 .text          0x00021720      0x874 build/m_config.o
                0x00021720                M_SetConfigFilenames
                0x0002172c                M_SaveDefaults
                0x00021730                M_SaveDefaultsAlternate
                0x00021734                M_LoadDefaults
                0x00021814                M_BindVariable
                0x00021914                M_SetVariable
                0x00021b40                M_GetIntVariable
                0x00021c5c                M_GetStrVariable
                0x00021d78                M_GetFloatVariable
                0x00021e98                M_SetConfigDir
                0x00021f0c                M_GetSaveGameDir
 .text          0x00021f94      0x870 build/m_controls.o
                0x00021f94                M_BindBaseControls
                0x00022154                M_BindHereticControls
                0x000221f4                M_BindHexenControls
                0x000222b4                M_BindStrifeControls
                0x00022414                M_BindWeaponControls
                0x00022504                M_BindMapControls
                0x000225d4                M_BindMenuControls
                0x00022774                M_BindChatControls
                0x00022800                M_ApplyPlatformDefaults
 .text          0x00022804       0xd0 build/m_fixed.o
                0x00022804                FixedMul
                0x00022834                FixedDiv
 .text          0x000228d4     0x2fc0 build/m_menu.o
                0x000228d4                M_Sound
                0x000228ec                M_Options
                0x00022908                M_ChangeMessages
                0x0002295c                M_ReadThis
                0x00022978                M_FinishReadThis
                0x00022994                M_DrawReadThis2
                0x000229cc                M_DrawMainMenu
                0x000229fc                M_DrawNewGame
                0x00022a4c                M_DrawEpisode
                0x00022a7c                M_LoadSelect
                0x00022ab0                M_SaveSelect
                0x00022b24                M_QuitDOOM
                0x00022bc8                M_DrawReadThis1
                0x00022cb8                M_SfxVol
                0x00022cfc                M_MusicVol
                0x00022d40                M_SizeDisplay
                0x00022da8                M_ChangeSensitivity
                0x00022de4                M_ChangeDetail
                0x00022e54                M_QuickSaveResponse
                0x00022ebc                M_VerifyNightmare
                0x00022ef4                M_ChooseSkill
                0x00022f5c                M_EndGameResponse
                0x00022f7c                M_NewGame
                0x00023008                M_Episode
                0x000230d0                M_ReadThis2
                0x00023120                M_DrawOptions
                0x00023448                M_DrawSound
                0x000234b0                M_EndGame
                0x00023528                M_QuickLoadResponse
                0x00023574                M_QuitResponse
                0x000235fc                M_DrawLoad
                0x000237d0                M_DrawSave
                0x00023ae8                M_ReadSaveStrings
                0x00023bdc                M_LoadGame
                0x00023c2c                M_SaveGame
                0x00023c88                M_DrawSaveLoadBorder
                0x00023d30                M_DoSave
                0x00023d7c                M_QuickSave
                0x00023e88                M_QuickLoad
                0x00023f38                M_DrawThermo
                0x00024048                M_DrawEmptyCell
                0x000240a0                M_DrawSelCell
                0x000240f8                M_StartMessage
                0x0002411c                M_StopMessage
                0x0002412c                M_StringWidth
                0x000241ec                M_StringHeight
                0x0002428c                M_WriteText
                0x00024388                M_Responder
                0x00025354                M_StartControlPanel
                0x00025380                M_Drawer
                0x00025794                M_ClearMenus
                0x0002579c                M_SetupNextMenu
                0x000257ac                M_Ticker
                0x000257e0                M_Init
 .text          0x00025894      0xa94 build/m_misc.o
                0x00025894                M_MakeDirectory
                0x0002589c                M_FileExists
                0x000258e0                M_FileLength
                0x00025948                M_WriteFile
                0x000259c8                M_ReadFile
                0x00025ac4                M_StrToInt
                0x00025b74                M_ExtractFileBase
                0x00025c60                M_ForceUppercase
                0x00025c9c                M_StrCaseStr
                0x00025d58                M_StringDuplicate
                0x00025dbc                M_StringReplace
                0x00025f0c                M_StringCopy
                0x00025f60                M_StringConcat
                0x00025fe0                M_StringStartsWith
                0x00026060                M_StringEndsWith
                0x000260f4                M_StringJoin
                0x0002622c                M_TempFile
                0x00026248                M_vsnprintf
                0x000262a4                M_snprintf
 .text          0x00026328       0x54 build/m_random.o
                0x00026328                P_Random
                0x0002634c                M_Random
                0x00026370                M_ClearRandom
 .text          0x0002637c      0x5dc build/p_ceilng.o
                0x0002637c                T_MoveCeiling
                0x000265d4                EV_DoCeiling
                0x0002680c                P_AddActiveCeiling
                0x0002684c                P_RemoveActiveCeiling
                0x000268b4                P_ActivateInStasisCeiling
                0x00026904                EV_CeilingCrushStop
 .text          0x00026958      0xa5c build/p_doors.o
                0x00026958                T_VerticalDoor
                0x00026b58                EV_DoDoor
                0x00026eb4                EV_DoLockedDoor
                0x00026f9c                EV_VerticalDoor
                0x000272b0                P_SpawnDoorCloseIn30
                0x0002731c                P_SpawnDoorRaiseIn5Mins
 .text          0x000273b4     0x412c build/p_enemy.o
                0x000273b4                PIT_VileCheck
                0x00027674                P_RecursiveSound
                0x0002782c                P_NoiseAlert
                0x00027950                P_CheckMeleeRange
                0x000279dc                P_CheckMissileRange
                0x00027b14                P_Move
                0x00027cc4                P_TryWalk
                0x00027e68                P_NewChaseDir
                0x00028534                P_LookForPlayers
                0x00028764                A_KeenDie
                0x000287e0                A_Look
                0x00028900                A_Chase
                0x00028d30                A_FaceTarget
                0x00028dc8                A_PosAttack
                0x00028ec0                A_SPosAttack
                0x00028fe4                A_CPosAttack
                0x000290e4                A_CPosRefire
                0x000291d4                A_SpidRefire
                0x000292c4                A_BspiAttack
                0x00029370                A_TroopAttack
                0x000294b0                A_SargAttack
                0x000295bc                A_HeadAttack
                0x000296e8                A_CyberAttack
                0x00029794                A_BruisAttack
                0x00029868                A_SkelMissile
                0x0002994c                A_Tracer
                0x00029b50                A_SkelWhoosh
                0x00029bf8                A_SkelFist
                0x00029d24                A_VileChase
                0x00029f3c                A_VileStart
                0x00029f44                A_StartFire
                0x0002a028                A_FireCrackle
                0x0002a10c                A_Fire
                0x0002a1e8                A_VileTarget
                0x0002a29c                A_VileAttack
                0x0002a424                A_FatRaise
                0x0002a4c8                A_FatAttack1
                0x0002a5e8                A_FatAttack2
                0x0002a70c                A_FatAttack3
                0x0002a88c                A_SkullAttack
                0x0002aaf4                A_PainShootSkull
                0x0002ab4c                A_PainAttack
                0x0002ac40                A_PainDie
                0x0002ada8                A_Scream
                0x0002ae60                A_XScream
                0x0002ae68                A_Pain
                0x0002ae7c                A_Fall
                0x0002ae8c                A_Explode
                0x0002ae98                A_BossDeath
                0x0002b0d8                A_Hoof
                0x0002b0fc                A_Metal
                0x0002b120                A_BabyMetal
                0x0002b144                A_OpenShotgun2
                0x0002b150                A_LoadShotgun2
                0x0002b15c                A_CloseShotgun2
                0x0002b19c                A_BrainAwake
                0x0002b21c                A_BrainPain
                0x0002b228                A_BrainScream
                0x0002b300                A_BrainExplode
                0x0002b3a4                A_BrainDie
                0x0002b3a8                A_BrainSpit
                0x0002b468                A_SpawnSound
                0x0002b4a8                A_SpawnFly
                0x0002b4c0                A_PlayerScream
 .text          0x0002b4e0      0xedc build/p_floor.o
                0x0002b4e0                T_MoveFloor
                0x0002b6dc                T_MovePlane
                0x0002b924                EV_DoFloor
                0x0002c184                EV_BuildStairs
 .text          0x0002c3bc     0x1580 build/p_inter.o
                0x0002c3bc                P_GiveAmmo
                0x0002c55c                P_GiveWeapon
                0x0002c6fc                P_GiveBody
                0x0002c748                P_GiveArmor
                0x0002c77c                P_GiveCard
                0x0002c7a0                P_GivePower
                0x0002c880                P_TouchSpecialThing
                0x0002d2c0                P_KillMobj
                0x0002d544                P_DamageMobj
 .text          0x0002d93c      0x6ac build/p_lights.o
                0x0002d93c                T_StrobeFlash
                0x0002d980                T_Glow
                0x0002d9f4                T_FireFlicker
                0x0002da58                T_LightFlash
                0x0002dae0                P_SpawnFireFlicker
                0x0002db54                P_SpawnLightFlash
                0x0002dbe0                P_SpawnStrobeFlash
                0x0002dcb0                EV_StartLightStrobing
                0x0002ddb4                EV_TurnTagLightsOff
                0x0002de88                EV_LightTurnOn
                0x0002df74                P_SpawnGlowingLight
 .text          0x0002dfe8     0x1c14 build/p_map.o
                0x0002dfe8                PIT_StompThing
                0x0002e0a4                PIT_CheckLine
                0x0002e2bc                PIT_CheckThing
                0x0002e4fc                PTR_SlideTraverse
                0x0002e5e4                PTR_AimTraverse
                0x0002e7b4                PTR_ShootTraverse
                0x0002eb5c                PTR_UseTraverse
                0x0002ebe0                PIT_RadiusAttack
                0x0002edd4                P_TeleportMove
                0x0002ef8c                P_CheckPosition
                0x0002f1a8                PIT_ChangeSector
                0x0002f324                P_TryMove
                0x0002f4ec                P_ThingHeightClip
                0x0002f570                P_HitSlideLine
                0x0002f594                P_SlideMove
                0x0002f864                P_AimLineAttack
                0x0002f958                P_LineAttack
                0x0002fa30                P_UseLines
                0x0002fa88                P_RadiusAttack
                0x0002fb50                P_ChangeSector
 .text          0x0002fbfc     0x15d8 build/p_maputl.o
                0x0002fbfc                P_AproxDistance
                0x0002fc5c                P_PointOnLineSide
                0x0002fd08                P_BoxOnLineSide
                0x0002ff64                P_PointOnDivlineSide
                0x00030020                P_MakeDivline
                0x00030048                P_InterceptVector
                0x00030104                P_LineOpening
                0x00030174                P_UnsetThingPosition
                0x0003024c                P_SetThingPosition
                0x00030330                P_BlockLinesIterator
                0x00030420                P_BlockThingsIterator
                0x000304bc                PIT_AddLineIntercepts
                0x0003093c                PIT_AddThingIntercepts
                0x00030c6c                P_TraverseIntercepts
                0x00030d7c                P_PathTraverse
 .text          0x000311d4     0x1ce8 build/p_mobj.o
                0x000311d4                P_SpawnMobj
                0x00031374                P_RemoveMobj
                0x00031438                P_SetMobjState
                0x00031500                P_NightmareRespawn
                0x00031648                P_ExplodeMissile
                0x00031784                P_ZMovement
                0x00031a38                P_XYMovement
                0x00031e9c                P_MobjThinker
                0x00032018                P_RespawnSpecials
                0x000321c0                P_SpawnPlayer
                0x000323c4                P_SpawnMapThing
                0x00032788                P_SpawnPuff
                0x000328ac                P_SpawnBlood
                0x00032a48                P_CheckMissileSpawn
                0x00032ae0                P_SubstNullMobj
                0x00032b08                P_SpawnMissile
                0x00032ce8                P_SpawnPlayerMissile
 .text          0x00032ebc      0x69c build/p_plats.o
                0x00032ebc                T_PlatRaise
                0x000330f0                EV_DoPlat
                0x00033404                P_ActivateInStasis
                0x00033454                EV_StopPlat
                0x000334a0                P_AddActivePlat
                0x000334e8                P_RemoveActivePlat
 .text          0x00033558     0x1c84 build/p_pspr.o
                0x00033558                P_SetPsprite
                0x0003362c                P_CalcSwing
                0x000336e0                P_BringUpWeapon
                0x000337dc                P_CheckAmmo
                0x000339cc                P_FireWeapon
                0x00033ab8                P_DropWeapon
                0x00033b78                A_WeaponReady
                0x00033e38                A_ReFire
                0x00033f70                A_CheckReload
                0x00033f74                A_Lower
                0x000340b0                A_Raise
                0x00034190                A_GunFlash
                0x0003425c                A_Punch
                0x00034334                A_Saw
                0x00034488                A_FireMissile
                0x000344c8                A_FireBFG
                0x00034508                A_FirePlasma
                0x00034608                P_BulletSlope
                0x00034680                P_GunShot
                0x00034704                A_FirePistol
                0x000348d0                A_FireShotgun
                0x00034aac                A_FireShotgun2
                0x00034cac                A_FireCGun
                0x00034f0c                A_Light0
                0x00034f14                A_Light1
                0x00034f20                A_Light2
                0x00034f2c                A_BFGSpray
                0x00035024                A_BFGsound
                0x00035030                P_SetupPsprites
                0x00035128                P_MovePsprites
 .text          0x000351dc     0x56d4 build/p_saveg.o
                0x00035534                P_TempSaveGameFile
                0x0003556c                P_SaveGameFile
                0x000355fc                P_WriteSaveGameHeader
                0x000359bc                P_ReadSaveGameHeader
                0x00035d14                P_ReadSaveGameEOF
                0x00035d84                P_WriteSaveGameEOF
                0x00035de4                P_ArchivePlayers
                0x000369ac                P_UnArchivePlayers
                0x0003729c                P_ArchiveWorld
                0x00037ab8                P_UnArchiveWorld
                0x00038344                P_ArchiveThinkers
                0x000389f8                P_UnArchiveThinkers
                0x00039068                P_ArchiveSpecials
                0x00039d14                P_UnArchiveSpecials
 .text          0x0003a8b0     0x1494 build/p_setup.o
                0x0003a8b0                P_LoadVertexes
                0x0003a960                GetSectorAtNullAddress
                0x0003a9dc                P_LoadSegs
                0x0003ac5c                P_LoadSubsectors
                0x0003ad24                P_LoadSectors
                0x0003ae7c                P_LoadNodes
                0x0003b060                P_LoadThings
                0x0003b198                P_LoadLineDefs
                0x0003b420                P_LoadSideDefs
                0x0003b574                P_LoadBlockMap
                0x0003b60c                P_GroupLines
                0x0003b91c                P_SetupLevel
                0x0003bd20                P_Init
 .text          0x0003bd44      0xa40 build/p_sight.o
                0x0003bd44                P_DivlineSide
                0x0003be08                P_InterceptVector2
                0x0003bec4                P_CrossSubsector
                0x0003c3ac                P_CrossBSPNode
                0x0003c5f0                P_CheckSight
 .text          0x0003c784     0x1588 build/p_spec.o
                0x0003c784                P_InitPicAnims
                0x0003c8c4                getSide
                0x0003c914                getSector
                0x0003c968                twoSided
                0x0003c9a0                getNextSector
                0x0003c9cc                P_FindLowestFloorSurrounding
                0x0003ca24                P_FindHighestFloorSurrounding
                0x0003ca88                P_FindNextHighestFloor
                0x0003cbb4                P_FindLowestCeilingSurrounding
                0x0003cc20                P_FindHighestCeilingSurrounding
                0x0003cc84                P_FindSectorFromLineTag
                0x0003cce0                P_FindMinSurroundingLight
                0x0003cd34                P_CrossSpecialLine
                0x0003d29c                P_ShootSpecialLine
                0x0003d350                P_PlayerInSpecialSector
                0x0003d4c0                P_UpdateSpecials
                0x0003d724                EV_DoDonut
                0x0003d9f0                P_SpawnSpecials
 .text          0x0003dd0c     0x108c build/p_switch.o
                0x0003dd0c                P_InitSwitchList
                0x0003de08                P_StartButton
                0x0003e0ac                P_ChangeSwitchTexture
                0x0003e964                P_UseSpecialLine
 .text          0x0003ed98      0x244 build/p_telept.o
                0x0003ed98                EV_Teleport
 .text          0x0003efdc      0x204 build/p_tick.o
                0x0003efdc                P_InitThinkers
                0x0003eff0                P_AddThinker
                0x0003f010                P_RemoveThinker
                0x0003f01c                P_AllocateThinker
                0x0003f020                P_RunThinkers
                0x0003f09c                P_Ticker
 .text          0x0003f1e0      0x780 build/p_user.o
                0x0003f1e0                P_Thrust
                0x0003f260                P_CalcHeight
                0x0003f3ec                P_MovePlayer
                0x0003f58c                P_DeathThink
                0x0003f698                P_PlayerThink
 .text          0x0003f960      0x8fc build/r_bsp.o
                0x0003f960                R_ClearDrawSegs
                0x0003f970                R_ClipSolidWallSegment
                0x0003fae0                R_ClipPassWallSegment
                0x0003fb7c                R_ClearClipSegs
                0x0003fbb8                R_AddLine
                0x0003fd30                R_CheckBBox
                0x0003ff14                R_Subsector
                0x00040174                R_RenderBSPNode
 .text          0x0004025c     0x14d8 build/r_data.o
                0x0004025c                R_DrawColumnInCache
                0x00040328                R_GenerateComposite
                0x00040580                R_GenerateLookup
                0x000407d4                R_GetColumn
                0x00040888                R_InitTextures
                0x00040edc                R_InitFlats
                0x00040f68                R_InitSpriteLumps
                0x000410dc                R_InitColormaps
                0x00041108                R_InitData
                0x000411d8                R_FlatNumForName
                0x00041254                R_CheckTextureNumForName
                0x000412ec                R_TextureNumForName
                0x0004138c                R_PrecacheLevel
 .text          0x00041734      0xeac build/r_draw.o
                0x00041734                R_DrawColumn
                0x00041824                R_DrawColumnLow
                0x00041930                R_DrawFuzzColumn
                0x00041a50                R_DrawFuzzColumnLow
                0x00041bbc                R_DrawTranslatedColumn
                0x00041cb4                R_DrawTranslatedColumnLow
                0x00041dfc                R_InitTranslationTables
                0x00041ea8                R_DrawSpan
                0x00041fb8                R_DrawSpanLow
                0x000420f8                R_InitBuffer
                0x00042184                R_FillBackScreen
                0x0004248c                R_VideoErase
                0x000424ac                R_DrawViewBorder
 .text          0x000425e0     0x11a8 build/r_main.o
                0x000425e0                R_AddPointToBox
                0x00042614                R_PointOnSide
                0x000426c4                R_PointOnSegSide
                0x0004278c                R_PointToAngle
                0x00042948                R_PointToAngle2
                0x00042b08                R_PointToDist
                0x00042bbc                R_InitPointToAngle
                0x00042bc0                R_ScaleFromGlobalAngle
                0x00042c8c                R_InitTables
                0x00042c90                R_InitTextureMapping
                0x00042ec4                R_InitLightTables
                0x00042fc0                R_SetViewSize
                0x00042fd4                R_ExecuteSetViewSize
                0x000433c0                R_Init
                0x00043524                R_PointInSubsector
                0x0004367c                R_SetupFrame
                0x00043740                R_RenderPlayerView
 .text          0x00043788      0x914 build/r_plane.o
                0x00043788                R_InitPlanes
                0x0004378c                R_MapPlane
                0x00043974                R_ClearPlanes
                0x00043a94                R_FindPlane
                0x00043b88                R_CheckPlane
                0x00043c3c                R_MakeSpans
                0x00043d7c                R_DrawPlanes
 .text          0x0004409c     0x1034 build/r_segs.o
                0x0004409c                R_RenderMaskedSegRange
                0x00044360                R_RenderSegLoop
                0x00044770                R_StoreWallRange
 .text          0x000450d0        0xc build/r_sky.o
                0x000450d0                R_InitSkyMap
 .text          0x000450dc     0x1674 build/r_things.o
                0x000450dc                R_InstallSpriteLump
                0x00045328                R_InitSpriteDefs
                0x000456e4                R_InitSprites
                0x00045708                R_ClearSprites
                0x00045718                R_NewVisSprite
                0x00045740                R_DrawMaskedColumn
                0x000458ac                R_DrawVisSprite
                0x00045a40                R_ProjectSprite
                0x00045da0                R_AddSprites
                0x00045e38                R_DrawPSprite
                0x00046084                R_DrawPlayerSprites
                0x00046154                R_SortVisSprites
                0x00046248                R_DrawSprite
                0x00046610                R_DrawMasked
 .text          0x00046750     0x2200 build/sha1.o
                0x00048068                SHA1_Init
                0x000480b0                SHA1_Update
                0x00048250                SHA1_Final
                0x00048754                SHA1_UpdateInt32
                0x00048918                SHA1_UpdateString
 .text          0x00048950        0x0 build/sounds.o
 .text          0x00048950       0x88 build/statdump.o
                0x00048950                StatCopy
                0x000489d4                StatDump
 .text          0x000489d8      0x5b0 build/st_lib.o
                0x000489d8                STlib_init
                0x00048a00                STlib_initNum
                0x00048a20                STlib_drawNum
                0x00048bec                STlib_updateNum
                0x00048c00                STlib_initPercent
                0x00048c28                STlib_updatePercent
                0x00048c9c                STlib_initMultIcon
                0x00048cbc                STlib_updateMultIcon
                0x00048e14                STlib_initBinIcon
                0x00048e30                STlib_updateBinIcon
 .text          0x00048f88     0x1d74 build/st_stuff.o
                0x00049634                ST_refreshBackground
                0x000496a8                ST_Responder
                0x00049c08                ST_calcPainOffset
                0x00049c6c                ST_updateFaceWidget
                0x0004a228                ST_updateWidgets
                0x0004a3b4                ST_Ticker
                0x0004a3ec                ST_doPaletteStuff
                0x0004a4f4                ST_drawWidgets
                0x0004a610                ST_doRefresh
                0x0004a694                ST_diffDraw
                0x0004a69c                ST_Drawer
                0x0004a760                ST_loadGraphics
                0x0004a764                ST_loadData
                0x0004a788                ST_unloadGraphics
                0x0004a78c                ST_unloadData
                0x0004a790                ST_initData
                0x0004a838                ST_createWidgets
                0x0004ab94                ST_Start
                0x0004ac84                ST_Stop
                0x0004acbc                ST_Init
 .text          0x0004acfc      0xc78 build/s_sound.o
                0x0004acfc                S_Shutdown
                0x0004ae84                S_Init
                0x0004af90                S_StopSound
                0x0004b010                S_StartSound
                0x0004b44c                S_PauseSound
                0x0004b480                S_ResumeSound
                0x0004b4b0                S_UpdateSounds
                0x0004b5fc                S_SetMusicVolume
                0x0004b638                S_SetSfxVolume
                0x0004b678                S_ChangeMusic
                0x0004b7cc                S_Start
                0x0004b90c                S_StartMusic
                0x0004b914                S_MusicPlaying
                0x0004b918                S_StopMusic
 .text          0x0004b974       0x48 build/tables.o
                0x0004b974                SlopeDiv
 .text          0x0004b9bc     0x2194 build/v_video.o
                0x0004b9bc                V_MarkRect
                0x0004ba2c                V_CopyRect
                0x0004bb70                V_SetPatchClipCallback
                0x0004bb78                V_DrawPatch
                0x0004bde4                V_DrawPatchFlipped
                0x0004c020                V_DrawPatchDirect
                0x0004c024                V_DrawTLPatch
                0x0004c1d0                V_DrawXlaPatch
                0x0004c334                V_DrawAltTLPatch
                0x0004c4e0                V_DrawShadowedPatch
                0x0004c6a4                V_LoadTintTable
                0x0004c6cc                V_LoadXlaTable
                0x0004c6f4                V_DrawBlock
                0x0004c7fc                V_DrawFilledBox
                0x0004c958                V_DrawHorizLine
                0x0004ca60                V_DrawVertLine
                0x0004ca94                V_DrawBox
                0x0004cd68                V_DrawRawScreen
                0x0004cd7c                V_Init
                0x0004cd80                V_UseBuffer
                0x0004cd88                V_RestoreBuffer
                0x0004cd94                WritePCXfile
                0x0004cf84                V_ScreenShot
                0x0004d1a0                V_DrawMouseSpeedBox
 .text          0x0004db50     0x61a0 build/wi_stuff.o
                0x0004ea3c                WI_slamBackground
                0x0004ea4c                WI_Responder
                0x0004ea54                WI_drawLF
                0x0004ebc4                WI_drawEL
                0x0004ec8c                WI_drawOnLnode
                0x0004ee00                WI_initAnimatedBack
                0x0004ee20                WI_updateAnimatedBack
                0x0004ee40                WI_drawAnimatedBack
                0x0004ef2c                WI_drawNum
                0x0004f0c0                WI_drawPercent
                0x0004f1d8                WI_drawTime
                0x0004f3dc                WI_End
                0x0004f3e0                WI_initNoState
                0x0004f3f8                WI_updateNoState
                0x0004f45c                WI_initShowNextLoc
                0x0004f490                WI_updateShowNextLoc
                0x0004f504                WI_drawShowNextLoc
                0x0004f77c                WI_drawNoState
                0x0004f788                WI_fragSum
                0x0004f820                WI_initDeathmatchStats
                0x0004fa4c                WI_updateDeathmatchStats
                0x00050848                WI_drawDeathmatchStats
                0x00050ff8                WI_initNetgameStats
                0x0005141c                WI_updateNetgameStats
                0x00052460                WI_drawNetgameStats
                0x00052c8c                WI_initStats
                0x00052ce4                WI_updateStats
                0x00053184                WI_drawStats
                0x000535d8                WI_checkForAccelerate
                0x00053758                WI_Ticker
                0x00053a0c                WI_loadData
                0x00053a8c                WI_unloadData
                0x00053a90                WI_Drawer
                0x00053ad0                WI_initVariables
                0x00053b44                WI_Start
 .text          0x00053cf0      0x138 build/w_checksum.o
                0x00053cf0                W_Checksum
 .text          0x00053e28       0x50 build/w_file.o
                0x00053e28                W_OpenFile
                0x00053e60                W_CloseFile
                0x00053e6c                W_Read
 .text          0x00053e78       0xc0 build/w_main.o
                0x00053e78                W_ParseCommandLine
 .text          0x00053f38      0xe90 build/w_wad.o
                0x00053f38                W_LumpNameHash
                0x00053f98                W_AddFile
                0x000542d8                W_NumLumps
                0x000542e0                W_CheckNumForName
                0x0005446c                W_GetNumForName
                0x000544c8                W_LumpLength
                0x00054530                W_ReadLump
                0x000545e0                W_CacheLumpNum
                0x000547b4                W_CacheLumpName
                0x0005499c                W_ReleaseLumpNum
                0x00054a14                W_ReleaseLumpName
                0x00054ac4                W_GenerateHashTable
                0x00054be4                W_CheckCorrectIWAD
 .text          0x00054dc8      0x840 build/z_zone.o
                0x00054dc8                Z_ClearZone
                0x00054e08                Z_Init
                0x00054e68                Z_Free
                0x00054f68                Z_Malloc
                0x000550f4                Z_FreeTags
                0x00055180                Z_DumpHeap
                0x000552c8                Z_FileDumpHeap
                0x000553e8                Z_CheckHeap
                0x000554c8                Z_ChangeTag2
                0x00055560                Z_ChangeUser
                0x000555b4                Z_FreeMemory
                0x000555fc                Z_ZoneSize
 .text          0x00055608       0xf0 build/w_file_stdc.o
                0x00055608                W_StdC_Read
 .text          0x000556f8      0x144 build/i_input.o
                0x000556f8                I_GetEvent
                0x00055838                I_InitInput
 .text          0x0005583c      0x610 build/i_video.o
                0x0005583c                cmap_to_rgb565
                0x000558a0                cmap_to_fb
                0x00055980                I_InitGraphics
                0x00055afc                I_ShutdownGraphics
                0x00055b04                I_StartFrame
                0x00055b08                I_StartTic
                0x00055b0c                I_UpdateNoBlit
                0x00055b10                I_FinishUpdate
                0x00055d08                I_ReadScreen
                0x00055d18                I_SetPalette
                0x00055d88                I_GetPaletteIndex
                0x00055e28                I_BeginRead
                0x00055e2c                I_EndRead
                0x00055e30                I_SetWindowTitle
                0x00055e34                I_GraphicsCheckCommandLine
                0x00055e38                I_SetGrabMouseCallback
                0x00055e3c                I_EnableLoadingDisk
                0x00055e40                I_BindVideoVariables
                0x00055e44                I_DisplayFPSDots
                0x00055e48                I_CheckIsScreensaver
 .text          0x00055e4c       0x30 build/doomgeneric.o
                0x00055e4c                doomgeneric_Create
 .text          0x00055e7c       0x48 build/doomgeneric_jane_cpu.o
                0x00055e7c                DG_Init
                0x00055e88                DG_DrawFrame
                0x00055e94                DG_SleepMs
                0x00055ea0                DG_GetTicksMs
                0x00055eac                DG_GetKey
                0x00055eb4                DG_SetWindowTitle
 .text          0x00055ec4      0x31c ../../minlibc//libminlibc.a(atof.o)
                0x00055ec4                atof
 .text          0x000561e0       0x90 ../../minlibc//libminlibc.a(atoi.o)
                0x000561e0                atoi
 .text          0x00056270       0x28 ../../minlibc//libminlibc.a(errno.o)
                0x00056270                __errno_location
 .text          0x00056298       0x2c ../../minlibc//libminlibc.a(exit.o)
                0x00056298                exit
 .text          0x000562c4       0x34 ../../minlibc//libminlibc.a(fclose.o)
                0x000562c4                fclose
 .text          0x000562f8       0x60 ../../minlibc//libminlibc.a(fflush.o)
                0x000562f8                fflush
 .text          0x00056358       0x38 ../../minlibc//libminlibc.a(fopen.o)
                0x00056358                fopen
 .text          0x00056390       0x74 ../../minlibc//libminlibc.a(fprintf.o)
                0x00056390                fprintf
 .text          0x00056404       0x4c ../../minlibc//libminlibc.a(fread.o)
                0x00056404                fread
 .text          0x00056450       0x48 ../../minlibc//libminlibc.a(fseek.o)
                0x00056450                fseek
 .text          0x00056498       0x40 ../../minlibc//libminlibc.a(ftell.o)
                0x00056498                ftell
 .text          0x000564d8       0xa8 ../../minlibc//libminlibc.a(fwrite.o)
                0x000564d8                fwrite
 .text          0x00056580       0x4c ../../minlibc//libminlibc.a(isdigit.o)
                0x00056580                isdigit
 .text          0x000565cc     0x35c0 ../../minlibc//libminlibc.a(malloc.o)
                0x000598a4                malloc
                0x0005997c                free
                0x00059a2c                realloc
                0x00059b24                calloc
 .text          0x00059b8c       0x78 ../../minlibc//libminlibc.a(memcpy.o)
                0x00059b8c                memcpy
 .text          0x00059c04       0x68 ../../minlibc//libminlibc.a(memset.o)
                0x00059c04                memset
 .text          0x00059c6c       0x44 ../../minlibc//libminlibc.a(mkdir.o)
                0x00059c6c                mkdir
 .text          0x00059cb0       0x68 ../../minlibc//libminlibc.a(mmap.o)
                0x00059cb0                mmap
 .text          0x00059d18       0x48 ../../minlibc//libminlibc.a(mprotect.o)
                0x00059d18                mprotect
 .text          0x00059d60       0x40 ../../minlibc//libminlibc.a(munmap.o)
                0x00059d60                munmap
 .text          0x00059da0      0x3e4 ../../minlibc//libminlibc.a(printf.o)
                0x00059da0                printf
                0x00059e18                sscanf
                0x0005a104                fabs
 .text          0x0005a184       0x40 ../../minlibc//libminlibc.a(putchar.o)
                0x0005a184                putchar
 .text          0x0005a1c4       0x64 ../../minlibc//libminlibc.a(puts.o)
                0x0005a1c4                puts
 .text          0x0005a228       0x78 ../../minlibc//libminlibc.a(snprintf.o)
                0x0005a228                snprintf
 .text          0x0005a2a0        0x0 ../../minlibc//libminlibc.a(stdio_values.o)
 .text          0x0005a2a0      0x180 ../../minlibc//libminlibc.a(strcasecmp.o)
                0x0005a2a0                strcasecmp
                0x0005a338                strncasecmp
 .text          0x0005a420       0x7c ../../minlibc//libminlibc.a(strcmp.o)
                0x0005a420                strcmp
 .text          0x0005a49c       0x64 ../../minlibc//libminlibc.a(strdup.o)
                0x0005a49c                strdup
 .text          0x0005a500       0x58 ../../minlibc//libminlibc.a(strlen.o)
                0x0005a500                strlen
 .text          0x0005a558       0xa0 ../../minlibc//libminlibc.a(strncmp.o)
                0x0005a558                strncmp
 .text          0x0005a5f8       0x78 ../../minlibc//libminlibc.a(strncpy.o)
                0x0005a5f8                strncpy
 .text          0x0005a670       0x74 ../../minlibc//libminlibc.a(strrchr.o)
                0x0005a670                strrchr
 .text          0x0005a6e4       0x94 ../../minlibc//libminlibc.a(strstr.o)
                0x0005a6e4                strstr
 .text          0x0005a778       0x50 ../../minlibc//libminlibc.a(tolower.o)
                0x0005a778                tolower
 .text          0x0005a7c8       0x50 ../../minlibc//libminlibc.a(toupper.o)
                0x0005a7c8                toupper
 .text          0x0005a818       0x94 ../../minlibc//libminlibc.a(vfprintf.o)
                0x0005a818                vfprintf
 .text          0x0005a8ac     0x1114 ../../minlibc//libminlibc.a(vsnprintf.o)
                0x0005aec8                vsnprintf
 .text          0x0005b9c0       0x24 ../../minlibc//libminlibc.a(abort.o)
                0x0005b9c0                abort
 .text          0x0005b9e4       0x68 ../../minlibc//libminlibc.a(bzero.o)
                0x0005b9e4                bzero
 .text          0x0005ba4c       0x54 ../../minlibc//libminlibc.a(fputc.o)
                0x0005ba4c                fputc
 .text          0x0005baa0       0x58 ../../minlibc//libminlibc.a(isspace.o)
                0x0005baa0                isspace
 .text          0x0005baf8       0x70 ../../minlibc//libminlibc.a(strchr.o)
                0x0005baf8                strchr
 .text          0x0005bb68       0x6c ../../minlibc//libminlibc.a(strnlen.o)
                0x0005bb68                strnlen
 .text          0x0005bbd4      0x5a4 /home/ubuntu/gcc-riscv/lib/gcc/riscv32-unknown-elf/15.1.0/libgcc.a(_divdi3.o)
                0x0005bbd4                __divdi3
 .text          0x0005c178      0x5b4 /home/ubuntu/gcc-riscv/lib/gcc/riscv32-unknown-elf/15.1.0/libgcc.a(_udivdi3.o)
                0x0005c178                __udivdi3
 .text          0x0005c72c      0x5a4 /home/ubuntu/gcc-riscv/lib/gcc/riscv32-unknown-elf/15.1.0/libgcc.a(_umoddi3.o)
                0x0005c72c                __umoddi3
 .text          0x0005ccd0      0x74c /home/ubuntu/gcc-riscv/lib/gcc/riscv32-unknown-elf/15.1.0/libgcc.a(adddf3.o)
                0x0005ccd0                __adddf3
 .text          0x0005d41c       0xd8 /home/ubuntu/gcc-riscv/lib/gcc/riscv32-unknown-elf/15.1.0/libgcc.a(ledf2.o)
                0x0005d41c                __ltdf2
                0x0005d41c                __ledf2
 .text          0x0005d4f4      0x69c /home/ubuntu/gcc-riscv/lib/gcc/riscv32-unknown-elf/15.1.0/libgcc.a(muldf3.o)
                0x0005d4f4                __muldf3
 .text          0x0005db90      0x760 /home/ubuntu/gcc-riscv/lib/gcc/riscv32-unknown-elf/15.1.0/libgcc.a(subdf3.o)
                0x0005db90                __subdf3
 .text          0x0005e2f0       0xa0 /home/ubuntu/gcc-riscv/lib/gcc/riscv32-unknown-elf/15.1.0/libgcc.a(floatsidf.o)
                0x0005e2f0                __floatsidf
 .text          0x0005e390       0xa4 /home/ubuntu/gcc-riscv/lib/gcc/riscv32-unknown-elf/15.1.0/libgcc.a(fixunsdfdi.o)
                0x0005e390                __fixunsdfdi
 .text          0x0005e434      0x1b0 /home/ubuntu/gcc-riscv/lib/gcc/riscv32-unknown-elf/15.1.0/libgcc.a(floatundidf.o)
                0x0005e434                __floatundidf
 .text          0x0005e5e4      0x374 /home/ubuntu/gcc-riscv/lib/gcc/riscv32-unknown-elf/15.1.0/libgcc.a(divsf3.o)
                0x0005e5e4                __divsf3
 .text          0x0005e958      0x348 /home/ubuntu/gcc-riscv/lib/gcc/riscv32-unknown-elf/15.1.0/libgcc.a(mulsf3.o)
                0x0005e958                __mulsf3
 .text          0x0005eca0      0x444 /home/ubuntu/gcc-riscv/lib/gcc/riscv32-unknown-elf/15.1.0/libgcc.a(subsf3.o)
                0x0005eca0                __subsf3
 .text          0x0005f0e4       0x70 /home/ubuntu/gcc-riscv/lib/gcc/riscv32-unknown-elf/15.1.0/libgcc.a(fixsfsi.o)
                0x0005f0e4                __fixsfsi
 .text          0x0005f154      0x10c /home/ubuntu/gcc-riscv/lib/gcc/riscv32-unknown-elf/15.1.0/libgcc.a(floatsisf.o)
                0x0005f154                __floatsisf
 .text          0x0005f260       0xd8 /home/ubuntu/gcc-riscv/lib/gcc/riscv32-unknown-elf/15.1.0/libgcc.a(extendsfdf2.o)
                0x0005f260                __extendsfdf2
 .text          0x0005f338      0x144 /home/ubuntu/gcc-riscv/lib/gcc/riscv32-unknown-elf/15.1.0/libgcc.a(truncdfsf2.o)
                0x0005f338                __truncdfsf2
 .text          0x0005f47c       0x24 /home/ubuntu/gcc-riscv/lib/gcc/riscv32-unknown-elf/15.1.0/libgcc.a(muldi3.o)
                0x0005f47c                __mulsi3
 .text          0x0005f4a0       0x8c /home/ubuntu/gcc-riscv/lib/gcc/riscv32-unknown-elf/15.1.0/libgcc.a(multi3.o)
                0x0005f4a0                __muldi3
 .text          0x0005f52c       0xb4 /home/ubuntu/gcc-riscv/lib/gcc/riscv32-unknown-elf/15.1.0/libgcc.a(div.o)
                0x0005f52c                __divsi3
                0x0005f534                __hidden___udivsi3
                0x0005f534                __udivsi3
                0x0005f57c                __umodsi3
                0x0005f5b0                __modsi3
 .text          0x0005f5e0       0x3c /home/ubuntu/gcc-riscv/lib/gcc/riscv32-unknown-elf/15.1.0/libgcc.a(_lshrdi3.o)
                0x0005f5e0                __lshrdi3
 .text          0x0005f61c       0x3c /home/ubuntu/gcc-riscv/lib/gcc/riscv32-unknown-elf/15.1.0/libgcc.a(_ashldi3.o)
                0x0005f61c                __ashldi3
 .text          0x0005f658        0x0 /home/ubuntu/gcc-riscv/lib/gcc/riscv32-unknown-elf/15.1.0/libgcc.a(_clz.o)
 .text          0x0005f658       0x4c /home/ubuntu/gcc-riscv/lib/gcc/riscv32-unknown-elf/15.1.0/libgcc.a(_clzsi2.o)
                0x0005f658                __clzsi2
 *(.gnu.warning)

.fini
 *(SORT_NONE(.fini))
                [!provide]                        PROVIDE (__etext = .)
                [!provide]                        PROVIDE (_etext = .)
                [!provide]                        PROVIDE (etext = .)

.rodata         0x0005f6a8    0x19128
 *(.rodata .rodata.* .gnu.linkonce.r.*)
 .rodata.str1.4
                0x0005f6a8     0x76e3 build/am_map.o
                                 0x72 (size before relaxing)
 *fill*         0x00066d8b        0x1 
 .rodata        0x00066d8c       0x20 build/am_map.o
 .rodata.str1.4
                0x00066dac      0x33b build/dstrings.o
 .rodata.str1.4
                0x00066dac      0x20f build/d_iwad.o
 .rodata        0x00066dac       0xe0 build/d_iwad.o
 .rodata.str1.4
                0x00066e8c       0x73 build/d_loop.o
 .rodata.str1.4
                0x00066e8c      0xa69 build/d_main.o
 .rodata        0x00066e8c      0x164 build/d_main.o
 .rodata.str1.4
                0x00066ff0       0x4f build/d_mode.o
 .rodata        0x00066ff0       0xf4 build/d_mode.o
 .rodata.str1.4
                0x000670e4      0x187 build/d_net.o
 .rodata.str1.4
                0x000670e4     0x1f63 build/f_finale.o
 .rodata        0x000670e4       0x18 build/f_wipe.o
 .rodata.str1.4
                0x000670fc      0x301 build/g_game.o
 .rodata        0x000670fc       0x84 build/g_game.o
 .rodata.str1.4
                0x00067180      0xd00 build/hu_stuff.o
 .rodata.str1.4
                0x00067180      0x44d build/info.o
 .rodata.str1.4
                0x00067180       0xb3 build/i_joystick.o
 .rodata.str1.4
                0x00067180       0xd9 build/i_scale.o
 .rodata.str1.4
                0x00067180       0xb5 build/i_sound.o
 .rodata.str1.4
                0x00067180      0x1cb build/i_system.o
 .rodata        0x00067180       0x22 build/i_system.o
 .rodata.str1.4
                0x000671a2       0x29 build/memio.o
 .rodata.str1.4
                0x000671a2      0xd54 build/m_config.o
 *fill*         0x000671a2        0x2 
 .rodata        0x000671a4      0x200 build/m_config.o
 .rodata.str1.4
                0x000673a4      0x6c6 build/m_controls.o
 .rodata.str1.4
                0x000673a4      0x455 build/m_menu.o
 .rodata.str1.4
                0x000673a4      0x101 build/m_misc.o
 .rodata        0x000673a4      0x100 build/m_random.o
 .rodata        0x000674a4       0x30 build/p_ceilng.o
 .rodata        0x000674d4       0x20 build/p_doors.o
 .rodata.str1.4
                0x000674f4      0x13f build/p_doors.o
 .rodata.str1.4
                0x000674f4       0x3d build/p_enemy.o
 .rodata        0x000674f4       0x34 build/p_floor.o
 .rodata.str1.4
                0x00067528      0x417 build/p_inter.o
 .rodata        0x00067528       0xb4 build/p_inter.o
 .rodata.str1.4
                0x000675dc       0x77 build/p_map.o
 .rodata        0x000675dc      0x114 build/p_maputl.o
 .rodata.str1.4
                0x000676f0       0x2d build/p_mobj.o
 .rodata.str1.4
                0x000676f0       0x48 build/p_plats.o
 .rodata        0x000676f0       0x14 build/p_plats.o
 .rodata.str1.4
                0x00067704       0xf2 build/p_saveg.o
 .rodata        0x00067704       0x20 build/p_saveg.o
 .rodata.str1.4
                0x00067724       0x60 build/p_setup.o
 .rodata.str1.4
                0x00067724       0x28 build/p_sight.o
 .rodata.str1.4
                0x00067724      0x244 build/p_spec.o
 .rodata        0x00067724      0x2b4 build/p_spec.o
 .rodata.str1.4
                0x000679d8       0x25 build/p_switch.o
 .rodata        0x000679d8      0x210 build/p_switch.o
 .rodata.str1.4
                0x00067be8       0x23 build/r_bsp.o
 .rodata.str1.4
                0x00067be8      0x15a build/r_data.o
 .rodata.str1.4
                0x00067be8       0xb4 build/r_draw.o
 .rodata.str1.4
                0x00067be8        0x2 build/r_main.o
 .rodata.str1.4
                0x00067be8       0xb0 build/r_plane.o
 .rodata.str1.4
                0x00067be8       0x20 build/r_segs.o
 .rodata.str1.4
                0x00067be8      0x1df build/r_things.o
 .rodata.str1.4
                0x00067be8      0x217 build/sounds.o
 .rodata.str1.4
                0x00067be8        0xa build/statdump.o
 .rodata.str1.4
                0x00067be8       0x64 build/st_lib.o
 .rodata.str1.4
                0x00067be8      0x1f8 build/st_stuff.o
 .rodata.str1.4
                0x00067be8       0x6d build/s_sound.o
 .rodata        0x00067be8       0x24 build/s_sound.o
 .rodata        0x00067c0c    0x10504 build/tables.o
                0x00067c0c                gammatable
                0x0006810c                tantoangle
                0x0006a110                finesine
                0x00074110                finetangent
 .rodata.str1.4
                0x00078110      0x110 build/v_video.o
 .rodata.str1.4
                0x00078110      0x125 build/wi_stuff.o
 .rodata        0x00078110      0x1c0 build/wi_stuff.o
 .rodata.str1.4
                0x000782d0        0x6 build/w_file.o
 .rodata.str1.4
                0x000782d0       0x14 build/w_main.o
 .rodata.str1.4
                0x000782d0      0x1ef build/w_wad.o
 .rodata.str1.4
                0x000782d0      0x2b6 build/z_zone.o
 .rodata.str1.4
                0x000782d0        0x3 build/w_file_stdc.o
 .rodata        0x000782d0       0x80 build/i_input.o
 .rodata.str1.4
                0x00078350      0x167 build/i_video.o
 .rodata.str1.4
                0x00078350       0x73 build/doomgeneric_jane_cpu.o
 .rodata        0x00078350       0x10 ../../minlibc//libminlibc.a(atof.o)
 .rodata        0x00078360       0x15 ../../minlibc//libminlibc.a(exit.o)
 *fill*         0x00078375        0x3 
 .rodata        0x00078378        0x7 ../../minlibc//libminlibc.a(fread.o)
 *fill*         0x0007837f        0x1 
 .rodata        0x00078380        0x7 ../../minlibc//libminlibc.a(fseek.o)
 *fill*         0x00078387        0x1 
 .rodata        0x00078388        0x7 ../../minlibc//libminlibc.a(ftell.o)
 *fill*         0x0007838f        0x1 
 .rodata        0x00078390      0x283 ../../minlibc//libminlibc.a(malloc.o)
 *fill*         0x00078613        0x1 
 .rodata        0x00078614        0x7 ../../minlibc//libminlibc.a(mkdir.o)
 *fill*         0x0007861b        0x1 
 .rodata        0x0007861c        0x2 ../../minlibc//libminlibc.a(puts.o)
 *fill*         0x0007861e        0x2 
 .rodata        0x00078620       0x60 ../../minlibc//libminlibc.a(vsnprintf.o)
 .rodata        0x00078680        0xf ../../minlibc//libminlibc.a(abort.o)
 *fill*         0x0007868f        0x1 
 .rodata        0x00078690        0x3 ../../minlibc//libminlibc.a(fputc.o)
 *fill*         0x00078693        0x1 
 .rodata        0x00078694       0x3c /home/ubuntu/gcc-riscv/lib/gcc/riscv32-unknown-elf/15.1.0/libgcc.a(divsf3.o)
 .rodata        0x000786d0      0x100 /home/ubuntu/gcc-riscv/lib/gcc/riscv32-unknown-elf/15.1.0/libgcc.a(_clz.o)
                0x000786d0                __clz_tab

.rodata1
 *(.rodata1)

.sdata2
 *(.sdata2 .sdata2.* .gnu.linkonce.s2.*)

.sbss2
 *(.sbss2 .sbss2.* .gnu.linkonce.sb2.*)

.eh_frame_hdr
 *(.eh_frame_hdr)
 *(.eh_frame_entry .eh_frame_entry.*)

.eh_frame       0x000787d0      0x104
 *(.eh_frame)
 .eh_frame      0x000787d0       0x64 /home/ubuntu/gcc-riscv/lib/gcc/riscv32-unknown-elf/15.1.0/libgcc.a(_divdi3.o)
 .eh_frame      0x00078834       0x4c /home/ubuntu/gcc-riscv/lib/gcc/riscv32-unknown-elf/15.1.0/libgcc.a(_udivdi3.o)
                                 0x60 (size before relaxing)
 .eh_frame      0x00078880       0x54 /home/ubuntu/gcc-riscv/lib/gcc/riscv32-unknown-elf/15.1.0/libgcc.a(_umoddi3.o)
                                 0x68 (size before relaxing)
 *(.eh_frame.*)

.sframe
 *(.sframe)
 *(.sframe.*)

.gcc_except_table
 *(.gcc_except_table .gcc_except_table.*)

.gnu_extab
 *(.gnu_extab*)

.exception_ranges
 *(.exception_ranges*)

.note.build-id
 *(.note.build-id)

.note.GNU-stack
                0x000788d4        0x0
 *(.note.GNU-stack)
 .note.GNU-stack
                0x000788d4        0x0 build/dummy.o
 .note.GNU-stack
                0x000788d4        0x0 build/am_map.o
 .note.GNU-stack
                0x000788d4        0x0 build/doomdef.o
 .note.GNU-stack
                0x000788d4        0x0 build/doomstat.o
 .note.GNU-stack
                0x000788d4        0x0 build/dstrings.o
 .note.GNU-stack
                0x000788d4        0x0 build/d_event.o
 .note.GNU-stack
                0x000788d4        0x0 build/d_items.o
 .note.GNU-stack
                0x000788d4        0x0 build/d_iwad.o
 .note.GNU-stack
                0x000788d4        0x0 build/d_loop.o
 .note.GNU-stack
                0x000788d4        0x0 build/d_main.o
 .note.GNU-stack
                0x000788d4        0x0 build/d_mode.o
 .note.GNU-stack
                0x000788d4        0x0 build/d_net.o
 .note.GNU-stack
                0x000788d4        0x0 build/f_finale.o
 .note.GNU-stack
                0x000788d4        0x0 build/f_wipe.o
 .note.GNU-stack
                0x000788d4        0x0 build/g_game.o
 .note.GNU-stack
                0x000788d4        0x0 build/hu_lib.o
 .note.GNU-stack
                0x000788d4        0x0 build/hu_stuff.o
 .note.GNU-stack
                0x000788d4        0x0 build/info.o
 .note.GNU-stack
                0x000788d4        0x0 build/i_cdmus.o
 .note.GNU-stack
                0x000788d4        0x0 build/i_endoom.o
 .note.GNU-stack
                0x000788d4        0x0 build/i_joystick.o
 .note.GNU-stack
                0x000788d4        0x0 build/i_scale.o
 .note.GNU-stack
                0x000788d4        0x0 build/i_sound.o
 .note.GNU-stack
                0x000788d4        0x0 build/i_system.o
 .note.GNU-stack
                0x000788d4        0x0 build/i_timer.o
 .note.GNU-stack
                0x000788d4        0x0 build/memio.o
 .note.GNU-stack
                0x000788d4        0x0 build/m_argv.o
 .note.GNU-stack
                0x000788d4        0x0 build/m_bbox.o
 .note.GNU-stack
                0x000788d4        0x0 build/m_cheat.o
 .note.GNU-stack
                0x000788d4        0x0 build/m_config.o
 .note.GNU-stack
                0x000788d4        0x0 build/m_controls.o
 .note.GNU-stack
                0x000788d4        0x0 build/m_fixed.o
 .note.GNU-stack
                0x000788d4        0x0 build/m_menu.o
 .note.GNU-stack
                0x000788d4        0x0 build/m_misc.o
 .note.GNU-stack
                0x000788d4        0x0 build/m_random.o
 .note.GNU-stack
                0x000788d4        0x0 build/p_ceilng.o
 .note.GNU-stack
                0x000788d4        0x0 build/p_doors.o
 .note.GNU-stack
                0x000788d4        0x0 build/p_enemy.o
 .note.GNU-stack
                0x000788d4        0x0 build/p_floor.o
 .note.GNU-stack
                0x000788d4        0x0 build/p_inter.o
 .note.GNU-stack
                0x000788d4        0x0 build/p_lights.o
 .note.GNU-stack
                0x000788d4        0x0 build/p_map.o
 .note.GNU-stack
                0x000788d4        0x0 build/p_maputl.o
 .note.GNU-stack
                0x000788d4        0x0 build/p_mobj.o
 .note.GNU-stack
                0x000788d4        0x0 build/p_plats.o
 .note.GNU-stack
                0x000788d4        0x0 build/p_pspr.o
 .note.GNU-stack
                0x000788d4        0x0 build/p_saveg.o
 .note.GNU-stack
                0x000788d4        0x0 build/p_setup.o
 .note.GNU-stack
                0x000788d4        0x0 build/p_sight.o
 .note.GNU-stack
                0x000788d4        0x0 build/p_spec.o
 .note.GNU-stack
                0x000788d4        0x0 build/p_switch.o
 .note.GNU-stack
                0x000788d4        0x0 build/p_telept.o
 .note.GNU-stack
                0x000788d4        0x0 build/p_tick.o
 .note.GNU-stack
                0x000788d4        0x0 build/p_user.o
 .note.GNU-stack
                0x000788d4        0x0 build/r_bsp.o
 .note.GNU-stack
                0x000788d4        0x0 build/r_data.o
 .note.GNU-stack
                0x000788d4        0x0 build/r_draw.o
 .note.GNU-stack
                0x000788d4        0x0 build/r_main.o
 .note.GNU-stack
                0x000788d4        0x0 build/r_plane.o
 .note.GNU-stack
                0x000788d4        0x0 build/r_segs.o
 .note.GNU-stack
                0x000788d4        0x0 build/r_sky.o
 .note.GNU-stack
                0x000788d4        0x0 build/r_things.o
 .note.GNU-stack
                0x000788d4        0x0 build/sha1.o
 .note.GNU-stack
                0x000788d4        0x0 build/sounds.o
 .note.GNU-stack
                0x000788d4        0x0 build/statdump.o
 .note.GNU-stack
                0x000788d4        0x0 build/st_lib.o
 .note.GNU-stack
                0x000788d4        0x0 build/st_stuff.o
 .note.GNU-stack
                0x000788d4        0x0 build/s_sound.o
 .note.GNU-stack
                0x000788d4        0x0 build/tables.o
 .note.GNU-stack
                0x000788d4        0x0 build/v_video.o
 .note.GNU-stack
                0x000788d4        0x0 build/wi_stuff.o
 .note.GNU-stack
                0x000788d4        0x0 build/w_checksum.o
 .note.GNU-stack
                0x000788d4        0x0 build/w_file.o
 .note.GNU-stack
                0x000788d4        0x0 build/w_main.o
 .note.GNU-stack
                0x000788d4        0x0 build/w_wad.o
 .note.GNU-stack
                0x000788d4        0x0 build/z_zone.o
 .note.GNU-stack
                0x000788d4        0x0 build/w_file_stdc.o
 .note.GNU-stack
                0x000788d4        0x0 build/i_input.o
 .note.GNU-stack
                0x000788d4        0x0 build/i_video.o
 .note.GNU-stack
                0x000788d4        0x0 build/doomgeneric.o
 .note.GNU-stack
                0x000788d4        0x0 build/doomgeneric_jane_cpu.o
 .note.GNU-stack
                0x000788d4        0x0 ../../minlibc//libminlibc.a(atof.o)
 .note.GNU-stack
                0x000788d4        0x0 ../../minlibc//libminlibc.a(atoi.o)
 .note.GNU-stack
                0x000788d4        0x0 ../../minlibc//libminlibc.a(errno.o)
 .note.GNU-stack
                0x000788d4        0x0 ../../minlibc//libminlibc.a(exit.o)
 .note.GNU-stack
                0x000788d4        0x0 ../../minlibc//libminlibc.a(fclose.o)
 .note.GNU-stack
                0x000788d4        0x0 ../../minlibc//libminlibc.a(fflush.o)
 .note.GNU-stack
                0x000788d4        0x0 ../../minlibc//libminlibc.a(fopen.o)
 .note.GNU-stack
                0x000788d4        0x0 ../../minlibc//libminlibc.a(fprintf.o)
 .note.GNU-stack
                0x000788d4        0x0 ../../minlibc//libminlibc.a(fread.o)
 .note.GNU-stack
                0x000788d4        0x0 ../../minlibc//libminlibc.a(fseek.o)
 .note.GNU-stack
                0x000788d4        0x0 ../../minlibc//libminlibc.a(ftell.o)
 .note.GNU-stack
                0x000788d4        0x0 ../../minlibc//libminlibc.a(fwrite.o)
 .note.GNU-stack
                0x000788d4        0x0 ../../minlibc//libminlibc.a(isdigit.o)
 .note.GNU-stack
                0x000788d4        0x0 ../../minlibc//libminlibc.a(malloc.o)
 .note.GNU-stack
                0x000788d4        0x0 ../../minlibc//libminlibc.a(memcpy.o)
 .note.GNU-stack
                0x000788d4        0x0 ../../minlibc//libminlibc.a(memset.o)
 .note.GNU-stack
                0x000788d4        0x0 ../../minlibc//libminlibc.a(mkdir.o)
 .note.GNU-stack
                0x000788d4        0x0 ../../minlibc//libminlibc.a(mmap.o)
 .note.GNU-stack
                0x000788d4        0x0 ../../minlibc//libminlibc.a(mprotect.o)
 .note.GNU-stack
                0x000788d4        0x0 ../../minlibc//libminlibc.a(munmap.o)
 .note.GNU-stack
                0x000788d4        0x0 ../../minlibc//libminlibc.a(printf.o)
 .note.GNU-stack
                0x000788d4        0x0 ../../minlibc//libminlibc.a(putchar.o)
 .note.GNU-stack
                0x000788d4        0x0 ../../minlibc//libminlibc.a(puts.o)
 .note.GNU-stack
                0x000788d4        0x0 ../../minlibc//libminlibc.a(snprintf.o)
 .note.GNU-stack
                0x000788d4        0x0 ../../minlibc//libminlibc.a(stdio_values.o)
 .note.GNU-stack
                0x000788d4        0x0 ../../minlibc//libminlibc.a(strcasecmp.o)
 .note.GNU-stack
                0x000788d4        0x0 ../../minlibc//libminlibc.a(strcmp.o)
 .note.GNU-stack
                0x000788d4        0x0 ../../minlibc//libminlibc.a(strdup.o)
 .note.GNU-stack
                0x000788d4        0x0 ../../minlibc//libminlibc.a(strlen.o)
 .note.GNU-stack
                0x000788d4        0x0 ../../minlibc//libminlibc.a(strncmp.o)
 .note.GNU-stack
                0x000788d4        0x0 ../../minlibc//libminlibc.a(strncpy.o)
 .note.GNU-stack
                0x000788d4        0x0 ../../minlibc//libminlibc.a(strrchr.o)
 .note.GNU-stack
                0x000788d4        0x0 ../../minlibc//libminlibc.a(strstr.o)
 .note.GNU-stack
                0x000788d4        0x0 ../../minlibc//libminlibc.a(tolower.o)
 .note.GNU-stack
                0x000788d4        0x0 ../../minlibc//libminlibc.a(toupper.o)
 .note.GNU-stack
                0x000788d4        0x0 ../../minlibc//libminlibc.a(vfprintf.o)
 .note.GNU-stack
                0x000788d4        0x0 ../../minlibc//libminlibc.a(vsnprintf.o)
 .note.GNU-stack
                0x000788d4        0x0 ../../minlibc//libminlibc.a(abort.o)
 .note.GNU-stack
                0x000788d4        0x0 ../../minlibc//libminlibc.a(bzero.o)
 .note.GNU-stack
                0x000788d4        0x0 ../../minlibc//libminlibc.a(fputc.o)
 .note.GNU-stack
                0x000788d4        0x0 ../../minlibc//libminlibc.a(isspace.o)
 .note.GNU-stack
                0x000788d4        0x0 ../../minlibc//libminlibc.a(strchr.o)
 .note.GNU-stack
                0x000788d4        0x0 ../../minlibc//libminlibc.a(strnlen.o)
 .note.GNU-stack
                0x000788d4        0x0 /home/ubuntu/gcc-riscv/lib/gcc/riscv32-unknown-elf/15.1.0/libgcc.a(_divdi3.o)
 .note.GNU-stack
                0x000788d4        0x0 /home/ubuntu/gcc-riscv/lib/gcc/riscv32-unknown-elf/15.1.0/libgcc.a(_udivdi3.o)
 .note.GNU-stack
                0x000788d4        0x0 /home/ubuntu/gcc-riscv/lib/gcc/riscv32-unknown-elf/15.1.0/libgcc.a(_umoddi3.o)
 .note.GNU-stack
                0x000788d4        0x0 /home/ubuntu/gcc-riscv/lib/gcc/riscv32-unknown-elf/15.1.0/libgcc.a(adddf3.o)
 .note.GNU-stack
                0x000788d4        0x0 /home/ubuntu/gcc-riscv/lib/gcc/riscv32-unknown-elf/15.1.0/libgcc.a(ledf2.o)
 .note.GNU-stack
                0x000788d4        0x0 /home/ubuntu/gcc-riscv/lib/gcc/riscv32-unknown-elf/15.1.0/libgcc.a(muldf3.o)
 .note.GNU-stack
                0x000788d4        0x0 /home/ubuntu/gcc-riscv/lib/gcc/riscv32-unknown-elf/15.1.0/libgcc.a(subdf3.o)
 .note.GNU-stack
                0x000788d4        0x0 /home/ubuntu/gcc-riscv/lib/gcc/riscv32-unknown-elf/15.1.0/libgcc.a(floatsidf.o)
 .note.GNU-stack
                0x000788d4        0x0 /home/ubuntu/gcc-riscv/lib/gcc/riscv32-unknown-elf/15.1.0/libgcc.a(fixunsdfdi.o)
 .note.GNU-stack
                0x000788d4        0x0 /home/ubuntu/gcc-riscv/lib/gcc/riscv32-unknown-elf/15.1.0/libgcc.a(floatundidf.o)
 .note.GNU-stack
                0x000788d4        0x0 /home/ubuntu/gcc-riscv/lib/gcc/riscv32-unknown-elf/15.1.0/libgcc.a(divsf3.o)
 .note.GNU-stack
                0x000788d4        0x0 /home/ubuntu/gcc-riscv/lib/gcc/riscv32-unknown-elf/15.1.0/libgcc.a(mulsf3.o)
 .note.GNU-stack
                0x000788d4        0x0 /home/ubuntu/gcc-riscv/lib/gcc/riscv32-unknown-elf/15.1.0/libgcc.a(subsf3.o)
 .note.GNU-stack
                0x000788d4        0x0 /home/ubuntu/gcc-riscv/lib/gcc/riscv32-unknown-elf/15.1.0/libgcc.a(fixsfsi.o)
 .note.GNU-stack
                0x000788d4        0x0 /home/ubuntu/gcc-riscv/lib/gcc/riscv32-unknown-elf/15.1.0/libgcc.a(floatsisf.o)
 .note.GNU-stack
                0x000788d4        0x0 /home/ubuntu/gcc-riscv/lib/gcc/riscv32-unknown-elf/15.1.0/libgcc.a(extendsfdf2.o)
 .note.GNU-stack
                0x000788d4        0x0 /home/ubuntu/gcc-riscv/lib/gcc/riscv32-unknown-elf/15.1.0/libgcc.a(truncdfsf2.o)
 .note.GNU-stack
                0x000788d4        0x0 /home/ubuntu/gcc-riscv/lib/gcc/riscv32-unknown-elf/15.1.0/libgcc.a(multi3.o)
 .note.GNU-stack
                0x000788d4        0x0 /home/ubuntu/gcc-riscv/lib/gcc/riscv32-unknown-elf/15.1.0/libgcc.a(_lshrdi3.o)
 .note.GNU-stack
                0x000788d4        0x0 /home/ubuntu/gcc-riscv/lib/gcc/riscv32-unknown-elf/15.1.0/libgcc.a(_ashldi3.o)
 .note.GNU-stack
                0x000788d4        0x0 /home/ubuntu/gcc-riscv/lib/gcc/riscv32-unknown-elf/15.1.0/libgcc.a(_clz.o)
 .note.GNU-stack
                0x000788d4        0x0 /home/ubuntu/gcc-riscv/lib/gcc/riscv32-unknown-elf/15.1.0/libgcc.a(_clzsi2.o)

.note.gnu-property
 *(.note.gnu-property)

.note.ABI-tag
 *(.note.ABI-tag)

.note.package
 *(.note.package)

.note.dlopen
 *(.note.dlopen)

.note.netbsd.ident
 *(.note.netbsd.ident)

.note.openbsd.ident
 *(.note.openbsd.ident)
                0x000798d4                        . = DATA_SEGMENT_ALIGN (CONSTANT (MAXPAGESIZE), CONSTANT (COMMONPAGESIZE))

.eh_frame
 *(.eh_frame)
 *(.eh_frame.*)

.sframe
 *(.sframe)
 *(.sframe.*)

.gnu_extab
 *(.gnu_extab)

.gcc_except_table
 *(.gcc_except_table .gcc_except_table.*)

.exception_ranges
 *(.exception_ranges*)

.tdata          0x000798d4        0x0
                [!provide]                        PROVIDE (__tdata_start = .)
 *(.tdata .tdata.* .gnu.linkonce.td.*)

.tbss
 *(.tbss .tbss.* .gnu.linkonce.tb.*)
 *(.tcommon)

.preinit_array  0x000798d4        0x0
                [!provide]                        PROVIDE (__preinit_array_start = .)
 *(.preinit_array)
                [!provide]                        PROVIDE (__preinit_array_end = .)

.init_array     0x000798d4        0x0
                [!provide]                        PROVIDE (__init_array_start = .)
 *(SORT_BY_INIT_PRIORITY(.init_array.*) SORT_BY_INIT_PRIORITY(.ctors.*))
 *(.init_array EXCLUDE_FILE(*crtend?.o *crtend.o *crtbegin?.o *crtbegin.o) .ctors)
                [!provide]                        PROVIDE (__init_array_end = .)

.fini_array     0x000798d4        0x0
                [!provide]                        PROVIDE (__fini_array_start = .)
 *(SORT_BY_INIT_PRIORITY(.fini_array.*) SORT_BY_INIT_PRIORITY(.dtors.*))
 *(.fini_array EXCLUDE_FILE(*crtend?.o *crtend.o *crtbegin?.o *crtbegin.o) .dtors)
                [!provide]                        PROVIDE (__fini_array_end = .)

.ctors
 *crtbegin.o(.ctors)
 *crtbegin?.o(.ctors)
 *(EXCLUDE_FILE(*crtend?.o *crtend.o) .ctors)
 *(SORT_BY_NAME(.ctors.*))
 *(.ctors)

.dtors
 *crtbegin.o(.dtors)
 *crtbegin?.o(.dtors)
 *(EXCLUDE_FILE(*crtend?.o *crtend.o) .dtors)
 *(SORT_BY_NAME(.dtors.*))
 *(.dtors)

.jcr
 *(.jcr)

.data.rel.ro
 *(.data.rel.ro.local* .gnu.linkonce.d.rel.ro.local.*)
 *(.data.rel.ro .data.rel.ro.* .gnu.linkonce.d.rel.ro.*)

.dynamic
 *(.dynamic)

.got
 *(.got)
 *(.igot)
                0x000798d4                        . = DATA_SEGMENT_RELRO_END (., (SIZEOF (.got.plt) >= 0x8)?0x8:0x0)

.got.plt
 *(.got.plt)
 *(.igot.plt)

.data           0x000798d4     0xe82c
                0x000798d4                        __DATA_BEGIN__ = .
 *(.data .data.* .gnu.linkonce.d.*)
 .data          0x000798d4        0x0 build/dummy.o
 .data          0x000798d4      0x22c build/am_map.o
                0x000798fc                cheat_amap
                0x00079930                player_arrow
                0x000799a0                cheat_player_arrow
                0x00079aa0                thintriangle_guy
                0x00079ad0                triangle_guy
 .data          0x00079b00        0x0 build/doomdef.o
 .data          0x00079b00        0x0 build/doomstat.o
 .data          0x00079b00       0x40 build/dstrings.o
                0x00079b00                doom2_endmsg
                0x00079b20                doom1_endmsg
 .data          0x00079b40        0x0 build/d_event.o
 .data          0x00079b40       0xd8 build/d_items.o
                0x00079b40                weaponinfo
 .data          0x00079c18        0x0 build/d_iwad.o
 .data          0x00079c18        0x0 build/d_loop.o
 .data          0x00079c18        0x0 build/d_main.o
 .data          0x00079c18        0x0 build/d_mode.o
 .data          0x00079c18       0x10 build/d_net.o
 .data          0x00079c28      0x248 build/f_finale.o
                0x00079de0                castorder
 .data          0x00079e70        0x0 build/f_wipe.o
 .data          0x00079e70      0x12c build/g_game.o
                0x00079e70                angleturn
                0x00079e7c                cpars
                0x00079efc                pars
 .data          0x00079f9c        0x0 build/hu_lib.o
 .data          0x00079f9c      0x26c build/hu_stuff.o
                0x00079f9c                mapnames
                0x0007a050                mapnames_commercial
                0x0007a1d0                player_names
                0x0007a1e0                chat_macros
 .data          0x0007a208     0x9d2c build/info.o
                0x0007a208                mobjinfo
                0x0007d344                states
                0x00083d08                sprnames
 .data          0x00083f34        0x0 build/i_cdmus.o
 .data          0x00083f34        0x0 build/i_endoom.o
 .data          0x00083f34       0x28 build/i_joystick.o
 .data          0x00083f5c      0x12c build/i_scale.o
                0x00083f5c                mode_squash_5x
                0x00083f70                mode_squash_4x
                0x00083f84                mode_squash_3x
                0x00083f98                mode_squash_2x
                0x00083fac                mode_squash_1x
                0x00083fc0                mode_stretch_5x
                0x00083fd4                mode_stretch_4x
                0x00083fe8                mode_stretch_3x
                0x00083ffc                mode_stretch_2x
                0x00084010                mode_stretch_1x
                0x00084024                mode_scale_5x
                0x00084038                mode_scale_4x
                0x0008404c                mode_scale_3x
                0x00084060                mode_scale_2x
                0x00084074                mode_scale_1x
 .data          0x00084088        0x0 build/i_sound.o
 .data          0x00084088        0x0 build/i_system.o
 .data          0x00084088        0x0 build/i_timer.o
 .data          0x00084088        0x0 build/memio.o
 .data          0x00084088        0x0 build/m_argv.o
 .data          0x00084088        0x0 build/m_bbox.o
 .data          0x00084088        0x0 build/m_cheat.o
 .data          0x00084088     0x1260 build/m_config.o
 .data          0x000852e8        0x0 build/m_controls.o
 .data          0x000852e8        0x0 build/m_fixed.o
 .data          0x000852e8      0x4d0 build/m_menu.o
                0x000852e8                SoundDef
                0x00085300                OptionsDef
                0x00085318                ReadDef1
                0x00085330                MainDef
                0x00085348                NewDef
                0x00085360                EpiDef
                0x00085378                ReadDef2
                0x00085390                quitsounds2
                0x000853b0                quitsounds
                0x000853d0                LoadDef
                0x000853e8                LoadMenu
                0x00085460                SaveDef
                0x00085478                gammamsg
                0x000854fc                MainMenu
                0x00085574                SaveMenu
                0x000855ec                SoundMenu
                0x0008563c                ReadMenu2
                0x00085650                ReadMenu1
                0x00085664                OptionsMenu
                0x00085704                NewGameMenu
                0x00085768                EpisodeMenu
 .data          0x000857b8        0x0 build/m_misc.o
 .data          0x000857b8        0x0 build/m_random.o
 .data          0x000857b8        0x0 build/p_ceilng.o
 .data          0x000857b8        0x0 build/p_doors.o
 .data          0x000857b8       0x74 build/p_enemy.o
                0x000857b8                yspeed
                0x000857d8                xspeed
                0x000857f8                opposite
                0x0008581c                diags
 .data          0x0008582c        0x0 build/p_floor.o
 .data          0x0008582c       0x20 build/p_inter.o
                0x0008582c                clipammo
                0x0008583c                maxammo
 .data          0x0008584c        0x0 build/p_lights.o
 .data          0x0008584c        0x0 build/p_map.o
 .data          0x0008584c        0x0 build/p_maputl.o
 .data          0x0008584c        0x0 build/p_mobj.o
 .data          0x0008584c        0x0 build/p_plats.o
 .data          0x0008584c        0x0 build/p_pspr.o
 .data          0x0008584c        0x0 build/p_saveg.o
 .data          0x0008584c        0x0 build/p_setup.o
 .data          0x0008584c        0x0 build/p_sight.o
 .data          0x0008584c      0x284 build/p_spec.o
                0x0008584c                animdefs
 .data          0x00085ad0      0x334 build/p_switch.o
                0x00085ad0                alphSwitchList
 .data          0x00085e04        0x0 build/p_telept.o
 .data          0x00085e04        0x0 build/p_tick.o
 .data          0x00085e04        0x0 build/p_user.o
 .data          0x00085e04       0xc0 build/r_bsp.o
                0x00085e04                checkcoord
 .data          0x00085ec4        0x0 build/r_data.o
 .data          0x00085ec4       0xc8 build/r_draw.o
                0x00085ec4                fuzzoffset
 .data          0x00085f8c        0x0 build/r_main.o
 .data          0x00085f8c        0x0 build/r_plane.o