Archive member included to satisfy reference by file (symbol)

../../minlibc//libminlibc.a(atof.o)
                              build/m_config.o (atof)
../../minlibc//libminlibc.a(atoi.o)
                              build/d_main.o (atoi)
../../minlibc//libminlibc.a(errno.o)
                              build/m_misc.o (errno)
../../minlibc//libminlibc.a(exit.o)
                              build/d_main.o (exit)
../../minlibc//libminlibc.a(fclose.o)
                              build/g_game.o (fclose)
../../minlibc//libminlibc.a(fflush.o)
                              build/i_scale.o (fflush)
../../minlibc//libminlibc.a(fopen.o)
                              build/g_game.o (fopen)
../../minlibc//libminlibc.a(fprintf.o)
                              build/am_map.o (fprintf)
../../minlibc//libminlibc.a(fread.o)
                              build/m_menu.o (fread)
../../minlibc//libminlibc.a(fseek.o)
                              build/m_misc.o (fseek)
../../minlibc//libminlibc.a(ftell.o)
                              build/m_misc.o (ftell)
../../minlibc//libminlibc.a(fwrite.o)
                              build/m_misc.o (fwrite)
../../minlibc//libminlibc.a(isdigit.o)
                              ../../minlibc//libminlibc.a(atoi.o) (isdigit)
../../minlibc//libminlibc.a(malloc.o)
                              build/i_system.o (malloc)
../../minlibc//libminlibc.a(memcpy.o)
                              build/d_loop.o (memcpy)
../../minlibc//libminlibc.a(memset.o)
                              build/am_map.o (memset)
../../minlibc//libminlibc.a(mkdir.o)
                              build/m_misc.o (mkdir)
../../minlibc//libminlibc.a(mmap.o)
                              ../../minlibc//libminlibc.a(malloc.o) (mmap)
../../minlibc//libminlibc.a(mprotect.o)
                              ../../minlibc//libminlibc.a(malloc.o) (mprotect)
../../minlibc//libminlibc.a(munmap.o)
                              ../../minlibc//libminlibc.a(malloc.o) (munmap)
../../minlibc//libminlibc.a(printf.o)
                              build/d_loop.o (printf)
../../minlibc//libminlibc.a(putchar.o)
                              build/i_system.o (putchar)
../../minlibc//libminlibc.a(puts.o)
                              build/i_scale.o (puts)
../../minlibc//libminlibc.a(snprintf.o)
                              build/am_map.o (snprintf)
../../minlibc//libminlibc.a(stdio_values.o)
                              build/i_scale.o (stdout)
../../minlibc//libminlibc.a(strcasecmp.o)
                              build/d_iwad.o (strcasecmp)
../../minlibc//libminlibc.a(strcmp.o)
                              build/d_main.o (strcmp)
../../minlibc//libminlibc.a(strdup.o)
                              build/d_iwad.o (strdup)
../../minlibc//libminlibc.a(strlen.o)
                              build/d_iwad.o (strlen)
../../minlibc//libminlibc.a(strncmp.o)
                              build/m_misc.o (strncmp)
../../minlibc//libminlibc.a(strncpy.o)
                              build/m_misc.o (strncpy)
../../minlibc//libminlibc.a(strrchr.o)
                              build/m_argv.o (strrchr)
../../minlibc//libminlibc.a(strstr.o)
                              build/m_misc.o (strstr)
../../minlibc//libminlibc.a(tolower.o)
                              ../../minlibc//libminlibc.a(strcasecmp.o) (tolower)
../../minlibc//libminlibc.a(toupper.o)
                              build/f_finale.o (toupper)
../../minlibc//libminlibc.a(vfprintf.o)
                              build/i_system.o (vfprintf)
../../minlibc//libminlibc.a(vsnprintf.o)
                              build/m_misc.o (vsnprintf)
../../minlibc//libminlibc.a(abort.o)
                              ../../minlibc//libminlibc.a(malloc.o) (abort)
../../minlibc//libminlibc.a(bzero.o)
                              ../../minlibc//libminlibc.a(malloc.o) (bzero)
../../minlibc//libminlibc.a(fputc.o)
                              ../../minlibc//libminlibc.a(fwrite.o) (fputc)
../../minlibc//libminlibc.a(isspace.o)
                              ../../minlibc//libminlibc.a(printf.o) (isspace)
../../minlibc//libminlibc.a(strchr.o)
                              ../../minlibc//libminlibc.a(strstr.o) (strchr)
../../minlibc//libminlibc.a(strnlen.o)
                              ../../minlibc//libminlibc.a(vsnprintf.o) (strnlen)
/home/ubuntu/gcc-riscv/lib/gcc/riscv32-unknown-elf/15.1.0/libgcc.a(_divdi3.o)
                              build/m_fixed.o (__divdi3)
/home/ubuntu/gcc-riscv/lib/gcc/riscv32-unknown-elf/15.1.0/libgcc.a(_udivdi3.o)
                              ../../minlibc//libminlibc.a(vsnprintf.o) (__udivdi3)
/home/ubuntu/gcc-riscv/lib/gcc/riscv32-unknown-elf/15.1.0/libgcc.a(_umoddi3.o)
                              ../../minlibc//libminlibc.a(vsnprintf.o) (__umoddi3)
/home/ubuntu/gcc-riscv/lib/gcc/riscv32-unknown-elf/15.1.0/libgcc.a(adddf3.o)
                              ../../minlibc//libminlibc.a(atof.o) (__adddf3)
/home/ubuntu/gcc-riscv/lib/gcc/riscv32-unknown-elf/15.1.0/libgcc.a(ledf2.o)
[...]
Memory Configuration

Name             Origin             Length             Attributes
*default*        0x00000000         0xffffffff

Linker script and memory map

LOAD build/dummy.o
LOAD build/am_map.o
LOAD build/doomdef.o
LOAD build/doomstat.o
LOAD build/dstrings.o
LOAD build/d_event.o
LOAD build/d_items.o
LOAD build/d_iwad.o
LOAD build/d_loop.o
LOAD build/d_main.o
LOAD build/d_mode.o
LOAD build/d_net.o
LOAD build/f_finale.o
LOAD build/f_wipe.o
LOAD build/g_game.o
LOAD build/hu_lib.o
LOAD build/hu_stuff.o
LOAD build/info.o
LOAD build/i_cdmus.o
LOAD build/i_endoom.o
LOAD build/i_joystick.o
LOAD build/i_scale.o
LOAD build/i_sound.o
LOAD build/i_system.o
LOAD build/i_timer.o
LOAD build/memio.o
LOAD build/m_argv.o
LOAD build/m_bbox.o
LOAD build/m_cheat.o
LOAD build/m_config.o
LOAD build/m_controls.o
LOAD build/m_fixed.o
LOAD build/m_menu.o
LOAD build/m_misc.o
LOAD build/m_random.o
LOAD build/p_ceilng.o
LOAD build/p_doors.o
LOAD build/p_enemy.o
LOAD build/p_floor.o
LOAD build/p_inter.o
LOAD build/p_lights.o
LOAD build/p_map.o
LOAD build/p_maputl.o
LOAD build/p_mobj.o
LOAD build/p_plats.o
LOAD build/p_pspr.o
LOAD build/p_saveg.o
LOAD build/p_setup.o
LOAD build/p_sight.o
LOAD build/p_spec.o
LOAD build/p_switch.o
LOAD build/p_telept.o
LOAD build/p_tick.o
LOAD build/p_user.o
LOAD build/r_bsp.o
LOAD build/r_data.o
LOAD build/r_draw.o
LOAD build/r_main.o
LOAD build/r_plane.o
LOAD build/r_segs.o
LOAD build/r_sky.o
LOAD build/r_things.o
LOAD build/sha1.o
LOAD build/sounds.o
LOAD build/statdump.o
LOAD build/st_lib.o
LOAD build/st_stuff.o
LOAD build/s_sound.o
LOAD build/tables.o
LOAD build/v_video.o
LOAD build/wi_stuff.o
LOAD build/w_checksum.o
LOAD build/w_file.o
LOAD build/w_main.o
LOAD build/w_wad.o
LOAD build/z_zone.o
LOAD build/w_file_stdc.o
LOAD build/i_input.o
LOAD build/i_video.o
LOAD build/doomgeneric.o
LOAD build/doomgeneric_jane_cpu.o
LOAD ../../minlibc//libminlibc.a
LOAD /home/ubuntu/gcc-riscv/riscv32-unknown-elf/lib//libm.a
LOAD /home/ubuntu/gcc-riscv/lib/gcc/riscv32-unknown-elf/15.1.0/libgcc.a
                0x00000000                        . = 0x0

.text           0x00000000    0x52d6c
 *(.text)
 .text          0x00000000        0x4 build/dummy.o
                0x00000000                I_InitTimidityConfig
 .text          0x00000004     0x3784 build/am_map.o
                0x00000004                AM_getIslope
                0x000000cc                AM_activateNewScale
                0x000001d0                AM_saveScaleAndLoc
                0x00000214                AM_restoreScaleAndLoc
                0x000002f0                AM_addMark
                0x0000037c                AM_findMinMaxBoundaries
                0x00000520                AM_changeWindowLoc
                0x00000600                AM_initVariables
                0x000007e8                AM_loadPics
                0x00000864                AM_unloadPics
                0x000008c4                AM_clearMarks
                0x00000904                AM_LevelInit
                0x000009cc                AM_Stop
                0x00000a4c                AM_Start
                0x00000b7c                AM_minOutWindowScale
                0x00000bb0                AM_maxOutWindowScale
                0x00000be4                AM_Responder
                0x00001144                AM_changeWindowScale
                0x000011bc                AM_doFollowPlayer
                0x000012dc                AM_updateLightLev
                0x00001364                AM_Ticker
                0x00001410                AM_clearFB
                0x00001454                AM_clipMline
                0x00001ad0                AM_drawFline
                0x00002090                AM_drawMline
                0x00002400                AM_drawGrid
                0x000025bc                AM_drawWalls
                0x00002824                AM_rotate
                0x000028e8                AM_drawLineCharacter
                0x00002d44                AM_drawPlayers
                0x00003214                AM_drawThings
                0x0000351c                AM_drawMarks
                0x0000364c                AM_drawCrosshair
                0x000036a0                AM_Drawer
 .text          0x00003788        0x0 build/doomdef.o
 .text          0x00003788        0x0 build/doomstat.o
 .text          0x00003788        0x0 build/dstrings.o
 .text          0x00003788       0xbc build/d_event.o
                0x00003788                D_PostEvent
                0x000037f0                D_PopEvent
 .text          0x00003844        0x0 build/d_items.o
 .text          0x00003844      0x290 build/d_iwad.o
                0x00003a18                D_FindWADByName
                0x00003a58                D_TryFindWADByName
                0x00003aa4                D_FindIWAD
                0x00003ab0                D_SaveGameIWADName
                0x00003abc                D_SuggestIWADName
                0x00003ac8                D_SuggestGameName
 .text          0x00003ad4      0xc30 build/d_loop.o
                0x00003ad4                D_QuitNetGame
                0x00003c28                NetUpdate
                0x00003d04                D_ReceiveTic
                0x00003eec                D_StartGameLoop
                0x00003f64                D_StartNetGame
                0x00003f9c                D_InitNetGame
                0x00003fdc                TryRunTics
                0x000046f8                D_RegisterLoopCallbacks
 .text          0x00004704     0x1c40 build/d_main.o
                0x00004704                D_GrabMouseCallback
                0x00004c74                D_ProcessEvents
                0x00004ccc                D_Display
                0x00004ce0                D_BindVariables
                0x00004e70                doomgeneric_Tick
                0x00004ed8                D_DoomLoop
                0x00005014                D_PageTicker
                0x0000503c                D_PageDrawer
                0x0000506c                D_AdvanceDemo
                0x0000507c                D_DoAdvanceDemo
                0x000052d4                D_StartTitle
                0x000052f8                D_IdentifyVersion
                0x00005574                D_SetGameDescription
                0x000056bc                PrintDehackedBanners
                0x000056c0                PrintGameVersion
                0x00005784                D_DoomMain
 .text          0x00006344      0x43c build/d_mode.o
                0x00006344                D_ValidGameMode
                0x000063d4                D_ValidEpisodeMap
                0x00006544                D_GetNumEpisodes
                0x000066a0                D_ValidGameVersion
                0x00006734                D_IsEpisodeMap
                0x00006754                D_GameMissionString
 .text          0x00006780      0x688 build/d_net.o
                0x00006a7c                D_ConnectNetGame
                0x00006b78                D_CheckNetGame
 .text          0x00006e08     0x18c8 build/f_finale.o
                0x00006e08                F_StartFinale
                0x000070a0                F_Responder
                0x00007184                F_Ticker
                0x0000787c                F_TextWrite
                0x00007a08                F_StartCast
                0x00007aac                F_CastTicker
                0x00007fe4                F_CastResponder
                0x000080b4                F_CastPrint
                0x000081fc                F_CastDrawer
                0x000082d0                F_DrawPatchCol
                0x0000836c                F_BunnyScroll
                0x0000861c                F_Drawer
 .text          0x000086d0      0x8e4 build/f_wipe.o
                0x000086d0                wipe_doColorXForm
                0x00008764                wipe_exitColorXForm
                0x0000876c                wipe_doMelt
                0x0000897c                wipe_initColorXForm
                0x000089b0                wipe_exitMelt
                0x000089ec                wipe_initMelt
                0x00008d30                wipe_shittyColMajorXform
                0x00008dfc                wipe_StartScreen
                0x00008e34                wipe_EndScreen
                0x00008eb0                wipe_ScreenWipe
 .text          0x00008fb4     0x3d9c build/g_game.o
                0x00008fb4                G_CmdChecksum
                0x00008fcc                G_BuildTiccmd
                0x00009b80                G_DoLoadLevel
                0x00009dac                G_Responder
                0x0000a4d4                G_PlayerFinishLevel
                0x0000a56c                G_PlayerReborn
                0x0000a688                G_InitPlayer
                0x0000a68c                G_CheckSpot
                0x0000aab4                G_DeathMatchSpawnPlayer
                0x0000abb8                G_DoReborn
                0x0000adb0                G_ScreenShot
                0x0000adc0                G_ExitLevel
                0x0000add8                G_SecretExitLevel
                0x0000ae40                G_DoCompleted
                0x0000b458                G_WorldDone
                0x0000b4e8                G_DoWorldDone
                0x0000b530                G_LoadGame
                0x0000b564                G_SaveGame
                0x0000b59c                G_DoSaveGame
                0x0000b5bc                G_DeferedInitNew
                0x0000b5e4                G_InitNew
                0x0000b9ac                G_DoLoadGame
                0x0000bab8                G_DoNewGame
                0x0000bb44                G_RecordDemo
                0x0000bc10                G_VanillaVersionCode
                0x0000bc6c                G_BeginRecording
                0x0000be3c                G_DeferedPlayDemo
                0x0000be54                G_DoPlayDemo
                0x0000c13c                G_TimeDemo
                0x0000c198                G_CheckDemoStatus
                0x0000c36c                G_ReadDemoTiccmd
                0x0000c40c                G_WriteDemoTiccmd
                0x0000c584                G_Ticker
 .text          0x0000cd50      0xfcc build/hu_lib.o
                0x0000cd50                HUlib_init
                0x0000cd54                HUlib_clearTextLine
                0x0000cd68                HUlib_initTextLine
                0x0000cd8c                HUlib_addCharToTextLine
                0x0000cdc8                HUlib_delCharFromTextLine
                0x0000cdf8                HUlib_drawTextLine
                0x0000cf64                HUlib_eraseTextLine
                0x0000d0b4                HUlib_initSText
                0x0000d1cc                HUlib_addLineToSText
                0x0000d23c                HUlib_addMessageToSText
                0x0000d3a0                HUlib_drawSText
                0x0000d4f0                HUlib_eraseSText
                0x0000d978                HUlib_initIText
                0x0000d9a8                HUlib_delCharFromIText
                0x0000d9d8                HUlib_eraseLineFromIText
                0x0000da0c                HUlib_resetIText
                0x0000da24                HUlib_addPrefixToIText
                0x0000da8c                HUlib_keyInIText
                0x0000db38                HUlib_drawIText
                0x0000db50                HUlib_eraseIText
 .text          0x0000dd1c     0x1118 build/hu_stuff.o
                0x0000dd1c                HU_Init
                0x0000dd98                HU_Stop
                0x0000dda4                HU_Start
                0x0000e050                HU_Drawer
                0x0000e0a8                HU_Erase
                0x0000e0e0                HU_Ticker
                0x0000e6e8                HU_queueChatChar
                0x0000e734                HU_dequeueChatChar
                0x0000e76c                HU_Responder
 .text          0x0000ee34        0x0 build/info.o
 .text          0x0000ee34       0x4c build/i_cdmus.o
                0x0000ee34                I_CDMusInit
                0x0000ee3c                I_CDMusPrintStartup
                0x0000ee40                I_CDMusPlay
                0x0000ee48                I_CDMusStop
                0x0000ee50                I_CDMusResume
                0x0000ee58                I_CDMusSetVolume
                0x0000ee68                I_CDMusFirstTrack
                0x0000ee70                I_CDMusLastTrack
                0x0000ee78                I_CDMusTrackLength
 .text          0x0000ee80        0x4 build/i_endoom.o
                0x0000ee80                I_Endoom
 .text          0x0000ee84      0x124 build/i_joystick.o
                0x0000ee84                I_ShutdownJoystick
                0x0000ee88                I_InitJoystick
                0x0000ee8c                I_UpdateJoystick
                0x0000ee90                I_BindJoystickVariables
 .text          0x0000efa8     0x23c8 build/i_scale.o
                0x000112c0                I_InitScale
                0x000112dc                I_ResetScaleTables
 .text          0x00011370      0x2c0 build/i_sound.o
                0x00011370                I_InitSound
                0x000113e0                I_ShutdownSound
                0x000113f8                I_GetSfxLumpNum
                0x00011414                I_UpdateSound
                0x0001142c                I_UpdateSoundParams
                0x00011480                I_StartSound
                0x000114d8                I_StopSound
                0x000114f0                I_SoundIsPlaying
                0x0001150c                I_PrecacheSounds
                0x00011528                I_InitMusic
                0x0001152c                I_ShutdownMusic
                0x00011530                I_SetMusicVolume
                0x00011534                I_PauseSong
                0x00011538                I_ResumeSong
                0x0001153c                I_RegisterSong
                0x00011544                I_UnRegisterSong
                0x00011548                I_PlaySong
                0x0001154c                I_StopSong
                0x00011550                I_MusicIsPlaying
                0x00011558                I_BindSoundVariables
 .text          0x00011630      0x600 build/i_system.o
                0x00011630                I_AtExit
                0x00011678                I_Tactile
                0x0001167c                I_PrintBanner
                0x000116d8                I_PrintDivider
                0x0001170c                I_PrintStartupBanner
                0x000117c8                I_ConsoleStdout
                0x000117d0                I_Quit
                0x00011808                I_Error
                0x00011904                I_ZoneBase
                0x000119b4                I_GetMemoryValue
 .text          0x00011c30       0xa0 build/i_timer.o
                0x00011c30                I_GetTicks
                0x00011c34                I_GetTime
                0x00011c88                I_GetTimeMS
                0x00011cc4                I_Sleep
                0x00011cc8                I_WaitVBL
                0x00011ccc                I_InitTimer
 .text          0x00011cd0      0x340 build/memio.o
                0x00011cd0                mem_fopen_read
                0x00011d1c                mem_fread
                0x00011df8                mem_fopen_write
                0x00011e54                mem_fwrite
                0x00011f48                mem_get_buf
                0x00011f5c                mem_fclose
                0x00011f98                mem_ftell
                0x00011fa0                mem_fseek
 .text          0x00012010      0x24c build/m_argv.o
                0x00012010                M_CheckParmWithArgs
                0x000120c8                M_ParmExists
                0x00012164                M_CheckParm
                0x00012204                M_FindResponseFile
                0x00012208                M_GetExecutableName
 .text          0x0001225c       0x5c build/m_bbox.o
                0x0001225c                M_ClearBox
                0x00012278                M_AddToBox
 .text          0x000122b8       0xf0 build/m_cheat.o
                0x000122b8                cht_CheckCheat
                0x00012394                cht_GetParam
 .text          0x000123a8      0x89c build/m_config.o
                0x000123a8                M_SetConfigFilenames
                0x000123bc                M_SaveDefaults
                0x000123c0                M_SaveDefaultsAlternate
                0x000123c4                M_LoadDefaults
                0x000124bc                M_BindVariable
                0x000125bc                M_SetVariable
                0x000127e8                M_GetIntVariable
                0x00012904                M_GetStrVariable
                0x00012a20                M_GetFloatVariable
                0x00012b40                M_SetConfigDir
                0x00012bb8                M_GetSaveGameDir
 .text          0x00012c44      0xa40 build/m_controls.o
                0x00012c44                M_BindBaseControls
                0x00012e70                M_BindHereticControls
                0x00012f34                M_BindHexenControls
                0x00013020                M_BindStrifeControls
                0x000131c4                M_BindWeaponControls
                0x000132ec                M_BindMapControls
                0x000133ec                M_BindMenuControls
                0x000135f0                M_BindChatControls
                0x00013680                M_ApplyPlatformDefaults
 .text          0x00013684       0xc8 build/m_fixed.o
                0x00013684                FixedMul
                0x000136b4                FixedDiv
 .text          0x0001374c     0x3594 build/m_menu.o
                0x0001374c                M_Sound
                0x0001376c                M_Options
                0x00013790                M_ChangeMessages
                0x000137f0                M_ReadThis
                0x00013814                M_FinishReadThis
                0x00013838                M_DrawReadThis2
                0x00013874                M_DrawMainMenu
                0x000138a4                M_DrawNewGame
                0x000138f4                M_DrawEpisode
                0x00013924                M_LoadSelect
                0x0001395c                M_SaveSelect
                0x000139dc                M_QuitDOOM
                0x00013aa0                M_DrawReadThis1
                0x00013b9c                M_SfxVol
                0x00013be4                M_MusicVol
                0x00013c2c                M_SizeDisplay
                0x00013cac                M_ChangeSensitivity
                0x00013cf0                M_ChangeDetail
                0x00013d6c                M_QuickSaveResponse
                0x00013de4                M_VerifyNightmare
                0x00013e28                M_ChooseSkill
                0x00013eb0                M_EndGameResponse
                0x00013ee0                M_NewGame
                0x00013fa4                M_Episode
                0x000140ac                M_ReadThis2
                0x00014114                M_DrawOptions
                0x00014454                M_DrawSound
                0x000144c4                M_EndGame
                0x00014570                M_QuickLoadResponse
                0x000145c8                M_QuitResponse
                0x00014660                M_DrawLoad
                0x00014834                M_DrawSave
                0x00014b54                M_ReadSaveStrings
                0x00014c48                M_LoadGame
                0x00014cbc                M_SaveGame
                0x00014d40                M_DrawSaveLoadBorder
                0x00014de8                M_DoSave
                0x00014e3c                M_QuickSave
                0x00014f84                M_QuickLoad
                0x0001505c                M_DrawThermo
                0x0001516c                M_DrawEmptyCell
                0x000151c4                M_DrawSelCell
                0x0001521c                M_StartMessage
                0x00015258                M_StopMessage
                0x00015274                M_StringWidth
                0x00015334                M_StringHeight
                0x000153d4                M_WriteText
                0x000154d0                M_Responder
                0x0001671c                M_StartControlPanel
                0x00016754                M_Drawer
                0x00016b98                M_ClearMenus
                0x00016ba4                M_SetupNextMenu
                0x00016bbc                M_Ticker
                0x00016bf8                M_Init
 .text          0x00016ce0      0xa98 build/m_misc.o
                0x00016ce0                M_MakeDirectory
                0x00016ce8                M_FileExists
                0x00016d30                M_FileLength
                0x00016d98                M_WriteFile
                0x00016e18                M_ReadFile
                0x00016f14                M_StrToInt
                0x00016fc4                M_ExtractFileBase
                0x000170b0                M_ForceUppercase
                0x000170ec                M_StrCaseStr
                0x000171a8                M_StringDuplicate
                0x0001720c                M_StringReplace
                0x0001735c                M_StringCopy
                0x000173b0                M_StringConcat
                0x00017430                M_StringStartsWith
                0x000174b0                M_StringEndsWith
                0x00017544                M_StringJoin
                0x0001767c                M_TempFile
                0x00017698                M_vsnprintf
                0x000176f4                M_snprintf
 .text          0x00017778       0x64 build/m_random.o
                0x00017778                P_Random
                0x000177a0                M_Random
                0x000177c8                M_ClearRandom
 .text          0x000177dc      0x5e8 build/p_ceilng.o
                0x000177dc                T_MoveCeiling
                0x00017a3c                EV_DoCeiling
                0x00017c78                P_AddActiveCeiling
                0x00017cb8                P_RemoveActiveCeiling
                0x00017d20                P_ActivateInStasisCeiling
                0x00017d70                EV_CeilingCrushStop
 .text          0x00017dc4      0xa74 build/p_doors.o
                0x00017dc4                T_VerticalDoor
                0x00017fc4                EV_DoDoor
                0x0001832c                EV_DoLockedDoor
                0x00018414                EV_VerticalDoor
                0x00018734                P_SpawnDoorCloseIn30
                0x000187a0                P_SpawnDoorRaiseIn5Mins
 .text          0x00018838     0x41fc build/p_enemy.o
                0x00018838                PIT_VileCheck
                0x00018b00                P_RecursiveSound
                0x00018cd0                P_NoiseAlert
                0x00018e04                P_CheckMeleeRange
                0x00018e90                P_CheckMissileRange
                0x00018fc8                P_Move
                0x00019184                P_TryWalk
                0x00019334                P_NewChaseDir
                0x000199f8                P_LookForPlayers
                0x00019c28                A_KeenDie
                0x00019ca4                A_Look
                0x00019dc4                A_Chase
                0x0001a208                A_FaceTarget
                0x0001a2a0                A_PosAttack
                0x0001a398                A_SPosAttack
                0x0001a4bc                A_CPosAttack
                0x0001a5bc                A_CPosRefire
                0x0001a6ac                A_SpidRefire
                0x0001a79c                A_BspiAttack
                0x0001a848                A_TroopAttack
                0x0001a988                A_SargAttack
                0x0001aa94                A_HeadAttack
                0x0001abc0                A_CyberAttack
                0x0001ac6c                A_BruisAttack
                0x0001ad40                A_SkelMissile
                0x0001ae24                A_Tracer
                0x0001b034                A_SkelWhoosh
                0x0001b0dc                A_SkelFist
                0x0001b208                A_VileChase
                0x0001b438                A_VileStart
                0x0001b440                A_StartFire
                0x0001b528                A_FireCrackle
                0x0001b610                A_Fire
                0x0001b6f0                A_VileTarget
                0x0001b7a4                A_VileAttack
                0x0001b930                A_FatRaise
                0x0001b9d4                A_FatAttack1
                0x0001baf8                A_FatAttack2
                0x0001bc20                A_FatAttack3
                0x0001bda4                A_SkullAttack
                0x0001c014                A_PainShootSkull
                0x0001c06c                A_PainAttack
                0x0001c160                A_PainDie
                0x0001c2c8                A_Scream
                0x0001c380                A_XScream
                0x0001c388                A_Pain
                0x0001c39c                A_Fall
                0x0001c3ac                A_Explode
                0x0001c3b8                A_BossDeath
                0x0001c610                A_Hoof
                0x0001c634                A_Metal
                0x0001c658                A_BabyMetal
                0x0001c67c                A_OpenShotgun2
                0x0001c688                A_LoadShotgun2
                0x0001c694                A_CloseShotgun2
                0x0001c6d4                A_BrainAwake
                0x0001c75c                A_BrainPain
                0x0001c768                A_BrainScream
                0x0001c840                A_BrainExplode
                0x0001c8e4                A_BrainDie
                0x0001c8e8                A_BrainSpit
                0x0001c9b8                A_SpawnSound
                0x0001c9f8                A_SpawnFly
                0x0001ca10                A_PlayerScream
 .text          0x0001ca34      0xef8 build/p_floor.o
                0x0001ca34                T_MoveFloor
                0x0001cc3c                T_MovePlane
                0x0001ce84                EV_DoFloor
                0x0001d6f0                EV_BuildStairs
 .text          0x0001d92c     0x15e0 build/p_inter.o
                0x0001d92c                P_GiveAmmo
                0x0001dad0                P_GiveWeapon
                0x0001dc7c                P_GiveBody
                0x0001dcc8                P_GiveArmor
                0x0001dcfc                P_GiveCard
                0x0001dd20                P_GivePower
                0x0001de00                P_TouchSpecialThing
                0x0001e870                P_KillMobj
                0x0001eb08                P_DamageMobj
 .text          0x0001ef0c      0x6c0 build/p_lights.o
                0x0001ef0c                T_StrobeFlash
                0x0001ef50                T_Glow
                0x0001efc4                T_FireFlicker
                0x0001f028                T_LightFlash
                0x0001f0b0                P_SpawnFireFlicker
                0x0001f124                P_SpawnLightFlash
                0x0001f1b0                P_SpawnStrobeFlash
                0x0001f280                EV_StartLightStrobing
                0x0001f388                EV_TurnTagLightsOff
                0x0001f464                EV_LightTurnOn
                0x0001f558                P_SpawnGlowingLight
 .text          0x0001f5cc     0x1eb4 build/p_map.o
                0x0001f5cc                PIT_StompThing
                0x0001f694                PIT_CheckLine
                0x0001f8f8                PIT_CheckThing
                0x0001fb50                PTR_SlideTraverse
                0x0001fc5c                PTR_AimTraverse
                0x0001fe80                PTR_ShootTraverse
                0x00020298                PTR_UseTraverse
                0x0002032c                PIT_RadiusAttack
                0x00020544                P_TeleportMove
                0x0002072c                P_CheckPosition
                0x00020978                PIT_ChangeSector
                0x00020b08                P_TryMove
                0x00020cf0                P_ThingHeightClip
                0x00020d7c                P_HitSlideLine
                0x00020da8                P_SlideMove
                0x0002108c                P_AimLineAttack
                0x000211a0                P_LineAttack
                0x00021290                P_UseLines
                0x000212f0                P_RadiusAttack
                0x000213cc                P_ChangeSector
 .text          0x00021480     0x1670 build/p_maputl.o
                0x00021480                P_AproxDistance
                0x000214d8                P_PointOnLineSide
                0x00021584                P_BoxOnLineSide
                0x000217e0                P_PointOnDivlineSide
                0x0002189c                P_MakeDivline
                0x000218c4                P_InterceptVector
                0x00021980                P_LineOpening
                0x00021a04                P_UnsetThingPosition
                0x00021af0                P_SetThingPosition
                0x00021be8                P_BlockLinesIterator
                0x00021cf0                P_BlockThingsIterator
                0x00021d98                PIT_AddLineIntercepts
                0x00022220                PIT_AddThingIntercepts
                0x00022554                P_TraverseIntercepts
                0x00022668                P_PathTraverse
 .text          0x00022af0     0x1d68 build/p_mobj.o
                0x00022af0                P_SpawnMobj
                0x00022c94                P_RemoveMobj
                0x00022d64                P_SetMobjState
                0x00022e2c                P_NightmareRespawn
                0x00022f74                P_ExplodeMissile
                0x000230b0                P_ZMovement
                0x00023368                P_XYMovement
                0x000237d4                P_MobjThinker
                0x00023958                P_RespawnSpecials
                0x00023b14                P_SpawnPlayer
                0x00023d20                P_SpawnMapThing
                0x00024114                P_SpawnPuff
                0x0002423c                P_SpawnBlood
                0x000243d8                P_CheckMissileSpawn
                0x00024470                P_SubstNullMobj
                0x00024498                P_SpawnMissile
                0x0002467c                P_SpawnPlayerMissile
 .text          0x00024858      0x6ac build/p_plats.o
                0x00024858                T_PlatRaise
                0x00024a90                EV_DoPlat
                0x00024db0                P_ActivateInStasis
                0x00024e00                EV_StopPlat
                0x00024e4c                P_AddActivePlat
                0x00024e94                P_RemoveActivePlat
 .text          0x00024f04     0x1cf0 build/p_pspr.o
                0x00024f04                P_SetPsprite
                0x00024fd8                P_CalcSwing
                0x00025098                P_BringUpWeapon
                0x00025194                P_CheckAmmo
                0x00025390                P_FireWeapon
                0x0002547c                P_DropWeapon
                0x0002553c                A_WeaponReady
                0x00025804                A_ReFire
                0x0002593c                A_CheckReload
                0x00025940                A_Lower
                0x00025a7c                A_Raise
                0x00025b5c                A_GunFlash
                0x00025c28                A_Punch
                0x00025d04                A_Saw
                0x00025e5c                A_FireMissile
                0x00025e9c                A_FireBFG
                0x00025edc                A_FirePlasma
                0x00025fdc                P_BulletSlope
                0x00026068                P_GunShot
                0x000260f0                A_FirePistol
                0x000262c8                A_FireShotgun
                0x000264ac                A_FireShotgun2
                0x000266b4                A_FireCGun
                0x00026920                A_Light0
                0x00026928                A_Light1
                0x00026934                A_Light2
                0x00026940                A_BFGSpray
                0x00026a3c                A_BFGsound
                0x00026a48                P_SetupPsprites
                0x00026b40                P_MovePsprites
 .text          0x00026bf4     0x5aa4 build/p_saveg.o
                0x00026f80                P_TempSaveGameFile
                0x00026fc4                P_SaveGameFile
                0x00027068                P_WriteSaveGameHeader
                0x00027470                P_ReadSaveGameHeader
                0x00027804                P_ReadSaveGameEOF
                0x00027884                P_WriteSaveGameEOF
                0x000278f4                P_ArchivePlayers
                0x00028554                P_UnArchivePlayers
                0x00028e80                P_ArchiveWorld
                0x000296c8                P_UnArchiveWorld
                0x00029f80                P_ArchiveThinkers
                0x0002a680                P_UnArchiveThinkers
                0x0002ad30                P_ArchiveSpecials
                0x0002ba78                P_UnArchiveSpecials
 .text          0x0002c698     0x1594 build/p_setup.o
                0x0002c698                P_LoadVertexes
                0x0002c750                GetSectorAtNullAddress
                0x0002c7d4                P_LoadSegs
                0x0002ca70                P_LoadSubsectors
                0x0002cb40                P_LoadSectors
                0x0002cca0                P_LoadNodes
                0x0002ce8c                P_LoadThings
                0x0002cfc8                P_LoadLineDefs
                0x0002d260                P_LoadSideDefs
                0x0002d3c0                P_LoadBlockMap
                0x0002d474                P_GroupLines
                0x0002d7b8                P_SetupLevel
                0x0002dc08                P_Init
 .text          0x0002dc2c      0xab8 build/p_sight.o
                0x0002dc2c                P_DivlineSide
                0x0002dcf0                P_InterceptVector2
                0x0002ddac                P_CrossSubsector
                0x0002e2d0                P_CrossBSPNode
                0x0002e520                P_CheckSight
 .text          0x0002e6e4     0x1638 build/p_spec.o
                0x0002e6e4                P_InitPicAnims
                0x0002e828                getSide
                0x0002e880                getSector
                0x0002e8dc                twoSided
                0x0002e918                getNextSector
                0x0002e944                P_FindLowestFloorSurrounding
                0x0002e99c                P_FindHighestFloorSurrounding
                0x0002ea00                P_FindNextHighestFloor
                0x0002eb2c                P_FindLowestCeilingSurrounding
                0x0002eb98                P_FindHighestCeilingSurrounding
                0x0002ebfc                P_FindSectorFromLineTag
                0x0002ec60                P_FindMinSurroundingLight
                0x0002ecb4                P_CrossSpecialLine
                0x0002f220                P_ShootSpecialLine
                0x0002f2d4                P_PlayerInSpecialSector
                0x0002f454                P_UpdateSpecials
                0x0002f6dc                EV_DoDonut
                0x0002f9d8                P_SpawnSpecials
 .text          0x0002fd1c     0x10a8 build/p_switch.o
                0x0002fd1c                P_InitSwitchList
                0x0002fe20                P_StartButton
                0x000300c4                P_ChangeSwitchTexture
                0x00030990                P_UseSpecialLine
 .text          0x00030dc4      0x254 build/p_telept.o
                0x00030dc4                EV_Teleport
 .text          0x00031018      0x21c build/p_tick.o
                0x00031018                P_InitThinkers
                0x0003102c                P_AddThinker
                0x0003104c                P_RemoveThinker
                0x00031058                P_AllocateThinker
                0x0003105c                P_RunThinkers
                0x000310d8                P_Ticker
 .text          0x00031234      0x7a4 build/p_user.o
                0x00031234                P_Thrust
                0x000312b8                P_CalcHeight
                0x0003144c                P_MovePlayer
                0x000315fc                P_DeathThink
                0x0003170c                P_PlayerThink
 .text          0x000319d8      0x990 build/r_bsp.o
                0x000319d8                R_ClearDrawSegs
                0x000319ec                R_ClipSolidWallSegment
                0x00031b64                R_ClipPassWallSegment
                0x00031c00                R_ClearClipSegs
                0x00031c44                R_AddLine
                0x00031dd4                R_CheckBBox
                0x00031fd4                R_Subsector
                0x00032274                R_RenderBSPNode
 .text          0x00032368     0x15ec build/r_data.o
                0x00032368                R_DrawColumnInCache
                0x00032434                R_GenerateComposite
                0x000326a0                R_GenerateLookup
                0x00032908                R_GetColumn
                0x000329d0                R_InitTextures
                0x00033058                R_InitFlats
                0x000330f4                R_InitSpriteLumps
                0x00033280                R_InitColormaps
                0x000332b0                R_InitData
                0x00033394                R_FlatNumForName
                0x00033418                R_CheckTextureNumForName
                0x000334b8                R_TextureNumForName
                0x00033560                R_PrecacheLevel
 .text          0x00033954     0x1038 build/r_draw.o
                0x00033954                R_DrawColumn
                0x00033a6c                R_DrawColumnLow
                0x00033ba0                R_DrawFuzzColumn
                0x00033ce0                R_DrawFuzzColumnLow
                0x00033e68                R_DrawTranslatedColumn
                0x00033f8c                R_DrawTranslatedColumnLow
                0x000340fc                R_InitTranslationTables
                0x000341ac                R_DrawSpan
                0x000342ec                R_DrawSpanLow
                0x0003445c                R_InitBuffer
                0x000344f4                R_FillBackScreen
                0x0003481c                R_VideoErase
                0x00034844                R_DrawViewBorder
 .text          0x0003498c     0x12b0 build/r_main.o
                0x0003498c                R_AddPointToBox
                0x000349c0                R_PointOnSide
                0x00034a70                R_PointOnSegSide
                0x00034b38                R_PointToAngle
                0x00034cfc                R_PointToAngle2
                0x00034ec4                R_PointToDist
                0x00034f78                R_InitPointToAngle
                0x00034f7c                R_ScaleFromGlobalAngle
                0x0003505c                R_InitTables
                0x00035060                R_InitTextureMapping
                0x000352a0                R_InitLightTables
                0x000353a0                R_SetViewSize
                0x000353c0                R_ExecuteSetViewSize
                0x000357f8                R_Init
                0x00035978                R_PointInSubsector
                0x00035ae8                R_SetupFrame
                0x00035bf0                R_RenderPlayerView
 .text          0x00035c3c      0xa00 build/r_plane.o
                0x00035c3c                R_InitPlanes
                0x00035c40                R_MapPlane
                0x00035e80                R_ClearPlanes
                0x00035fc4                R_FindPlane
                0x000360c4                R_CheckPlane
                0x0003617c                R_MakeSpans
                0x000362bc                R_DrawPlanes
 .text          0x0003663c     0x12b0 build/r_segs.o
                0x0003663c                R_RenderMaskedSegRange
                0x0003695c                R_RenderSegLoop
                0x00036e30                R_StoreWallRange
 .text          0x000378ec       0x10 build/r_sky.o
                0x000378ec                R_InitSkyMap
 .text          0x000378fc     0x1820 build/r_things.o
                0x000378fc                R_InstallSpriteLump
                0x00037b64                R_InitSpriteDefs
                0x00037f48                R_InitSprites
                0x00037f6c                R_ClearSprites
                0x00037f80                R_NewVisSprite
                0x00037fac                R_DrawMaskedColumn
                0x00038148                R_DrawVisSprite
                0x0003831c                R_ProjectSprite
                0x000386d4                R_AddSprites
                0x00038778                R_DrawPSprite
                0x00038a08                R_DrawPlayerSprites
                0x00038aec                R_SortVisSprites
                0x00038be4                R_DrawSprite
                0x00038fbc                R_DrawMasked
 .text          0x0003911c     0x2200 build/sha1.o
                0x0003aa34                SHA1_Init
                0x0003aa7c                SHA1_Update
                0x0003ac1c                SHA1_Final
                0x0003b120                SHA1_UpdateInt32
                0x0003b2e4                SHA1_UpdateString
 .text          0x0003b31c        0x0 build/sounds.o
 .text          0x0003b31c       0x90 build/statdump.o
                0x0003b31c                StatCopy
                0x0003b3a8                StatDump
 .text          0x0003b3ac      0x5c4 build/st_lib.o
                0x0003b3ac                STlib_init
                0x0003b3d8                STlib_initNum
                0x0003b3f8                STlib_drawNum
                0x0003b5cc                STlib_updateNum
                0x0003b5e0                STlib_initPercent
                0x0003b608                STlib_updatePercent
                0x0003b67c                STlib_initMultIcon
                0x0003b69c                STlib_updateMultIcon
                0x0003b7f8                STlib_initBinIcon
                0x0003b814                STlib_updateBinIcon
 .text          0x0003b970     0x2010 build/st_stuff.o
                0x0003c044                ST_refreshBackground
                0x0003c0d0                ST_Responder
                0x0003c690                ST_calcPainOffset
                0x0003c708                ST_updateFaceWidget
                0x0003cd88                ST_updateWidgets
                0x0003cf3c                ST_Ticker
                0x0003cf84                ST_doPaletteStuff
                0x0003d0a4                ST_drawWidgets
                0x0003d1d0                ST_doRefresh
                0x0003d270                ST_diffDraw
                0x0003d278                ST_Drawer
                0x0003d358                ST_loadGraphics
                0x0003d35c                ST_loadData
                0x0003d384                ST_unloadGraphics
                0x0003d388                ST_unloadData
                0x0003d38c                ST_initData
                0x0003d458                ST_createWidgets
                0x0003d7d8                ST_Start
                0x0003d8f4                ST_Stop
                0x0003d938                ST_Init
 .text          0x0003d980      0xd28 build/s_sound.o
                0x0003d980                S_Shutdown
                0x0003db0c                S_Init
                0x0003dc2c                S_StopSound
                0x0003dcb4                S_StartSound
                0x0003e11c                S_PauseSound
                0x0003e15c                S_ResumeSound
                0x0003e198                S_UpdateSounds
                0x0003e2f0                S_SetMusicVolume
                0x0003e32c                S_SetSfxVolume
                0x0003e374                S_ChangeMusic
                0x0003e4e0                S_Start
                0x0003e638                S_StartMusic
                0x0003e640                S_MusicPlaying
                0x0003e644                S_StopMusic
 .text          0x0003e6a8       0x48 build/tables.o
                0x0003e6a8                SlopeDiv
 .text          0x0003e6f0     0x224c build/v_video.o
                0x0003e6f0                V_MarkRect
                0x0003e768                V_CopyRect
                0x0003e8b8                V_SetPatchClipCallback
                0x0003e8c4                V_DrawPatch
                0x0003eb40                V_DrawPatchFlipped
                0x0003ed8c                V_DrawPatchDirect
                0x0003ed90                V_DrawTLPatch
                0x0003ef44                V_DrawXlaPatch
                0x0003f0b4                V_DrawAltTLPatch
                0x0003f268                V_DrawShadowedPatch
                0x0003f434                V_LoadTintTable
                0x0003f460                V_LoadXlaTable
                0x0003f48c                V_DrawBlock
                0x0003f5a8                V_DrawFilledBox
                0x0003f708                V_DrawHorizLine
                0x0003f814                V_DrawVertLine
                0x0003f84c                V_DrawBox
                0x0003fb24                V_DrawRawScreen
                0x0003fb3c                V_Init
                0x0003fb40                V_UseBuffer
                0x0003fb4c                V_RestoreBuffer
                0x0003fb60                WritePCXfile
                0x0003fd50                V_ScreenShot
                0x0003ff70                V_DrawMouseSpeedBox
 .text          0x0004093c     0x66d4 build/wi_stuff.o
                0x00041914                WI_slamBackground
                0x00041928                WI_Responder
                0x00041930                WI_drawLF
                0x00041abc                WI_drawEL
                0x00041b90                WI_drawOnLnode
                0x00041d08                WI_initAnimatedBack
                0x00041d30                WI_updateAnimatedBack
                0x00041d58                WI_drawAnimatedBack
                0x00041e4c                WI_drawNum
                0x00041fe4                WI_drawPercent
                0x00042100                WI_drawTime
                0x00042310                WI_End
                0x00042314                WI_initNoState
                0x00042338                WI_updateNoState
                0x000423ac                WI_initShowNextLoc
                0x000423f4                WI_updateShowNextLoc
                0x00042480                WI_drawShowNextLoc
                0x0004271c                WI_drawNoState
                0x0004272c                WI_fragSum
                0x000427c8                WI_initDeathmatchStats
                0x00042a0c                WI_updateDeathmatchStats
                0x00043858                WI_drawDeathmatchStats
                0x00044058                WI_initNetgameStats
                0x000444a0                WI_updateNetgameStats
                0x00045548                WI_drawNetgameStats
                0x00045db0                WI_initStats
                0x00045e28                WI_updateStats
                0x0004636c                WI_drawStats
                0x000467f4                WI_checkForAccelerate
                0x00046994                WI_Ticker
                0x00046ca4                WI_loadData
                0x00046d38                WI_unloadData
                0x00046d3c                WI_Drawer
                0x00046d8c                WI_initVariables
                0x00046e1c                WI_Start
 .text          0x00047010      0x148 build/w_checksum.o
                0x00047010                W_Checksum
 .text          0x00047158       0x50 build/w_file.o
                0x00047158                W_OpenFile
                0x00047190                W_CloseFile
                0x0004719c                W_Read
 .text          0x000471a8       0xc8 build/w_main.o
                0x000471a8                W_ParseCommandLine
 .text          0x00047270      0xf1c build/w_wad.o
                0x00047270                W_LumpNameHash
                0x000472d0                W_AddFile
                0x0004761c                W_NumLumps
                0x00047628                W_CheckNumForName
                0x000477c8                W_GetNumForName
                0x00047824                W_LumpLength
                0x00047898                W_ReadLump
                0x00047950                W_CacheLumpNum
                0x00047b40                W_CacheLumpName
                0x00047d44                W_ReleaseLumpNum
                0x00047dc4                W_ReleaseLumpName
                0x00047e7c                W_GenerateHashTable
                0x00047fa8                W_CheckCorrectIWAD
 .text          0x0004818c      0x868 build/z_zone.o
                0x0004818c                Z_ClearZone
                0x000481cc                Z_Init
                0x00048230                Z_Free
                0x00048338                Z_Malloc
                0x000484c8                Z_FreeTags
                0x00048558                Z_DumpHeap
                0x000486a4                Z_FileDumpHeap
                0x000487c8                Z_CheckHeap
                0x000488ac                Z_ChangeTag2
                0x00048944                Z_ChangeUser
                0x00048998                Z_FreeMemory
                0x000489e4                Z_ZoneSize
 .text          0x000489f4       0xf0 build/w_file_stdc.o
                0x000489f4                W_StdC_Read
 .text          0x00048ae4      0x14c build/i_input.o
                0x00048ae4                I_GetEvent
                0x00048c2c                I_InitInput
 .text          0x00048c30      0x648 build/i_video.o
                0x00048c30                cmap_to_rgb565
                0x00048c98                cmap_to_fb
                0x00048d7c                I_InitGraphics
                0x00048f10                I_ShutdownGraphics
                0x00048f1c                I_StartFrame
                0x00048f20                I_StartTic
                0x00048f24                I_UpdateNoBlit
                0x00048f28                I_FinishUpdate
                0x0004912c                I_ReadScreen
                0x00049140                I_SetPalette
                0x000491b4                I_GetPaletteIndex
                0x00049254                I_BeginRead
                0x00049258                I_EndRead
                0x0004925c                I_SetWindowTitle
                0x00049260                I_GraphicsCheckCommandLine
                0x00049264                I_SetGrabMouseCallback
                0x00049268                I_EnableLoadingDisk
                0x0004926c                I_BindVideoVariables
                0x00049270                I_DisplayFPSDots
                0x00049274                I_CheckIsScreensaver
 .text          0x00049278       0x3c build/doomgeneric.o
                0x00049278                doomgeneric_Create
 .text          0x000492b4       0x68 build/doomgeneric_jane_cpu.o
                0x000492b4                DG_Init
                0x000492c0                DG_DrawFrame
                0x000492cc                DG_SleepMs
                0x000492d8                DG_GetTicksMs
                0x000492e4                DG_GetKey
                0x000492ec                DG_SetWindowTitle
                0x000492fc                _start
 .text          0x0004931c      0x31c ../../minlibc//libminlibc.a(atof.o)
                0x0004931c                atof
 .text          0x00049638       0x90 ../../minlibc//libminlibc.a(atoi.o)
                0x00049638                atoi
 .text          0x000496c8       0x2c ../../minlibc//libminlibc.a(errno.o)
                0x000496c8                __errno_location
 .text          0x000496f4       0x28 ../../minlibc//libminlibc.a(exit.o)
                0x000496f4                exit
 .text          0x0004971c       0x38 ../../minlibc//libminlibc.a(fclose.o)
                0x0004971c                fclose
 .text          0x00049754       0x70 ../../minlibc//libminlibc.a(fflush.o)
                0x00049754                fflush
 .text          0x000497c4       0x78 ../../minlibc//libminlibc.a(fopen.o)
                0x000497c4                fopen
 .text          0x0004983c       0x74 ../../minlibc//libminlibc.a(fprintf.o)
                0x0004983c                fprintf
 .text          0x000498b0       0x50 ../../minlibc//libminlibc.a(fread.o)
                0x000498b0                fread
 .text          0x00049900       0x4c ../../minlibc//libminlibc.a(fseek.o)
                0x00049900                fseek
 .text          0x0004994c       0x44 ../../minlibc//libminlibc.a(ftell.o)
                0x0004994c                ftell
 .text          0x00049990       0xa8 ../../minlibc//libminlibc.a(fwrite.o)
                0x00049990                fwrite
 .text          0x00049a38       0x4c ../../minlibc//libminlibc.a(isdigit.o)
                0x00049a38                isdigit
 .text          0x00049a84     0x35d8 ../../minlibc//libminlibc.a(malloc.o)
                0x0004cde4                malloc
                0x0004ce98                free
                0x0004cf20                realloc
                0x0004cff4                calloc
 .text          0x0004d05c       0x78 ../../minlibc//libminlibc.a(memcpy.o)
                0x0004d05c                memcpy
 .text          0x0004d0d4       0x68 ../../minlibc//libminlibc.a(memset.o)
                0x0004d0d4                memset
 .text          0x0004d13c       0x48 ../../minlibc//libminlibc.a(mkdir.o)
                0x0004d13c                mkdir
 .text          0x0004d184       0x64 ../../minlibc//libminlibc.a(mmap.o)
                0x0004d184                mmap
 .text          0x0004d1e8       0x44 ../../minlibc//libminlibc.a(mprotect.o)
                0x0004d1e8                mprotect
 .text          0x0004d22c       0x3c ../../minlibc//libminlibc.a(munmap.o)
                0x0004d22c                munmap
 .text          0x0004d268      0x5ec ../../minlibc//libminlibc.a(printf.o)
                0x0004d268                printf
                0x0004d2e4                sscanf
                0x0004d5d0                fabs
                0x0004d650                abs
                0x0004d68c                runtime_exit
                0x0004d6ac                runtime_memprotect
                0x0004d6ec                runtime_alloc
                0x0004d744                runtime_free
                0x0004d770                system_call
                0x0004d7c8                send_dma_l
                0x0004d818                runtime_write
 .text          0x0004d854       0x3c ../../minlibc//libminlibc.a(putchar.o)
                0x0004d854                putchar
 .text          0x0004d890       0x5c ../../minlibc//libminlibc.a(puts.o)
                0x0004d890                puts
 .text          0x0004d8ec       0x78 ../../minlibc//libminlibc.a(snprintf.o)
                0x0004d8ec                snprintf
 .text          0x0004d964        0x0 ../../minlibc//libminlibc.a(stdio_values.o)
 .text          0x0004d964      0x180 ../../minlibc//libminlibc.a(strcasecmp.o)
                0x0004d964                strcasecmp
                0x0004d9fc                strncasecmp
 .text          0x0004dae4       0x7c ../../minlibc//libminlibc.a(strcmp.o)
                0x0004dae4                strcmp
 .text          0x0004db60       0x64 ../../minlibc//libminlibc.a(strdup.o)
                0x0004db60                strdup
 .text          0x0004dbc4       0x58 ../../minlibc//libminlibc.a(strlen.o)
                0x0004dbc4                strlen
 .text          0x0004dc1c       0xa0 ../../minlibc//libminlibc.a(strncmp.o)
                0x0004dc1c                strncmp
 .text          0x0004dcbc       0x78 ../../minlibc//libminlibc.a(strncpy.o)
                0x0004dcbc                strncpy
 .text          0x0004dd34       0x74 ../../minlibc//libminlibc.a(strrchr.o)
                0x0004dd34                strrchr
 .text          0x0004dda8       0x94 ../../minlibc//libminlibc.a(strstr.o)
                0x0004dda8                strstr
 .text          0x0004de3c       0x50 ../../minlibc//libminlibc.a(tolower.o)
                0x0004de3c                tolower
 .text          0x0004de8c       0x50 ../../minlibc//libminlibc.a(toupper.o)
                0x0004de8c                toupper
 .text          0x0004dedc       0x9c ../../minlibc//libminlibc.a(vfprintf.o)
                0x0004dedc                vfprintf
 .text          0x0004df78     0x1114 ../../minlibc//libminlibc.a(vsnprintf.o)
                0x0004e594                vsnprintf
 .text          0x0004f08c       0x20 ../../minlibc//libminlibc.a(abort.o)
                0x0004f08c                abort
 .text          0x0004f0ac       0x68 ../../minlibc//libminlibc.a(bzero.o)
                0x0004f0ac                bzero
 .text          0x0004f114       0x54 ../../minlibc//libminlibc.a(fputc.o)
                0x0004f114                fputc
 .text          0x0004f168       0x58 ../../minlibc//libminlibc.a(isspace.o)
                0x0004f168                isspace
 .text          0x0004f1c0       0x70 ../../minlibc//libminlibc.a(strchr.o)
                0x0004f1c0                strchr
 .text          0x0004f230       0x6c ../../minlibc//libminlibc.a(strnlen.o)
                0x0004f230                strnlen
 .text          0x0004f29c      0x5a4 /home/ubuntu/gcc-riscv/lib/gcc/riscv32-unknown-elf/15.1.0/libgcc.a(_divdi3.o)
                0x0004f29c                __divdi3
 .text          0x0004f840      0x5b4 /home/ubuntu/gcc-riscv/lib/gcc/riscv32-unknown-elf/15.1.0/libgcc.a(_udivdi3.o)
                0x0004f840                __udivdi3
 .text          0x0004fdf4      0x5a4 /home/ubuntu/gcc-riscv/lib/gcc/riscv32-unknown-elf/15.1.0/libgcc.a(_umoddi3.o)
                0x0004fdf4                __umoddi3
 .text          0x00050398      0x74c /home/ubuntu/gcc-riscv/lib/gcc/riscv32-unknown-elf/15.1.0/libgcc.a(adddf3.o)
                0x00050398                __adddf3
 .text          0x00050ae4       0xd8 /home/ubuntu/gcc-riscv/lib/gcc/riscv32-unknown-elf/15.1.0/libgcc.a(ledf2.o)
                0x00050ae4                __ltdf2
                0x00050ae4                __ledf2
 .text          0x00050bbc      0x69c /home/ubuntu/gcc-riscv/lib/gcc/riscv32-unknown-elf/15.1.0/libgcc.a(muldf3.o)
                0x00050bbc                __muldf3
 .text          0x00051258      0x760 /home/ubuntu/gcc-riscv/lib/gcc/riscv32-unknown-elf/15.1.0/libgcc.a(subdf3.o)
                0x00051258                __subdf3
 .text          0x000519b8       0xa0 /home/ubuntu/gcc-riscv/lib/gcc/riscv32-unknown-elf/15.1.0/libgcc.a(floatsidf.o)
                0x000519b8                __floatsidf
 .text          0x00051a58       0xa4 /home/ubuntu/gcc-riscv/lib/gcc/riscv32-unknown-elf/15.1.0/libgcc.a(fixunsdfdi.o)
                0x00051a58                __fixunsdfdi
 .text          0x00051afc      0x1b0 /home/ubuntu/gcc-riscv/lib/gcc/riscv32-unknown-elf/15.1.0/libgcc.a(floatundidf.o)
                0x00051afc                __floatundidf
 .text          0x00051cac      0x374 /home/ubuntu/gcc-riscv/lib/gcc/riscv32-unknown-elf/15.1.0/libgcc.a(divsf3.o)
                0x00051cac                __divsf3
 .text          0x00052020      0x348 /home/ubuntu/gcc-riscv/lib/gcc/riscv32-unknown-elf/15.1.0/libgcc.a(mulsf3.o)
                0x00052020                __mulsf3
 .text          0x00052368      0x444 /home/ubuntu/gcc-riscv/lib/gcc/riscv32-unknown-elf/15.1.0/libgcc.a(subsf3.o)
                0x00052368                __subsf3
 .text          0x000527ac       0x70 /home/ubuntu/gcc-riscv/lib/gcc/riscv32-unknown-elf/15.1.0/libgcc.a(fixsfsi.o)
                0x000527ac                __fixsfsi
 .text          0x0005281c      0x10c /home/ubuntu/gcc-riscv/lib/gcc/riscv32-unknown-elf/15.1.0/libgcc.a(floatsisf.o)
                0x0005281c                __floatsisf
 .text          0x00052928       0xd8 /home/ubuntu/gcc-riscv/lib/gcc/riscv32-unknown-elf/15.1.0/libgcc.a(extendsfdf2.o)
                0x00052928                __extendsfdf2
 .text          0x00052a00      0x144 /home/ubuntu/gcc-riscv/lib/gcc/riscv32-unknown-elf/15.1.0/libgcc.a(truncdfsf2.o)
                0x00052a00                __truncdfsf2
 .text          0x00052b44       0x24 /home/ubuntu/gcc-riscv/lib/gcc/riscv32-unknown-elf/15.1.0/libgcc.a(muldi3.o)
                0x00052b44                __mulsi3
 .text          0x00052b68       0x8c /home/ubuntu/gcc-riscv/lib/gcc/riscv32-unknown-elf/15.1.0/libgcc.a(multi3.o)
                0x00052b68                __muldi3
 .text          0x00052bf4       0xb4 /home/ubuntu/gcc-riscv/lib/gcc/riscv32-unknown-elf/15.1.0/libgcc.a(div.o)
                0x00052bf4                __divsi3
                0x00052bfc                __hidden___udivsi3
                0x00052bfc                __udivsi3
                0x00052c44                __umodsi3
                0x00052c78                __modsi3
 .text          0x00052ca8       0x3c /home/ubuntu/gcc-riscv/lib/gcc/riscv32-unknown-elf/15.1.0/libgcc.a(_lshrdi3.o)
                0x00052ca8                __lshrdi3
 .text          0x00052ce4       0x3c /home/ubuntu/gcc-riscv/lib/gcc/riscv32-unknown-elf/15.1.0/libgcc.a(_ashldi3.o)
                0x00052ce4                __ashldi3
 .text          0x00052d20        0x0 /home/ubuntu/gcc-riscv/lib/gcc/riscv32-unknown-elf/15.1.0/libgcc.a(_clz.o)
 .text          0x00052d20       0x4c /home/ubuntu/gcc-riscv/lib/gcc/riscv32-unknown-elf/15.1.0/libgcc.a(_clzsi2.o)
                0x00052d20                __clzsi2

.text.startup   0x00052d6c       0x44
 .text.startup  0x00052d6c       0x44 build/doomgeneric_jane_cpu.o
                0x00052d6c                main

.rodata.str1.4  0x00052db0     0x7524
 .rodata.str1.4
                0x00052db0     0x7524 build/am_map.o
                                 0x72 (size before relaxing)
 .rodata.str1.4
                0x0005a2d4      0x33b build/dstrings.o
 .rodata.str1.4
                0x0005a2d4       0x2e build/d_iwad.o
 .rodata.str1.4
                0x0005a2d4       0x73 build/d_loop.o
 .rodata.str1.4
                0x0005a2d4      0xa05 build/d_main.o
 .rodata.str1.4
                0x0005a2d4       0x4f build/d_mode.o
 .rodata.str1.4
                0x0005a2d4      0x187 build/d_net.o
 .rodata.str1.4
                0x0005a2d4     0x1f63 build/f_finale.o
 .rodata.str1.4
                0x0005a2d4      0x301 build/g_game.o
 .rodata.str1.4
                0x0005a2d4      0xd00 build/hu_stuff.o
 .rodata.str1.4
                0x0005a2d4      0x44d build/info.o
 .rodata.str1.4
                0x0005a2d4       0xb3 build/i_joystick.o
 .rodata.str1.4
                0x0005a2d4       0xd9 build/i_scale.o
 .rodata.str1.4
                0x0005a2d4       0xb5 build/i_sound.o
 .rodata.str1.4
                0x0005a2d4      0x1cb build/i_system.o
 .rodata.str1.4
                0x0005a2d4       0x29 build/memio.o
 .rodata.str1.4
                0x0005a2d4      0xd54 build/m_config.o
 .rodata.str1.4
                0x0005a2d4      0x6c6 build/m_controls.o
 .rodata.str1.4
                0x0005a2d4      0x455 build/m_menu.o
 .rodata.str1.4
                0x0005a2d4      0x101 build/m_misc.o
 .rodata.str1.4
                0x0005a2d4      0x13f build/p_doors.o
 .rodata.str1.4
                0x0005a2d4       0x3d build/p_enemy.o
 .rodata.str1.4
                0x0005a2d4      0x417 build/p_inter.o
 .rodata.str1.4
                0x0005a2d4       0x77 build/p_map.o
 .rodata.str1.4
                0x0005a2d4       0x2d build/p_mobj.o
 .rodata.str1.4
                0x0005a2d4       0x48 build/p_plats.o
 .rodata.str1.4
                0x0005a2d4       0xf2 build/p_saveg.o
 .rodata.str1.4
                0x0005a2d4       0x60 build/p_setup.o
 .rodata.str1.4
                0x0005a2d4       0x28 build/p_sight.o
 .rodata.str1.4
                0x0005a2d4      0x244 build/p_spec.o
 .rodata.str1.4
                0x0005a2d4       0x25 build/p_switch.o
 .rodata.str1.4
                0x0005a2d4       0x23 build/r_bsp.o
 .rodata.str1.4
                0x0005a2d4      0x15a build/r_data.o
 .rodata.str1.4
                0x0005a2d4       0xb4 build/r_draw.o
 .rodata.str1.4
                0x0005a2d4        0x2 build/r_main.o
 .rodata.str1.4
                0x0005a2d4       0xb0 build/r_plane.o
 .rodata.str1.4
                0x0005a2d4       0x20 build/r_segs.o
 .rodata.str1.4
                0x0005a2d4      0x1df build/r_things.o
 .rodata.str1.4
                0x0005a2d4      0x217 build/sounds.o
 .rodata.str1.4
                0x0005a2d4        0xa build/statdump.o
 .rodata.str1.4
                0x0005a2d4       0x64 build/st_lib.o
 .rodata.str1.4
                0x0005a2d4      0x1f8 build/st_stuff.o
 .rodata.str1.4
                0x0005a2d4       0x6d build/s_sound.o
 .rodata.str1.4
                0x0005a2d4      0x110 build/v_video.o
 .rodata.str1.4
                0x0005a2d4      0x125 build/wi_stuff.o
 .rodata.str1.4
                0x0005a2d4        0x6 build/w_file.o
 .rodata.str1.4
                0x0005a2d4       0x14 build/w_main.o
 .rodata.str1.4
                0x0005a2d4      0x1ef build/w_wad.o
 .rodata.str1.4
                0x0005a2d4      0x2b6 build/z_zone.o
 .rodata.str1.4
                0x0005a2d4        0x3 build/w_file_stdc.o
 .rodata.str1.4
                0x0005a2d4      0x167 build/i_video.o
 .rodata.str1.4
                0x0005a2d4       0xa8 build/doomgeneric_jane_cpu.o

.rodata         0x0005a2d8    0x119e8
 .rodata        0x0005a2d8       0x20 build/am_map.o
 .rodata        0x0005a2f8      0x164 build/d_main.o
 .rodata        0x0005a45c       0xf4 build/d_mode.o
 .rodata        0x0005a550       0x18 build/f_wipe.o
 .rodata        0x0005a568       0x84 build/g_game.o
 .rodata        0x0005a5ec       0x22 build/i_system.o
 *fill*         0x0005a60e        0x2 
 .rodata        0x0005a610      0x200 build/m_config.o
 .rodata        0x0005a810      0x100 build/m_random.o
 .rodata        0x0005a910       0x30 build/p_ceilng.o
 .rodata        0x0005a940       0x20 build/p_doors.o
 .rodata        0x0005a960       0x34 build/p_floor.o
 .rodata        0x0005a994       0xb4 build/p_inter.o
 .rodata        0x0005aa48      0x114 build/p_maputl.o
 .rodata        0x0005ab5c       0x14 build/p_plats.o
 .rodata        0x0005ab70       0x20 build/p_saveg.o
 .rodata        0x0005ab90      0x2b4 build/p_spec.o
 .rodata        0x0005ae44      0x210 build/p_switch.o
 .rodata        0x0005b054       0x24 build/s_sound.o
 .rodata        0x0005b078    0x10504 build/tables.o
                0x0005b078                gammatable
                0x0005b578                tantoangle
                0x0005d57c                finesine
                0x0006757c                finetangent
 .rodata        0x0006b57c      0x1c0 build/wi_stuff.o
 .rodata        0x0006b73c       0x80 build/i_input.o
 *fill*         0x0006b7bc        0x4 
 .rodata        0x0006b7c0       0x10 ../../minlibc//libminlibc.a(atof.o)
 .rodata        0x0006b7d0       0x15 ../../minlibc//libminlibc.a(exit.o)
 *fill*         0x0006b7e5        0x3 
 .rodata        0x0006b7e8       0x22 ../../minlibc//libminlibc.a(fopen.o)
 *fill*         0x0006b80a        0x2 
 .rodata        0x0006b80c        0x7 ../../minlibc//libminlibc.a(fread.o)
 *fill*         0x0006b813        0x1 
 .rodata        0x0006b814        0x7 ../../minlibc//libminlibc.a(fseek.o)
 *fill*         0x0006b81b        0x1 
 .rodata        0x0006b81c        0x7 ../../minlibc//libminlibc.a(ftell.o)
 *fill*         0x0006b823        0x1 
 .rodata        0x0006b824      0x283 ../../minlibc//libminlibc.a(malloc.o)
 *fill*         0x0006baa7        0x1 
 .rodata        0x0006baa8        0x7 ../../minlibc//libminlibc.a(mkdir.o)
 *fill*         0x0006baaf        0x1 
 .rodata        0x0006bab0       0x59 ../../minlibc//libminlibc.a(printf.o)
 *fill*         0x0006bb09        0x3 
 .rodata        0x0006bb0c        0x2 ../../minlibc//libminlibc.a(puts.o)
 *fill*         0x0006bb0e        0x2 
 .rodata        0x0006bb10       0x60 ../../minlibc//libminlibc.a(vsnprintf.o)
 .rodata        0x0006bb70        0xf ../../minlibc//libminlibc.a(abort.o)
 *fill*         0x0006bb7f        0x1 
 .rodata        0x0006bb80        0x3 ../../minlibc//libminlibc.a(fputc.o)
 *fill*         0x0006bb83        0x1 
 .rodata        0x0006bb84       0x3c /home/ubuntu/gcc-riscv/lib/gcc/riscv32-unknown-elf/15.1.0/libgcc.a(divsf3.o)
 .rodata        0x0006bbc0      0x100 /home/ubuntu/gcc-riscv/lib/gcc/riscv32-unknown-elf/15.1.0/libgcc.a(_clz.o)
                0x0006bbc0                __clz_tab

.srodata.cst4   0x0006bcc0        0x8
 .srodata.cst4  0x0006bcc0        0x8 build/g_game.o
                                  0x4 (size before relaxing)
 .srodata.cst4  0x0006bcc8        0x4 build/v_video.o

.srodata        0x0006bcc8       0x10
 .srodata       0x0006bcc8       0x10 build/m_menu.o

.srodata.cst8   0x0006bcd8        0x8
 .srodata.cst8  0x0006bcd8        0x8 build/v_video.o

.eh_frame       0x0006bce0      0x104
 .eh_frame      0x0006bce0       0x64 /home/ubuntu/gcc-riscv/lib/gcc/riscv32-unknown-elf/15.1.0/libgcc.a(_divdi3.o)
 .eh_frame      0x0006bd44       0x4c /home/ubuntu/gcc-riscv/lib/gcc/riscv32-unknown-elf/15.1.0/libgcc.a(_udivdi3.o)
                                 0x60 (size before relaxing)
 .eh_frame      0x0006bd90       0x54 /home/ubuntu/gcc-riscv/lib/gcc/riscv32-unknown-elf/15.1.0/libgcc.a(_umoddi3.o)
                                 0x68 (size before relaxing)

.data           0x0006bde4     0xe82c
 *(.data)
 .data          0x0006bde4        0x0 build/dummy.o
 .data          0x0006bde4      0x22c build/am_map.o
                0x0006be0c                cheat_amap
                0x0006be40                player_arrow
                0x0006beb0                cheat_player_arrow
                0x0006bfb0                thintriangle_guy
                0x0006bfe0                triangle_guy
 .data          0x0006c010        0x0 build/doomdef.o
 .data          0x0006c010        0x0 build/doomstat.o
 .data          0x0006c010       0x40 build/dstrings.o
                0x0006c010                doom2_endmsg
                0x0006c030                doom1_endmsg
 .data          0x0006c050        0x0 build/d_event.o
 .data          0x0006c050       0xd8 build/d_items.o
                0x0006c050                weaponinfo
 .data          0x0006c128        0x0 build/d_iwad.o
 .data          0x0006c128        0x0 build/d_loop.o
 .data          0x0006c128        0x0 build/d_main.o
 .data          0x0006c128        0x0 build/d_mode.o
 .data          0x0006c128       0x10 build/d_net.o
 .data          0x0006c138      0x248 build/f_finale.o
                0x0006c2f0                castorder
 .data          0x0006c380        0x0 build/f_wipe.o
 .data          0x0006c380      0x12c build/g_game.o
                0x0006c380                angleturn
                0x0006c38c                cpars
                0x0006c40c                pars
 .data          0x0006c4ac        0x0 build/hu_lib.o
 .data          0x0006c4ac      0x26c build/hu_stuff.o
                0x0006c4ac                mapnames
                0x0006c560                mapnames_commercial
                0x0006c6e0                player_names
                0x0006c6f0                chat_macros
 .data          0x0006c718     0x9d2c build/info.o
                0x0006c718                mobjinfo
                0x0006f854                states
                0x00076218                sprnames
 .data          0x00076444        0x0 build/i_cdmus.o
 .data          0x00076444        0x0 build/i_endoom.o
 .data          0x00076444       0x28 build/i_joystick.o
 .data          0x0007646c      0x12c build/i_scale.o
                0x0007646c                mode_squash_5x
                0x00076480                mode_squash_4x
                0x00076494                mode_squash_3x
                0x000764a8                mode_squash_2x
                0x000764bc                mode_squash_1x
                0x000764d0                mode_stretch_5x
                0x000764e4                mode_stretch_4x
                0x000764f8                mode_stretch_3x
                0x0007650c                mode_stretch_2x
                0x00076520                mode_stretch_1x
                0x00076534                mode_scale_5x
                0x00076548                mode_scale_4x
                0x0007655c                mode_scale_3x
                0x00076570                mode_scale_2x
                0x00076584                mode_scale_1x
 .data          0x00076598        0x0 build/i_sound.o
 .data          0x00076598        0x0 build/i_system.o
 .data          0x00076598        0x0 build/i_timer.o
 .data          0x00076598        0x0 build/memio.o
 .data          0x00076598        0x0 build/m_argv.o
 .data          0x00076598        0x0 build/m_bbox.o
 .data          0x00076598        0x0 build/m_cheat.o
 .data          0x00076598     0x1260 build/m_config.o
 .data          0x000777f8        0x0 build/m_controls.o
 .data          0x000777f8        0x0 build/m_fixed.o
 .data          0x000777f8      0x4d0 build/m_menu.o
                0x000777f8                SoundDef
                0x00077810                OptionsDef
                0x00077828                ReadDef1
                0x00077840                MainDef
                0x00077858                NewDef
                0x00077870                EpiDef
                0x00077888                ReadDef2
                0x000778a0                quitsounds2
                0x000778c0                quitsounds
                0x000778e0                LoadDef
                0x000778f8                LoadMenu
                0x00077970                SaveDef
                0x00077988                gammamsg
                0x00077a0c                MainMenu
                0x00077a84                SaveMenu
                0x00077afc                SoundMenu
                0x00077b4c                ReadMenu2
                0x00077b60                ReadMenu1
                0x00077b74                OptionsMenu
                0x00077c14                NewGameMenu
                0x00077c78                EpisodeMenu
 .data          0x00077cc8        0x0 build/m_misc.o
 .data          0x00077cc8        0x0 build/m_random.o
 .data          0x00077cc8        0x0 build/p_ceilng.o
 .data          0x00077cc8        0x0 build/p_doors.o
 .data          0x00077cc8       0x74 build/p_enemy.o
                0x00077cc8                yspeed
                0x00077ce8                xspeed
                0x00077d08                opposite
                0x00077d2c                diags
 .data          0x00077d3c        0x0 build/p_floor.o
 .data          0x00077d3c       0x20 build/p_inter.o
                0x00077d3c                clipammo
                0x00077d4c                maxammo
 .data          0x00077d5c        0x0 build/p_lights.o
 .data          0x00077d5c        0x0 build/p_map.o
 .data          0x00077d5c        0x0 build/p_maputl.o
 .data          0x00077d5c        0x0 build/p_mobj.o
 .data          0x00077d5c        0x0 build/p_plats.o
 .data          0x00077d5c        0x0 build/p_pspr.o
 .data          0x00077d5c        0x0 build/p_saveg.o
 .data          0x00077d5c        0x0 build/p_setup.o
 .data          0x00077d5c        0x0 build/p_sight.o
 .data          0x00077d5c      0x284 build/p_spec.o
                0x00077d5c                animdefs
 .data          0x00077fe0      0x334 build/p_switch.o
                0x00077fe0                alphSwitchList
 .data          0x00078314        0x0 build/p_telept.o
 .data          0x00078314        0x0 build/p_tick.o
 .data          0x00078314        0x0 build/p_user.o
 .data          0x00078314       0xc0 build/r_bsp.o
                0x00078314                checkcoord
 .data          0x000783d4        0x0 build/r_data.o
 .data          0x000783d4       0xc8 build/r_draw.o
                0x000783d4                fuzzoffset
 .data          0x0007849c        0x0 build/r_main.o
 .data          0x0007849c        0x0 build/r_plane.o
 .data          0x0007849c        0x0 build/r_segs.o
 .data          0x0007849c        0x0 build/r_sky.o
 .data          0x0007849c        0x0 build/r_things.o
 .data          0x0007849c        0x0 build/sha1.o
 .data          0x0007849c     0x18b0 build/sounds.o
                0x0007849c                S_sfx
                0x0007990c                S_music
 .data          0x00079d4c        0x0 build/statdump.o
 .data          0x00079d4c        0x0 build/st_lib.o
 .data          0x00079d4c      0x340 build/st_stuff.o
                0x00079d4c                cheat_clev
                0x00079d80                cheat_god
                0x00079db4                cheat_ammonokey
                0x00079de8                cheat_powerup
                0x00079f54                cheat_ammo
                0x00079f88                cheat_mus
                0x00079fbc                cheat_commercial_noclip
                0x00079ff0                cheat_noclip
                0x0007a024                cheat_choppers
                0x0007a058                cheat_mypos
 .data          0x0007a08c        0x0 build/s_sound.o
 .data          0x0007a08c        0x0 build/tables.o
 .data          0x0007a08c        0x0 build/v_video.o
 .data          0x0007a08c      0x578 build/wi_stuff.o
 .data          0x0007a604        0x0 build/w_checksum.o
 .data          0x0007a604        0x0 build/w_file.o
 .data          0x0007a604        0x0 build/w_main.o
 .data          0x0007a604        0x0 build/w_wad.o
 .data          0x0007a604        0x0 build/z_zone.o
 .data          0x0007a604        0xc build/w_file_stdc.o
                0x0007a604                stdc_wad_file
 .data          0x0007a610        0x0 build/i_input.o
 .data          0x0007a610        0x0 build/i_video.o
 .data          0x0007a610        0x0 build/doomgeneric.o
 .data          0x0007a610        0x0 build/doomgeneric_jane_cpu.o
 .data          0x0007a610        0x0 ../../minlibc//libminlibc.a(atof.o)
 .data          0x0007a610        0x0 ../../minlibc//libminlibc.a(atoi.o)
 .data          0x0007a610        0x0 ../../minlibc//libminlibc.a(errno.o)
 .data          0x0007a610        0x0 ../../minlibc//libminlibc.a(exit.o)
 .data          0x0007a610        0x0 ../../minlibc//libminlibc.a(fclose.o)
 .data          0x0007a610        0x0 ../../minlibc//libminlibc.a(fflush.o)
 .data          0x0007a610        0x0 ../../minlibc//libminlibc.a(fopen.o)
 .data          0x0007a610        0x0 ../../minlibc//libminlibc.a(fprintf.o)
 .data          0x0007a610        0x0 ../../minlibc//libminlibc.a(fread.o)
 .data          0x0007a610        0x0 ../../minlibc//libminlibc.a(fseek.o)
 .data          0x0007a610        0x0 ../../minlibc//libminlibc.a(ftell.o)
 .data          0x0007a610        0x0 ../../minlibc//libminlibc.a(fwrite.o)
 .data          0x0007a610        0x0 ../../minlibc//libminlibc.a(isdigit.o)
 .data          0x0007a610        0x0 ../../minlibc//libminlibc.a(malloc.o)
 .data          0x0007a610        0x0 ../../minlibc//libminlibc.a(memcpy.o)
 .data          0x0007a610        0x0 ../../minlibc//libminlibc.a(memset.o)
 .data          0x0007a610        0x0 ../../minlibc//libminlibc.a(mkdir.o)
 .data          0x0007a610        0x0 ../../minlibc//libminlibc.a(mmap.o)
 .data          0x0007a610        0x0 ../../minlibc//libminlibc.a(mprotect.o)
 .data          0x0007a610        0x0 ../../minlibc//libminlibc.a(munmap.o)
 .data          0x0007a610        0x0 ../../minlibc//libminlibc.a(printf.o)
 .data          0x0007a610        0x0 ../../minlibc//libminlibc.a(putchar.o)
 .data          0x0007a610        0x0 ../../minlibc//libminlibc.a(puts.o)
 .data          0x0007a610        0x0 ../../minlibc//libminlibc.a(snprintf.o)
 .data          0x0007a610        0x0 ../../minlibc//libminlibc.a(stdio_values.o)
 .data          0x0007a610        0x0 ../../minlibc//libminlibc.a(strcasecmp.o)
 .data          0x0007a610        0x0 ../../minlibc//libminlibc.a(strcmp.o)
 .data          0x0007a610        0x0 ../../minlibc//libminlibc.a(strdup.o)
 .data          0x0007a610        0x0 ../../minlibc//libminlibc.a(strlen.o)
 .data          0x0007a610        0x0 ../../minlibc//libminlibc.a(strncmp.o)
 .data          0x0007a610        0x0 ../../minlibc//libminlibc.a(strncpy.o)
 .data          0x0007a610        0x0 ../../minlibc//libminlibc.a(strrchr.o)
 .data          0x0007a610        0x0 ../../minlibc//libminlibc.a(strstr.o)
 .data          0x0007a610        0x0 ../../minlibc//libminlibc.a(tolower.o)
 .data          0x0007a610        0x0 ../../minlibc//libminlibc.a(toupper.o)
 .data          0x0007a610        0x0 ../../minlibc//libminlibc.a(vfprintf.o)
 .data          0x0007a610        0x0 ../../minlibc//libminlibc.a(vsnprintf.o)
 .data          0x0007a610        0x0 ../../minlibc//libminlibc.a(abort.o)
 .data          0x0007a610        0x0 ../../minlibc//libminlibc.a(bzero.o)
 .data          0x0007a610        0x0 ../../minlibc//libminlibc.a(fputc.o)
 .data          0x0007a610        0x0 ../../minlibc//libminlibc.a(isspace.o)
 .data          0x0007a610        0x0 ../../minlibc//libminlibc.a(strchr.o)
 .data          0x0007a610        0x0 ../../minlibc//libminlibc.a(strnlen.o)
 .data          0x0007a610        0x0 /home/ubuntu/gcc-riscv/lib/gcc/riscv32-unknown-elf/15.1.0/libgcc.a(_divdi3.o)
 .data          0x0007a610        0x0 /home/ubuntu/gcc-riscv/lib/gcc/riscv32-unknown-elf/15.1.0/libgcc.a(_udivdi3.o)
 .data          0x0007a610        0x0 /home/ubuntu/gcc-riscv/lib/gcc/riscv32-unknown-elf/15.1.0/libgcc.a(_umoddi3.o)
 .data          0x0007a610        0x0 /home/ubuntu/gcc-riscv/lib/gcc/riscv32-unknown-elf/15.1.0/libgcc.a(adddf3.o)
 .data          0x0007a610        0x0 /home/ubuntu/gcc-riscv/lib/gcc/riscv32-unknown-elf/15.1.0/libgcc.a(ledf2.o)
 .data          0x0007a610        0x0 /home/ubuntu/gcc-riscv/lib/gcc/riscv32-unknown-elf/15.1.0/libgcc.a(muldf3.o)
 .data          0x0007a610        0x0 /home/ubuntu/gcc-riscv/lib/gcc/riscv32-unknown-elf/15.1.0/libgcc.a(subdf3.o)
 .data          0x0007a610        0x0 /home/ubuntu/gcc-riscv/lib/gcc/riscv32-unknown-elf/15.1.0/libgcc.a(floatsidf.o)
 .data          0x0007a610        0x0 /home/ubuntu/gcc-riscv/lib/gcc/riscv32-unknown-elf/15.1.0/libgcc.a(fixunsdfdi.o)
 .data          0x0007a610        0x0 /home/ubuntu/gcc-riscv/lib/gcc/riscv32-unknown-elf/15.1.0/libgcc.a(floatundidf.o)
 .data          0x0007a610        0x0 /home/ubuntu/gcc-riscv/lib/gcc/riscv32-unknown-elf/15.1.0/libgcc.a(divsf3.o)
 .data          0x0007a610        0x0 /home/ubuntu/gcc-riscv/lib/gcc/riscv32-unknown-elf/15.1.0/libgcc.a(mulsf3.o)
 .data          0x0007a610        0x0 /home/ubuntu/gcc-riscv/lib/gcc/riscv32-unknown-elf/15.1.0/libgcc.a(subsf3.o)
 .data          0x0007a610        0x0 /home/ubuntu/gcc-riscv/lib/gcc/riscv32-unknown-elf/15.1.0/libgcc.a(fixsfsi.o)
 .data          0x0007a610        0x0 /home/ubuntu/gcc-riscv/lib/gcc/riscv32-unknown-elf/15.1.0/libgcc.a(floatsisf.o)
 .data          0x0007a610        0x0 /home/ubuntu/gcc-riscv/lib/gcc/riscv32-unknown-elf/15.1.0/libgcc.a(extendsfdf2.o)
 .data          0x0007a610        0x0 /home/ubuntu/gcc-riscv/lib/gcc/riscv32-unknown-elf/15.1.0/libgcc.a(truncdfsf2.o)
 .data          0x0007a610        0x0 /home/ubuntu/gcc-riscv/lib/gcc/riscv32-unknown-elf/15.1.0/libgcc.a(muldi3.o)
 .data          0x0007a610        0x0 /home/ubuntu/gcc-riscv/lib/gcc/riscv32-unknown-elf/15.1.0/libgcc.a(multi3.o)
 .data          0x0007a610        0x0 /home/ubuntu/gcc-riscv/lib/gcc/riscv32-unknown-elf/15.1.0/libgcc.a(div.o)
 .data          0x0007a610        0x0 /home/ubuntu/gcc-riscv/lib/gcc/riscv32-unknown-elf/15.1.0/libgcc.a(_lshrdi3.o)
 .data          0x0007a610        0x0 /home/ubuntu/gcc-riscv/lib/gcc/riscv32-unknown-elf/15.1.0/libgcc.a(_ashldi3.o)
 .data          0x0007a610        0x0 /home/ubuntu/gcc-riscv/lib/gcc/riscv32-unknown-elf/15.1.0/libgcc.a(_clz.o)
 .data          0x0007a610        0x0 /home/ubuntu/gcc-riscv/lib/gcc/riscv32-unknown-elf/15.1.0/libgcc.a(_clzsi2.o)
                0x0007a610                        _end = .
OUTPUT(doomgeneric elf32-littleriscv)

.sdata          0x0007a610      0x280
 .sdata         0x0007a610       0x14 build/am_map.o
 .sdata         0x0007a624        0x8 build/doomstat.o
                0x0007a624                gameversion
                0x0007a628                gamemode
 .sdata         0x0007a62c        0x4 build/d_loop.o
 .sdata         0x0007a630        0xc build/d_main.o
                0x0007a634                wipegamestate
                0x0007a638                show_endoom
 .sdata         0x0007a63c       0x1c build/g_game.o
                0x0007a63c                vanilla_demo_limit
                0x0007a640                vanilla_savegame_limit
                0x0007a644                sidemove
                0x0007a64c                forwardmove
                0x0007a654                precache
 .sdata         0x0007a658        0xc build/i_joystick.o
 .sdata         0x0007a664       0x18 build/i_sound.o
                0x0007a664                snd_sfxdevice
                0x0007a668                snd_musicdevice
                0x0007a66c                snd_musiccmd
                0x0007a670                snd_maxslicetime_ms
                0x0007a674                snd_cachesize
                0x0007a678                snd_samplerate
 .sdata         0x0007a67c        0x8 build/i_system.o
 .sdata         0x0007a684      0x19c build/m_controls.o
                0x0007a684                dclick_use
                0x0007a688                joybmenu
                0x0007a68c                joybnextweapon
                0x0007a690                joybprevweapon
                0x0007a694                joybjump
                0x0007a698                joybstraferight
                0x0007a69c                joybstrafeleft
                0x0007a6a0                joybspeed
                0x0007a6a4                joybuse
                0x0007a6a8                joybstrafe
                0x0007a6ac                key_menu_decscreen
                0x0007a6b0                key_menu_incscreen
                0x0007a6b4                key_menu_gamma
                0x0007a6b8                key_menu_quit
                0x0007a6bc                key_menu_qload
                0x0007a6c0                key_menu_messages
                0x0007a6c4                key_menu_endgame
                0x0007a6c8                key_menu_qsave
                0x0007a6cc                key_menu_detail
                0x0007a6d0                key_menu_volume
                0x0007a6d4                key_menu_load
                0x0007a6d8                key_menu_save
                0x0007a6dc                key_menu_help
                0x0007a6e0                key_menu_abort
                0x0007a6e4                key_menu_confirm
                0x0007a6e8                key_menu_forward
                0x0007a6ec                key_menu_back
                0x0007a6f0                key_menu_right
                0x0007a6f4                key_menu_left
                0x0007a6f8                key_menu_down
                0x0007a6fc                key_menu_up
                0x0007a700                key_menu_activate
                0x0007a704                key_map_clearmark
                0x0007a708                key_map_mark
                0x0007a70c                key_map_grid
                0x0007a710                key_map_follow
                0x0007a714                key_map_maxzoom
                0x0007a718                key_map_toggle
                0x0007a71c                key_map_zoomout
                0x0007a720                key_map_zoomin
                0x0007a724                key_map_west
                0x0007a728                key_map_east
                0x0007a72c                key_map_south
                0x0007a730                key_map_north
                0x0007a734                key_weapon8
                0x0007a738                key_weapon7
                0x0007a73c                key_weapon6
                0x0007a740                key_weapon5
                0x0007a744                key_weapon4
                0x0007a748                key_weapon3
                0x0007a74c                key_weapon2
                0x0007a750                key_weapon1
                0x0007a754                key_multi_msg
                0x0007a758                key_spy
                0x0007a75c                key_demo_quit
                0x0007a760                key_pause
                0x0007a764                key_message_refresh
                0x0007a768                mousebnextweapon
                0x0007a76c                mousebprevweapon
                0x0007a770                mousebuse
                0x0007a774                mousebbackward
                0x0007a778                mousebstraferight
                0x0007a77c                mousebstrafeleft
                0x0007a780                mousebjump
                0x0007a784                mousebforward
                0x0007a788                mousebstrafe
                0x0007a78c                key_invdrop
                0x0007a790                key_invuse
                0x0007a794                key_invend
                0x0007a798                key_invhome
                0x0007a79c                key_invkey
                0x0007a7a0                key_invpop
                0x0007a7a4                key_mission
                0x0007a7a8                key_invquery
                0x0007a7ac                key_usehealth
                0x0007a7b0                key_arti_invulnerability
                0x0007a7b4                key_arti_egg
                0x0007a7b8                key_arti_teleportother
                0x0007a7bc                key_arti_teleport
                0x0007a7c0                key_arti_blastradius
                0x0007a7c4                key_arti_poisonbag
                0x0007a7c8                key_arti_health
                0x0007a7cc                key_arti_all
                0x0007a7d0                key_jump
                0x0007a7d4                key_useartifact
                0x0007a7d8                key_invright
                0x0007a7dc                key_invleft
                0x0007a7e0                key_lookcenter
                0x0007a7e4                key_lookdown
                0x0007a7e8                key_lookup
                0x0007a7ec                key_flycenter
                0x0007a7f0                key_flydown
                0x0007a7f4                key_flyup
                0x0007a7f8                key_speed
                0x0007a7fc                key_strafe
                0x0007a800                key_use
                0x0007a804                key_fire
                0x0007a808                key_straferight
                0x0007a80c                key_strafeleft
                0x0007a810                key_down
                0x0007a814                key_up
                0x0007a818                key_left
                0x0007a81c                key_right
 .sdata         0x0007a820       0x14 build/m_menu.o
                0x0007a820                skullName
                0x0007a828                screenblocks
                0x0007a82c                showMessages
                0x0007a830                mouseSensitivity
 .sdata         0x0007a834        0x4 build/p_enemy.o
                0x0007a834                TRACEANGLE
 .sdata         0x0007a838        0x4 build/p_spec.o
 .sdata         0x0007a83c        0x4 build/r_main.o
                0x0007a83c                validcount
 .sdata         0x0007a840       0x14 build/st_stuff.o
 .sdata         0x0007a854        0xc build/s_sound.o
                0x0007a854                snd_channels
                0x0007a858                musicVolume
                0x0007a85c                sfxVolume
 .sdata         0x0007a860        0x4 build/tables.o
                0x0007a860                finecosine
 .sdata         0x0007a864        0x4 build/i_input.o
                0x0007a864                vanilla_keyboard_mapping
 .sdata         0x0007a868        0xc build/i_video.o
                0x0007a868                mouse_threshold
                0x0007a86c                mouse_acceleration