Archive member included to satisfy reference by file (symbol)

../../minlibc//libminlibc.a(atof.o)
                              build/m_config.o (atof)
../../minlibc//libminlibc.a(atoi.o)
                              build/d_main.o (atoi)
../../minlibc//libminlibc.a(errno.o)
                              build/m_misc.o (errno)
../../minlibc//libminlibc.a(exit.o)
                              build/d_main.o (exit)
../../minlibc//libminlibc.a(fclose.o)
                              build/g_game.o (fclose)
../../minlibc//libminlibc.a(fflush.o)
                              build/i_scale.o (fflush)
../../minlibc//libminlibc.a(fopen.o)
                              build/g_game.o (fopen)
../../minlibc//libminlibc.a(fprintf.o)
                              build/am_map.o (fprintf)
../../minlibc//libminlibc.a(fread.o)
                              build/m_menu.o (fread)
../../minlibc//libminlibc.a(fseek.o)
                              build/m_misc.o (fseek)
../../minlibc//libminlibc.a(ftell.o)
                              build/m_misc.o (ftell)
../../minlibc//libminlibc.a(fwrite.o)
                              build/m_misc.o (fwrite)
../../minlibc//libminlibc.a(isdigit.o)
                              ../../minlibc//libminlibc.a(atoi.o) (isdigit)
../../minlibc//libminlibc.a(malloc.o)
                              build/d_iwad.o (malloc)
../../minlibc//libminlibc.a(memcpy.o)
                              build/d_loop.o (memcpy)
../../minlibc//libminlibc.a(memset.o)
                              build/am_map.o (memset)
../../minlibc//libminlibc.a(mkdir.o)
                              build/m_misc.o (mkdir)
../../minlibc//libminlibc.a(mmap.o)
                              ../../minlibc//libminlibc.a(malloc.o) (mmap)
../../minlibc//libminlibc.a(mprotect.o)
                              ../../minlibc//libminlibc.a(malloc.o) (mprotect)
../../minlibc//libminlibc.a(munmap.o)
                              ../../minlibc//libminlibc.a(malloc.o) (munmap)
../../minlibc//libminlibc.a(printf.o)
                              build/d_iwad.o (printf)
../../minlibc//libminlibc.a(putchar.o)
                              build/i_system.o (putchar)
../../minlibc//libminlibc.a(puts.o)
                              build/i_scale.o (puts)
../../minlibc//libminlibc.a(snprintf.o)
                              build/am_map.o (snprintf)
../../minlibc//libminlibc.a(stdio_values.o)
                              build/i_scale.o (stdout)
../../minlibc//libminlibc.a(strcasecmp.o)
                              build/d_iwad.o (strcasecmp)
../../minlibc//libminlibc.a(strcmp.o)
                              build/d_iwad.o (strcmp)
../../minlibc//libminlibc.a(strdup.o)
                              build/d_iwad.o (strdup)
../../minlibc//libminlibc.a(strlen.o)
                              build/d_iwad.o (strlen)
../../minlibc//libminlibc.a(strncmp.o)
                              build/m_misc.o (strncmp)
../../minlibc//libminlibc.a(strncpy.o)
                              build/m_misc.o (strncpy)
../../minlibc//libminlibc.a(strrchr.o)
                              build/d_iwad.o (strrchr)
../../minlibc//libminlibc.a(strstr.o)
                              build/m_misc.o (strstr)
../../minlibc//libminlibc.a(tolower.o)
                              ../../minlibc//libminlibc.a(strcasecmp.o) (tolower)
../../minlibc//libminlibc.a(toupper.o)
                              build/f_finale.o (toupper)
../../minlibc//libminlibc.a(vfprintf.o)
                              build/i_system.o (vfprintf)
../../minlibc//libminlibc.a(vsnprintf.o)
                              build/m_misc.o (vsnprintf)
../../minlibc//libminlibc.a(abort.o)
                              ../../minlibc//libminlibc.a(malloc.o) (abort)
../../minlibc//libminlibc.a(bzero.o)
                              ../../minlibc//libminlibc.a(malloc.o) (bzero)
../../minlibc//libminlibc.a(fputc.o)
                              ../../minlibc//libminlibc.a(fwrite.o) (fputc)
../../minlibc//libminlibc.a(isspace.o)
                              ../../minlibc//libminlibc.a(printf.o) (isspace)
../../minlibc//libminlibc.a(strchr.o)
                              ../../minlibc//libminlibc.a(strstr.o) (strchr)
../../minlibc//libminlibc.a(strnlen.o)
                              ../../minlibc//libminlibc.a(vsnprintf.o) (strnlen)
/home/ubuntu/gcc-riscv/lib/gcc/riscv32-unknown-elf/15.1.0/libgcc.a(_divdi3.o)
                              build/m_fixed.o (__divdi3)
/home/ubuntu/gcc-riscv/lib/gcc/riscv32-unknown-elf/15.1.0/libgcc.a(_udivdi3.o)
                              ../../minlibc//libminlibc.a(vsnprintf.o) (__udivdi3)
/home/ubuntu/gcc-riscv/lib/gcc/riscv32-unknown-elf/15.1.0/libgcc.a(_umoddi3.o)
                              ../../minlibc//libminlibc.a(vsnprintf.o) (__umoddi3)
/home/ubuntu/gcc-riscv/lib/gcc/riscv32-unknown-elf/15.1.0/libgcc.a(adddf3.o)
                              ../../minlibc//libminlibc.a(atof.o) (__adddf3)
/home/ubuntu/gcc-riscv/lib/gcc/riscv32-unknown-elf/15.1.0/libgcc.a(ledf2.o)
[...]
Memory Configuration

Name             Origin             Length             Attributes
*default*        0x00000000         0xffffffff

Linker script and memory map

LOAD build/dummy.o
LOAD build/am_map.o
LOAD build/doomdef.o
LOAD build/doomstat.o
LOAD build/dstrings.o
LOAD build/d_event.o
LOAD build/d_items.o
LOAD build/d_iwad.o
LOAD build/d_loop.o
LOAD build/d_main.o
LOAD build/d_mode.o
LOAD build/d_net.o
LOAD build/f_finale.o
LOAD build/f_wipe.o
LOAD build/g_game.o
LOAD build/hu_lib.o
LOAD build/hu_stuff.o
LOAD build/info.o
LOAD build/i_cdmus.o
LOAD build/i_endoom.o
LOAD build/i_joystick.o
LOAD build/i_scale.o
LOAD build/i_sound.o
LOAD build/i_system.o
LOAD build/i_timer.o
LOAD build/memio.o
LOAD build/m_argv.o
LOAD build/m_bbox.o
LOAD build/m_cheat.o
LOAD build/m_config.o
LOAD build/m_controls.o
LOAD build/m_fixed.o
LOAD build/m_menu.o
LOAD build/m_misc.o
LOAD build/m_random.o
LOAD build/p_ceilng.o
LOAD build/p_doors.o
LOAD build/p_enemy.o
LOAD build/p_floor.o
LOAD build/p_inter.o
LOAD build/p_lights.o
LOAD build/p_map.o
LOAD build/p_maputl.o
LOAD build/p_mobj.o
LOAD build/p_plats.o
LOAD build/p_pspr.o
LOAD build/p_saveg.o
LOAD build/p_setup.o
LOAD build/p_sight.o
LOAD build/p_spec.o
LOAD build/p_switch.o
LOAD build/p_telept.o
LOAD build/p_tick.o
LOAD build/p_user.o
LOAD build/r_bsp.o
LOAD build/r_data.o
LOAD build/r_draw.o
LOAD build/r_main.o
LOAD build/r_plane.o
LOAD build/r_segs.o
LOAD build/r_sky.o
LOAD build/r_things.o
LOAD build/sha1.o
LOAD build/sounds.o
LOAD build/statdump.o
LOAD build/st_lib.o
LOAD build/st_stuff.o
LOAD build/s_sound.o
LOAD build/tables.o
LOAD build/v_video.o
LOAD build/wi_stuff.o
LOAD build/w_checksum.o
LOAD build/w_file.o
LOAD build/w_main.o
LOAD build/w_wad.o
LOAD build/z_zone.o
LOAD build/w_file_stdc.o
LOAD build/i_input.o
LOAD build/i_video.o
LOAD build/doomgeneric.o
LOAD build/doomgeneric_jane_cpu.o
LOAD ../../minlibc//libminlibc.a
LOAD /home/ubuntu/gcc-riscv/riscv32-unknown-elf/lib//libm.a
LOAD /home/ubuntu/gcc-riscv/lib/gcc/riscv32-unknown-elf/15.1.0/libgcc.a
                0x00000000                        . = 0x0

.text           0x00000000    0x53518
 *(.text)
 .text          0x00000000        0x4 build/dummy.o
                0x00000000                I_InitTimidityConfig
 .text          0x00000004     0x3784 build/am_map.o
                0x00000004                AM_getIslope
                0x000000cc                AM_activateNewScale
                0x000001d0                AM_saveScaleAndLoc
                0x00000214                AM_restoreScaleAndLoc
                0x000002f0                AM_addMark
                0x0000037c                AM_findMinMaxBoundaries
                0x00000520                AM_changeWindowLoc
                0x00000600                AM_initVariables
                0x000007e8                AM_loadPics
                0x00000864                AM_unloadPics
                0x000008c4                AM_clearMarks
                0x00000904                AM_LevelInit
                0x000009cc                AM_Stop
                0x00000a4c                AM_Start
                0x00000b7c                AM_minOutWindowScale
                0x00000bb0                AM_maxOutWindowScale
                0x00000be4                AM_Responder
                0x00001144                AM_changeWindowScale
                0x000011bc                AM_doFollowPlayer
                0x000012dc                AM_updateLightLev
                0x00001364                AM_Ticker
                0x00001410                AM_clearFB
                0x00001454                AM_clipMline
                0x00001ad0                AM_drawFline
                0x00002090                AM_drawMline
                0x00002400                AM_drawGrid
                0x000025bc                AM_drawWalls
                0x00002824                AM_rotate
                0x000028e8                AM_drawLineCharacter
                0x00002d44                AM_drawPlayers
                0x00003214                AM_drawThings
                0x0000351c                AM_drawMarks
                0x0000364c                AM_drawCrosshair
                0x000036a0                AM_Drawer
 .text          0x00003788        0x0 build/doomdef.o
 .text          0x00003788        0x0 build/doomstat.o
 .text          0x00003788        0x0 build/dstrings.o
 .text          0x00003788       0xbc build/d_event.o
                0x00003788                D_PostEvent
                0x000037f0                D_PopEvent
 .text          0x00003844        0x0 build/d_items.o
 .text          0x00003844      0xa64 build/d_iwad.o
                0x00003a18                D_FindWADByName
                0x00003a58                D_TryFindWADByName
                0x00003aa4                D_FindIWAD
                0x00003ef8                D_FindAllIWADs
                0x00003fb8                D_SaveGameIWADName
                0x00004060                D_SuggestIWADName
                0x00004154                D_SuggestGameName
 .text          0x000042a8      0xc30 build/d_loop.o
                0x000042a8                D_QuitNetGame
                0x000043fc                NetUpdate
                0x000044d8                D_ReceiveTic
                0x000046c0                D_StartGameLoop
                0x00004738                D_StartNetGame
                0x00004770                D_InitNetGame
                0x000047b0                TryRunTics
                0x00004ecc                D_RegisterLoopCallbacks
 .text          0x00004ed8     0x1c44 build/d_main.o
                0x00004ed8                D_GrabMouseCallback
                0x00005448                D_ProcessEvents
                0x000054a0                D_Display
                0x000054b4                D_BindVariables
                0x00005644                doomgeneric_Tick
                0x000056ac                D_DoomLoop
                0x000057e8                D_PageTicker
                0x00005810                D_PageDrawer
                0x00005840                D_AdvanceDemo
                0x00005850                D_DoAdvanceDemo
                0x00005aa8                D_StartTitle
                0x00005acc                D_IdentifyVersion
                0x00005d48                D_SetGameDescription
                0x00005e90                PrintDehackedBanners
                0x00005e94                PrintGameVersion
                0x00005f58                D_DoomMain
 .text          0x00006b1c      0x43c build/d_mode.o
                0x00006b1c                D_ValidGameMode
                0x00006bac                D_ValidEpisodeMap
                0x00006d1c                D_GetNumEpisodes
                0x00006e78                D_ValidGameVersion
                0x00006f0c                D_IsEpisodeMap
                0x00006f2c                D_GameMissionString
 .text          0x00006f58      0x688 build/d_net.o
                0x00007254                D_ConnectNetGame
                0x00007350                D_CheckNetGame
 .text          0x000075e0     0x18c8 build/f_finale.o
                0x000075e0                F_StartFinale
                0x00007878                F_Responder
                0x0000795c                F_Ticker
                0x00008054                F_TextWrite
                0x000081e0                F_StartCast
                0x00008284                F_CastTicker
                0x000087bc                F_CastResponder
                0x0000888c                F_CastPrint
                0x000089d4                F_CastDrawer
                0x00008aa8                F_DrawPatchCol
                0x00008b44                F_BunnyScroll
                0x00008df4                F_Drawer
 .text          0x00008ea8      0x8e4 build/f_wipe.o
                0x00008ea8                wipe_doColorXForm
                0x00008f3c                wipe_exitColorXForm
                0x00008f44                wipe_doMelt
                0x00009154                wipe_initColorXForm
                0x00009188                wipe_exitMelt
                0x000091c4                wipe_initMelt
                0x00009508                wipe_shittyColMajorXform
                0x000095d4                wipe_StartScreen
                0x0000960c                wipe_EndScreen
                0x00009688                wipe_ScreenWipe
 .text          0x0000978c     0x3d9c build/g_game.o
                0x0000978c                G_CmdChecksum
                0x000097a4                G_BuildTiccmd
                0x0000a358                G_DoLoadLevel
                0x0000a584                G_Responder
                0x0000acac                G_PlayerFinishLevel
                0x0000ad44                G_PlayerReborn
                0x0000ae60                G_InitPlayer
                0x0000ae64                G_CheckSpot
                0x0000b28c                G_DeathMatchSpawnPlayer
                0x0000b390                G_DoReborn
                0x0000b588                G_ScreenShot
                0x0000b598                G_ExitLevel
                0x0000b5b0                G_SecretExitLevel
                0x0000b618                G_DoCompleted
                0x0000bc30                G_WorldDone
                0x0000bcc0                G_DoWorldDone
                0x0000bd08                G_LoadGame
                0x0000bd3c                G_SaveGame
                0x0000bd74                G_DoSaveGame
                0x0000bd94                G_DeferedInitNew
                0x0000bdbc                G_InitNew
                0x0000c184                G_DoLoadGame
                0x0000c290                G_DoNewGame
                0x0000c31c                G_RecordDemo
                0x0000c3e8                G_VanillaVersionCode
                0x0000c444                G_BeginRecording
                0x0000c614                G_DeferedPlayDemo
                0x0000c62c                G_DoPlayDemo
                0x0000c914                G_TimeDemo
                0x0000c970                G_CheckDemoStatus
                0x0000cb44                G_ReadDemoTiccmd
                0x0000cbe4                G_WriteDemoTiccmd
                0x0000cd5c                G_Ticker
 .text          0x0000d528      0xfcc build/hu_lib.o
                0x0000d528                HUlib_init
                0x0000d52c                HUlib_clearTextLine
                0x0000d540                HUlib_initTextLine
                0x0000d564                HUlib_addCharToTextLine
                0x0000d5a0                HUlib_delCharFromTextLine
                0x0000d5d0                HUlib_drawTextLine
                0x0000d73c                HUlib_eraseTextLine
                0x0000d88c                HUlib_initSText
                0x0000d9a4                HUlib_addLineToSText
                0x0000da14                HUlib_addMessageToSText
                0x0000db78                HUlib_drawSText
                0x0000dcc8                HUlib_eraseSText
                0x0000e150                HUlib_initIText
                0x0000e180                HUlib_delCharFromIText
                0x0000e1b0                HUlib_eraseLineFromIText
                0x0000e1e4                HUlib_resetIText
                0x0000e1fc                HUlib_addPrefixToIText
                0x0000e264                HUlib_keyInIText
                0x0000e310                HUlib_drawIText
                0x0000e328                HUlib_eraseIText
 .text          0x0000e4f4     0x1118 build/hu_stuff.o
                0x0000e4f4                HU_Init
                0x0000e570                HU_Stop
                0x0000e57c                HU_Start
                0x0000e828                HU_Drawer
                0x0000e880                HU_Erase
                0x0000e8b8                HU_Ticker
                0x0000eec0                HU_queueChatChar
                0x0000ef0c                HU_dequeueChatChar
                0x0000ef44                HU_Responder
 .text          0x0000f60c        0x0 build/info.o
 .text          0x0000f60c       0x4c build/i_cdmus.o
                0x0000f60c                I_CDMusInit
                0x0000f614                I_CDMusPrintStartup
                0x0000f618                I_CDMusPlay
                0x0000f620                I_CDMusStop
                0x0000f628                I_CDMusResume
                0x0000f630                I_CDMusSetVolume
                0x0000f640                I_CDMusFirstTrack
                0x0000f648                I_CDMusLastTrack
                0x0000f650                I_CDMusTrackLength
 .text          0x0000f658        0x4 build/i_endoom.o
                0x0000f658                I_Endoom
 .text          0x0000f65c      0x124 build/i_joystick.o
                0x0000f65c                I_ShutdownJoystick
                0x0000f660                I_InitJoystick
                0x0000f664                I_UpdateJoystick
                0x0000f668                I_BindJoystickVariables
 .text          0x0000f780     0x23c8 build/i_scale.o
                0x00011a98                I_InitScale
                0x00011ab4                I_ResetScaleTables
 .text          0x00011b48      0x2c0 build/i_sound.o
                0x00011b48                I_InitSound
                0x00011bb8                I_ShutdownSound
                0x00011bd0                I_GetSfxLumpNum
                0x00011bec                I_UpdateSound
                0x00011c04                I_UpdateSoundParams
                0x00011c58                I_StartSound
                0x00011cb0                I_StopSound
                0x00011cc8                I_SoundIsPlaying
                0x00011ce4                I_PrecacheSounds
                0x00011d00                I_InitMusic
                0x00011d04                I_ShutdownMusic
                0x00011d08                I_SetMusicVolume
                0x00011d0c                I_PauseSong
                0x00011d10                I_ResumeSong
                0x00011d14                I_RegisterSong
                0x00011d1c                I_UnRegisterSong
                0x00011d20                I_PlaySong
                0x00011d24                I_StopSong
                0x00011d28                I_MusicIsPlaying
                0x00011d30                I_BindSoundVariables
 .text          0x00011e08      0x600 build/i_system.o
                0x00011e08                I_AtExit
                0x00011e50                I_Tactile
                0x00011e54                I_PrintBanner
                0x00011eb0                I_PrintDivider
                0x00011ee4                I_PrintStartupBanner
                0x00011fa0                I_ConsoleStdout
                0x00011fa8                I_Quit
                0x00011fe0                I_Error
                0x000120dc                I_ZoneBase
                0x0001218c                I_GetMemoryValue
 .text          0x00012408       0xa0 build/i_timer.o
                0x00012408                I_GetTicks
                0x0001240c                I_GetTime
                0x00012460                I_GetTimeMS
                0x0001249c                I_Sleep
                0x000124a0                I_WaitVBL
                0x000124a4                I_InitTimer
 .text          0x000124a8      0x340 build/memio.o
                0x000124a8                mem_fopen_read
                0x000124f4                mem_fread
                0x000125d0                mem_fopen_write
                0x0001262c                mem_fwrite
                0x00012720                mem_get_buf
                0x00012734                mem_fclose
                0x00012770                mem_ftell
                0x00012778                mem_fseek
 .text          0x000127e8      0x24c build/m_argv.o
                0x000127e8                M_CheckParmWithArgs
                0x000128a0                M_ParmExists
                0x0001293c                M_CheckParm
                0x000129dc                M_FindResponseFile
                0x000129e0                M_GetExecutableName
 .text          0x00012a34       0x5c build/m_bbox.o
                0x00012a34                M_ClearBox
                0x00012a50                M_AddToBox
 .text          0x00012a90       0xf0 build/m_cheat.o
                0x00012a90                cht_CheckCheat
                0x00012b6c                cht_GetParam
 .text          0x00012b80      0x89c build/m_config.o
                0x00012b80                M_SetConfigFilenames
                0x00012b94                M_SaveDefaults
                0x00012b98                M_SaveDefaultsAlternate
                0x00012b9c                M_LoadDefaults
                0x00012c94                M_BindVariable
                0x00012d94                M_SetVariable
                0x00012fc0                M_GetIntVariable
                0x000130dc                M_GetStrVariable
                0x000131f8                M_GetFloatVariable
                0x00013318                M_SetConfigDir
                0x00013390                M_GetSaveGameDir
 .text          0x0001341c      0xa40 build/m_controls.o
                0x0001341c                M_BindBaseControls
                0x00013648                M_BindHereticControls
                0x0001370c                M_BindHexenControls
                0x000137f8                M_BindStrifeControls
                0x0001399c                M_BindWeaponControls
                0x00013ac4                M_BindMapControls
                0x00013bc4                M_BindMenuControls
                0x00013dc8                M_BindChatControls
                0x00013e58                M_ApplyPlatformDefaults
 .text          0x00013e5c       0xc8 build/m_fixed.o
                0x00013e5c                FixedMul
                0x00013e8c                FixedDiv
 .text          0x00013f24     0x3594 build/m_menu.o
                0x00013f24                M_Sound
                0x00013f44                M_Options
                0x00013f68                M_ChangeMessages
                0x00013fc8                M_ReadThis
                0x00013fec                M_FinishReadThis
                0x00014010                M_DrawReadThis2
                0x0001404c                M_DrawMainMenu
                0x0001407c                M_DrawNewGame
                0x000140cc                M_DrawEpisode
                0x000140fc                M_LoadSelect
                0x00014134                M_SaveSelect
                0x000141b4                M_QuitDOOM
                0x00014278                M_DrawReadThis1
                0x00014374                M_SfxVol
                0x000143bc                M_MusicVol
                0x00014404                M_SizeDisplay
                0x00014484                M_ChangeSensitivity
                0x000144c8                M_ChangeDetail
                0x00014544                M_QuickSaveResponse
                0x000145bc                M_VerifyNightmare
                0x00014600                M_ChooseSkill
                0x00014688                M_EndGameResponse
                0x000146b8                M_NewGame
                0x0001477c                M_Episode
                0x00014884                M_ReadThis2
                0x000148ec                M_DrawOptions
                0x00014c2c                M_DrawSound
                0x00014c9c                M_EndGame
                0x00014d48                M_QuickLoadResponse
                0x00014da0                M_QuitResponse
                0x00014e38                M_DrawLoad
                0x0001500c                M_DrawSave
                0x0001532c                M_ReadSaveStrings
                0x00015420                M_LoadGame
                0x00015494                M_SaveGame
                0x00015518                M_DrawSaveLoadBorder
                0x000155c0                M_DoSave
                0x00015614                M_QuickSave
                0x0001575c                M_QuickLoad
                0x00015834                M_DrawThermo
                0x00015944                M_DrawEmptyCell
                0x0001599c                M_DrawSelCell
                0x000159f4                M_StartMessage
                0x00015a30                M_StopMessage
                0x00015a4c                M_StringWidth
                0x00015b0c                M_StringHeight
                0x00015bac                M_WriteText
                0x00015ca8                M_Responder
                0x00016ef4                M_StartControlPanel
                0x00016f2c                M_Drawer
                0x00017370                M_ClearMenus
                0x0001737c                M_SetupNextMenu
                0x00017394                M_Ticker
                0x000173d0                M_Init
 .text          0x000174b8      0xa98 build/m_misc.o
                0x000174b8                M_MakeDirectory
                0x000174c0                M_FileExists
                0x00017508                M_FileLength
                0x00017570                M_WriteFile
                0x000175f0                M_ReadFile
                0x000176ec                M_StrToInt
                0x0001779c                M_ExtractFileBase
                0x00017888                M_ForceUppercase
                0x000178c4                M_StrCaseStr
                0x00017980                M_StringDuplicate
                0x000179e4                M_StringReplace
                0x00017b34                M_StringCopy
                0x00017b88                M_StringConcat
                0x00017c08                M_StringStartsWith
                0x00017c88                M_StringEndsWith
                0x00017d1c                M_StringJoin
                0x00017e54                M_TempFile
                0x00017e70                M_vsnprintf
                0x00017ecc                M_snprintf
 .text          0x00017f50       0x64 build/m_random.o
                0x00017f50                P_Random
                0x00017f78                M_Random
                0x00017fa0                M_ClearRandom
 .text          0x00017fb4      0x5e8 build/p_ceilng.o
                0x00017fb4                T_MoveCeiling
                0x00018214                EV_DoCeiling
                0x00018450                P_AddActiveCeiling
                0x00018490                P_RemoveActiveCeiling
                0x000184f8                P_ActivateInStasisCeiling
                0x00018548                EV_CeilingCrushStop
 .text          0x0001859c      0xa74 build/p_doors.o
                0x0001859c                T_VerticalDoor
                0x0001879c                EV_DoDoor
                0x00018b04                EV_DoLockedDoor
                0x00018bec                EV_VerticalDoor
                0x00018f0c                P_SpawnDoorCloseIn30
                0x00018f78                P_SpawnDoorRaiseIn5Mins
 .text          0x00019010     0x41fc build/p_enemy.o
                0x00019010                PIT_VileCheck
                0x000192d8                P_RecursiveSound
                0x000194a8                P_NoiseAlert
                0x000195dc                P_CheckMeleeRange
                0x00019668                P_CheckMissileRange
                0x000197a0                P_Move
                0x0001995c                P_TryWalk
                0x00019b0c                P_NewChaseDir
                0x0001a1d0                P_LookForPlayers
                0x0001a400                A_KeenDie
                0x0001a47c                A_Look
                0x0001a59c                A_Chase
                0x0001a9e0                A_FaceTarget
                0x0001aa78                A_PosAttack
                0x0001ab70                A_SPosAttack
                0x0001ac94                A_CPosAttack
                0x0001ad94                A_CPosRefire
                0x0001ae84                A_SpidRefire
                0x0001af74                A_BspiAttack
                0x0001b020                A_TroopAttack
                0x0001b160                A_SargAttack
                0x0001b26c                A_HeadAttack
                0x0001b398                A_CyberAttack
                0x0001b444                A_BruisAttack
                0x0001b518                A_SkelMissile
                0x0001b5fc                A_Tracer
                0x0001b80c                A_SkelWhoosh
                0x0001b8b4                A_SkelFist
                0x0001b9e0                A_VileChase
                0x0001bc10                A_VileStart
                0x0001bc18                A_StartFire
                0x0001bd00                A_FireCrackle
                0x0001bde8                A_Fire
                0x0001bec8                A_VileTarget
                0x0001bf7c                A_VileAttack
                0x0001c108                A_FatRaise
                0x0001c1ac                A_FatAttack1
                0x0001c2d0                A_FatAttack2
                0x0001c3f8                A_FatAttack3
                0x0001c57c                A_SkullAttack
                0x0001c7ec                A_PainShootSkull
                0x0001c844                A_PainAttack
                0x0001c938                A_PainDie
                0x0001caa0                A_Scream
                0x0001cb58                A_XScream
                0x0001cb60                A_Pain
                0x0001cb74                A_Fall
                0x0001cb84                A_Explode
                0x0001cb90                A_BossDeath
                0x0001cde8                A_Hoof
                0x0001ce0c                A_Metal
                0x0001ce30                A_BabyMetal
                0x0001ce54                A_OpenShotgun2
                0x0001ce60                A_LoadShotgun2
                0x0001ce6c                A_CloseShotgun2
                0x0001ceac                A_BrainAwake
                0x0001cf34                A_BrainPain
                0x0001cf40                A_BrainScream
                0x0001d018                A_BrainExplode
                0x0001d0bc                A_BrainDie
                0x0001d0c0                A_BrainSpit
                0x0001d190                A_SpawnSound
                0x0001d1d0                A_SpawnFly
                0x0001d1e8                A_PlayerScream
 .text          0x0001d20c      0xef8 build/p_floor.o
                0x0001d20c                T_MoveFloor
                0x0001d414                T_MovePlane
                0x0001d65c                EV_DoFloor
                0x0001dec8                EV_BuildStairs
 .text          0x0001e104     0x15e0 build/p_inter.o
                0x0001e104                P_GiveAmmo
                0x0001e2a8                P_GiveWeapon
                0x0001e454                P_GiveBody
                0x0001e4a0                P_GiveArmor
                0x0001e4d4                P_GiveCard
                0x0001e4f8                P_GivePower
                0x0001e5d8                P_TouchSpecialThing
                0x0001f048                P_KillMobj
                0x0001f2e0                P_DamageMobj
 .text          0x0001f6e4      0x6c0 build/p_lights.o
                0x0001f6e4                T_StrobeFlash
                0x0001f728                T_Glow
                0x0001f79c                T_FireFlicker
                0x0001f800                T_LightFlash
                0x0001f888                P_SpawnFireFlicker
                0x0001f8fc                P_SpawnLightFlash
                0x0001f988                P_SpawnStrobeFlash
                0x0001fa58                EV_StartLightStrobing
                0x0001fb60                EV_TurnTagLightsOff
                0x0001fc3c                EV_LightTurnOn
                0x0001fd30                P_SpawnGlowingLight
 .text          0x0001fda4     0x1eb4 build/p_map.o
                0x0001fda4                PIT_StompThing
                0x0001fe6c                PIT_CheckLine
                0x000200d0                PIT_CheckThing
                0x00020328                PTR_SlideTraverse
                0x00020434                PTR_AimTraverse
                0x00020658                PTR_ShootTraverse
                0x00020a70                PTR_UseTraverse
                0x00020b04                PIT_RadiusAttack
                0x00020d1c                P_TeleportMove
                0x00020f04                P_CheckPosition
                0x00021150                PIT_ChangeSector
                0x000212e0                P_TryMove
                0x000214c8                P_ThingHeightClip
                0x00021554                P_HitSlideLine
                0x00021580                P_SlideMove
                0x00021864                P_AimLineAttack
                0x00021978                P_LineAttack
                0x00021a68                P_UseLines
                0x00021ac8                P_RadiusAttack
                0x00021ba4                P_ChangeSector
 .text          0x00021c58     0x1670 build/p_maputl.o
                0x00021c58                P_AproxDistance
                0x00021cb0                P_PointOnLineSide
                0x00021d5c                P_BoxOnLineSide
                0x00021fb8                P_PointOnDivlineSide
                0x00022074                P_MakeDivline
                0x0002209c                P_InterceptVector
                0x00022158                P_LineOpening
                0x000221dc                P_UnsetThingPosition
                0x000222c8                P_SetThingPosition
                0x000223c0                P_BlockLinesIterator
                0x000224c8                P_BlockThingsIterator
                0x00022570                PIT_AddLineIntercepts
                0x000229f8                PIT_AddThingIntercepts
                0x00022d2c                P_TraverseIntercepts
                0x00022e40                P_PathTraverse
 .text          0x000232c8     0x1d68 build/p_mobj.o
                0x000232c8                P_SpawnMobj
                0x0002346c                P_RemoveMobj
                0x0002353c                P_SetMobjState
                0x00023604                P_NightmareRespawn
                0x0002374c                P_ExplodeMissile
                0x00023888                P_ZMovement
                0x00023b40                P_XYMovement
                0x00023fac                P_MobjThinker
                0x00024130                P_RespawnSpecials
                0x000242ec                P_SpawnPlayer
                0x000244f8                P_SpawnMapThing
                0x000248ec                P_SpawnPuff
                0x00024a14                P_SpawnBlood
                0x00024bb0                P_CheckMissileSpawn
                0x00024c48                P_SubstNullMobj
                0x00024c70                P_SpawnMissile
                0x00024e54                P_SpawnPlayerMissile
 .text          0x00025030      0x6ac build/p_plats.o
                0x00025030                T_PlatRaise
                0x00025268                EV_DoPlat
                0x00025588                P_ActivateInStasis
                0x000255d8                EV_StopPlat
                0x00025624                P_AddActivePlat
                0x0002566c                P_RemoveActivePlat
 .text          0x000256dc     0x1cf0 build/p_pspr.o
                0x000256dc                P_SetPsprite
                0x000257b0                P_CalcSwing
                0x00025870                P_BringUpWeapon
                0x0002596c                P_CheckAmmo
                0x00025b68                P_FireWeapon
                0x00025c54                P_DropWeapon
                0x00025d14                A_WeaponReady
                0x00025fdc                A_ReFire
                0x00026114                A_CheckReload
                0x00026118                A_Lower
                0x00026254                A_Raise
                0x00026334                A_GunFlash
                0x00026400                A_Punch
                0x000264dc                A_Saw
                0x00026634                A_FireMissile
                0x00026674                A_FireBFG
                0x000266b4                A_FirePlasma
                0x000267b4                P_BulletSlope
                0x00026840                P_GunShot
                0x000268c8                A_FirePistol
                0x00026aa0                A_FireShotgun
                0x00026c84                A_FireShotgun2
                0x00026e8c                A_FireCGun
                0x000270f8                A_Light0
                0x00027100                A_Light1
                0x0002710c                A_Light2
                0x00027118                A_BFGSpray
                0x00027214                A_BFGsound
                0x00027220                P_SetupPsprites
                0x00027318                P_MovePsprites
 .text          0x000273cc     0x5aa4 build/p_saveg.o
                0x00027758                P_TempSaveGameFile
                0x0002779c                P_SaveGameFile
                0x00027840                P_WriteSaveGameHeader
                0x00027c48                P_ReadSaveGameHeader
                0x00027fdc                P_ReadSaveGameEOF
                0x0002805c                P_WriteSaveGameEOF
                0x000280cc                P_ArchivePlayers
                0x00028d2c                P_UnArchivePlayers
                0x00029658                P_ArchiveWorld
                0x00029ea0                P_UnArchiveWorld
                0x0002a758                P_ArchiveThinkers
                0x0002ae58                P_UnArchiveThinkers
                0x0002b508                P_ArchiveSpecials
                0x0002c250                P_UnArchiveSpecials
 .text          0x0002ce70     0x1594 build/p_setup.o
                0x0002ce70                P_LoadVertexes
                0x0002cf28                GetSectorAtNullAddress
                0x0002cfac                P_LoadSegs
                0x0002d248                P_LoadSubsectors
                0x0002d318                P_LoadSectors
                0x0002d478                P_LoadNodes
                0x0002d664                P_LoadThings
                0x0002d7a0                P_LoadLineDefs
                0x0002da38                P_LoadSideDefs
                0x0002db98                P_LoadBlockMap
                0x0002dc4c                P_GroupLines
                0x0002df90                P_SetupLevel
                0x0002e3e0                P_Init
 .text          0x0002e404      0xab8 build/p_sight.o
                0x0002e404                P_DivlineSide
                0x0002e4c8                P_InterceptVector2
                0x0002e584                P_CrossSubsector
                0x0002eaa8                P_CrossBSPNode
                0x0002ecf8                P_CheckSight
 .text          0x0002eebc     0x1638 build/p_spec.o
                0x0002eebc                P_InitPicAnims
                0x0002f000                getSide
                0x0002f058                getSector
                0x0002f0b4                twoSided
                0x0002f0f0                getNextSector
                0x0002f11c                P_FindLowestFloorSurrounding
                0x0002f174                P_FindHighestFloorSurrounding
                0x0002f1d8                P_FindNextHighestFloor
                0x0002f304                P_FindLowestCeilingSurrounding
                0x0002f370                P_FindHighestCeilingSurrounding
                0x0002f3d4                P_FindSectorFromLineTag
                0x0002f438                P_FindMinSurroundingLight
                0x0002f48c                P_CrossSpecialLine
                0x0002f9f8                P_ShootSpecialLine
                0x0002faac                P_PlayerInSpecialSector
                0x0002fc2c                P_UpdateSpecials
                0x0002feb4                EV_DoDonut
                0x000301b0                P_SpawnSpecials
 .text          0x000304f4     0x10a8 build/p_switch.o
                0x000304f4                P_InitSwitchList
                0x000305f8                P_StartButton
                0x0003089c                P_ChangeSwitchTexture
                0x00031168                P_UseSpecialLine
 .text          0x0003159c      0x254 build/p_telept.o
                0x0003159c                EV_Teleport
 .text          0x000317f0      0x21c build/p_tick.o
                0x000317f0                P_InitThinkers
                0x00031804                P_AddThinker
                0x00031824                P_RemoveThinker
                0x00031830                P_AllocateThinker
                0x00031834                P_RunThinkers
                0x000318b0                P_Ticker
 .text          0x00031a0c      0x7a4 build/p_user.o
                0x00031a0c                P_Thrust
                0x00031a90                P_CalcHeight
                0x00031c24                P_MovePlayer
                0x00031dd4                P_DeathThink
                0x00031ee4                P_PlayerThink
 .text          0x000321b0      0x990 build/r_bsp.o
                0x000321b0                R_ClearDrawSegs
                0x000321c4                R_ClipSolidWallSegment
                0x0003233c                R_ClipPassWallSegment
                0x000323d8                R_ClearClipSegs
                0x0003241c                R_AddLine
                0x000325ac                R_CheckBBox
                0x000327ac                R_Subsector
                0x00032a4c                R_RenderBSPNode
 .text          0x00032b40     0x15ec build/r_data.o
                0x00032b40                R_DrawColumnInCache
                0x00032c0c                R_GenerateComposite
                0x00032e78                R_GenerateLookup
                0x000330e0                R_GetColumn
                0x000331a8                R_InitTextures
                0x00033830                R_InitFlats
                0x000338cc                R_InitSpriteLumps
                0x00033a58                R_InitColormaps
                0x00033a88                R_InitData
                0x00033b6c                R_FlatNumForName
                0x00033bf0                R_CheckTextureNumForName
                0x00033c90                R_TextureNumForName
                0x00033d38                R_PrecacheLevel
 .text          0x0003412c     0x1038 build/r_draw.o
                0x0003412c                R_DrawColumn
                0x00034244                R_DrawColumnLow
                0x00034378                R_DrawFuzzColumn
                0x000344b8                R_DrawFuzzColumnLow
                0x00034640                R_DrawTranslatedColumn
                0x00034764                R_DrawTranslatedColumnLow
                0x000348d4                R_InitTranslationTables
                0x00034984                R_DrawSpan
                0x00034ac4                R_DrawSpanLow
                0x00034c34                R_InitBuffer
                0x00034ccc                R_FillBackScreen
                0x00034ff4                R_VideoErase
                0x0003501c                R_DrawViewBorder
 .text          0x00035164     0x12b0 build/r_main.o
                0x00035164                R_AddPointToBox
                0x00035198                R_PointOnSide
                0x00035248                R_PointOnSegSide
                0x00035310                R_PointToAngle
                0x000354d4                R_PointToAngle2
                0x0003569c                R_PointToDist
                0x00035750                R_InitPointToAngle
                0x00035754                R_ScaleFromGlobalAngle
                0x00035834                R_InitTables
                0x00035838                R_InitTextureMapping
                0x00035a78                R_InitLightTables
                0x00035b78                R_SetViewSize
                0x00035b98                R_ExecuteSetViewSize
                0x00035fd0                R_Init
                0x00036150                R_PointInSubsector
                0x000362c0                R_SetupFrame
                0x000363c8                R_RenderPlayerView
 .text          0x00036414      0xa00 build/r_plane.o
                0x00036414                R_InitPlanes
                0x00036418                R_MapPlane
                0x00036658                R_ClearPlanes
                0x0003679c                R_FindPlane
                0x0003689c                R_CheckPlane
                0x00036954                R_MakeSpans
                0x00036a94                R_DrawPlanes
 .text          0x00036e14     0x12b0 build/r_segs.o
                0x00036e14                R_RenderMaskedSegRange
                0x00037134                R_RenderSegLoop
                0x00037608                R_StoreWallRange
 .text          0x000380c4       0x10 build/r_sky.o
                0x000380c4                R_InitSkyMap
 .text          0x000380d4     0x1820 build/r_things.o
                0x000380d4                R_InstallSpriteLump
                0x0003833c                R_InitSpriteDefs
                0x00038720                R_InitSprites
                0x00038744                R_ClearSprites
                0x00038758                R_NewVisSprite
                0x00038784                R_DrawMaskedColumn
                0x00038920                R_DrawVisSprite
                0x00038af4                R_ProjectSprite
                0x00038eac                R_AddSprites
                0x00038f50                R_DrawPSprite
                0x000391e0                R_DrawPlayerSprites
                0x000392c4                R_SortVisSprites
                0x000393bc                R_DrawSprite
                0x00039794                R_DrawMasked
 .text          0x000398f4     0x2200 build/sha1.o
                0x0003b20c                SHA1_Init
                0x0003b254                SHA1_Update
                0x0003b3f4                SHA1_Final
                0x0003b8f8                SHA1_UpdateInt32
                0x0003babc                SHA1_UpdateString
 .text          0x0003baf4        0x0 build/sounds.o
 .text          0x0003baf4       0x90 build/statdump.o
                0x0003baf4                StatCopy
                0x0003bb80                StatDump
 .text          0x0003bb84      0x5c4 build/st_lib.o
                0x0003bb84                STlib_init
                0x0003bbb0                STlib_initNum
                0x0003bbd0                STlib_drawNum
                0x0003bda4                STlib_updateNum
                0x0003bdb8                STlib_initPercent
                0x0003bde0                STlib_updatePercent
                0x0003be54                STlib_initMultIcon
                0x0003be74                STlib_updateMultIcon
                0x0003bfd0                STlib_initBinIcon
                0x0003bfec                STlib_updateBinIcon
 .text          0x0003c148     0x2010 build/st_stuff.o
                0x0003c81c                ST_refreshBackground
                0x0003c8a8                ST_Responder
                0x0003ce68                ST_calcPainOffset
                0x0003cee0                ST_updateFaceWidget
                0x0003d560                ST_updateWidgets
                0x0003d714                ST_Ticker
                0x0003d75c                ST_doPaletteStuff
                0x0003d87c                ST_drawWidgets
                0x0003d9a8                ST_doRefresh
                0x0003da48                ST_diffDraw
                0x0003da50                ST_Drawer
                0x0003db30                ST_loadGraphics
                0x0003db34                ST_loadData
                0x0003db5c                ST_unloadGraphics
                0x0003db60                ST_unloadData
                0x0003db64                ST_initData
                0x0003dc30                ST_createWidgets
                0x0003dfb0                ST_Start
                0x0003e0cc                ST_Stop
                0x0003e110                ST_Init
 .text          0x0003e158      0xd28 build/s_sound.o
                0x0003e158                S_Shutdown
                0x0003e2e4                S_Init
                0x0003e404                S_StopSound
                0x0003e48c                S_StartSound
                0x0003e8f4                S_PauseSound
                0x0003e934                S_ResumeSound
                0x0003e970                S_UpdateSounds
                0x0003eac8                S_SetMusicVolume
                0x0003eb04                S_SetSfxVolume
                0x0003eb4c                S_ChangeMusic
                0x0003ecb8                S_Start
                0x0003ee10                S_StartMusic
                0x0003ee18                S_MusicPlaying
                0x0003ee1c                S_StopMusic
 .text          0x0003ee80       0x48 build/tables.o
                0x0003ee80                SlopeDiv
 .text          0x0003eec8     0x224c build/v_video.o
                0x0003eec8                V_MarkRect
                0x0003ef40                V_CopyRect
                0x0003f090                V_SetPatchClipCallback
                0x0003f09c                V_DrawPatch
                0x0003f318                V_DrawPatchFlipped
                0x0003f564                V_DrawPatchDirect
                0x0003f568                V_DrawTLPatch
                0x0003f71c                V_DrawXlaPatch
                0x0003f88c                V_DrawAltTLPatch
                0x0003fa40                V_DrawShadowedPatch
                0x0003fc0c                V_LoadTintTable
                0x0003fc38                V_LoadXlaTable
                0x0003fc64                V_DrawBlock
                0x0003fd80                V_DrawFilledBox
                0x0003fee0                V_DrawHorizLine
                0x0003ffec                V_DrawVertLine
                0x00040024                V_DrawBox
                0x000402fc                V_DrawRawScreen
                0x00040314                V_Init
                0x00040318                V_UseBuffer
                0x00040324                V_RestoreBuffer
                0x00040338                WritePCXfile
                0x00040528                V_ScreenShot
                0x00040748                V_DrawMouseSpeedBox
 .text          0x00041114     0x66d4 build/wi_stuff.o
                0x000420ec                WI_slamBackground
                0x00042100                WI_Responder
                0x00042108                WI_drawLF
                0x00042294                WI_drawEL
                0x00042368                WI_drawOnLnode
                0x000424e0                WI_initAnimatedBack
                0x00042508                WI_updateAnimatedBack
                0x00042530                WI_drawAnimatedBack
                0x00042624                WI_drawNum
                0x000427bc                WI_drawPercent
                0x000428d8                WI_drawTime
                0x00042ae8                WI_End
                0x00042aec                WI_initNoState
                0x00042b10                WI_updateNoState
                0x00042b84                WI_initShowNextLoc
                0x00042bcc                WI_updateShowNextLoc
                0x00042c58                WI_drawShowNextLoc
                0x00042ef4                WI_drawNoState
                0x00042f04                WI_fragSum
                0x00042fa0                WI_initDeathmatchStats
                0x000431e4                WI_updateDeathmatchStats
                0x00044030                WI_drawDeathmatchStats
                0x00044830                WI_initNetgameStats
                0x00044c78                WI_updateNetgameStats
                0x00045d20                WI_drawNetgameStats
                0x00046588                WI_initStats
                0x00046600                WI_updateStats
                0x00046b44                WI_drawStats
                0x00046fcc                WI_checkForAccelerate
                0x0004716c                WI_Ticker
                0x0004747c                WI_loadData
                0x00047510                WI_unloadData
                0x00047514                WI_Drawer
                0x00047564                WI_initVariables
                0x000475f4                WI_Start
 .text          0x000477e8      0x148 build/w_checksum.o
                0x000477e8                W_Checksum
 .text          0x00047930       0x50 build/w_file.o
                0x00047930                W_OpenFile
                0x00047968                W_CloseFile
                0x00047974                W_Read
 .text          0x00047980       0xc8 build/w_main.o
                0x00047980                W_ParseCommandLine
 .text          0x00047a48      0xf1c build/w_wad.o
                0x00047a48                W_LumpNameHash
                0x00047aa8                W_AddFile
                0x00047df4                W_NumLumps
                0x00047e00                W_CheckNumForName
                0x00047fa0                W_GetNumForName
                0x00047ffc                W_LumpLength
                0x00048070                W_ReadLump
                0x00048128                W_CacheLumpNum
                0x00048318                W_CacheLumpName
                0x0004851c                W_ReleaseLumpNum
                0x0004859c                W_ReleaseLumpName
                0x00048654                W_GenerateHashTable
                0x00048780                W_CheckCorrectIWAD
 .text          0x00048964      0x868 build/z_zone.o
                0x00048964                Z_ClearZone
                0x000489a4                Z_Init
                0x00048a08                Z_Free
                0x00048b10                Z_Malloc
                0x00048ca0                Z_FreeTags
                0x00048d30                Z_DumpHeap
                0x00048e7c                Z_FileDumpHeap
                0x00048fa0                Z_CheckHeap
                0x00049084                Z_ChangeTag2
                0x0004911c                Z_ChangeUser
                0x00049170                Z_FreeMemory
                0x000491bc                Z_ZoneSize
 .text          0x000491cc       0xf0 build/w_file_stdc.o
                0x000491cc                W_StdC_Read
 .text          0x000492bc      0x14c build/i_input.o
                0x000492bc                I_GetEvent
                0x00049404                I_InitInput
 .text          0x00049408      0x648 build/i_video.o
                0x00049408                cmap_to_rgb565
                0x00049470                cmap_to_fb
                0x00049554                I_InitGraphics
                0x000496e8                I_ShutdownGraphics
                0x000496f4                I_StartFrame
                0x000496f8                I_StartTic
                0x000496fc                I_UpdateNoBlit
                0x00049700                I_FinishUpdate
                0x00049904                I_ReadScreen
                0x00049918                I_SetPalette
                0x0004998c                I_GetPaletteIndex
                0x00049a2c                I_BeginRead
                0x00049a30                I_EndRead
                0x00049a34                I_SetWindowTitle
                0x00049a38                I_GraphicsCheckCommandLine
                0x00049a3c                I_SetGrabMouseCallback
                0x00049a40                I_EnableLoadingDisk
                0x00049a44                I_BindVideoVariables
                0x00049a48                I_DisplayFPSDots
                0x00049a4c                I_CheckIsScreensaver
 .text          0x00049a50       0x3c build/doomgeneric.o
                0x00049a50                doomgeneric_Create
 .text          0x00049a8c       0x68 build/doomgeneric_jane_cpu.o
                0x00049a8c                DG_Init
                0x00049a98                DG_DrawFrame
                0x00049aa4                DG_SleepMs
                0x00049ab0                DG_GetTicksMs
                0x00049abc                DG_GetKey
                0x00049ac4                DG_SetWindowTitle
                0x00049ad4                _start
 .text          0x00049af4      0x31c ../../minlibc//libminlibc.a(atof.o)
                0x00049af4                atof
 .text          0x00049e10       0x90 ../../minlibc//libminlibc.a(atoi.o)
                0x00049e10                atoi
 .text          0x00049ea0       0x2c ../../minlibc//libminlibc.a(errno.o)
                0x00049ea0                __errno_location
 .text          0x00049ecc       0x28 ../../minlibc//libminlibc.a(exit.o)
                0x00049ecc                exit
 .text          0x00049ef4       0x38 ../../minlibc//libminlibc.a(fclose.o)
                0x00049ef4                fclose
 .text          0x00049f2c       0x70 ../../minlibc//libminlibc.a(fflush.o)
                0x00049f2c                fflush
 .text          0x00049f9c       0x4c ../../minlibc//libminlibc.a(fopen.o)
                0x00049f9c                fopen
 .text          0x00049fe8       0x74 ../../minlibc//libminlibc.a(fprintf.o)
                0x00049fe8                fprintf
 .text          0x0004a05c       0x50 ../../minlibc//libminlibc.a(fread.o)
                0x0004a05c                fread
 .text          0x0004a0ac       0x4c ../../minlibc//libminlibc.a(fseek.o)
                0x0004a0ac                fseek
 .text          0x0004a0f8       0x44 ../../minlibc//libminlibc.a(ftell.o)
                0x0004a0f8                ftell
 .text          0x0004a13c       0xa8 ../../minlibc//libminlibc.a(fwrite.o)
                0x0004a13c                fwrite
 .text          0x0004a1e4       0x4c ../../minlibc//libminlibc.a(isdigit.o)
                0x0004a1e4                isdigit
 .text          0x0004a230     0x35d8 ../../minlibc//libminlibc.a(malloc.o)
                0x0004d590                malloc
                0x0004d644                free
                0x0004d6cc                realloc
                0x0004d7a0                calloc
 .text          0x0004d808       0x78 ../../minlibc//libminlibc.a(memcpy.o)
                0x0004d808                memcpy
 .text          0x0004d880       0x68 ../../minlibc//libminlibc.a(memset.o)
                0x0004d880                memset
 .text          0x0004d8e8       0x48 ../../minlibc//libminlibc.a(mkdir.o)
                0x0004d8e8                mkdir
 .text          0x0004d930       0x64 ../../minlibc//libminlibc.a(mmap.o)
                0x0004d930                mmap
 .text          0x0004d994       0x44 ../../minlibc//libminlibc.a(mprotect.o)
                0x0004d994                mprotect
 .text          0x0004d9d8       0x3c ../../minlibc//libminlibc.a(munmap.o)
                0x0004d9d8                munmap
 .text          0x0004da14      0x5ec ../../minlibc//libminlibc.a(printf.o)
                0x0004da14                printf
                0x0004da90                sscanf
                0x0004dd7c                fabs
                0x0004ddfc                abs
                0x0004de38                runtime_exit
                0x0004de58                runtime_memprotect
                0x0004de98                runtime_alloc
                0x0004def0                runtime_free
                0x0004df1c                system_call
                0x0004df74                send_dma_l
                0x0004dfc4                runtime_write
 .text          0x0004e000       0x3c ../../minlibc//libminlibc.a(putchar.o)
                0x0004e000                putchar
 .text          0x0004e03c       0x5c ../../minlibc//libminlibc.a(puts.o)
                0x0004e03c                puts
 .text          0x0004e098       0x78 ../../minlibc//libminlibc.a(snprintf.o)
                0x0004e098                snprintf
 .text          0x0004e110        0x0 ../../minlibc//libminlibc.a(stdio_values.o)
 .text          0x0004e110      0x180 ../../minlibc//libminlibc.a(strcasecmp.o)
                0x0004e110                strcasecmp
                0x0004e1a8                strncasecmp
 .text          0x0004e290       0x7c ../../minlibc//libminlibc.a(strcmp.o)
                0x0004e290                strcmp
 .text          0x0004e30c       0x64 ../../minlibc//libminlibc.a(strdup.o)
                0x0004e30c                strdup
 .text          0x0004e370       0x58 ../../minlibc//libminlibc.a(strlen.o)
                0x0004e370                strlen
 .text          0x0004e3c8       0xa0 ../../minlibc//libminlibc.a(strncmp.o)
                0x0004e3c8                strncmp
 .text          0x0004e468       0x78 ../../minlibc//libminlibc.a(strncpy.o)
                0x0004e468                strncpy
 .text          0x0004e4e0       0x74 ../../minlibc//libminlibc.a(strrchr.o)
                0x0004e4e0                strrchr
 .text          0x0004e554       0x94 ../../minlibc//libminlibc.a(strstr.o)
                0x0004e554                strstr
 .text          0x0004e5e8       0x50 ../../minlibc//libminlibc.a(tolower.o)
                0x0004e5e8                tolower
 .text          0x0004e638       0x50 ../../minlibc//libminlibc.a(toupper.o)
                0x0004e638                toupper
 .text          0x0004e688       0x9c ../../minlibc//libminlibc.a(vfprintf.o)
                0x0004e688                vfprintf
 .text          0x0004e724     0x1114 ../../minlibc//libminlibc.a(vsnprintf.o)
                0x0004ed40                vsnprintf
 .text          0x0004f838       0x20 ../../minlibc//libminlibc.a(abort.o)
                0x0004f838                abort
 .text          0x0004f858       0x68 ../../minlibc//libminlibc.a(bzero.o)
                0x0004f858                bzero
 .text          0x0004f8c0       0x54 ../../minlibc//libminlibc.a(fputc.o)
                0x0004f8c0                fputc
 .text          0x0004f914       0x58 ../../minlibc//libminlibc.a(isspace.o)
                0x0004f914                isspace
 .text          0x0004f96c       0x70 ../../minlibc//libminlibc.a(strchr.o)
                0x0004f96c                strchr
 .text          0x0004f9dc       0x6c ../../minlibc//libminlibc.a(strnlen.o)
                0x0004f9dc                strnlen
 .text          0x0004fa48      0x5a4 /home/ubuntu/gcc-riscv/lib/gcc/riscv32-unknown-elf/15.1.0/libgcc.a(_divdi3.o)
                0x0004fa48                __divdi3
 .text          0x0004ffec      0x5b4 /home/ubuntu/gcc-riscv/lib/gcc/riscv32-unknown-elf/15.1.0/libgcc.a(_udivdi3.o)
                0x0004ffec                __udivdi3
 .text          0x000505a0      0x5a4 /home/ubuntu/gcc-riscv/lib/gcc/riscv32-unknown-elf/15.1.0/libgcc.a(_umoddi3.o)
                0x000505a0                __umoddi3
 .text          0x00050b44      0x74c /home/ubuntu/gcc-riscv/lib/gcc/riscv32-unknown-elf/15.1.0/libgcc.a(adddf3.o)
                0x00050b44                __adddf3
 .text          0x00051290       0xd8 /home/ubuntu/gcc-riscv/lib/gcc/riscv32-unknown-elf/15.1.0/libgcc.a(ledf2.o)
                0x00051290                __ltdf2
                0x00051290                __ledf2
 .text          0x00051368      0x69c /home/ubuntu/gcc-riscv/lib/gcc/riscv32-unknown-elf/15.1.0/libgcc.a(muldf3.o)
                0x00051368                __muldf3
 .text          0x00051a04      0x760 /home/ubuntu/gcc-riscv/lib/gcc/riscv32-unknown-elf/15.1.0/libgcc.a(subdf3.o)
                0x00051a04                __subdf3
 .text          0x00052164       0xa0 /home/ubuntu/gcc-riscv/lib/gcc/riscv32-unknown-elf/15.1.0/libgcc.a(floatsidf.o)
                0x00052164                __floatsidf
 .text          0x00052204       0xa4 /home/ubuntu/gcc-riscv/lib/gcc/riscv32-unknown-elf/15.1.0/libgcc.a(fixunsdfdi.o)
                0x00052204                __fixunsdfdi
 .text          0x000522a8      0x1b0 /home/ubuntu/gcc-riscv/lib/gcc/riscv32-unknown-elf/15.1.0/libgcc.a(floatundidf.o)
                0x000522a8                __floatundidf
 .text          0x00052458      0x374 /home/ubuntu/gcc-riscv/lib/gcc/riscv32-unknown-elf/15.1.0/libgcc.a(divsf3.o)
                0x00052458                __divsf3
 .text          0x000527cc      0x348 /home/ubuntu/gcc-riscv/lib/gcc/riscv32-unknown-elf/15.1.0/libgcc.a(mulsf3.o)
                0x000527cc                __mulsf3
 .text          0x00052b14      0x444 /home/ubuntu/gcc-riscv/lib/gcc/riscv32-unknown-elf/15.1.0/libgcc.a(subsf3.o)
                0x00052b14                __subsf3
 .text          0x00052f58       0x70 /home/ubuntu/gcc-riscv/lib/gcc/riscv32-unknown-elf/15.1.0/libgcc.a(fixsfsi.o)
                0x00052f58                __fixsfsi
 .text          0x00052fc8      0x10c /home/ubuntu/gcc-riscv/lib/gcc/riscv32-unknown-elf/15.1.0/libgcc.a(floatsisf.o)
                0x00052fc8                __floatsisf
 .text          0x000530d4       0xd8 /home/ubuntu/gcc-riscv/lib/gcc/riscv32-unknown-elf/15.1.0/libgcc.a(extendsfdf2.o)
                0x000530d4                __extendsfdf2
 .text          0x000531ac      0x144 /home/ubuntu/gcc-riscv/lib/gcc/riscv32-unknown-elf/15.1.0/libgcc.a(truncdfsf2.o)
                0x000531ac                __truncdfsf2
 .text          0x000532f0       0x24 /home/ubuntu/gcc-riscv/lib/gcc/riscv32-unknown-elf/15.1.0/libgcc.a(muldi3.o)
                0x000532f0                __mulsi3
 .text          0x00053314       0x8c /home/ubuntu/gcc-riscv/lib/gcc/riscv32-unknown-elf/15.1.0/libgcc.a(multi3.o)
                0x00053314                __muldi3
 .text          0x000533a0       0xb4 /home/ubuntu/gcc-riscv/lib/gcc/riscv32-unknown-elf/15.1.0/libgcc.a(div.o)
                0x000533a0                __divsi3
                0x000533a8                __hidden___udivsi3
                0x000533a8                __udivsi3
                0x000533f0                __umodsi3
                0x00053424                __modsi3
 .text          0x00053454       0x3c /home/ubuntu/gcc-riscv/lib/gcc/riscv32-unknown-elf/15.1.0/libgcc.a(_lshrdi3.o)
                0x00053454                __lshrdi3
 .text          0x00053490       0x3c /home/ubuntu/gcc-riscv/lib/gcc/riscv32-unknown-elf/15.1.0/libgcc.a(_ashldi3.o)
                0x00053490                __ashldi3
 .text          0x000534cc        0x0 /home/ubuntu/gcc-riscv/lib/gcc/riscv32-unknown-elf/15.1.0/libgcc.a(_clz.o)
 .text          0x000534cc       0x4c /home/ubuntu/gcc-riscv/lib/gcc/riscv32-unknown-elf/15.1.0/libgcc.a(_clzsi2.o)
                0x000534cc                __clzsi2

.text.startup   0x00053518       0x44
 .text.startup  0x00053518       0x44 build/doomgeneric_jane_cpu.o
                0x00053518                main

.rodata.str1.4  0x0005355c     0x7718
 .rodata.str1.4
                0x0005355c     0x7718 build/am_map.o
                                 0x72 (size before relaxing)
 .rodata.str1.4
                0x0005ac74      0x33b build/dstrings.o
 .rodata.str1.4
                0x0005ac74      0x20f build/d_iwad.o
 .rodata.str1.4
                0x0005ac74       0x73 build/d_loop.o
 .rodata.str1.4
                0x0005ac74      0xa69 build/d_main.o
 .rodata.str1.4
                0x0005ac74       0x4f build/d_mode.o
 .rodata.str1.4
                0x0005ac74      0x187 build/d_net.o
 .rodata.str1.4
                0x0005ac74     0x1f63 build/f_finale.o
 .rodata.str1.4
                0x0005ac74      0x301 build/g_game.o
 .rodata.str1.4
                0x0005ac74      0xd00 build/hu_stuff.o
 .rodata.str1.4
                0x0005ac74      0x44d build/info.o
 .rodata.str1.4
                0x0005ac74       0xb3 build/i_joystick.o
 .rodata.str1.4
                0x0005ac74       0xd9 build/i_scale.o
 .rodata.str1.4
                0x0005ac74       0xb5 build/i_sound.o
 .rodata.str1.4
                0x0005ac74      0x1cb build/i_system.o
 .rodata.str1.4
                0x0005ac74       0x29 build/memio.o
 .rodata.str1.4
                0x0005ac74      0xd54 build/m_config.o
 .rodata.str1.4
                0x0005ac74      0x6c6 build/m_controls.o
 .rodata.str1.4
                0x0005ac74      0x455 build/m_menu.o
 .rodata.str1.4
                0x0005ac74      0x101 build/m_misc.o
 .rodata.str1.4
                0x0005ac74      0x13f build/p_doors.o
 .rodata.str1.4
                0x0005ac74       0x3d build/p_enemy.o
 .rodata.str1.4
                0x0005ac74      0x417 build/p_inter.o
 .rodata.str1.4
                0x0005ac74       0x77 build/p_map.o
 .rodata.str1.4
                0x0005ac74       0x2d build/p_mobj.o
 .rodata.str1.4
                0x0005ac74       0x48 build/p_plats.o
 .rodata.str1.4
                0x0005ac74       0xf2 build/p_saveg.o
 .rodata.str1.4
                0x0005ac74       0x60 build/p_setup.o
 .rodata.str1.4
                0x0005ac74       0x28 build/p_sight.o
 .rodata.str1.4
                0x0005ac74      0x244 build/p_spec.o
 .rodata.str1.4
                0x0005ac74       0x25 build/p_switch.o
 .rodata.str1.4
                0x0005ac74       0x23 build/r_bsp.o
 .rodata.str1.4
                0x0005ac74      0x15a build/r_data.o
 .rodata.str1.4
                0x0005ac74       0xb4 build/r_draw.o
 .rodata.str1.4
                0x0005ac74        0x2 build/r_main.o
 .rodata.str1.4
                0x0005ac74       0xb0 build/r_plane.o
 .rodata.str1.4
                0x0005ac74       0x20 build/r_segs.o
 .rodata.str1.4
                0x0005ac74      0x1df build/r_things.o
 .rodata.str1.4
                0x0005ac74      0x217 build/sounds.o
 .rodata.str1.4
                0x0005ac74        0xa build/statdump.o
 .rodata.str1.4
                0x0005ac74       0x64 build/st_lib.o
 .rodata.str1.4
                0x0005ac74      0x1f8 build/st_stuff.o
 .rodata.str1.4
                0x0005ac74       0x6d build/s_sound.o
 .rodata.str1.4
                0x0005ac74      0x110 build/v_video.o
 .rodata.str1.4
                0x0005ac74      0x125 build/wi_stuff.o
 .rodata.str1.4
                0x0005ac74        0x6 build/w_file.o
 .rodata.str1.4
                0x0005ac74       0x14 build/w_main.o
 .rodata.str1.4
                0x0005ac74      0x1ef build/w_wad.o
 .rodata.str1.4
                0x0005ac74      0x2b6 build/z_zone.o
 .rodata.str1.4
                0x0005ac74        0x3 build/w_file_stdc.o
 .rodata.str1.4
                0x0005ac74      0x167 build/i_video.o
 .rodata.str1.4
                0x0005ac74       0xa8 build/doomgeneric_jane_cpu.o

.rodata         0x0005ac78    0x11ac0
 .rodata        0x0005ac78       0x20 build/am_map.o
 .rodata        0x0005ac98       0xe0 build/d_iwad.o
 .rodata        0x0005ad78      0x164 build/d_main.o
 .rodata        0x0005aedc       0xf4 build/d_mode.o
 .rodata        0x0005afd0       0x18 build/f_wipe.o
 .rodata        0x0005afe8       0x84 build/g_game.o
 .rodata        0x0005b06c       0x22 build/i_system.o
 *fill*         0x0005b08e        0x2 
 .rodata        0x0005b090      0x200 build/m_config.o
 .rodata        0x0005b290      0x100 build/m_random.o
 .rodata        0x0005b390       0x30 build/p_ceilng.o
 .rodata        0x0005b3c0       0x20 build/p_doors.o
 .rodata        0x0005b3e0       0x34 build/p_floor.o
 .rodata        0x0005b414       0xb4 build/p_inter.o
 .rodata        0x0005b4c8      0x114 build/p_maputl.o
 .rodata        0x0005b5dc       0x14 build/p_plats.o
 .rodata        0x0005b5f0       0x20 build/p_saveg.o
 .rodata        0x0005b610      0x2b4 build/p_spec.o
 .rodata        0x0005b8c4      0x210 build/p_switch.o
 .rodata        0x0005bad4       0x24 build/s_sound.o
 .rodata        0x0005baf8    0x10504 build/tables.o
                0x0005baf8                gammatable
                0x0005bff8                tantoangle
                0x0005dffc                finesine
                0x00067ffc                finetangent
 .rodata        0x0006bffc      0x1c0 build/wi_stuff.o
 .rodata        0x0006c1bc       0x80 build/i_input.o
 *fill*         0x0006c23c        0x4 
 .rodata        0x0006c240       0x10 ../../minlibc//libminlibc.a(atof.o)
 .rodata        0x0006c250       0x15 ../../minlibc//libminlibc.a(exit.o)
 *fill*         0x0006c265        0x3 
 .rodata        0x0006c268       0x16 ../../minlibc//libminlibc.a(fopen.o)
 *fill*         0x0006c27e        0x2 
 .rodata        0x0006c280        0x7 ../../minlibc//libminlibc.a(fread.o)
 *fill*         0x0006c287        0x1 
 .rodata        0x0006c288        0x7 ../../minlibc//libminlibc.a(fseek.o)
 *fill*         0x0006c28f        0x1 
 .rodata        0x0006c290        0x7 ../../minlibc//libminlibc.a(ftell.o)
 *fill*         0x0006c297        0x1 
 .rodata        0x0006c298      0x283 ../../minlibc//libminlibc.a(malloc.o)
 *fill*         0x0006c51b        0x1 
 .rodata        0x0006c51c        0x7 ../../minlibc//libminlibc.a(mkdir.o)
 *fill*         0x0006c523        0x1 
 .rodata        0x0006c524       0x59 ../../minlibc//libminlibc.a(printf.o)
 *fill*         0x0006c57d        0x3 
 .rodata        0x0006c580        0x2 ../../minlibc//libminlibc.a(puts.o)
 *fill*         0x0006c582        0x6 
 .rodata        0x0006c588       0x60 ../../minlibc//libminlibc.a(vsnprintf.o)
 .rodata        0x0006c5e8        0xf ../../minlibc//libminlibc.a(abort.o)
 *fill*         0x0006c5f7        0x1 
 .rodata        0x0006c5f8        0x3 ../../minlibc//libminlibc.a(fputc.o)
 *fill*         0x0006c5fb        0x1 
 .rodata        0x0006c5fc       0x3c /home/ubuntu/gcc-riscv/lib/gcc/riscv32-unknown-elf/15.1.0/libgcc.a(divsf3.o)
 .rodata        0x0006c638      0x100 /home/ubuntu/gcc-riscv/lib/gcc/riscv32-unknown-elf/15.1.0/libgcc.a(_clz.o)
                0x0006c638                __clz_tab

.srodata.cst4   0x0006c738        0x8
 .srodata.cst4  0x0006c738        0x8 build/g_game.o
                                  0x4 (size before relaxing)
 .srodata.cst4  0x0006c740        0x4 build/v_video.o

.srodata        0x0006c740       0x10
 .srodata       0x0006c740       0x10 build/m_menu.o

.srodata.cst8   0x0006c750        0x8
 .srodata.cst8  0x0006c750        0x8 build/v_video.o

.eh_frame       0x0006c758      0x104
 .eh_frame      0x0006c758       0x64 /home/ubuntu/gcc-riscv/lib/gcc/riscv32-unknown-elf/15.1.0/libgcc.a(_divdi3.o)
 .eh_frame      0x0006c7bc       0x4c /home/ubuntu/gcc-riscv/lib/gcc/riscv32-unknown-elf/15.1.0/libgcc.a(_udivdi3.o)
                                 0x60 (size before relaxing)
 .eh_frame      0x0006c808       0x54 /home/ubuntu/gcc-riscv/lib/gcc/riscv32-unknown-elf/15.1.0/libgcc.a(_umoddi3.o)
                                 0x68 (size before relaxing)

.data           0x0006c85c     0xe82c
 *(.data)
 .data          0x0006c85c        0x0 build/dummy.o
 .data          0x0006c85c      0x22c build/am_map.o
                0x0006c884                cheat_amap
                0x0006c8b8                player_arrow
                0x0006c928                cheat_player_arrow
                0x0006ca28                thintriangle_guy
                0x0006ca58                triangle_guy
 .data          0x0006ca88        0x0 build/doomdef.o
 .data          0x0006ca88        0x0 build/doomstat.o
 .data          0x0006ca88       0x40 build/dstrings.o
                0x0006ca88                doom2_endmsg
                0x0006caa8                doom1_endmsg
 .data          0x0006cac8        0x0 build/d_event.o
 .data          0x0006cac8       0xd8 build/d_items.o
                0x0006cac8                weaponinfo
 .data          0x0006cba0        0x0 build/d_iwad.o
 .data          0x0006cba0        0x0 build/d_loop.o
 .data          0x0006cba0        0x0 build/d_main.o
 .data          0x0006cba0        0x0 build/d_mode.o
 .data          0x0006cba0       0x10 build/d_net.o
 .data          0x0006cbb0      0x248 build/f_finale.o
                0x0006cd68                castorder
 .data          0x0006cdf8        0x0 build/f_wipe.o
 .data          0x0006cdf8      0x12c build/g_game.o
                0x0006cdf8                angleturn
                0x0006ce04                cpars
                0x0006ce84                pars
 .data          0x0006cf24        0x0 build/hu_lib.o
 .data          0x0006cf24      0x26c build/hu_stuff.o
                0x0006cf24                mapnames
                0x0006cfd8                mapnames_commercial
                0x0006d158                player_names
                0x0006d168                chat_macros
 .data          0x0006d190     0x9d2c build/info.o
                0x0006d190                mobjinfo
                0x000702cc                states
                0x00076c90                sprnames
 .data          0x00076ebc        0x0 build/i_cdmus.o
 .data          0x00076ebc        0x0 build/i_endoom.o
 .data          0x00076ebc       0x28 build/i_joystick.o
 .data          0x00076ee4      0x12c build/i_scale.o
                0x00076ee4                mode_squash_5x
                0x00076ef8                mode_squash_4x
                0x00076f0c                mode_squash_3x
                0x00076f20                mode_squash_2x
                0x00076f34                mode_squash_1x
                0x00076f48                mode_stretch_5x
                0x00076f5c                mode_stretch_4x
                0x00076f70                mode_stretch_3x
                0x00076f84                mode_stretch_2x
                0x00076f98                mode_stretch_1x
                0x00076fac                mode_scale_5x
                0x00076fc0                mode_scale_4x
                0x00076fd4                mode_scale_3x
                0x00076fe8                mode_scale_2x
                0x00076ffc                mode_scale_1x
 .data          0x00077010        0x0 build/i_sound.o
 .data          0x00077010        0x0 build/i_system.o
 .data          0x00077010        0x0 build/i_timer.o
 .data          0x00077010        0x0 build/memio.o
 .data          0x00077010        0x0 build/m_argv.o
 .data          0x00077010        0x0 build/m_bbox.o
 .data          0x00077010        0x0 build/m_cheat.o
 .data          0x00077010     0x1260 build/m_config.o
 .data          0x00078270        0x0 build/m_controls.o
 .data          0x00078270        0x0 build/m_fixed.o
 .data          0x00078270      0x4d0 build/m_menu.o
                0x00078270                SoundDef
                0x00078288                OptionsDef
                0x000782a0                ReadDef1
                0x000782b8                MainDef
                0x000782d0                NewDef
                0x000782e8                EpiDef
                0x00078300                ReadDef2
                0x00078318                quitsounds2
                0x00078338                quitsounds
                0x00078358                LoadDef
                0x00078370                LoadMenu
                0x000783e8                SaveDef
                0x00078400                gammamsg
                0x00078484                MainMenu
                0x000784fc                SaveMenu
                0x00078574                SoundMenu
                0x000785c4                ReadMenu2
                0x000785d8                ReadMenu1
                0x000785ec                OptionsMenu
                0x0007868c                NewGameMenu
                0x000786f0                EpisodeMenu
 .data          0x00078740        0x0 build/m_misc.o
 .data          0x00078740        0x0 build/m_random.o
 .data          0x00078740        0x0 build/p_ceilng.o
 .data          0x00078740        0x0 build/p_doors.o
 .data          0x00078740       0x74 build/p_enemy.o
                0x00078740                yspeed
                0x00078760                xspeed
                0x00078780                opposite
                0x000787a4                diags
 .data          0x000787b4        0x0 build/p_floor.o
 .data          0x000787b4       0x20 build/p_inter.o
                0x000787b4                clipammo
                0x000787c4                maxammo
 .data          0x000787d4        0x0 build/p_lights.o
 .data          0x000787d4        0x0 build/p_map.o
 .data          0x000787d4        0x0 build/p_maputl.o
 .data          0x000787d4        0x0 build/p_mobj.o
 .data          0x000787d4        0x0 build/p_plats.o
 .data          0x000787d4        0x0 build/p_pspr.o
 .data          0x000787d4        0x0 build/p_saveg.o
 .data          0x000787d4        0x0 build/p_setup.o
 .data          0x000787d4        0x0 build/p_sight.o
 .data          0x000787d4      0x284 build/p_spec.o
                0x000787d4                animdefs
 .data          0x00078a58      0x334 build/p_switch.o
                0x00078a58                alphSwitchList
 .data          0x00078d8c        0x0 build/p_telept.o
 .data          0x00078d8c        0x0 build/p_tick.o
 .data          0x00078d8c        0x0 build/p_user.o
 .data          0x00078d8c       0xc0 build/r_bsp.o
                0x00078d8c                checkcoord
 .data          0x00078e4c        0x0 build/r_data.o
 .data          0x00078e4c       0xc8 build/r_draw.o
                0x00078e4c                fuzzoffset
 .data          0x00078f14        0x0 build/r_main.o
 .data          0x00078f14        0x0 build/r_plane.o
 .data          0x00078f14        0x0 build/r_segs.o
 .data          0x00078f14        0x0 build/r_sky.o
 .data          0x00078f14        0x0 build/r_things.o
 .data          0x00078f14        0x0 build/sha1.o
 .data          0x00078f14     0x18b0 build/sounds.o
                0x00078f14                S_sfx
                0x0007a384                S_music
 .data          0x0007a7c4        0x0 build/statdump.o
 .data          0x0007a7c4        0x0 build/st_lib.o
 .data          0x0007a7c4      0x340 build/st_stuff.o
                0x0007a7c4                cheat_clev
                0x0007a7f8                cheat_god
                0x0007a82c                cheat_ammonokey
                0x0007a860                cheat_powerup
                0x0007a9cc                cheat_ammo
                0x0007aa00                cheat_mus
                0x0007aa34                cheat_commercial_noclip
                0x0007aa68                cheat_noclip
                0x0007aa9c                cheat_choppers
                0x0007aad0                cheat_mypos
 .data          0x0007ab04        0x0 build/s_sound.o
 .data          0x0007ab04        0x0 build/tables.o
 .data          0x0007ab04        0x0 build/v_video.o
 .data          0x0007ab04      0x578 build/wi_stuff.o
 .data          0x0007b07c        0x0 build/w_checksum.o
 .data          0x0007b07c        0x0 build/w_file.o
 .data          0x0007b07c        0x0 build/w_main.o
 .data          0x0007b07c        0x0 build/w_wad.o
 .data          0x0007b07c        0x0 build/z_zone.o
 .data          0x0007b07c        0xc build/w_file_stdc.o
                0x0007b07c                stdc_wad_file
 .data          0x0007b088        0x0 build/i_input.o
 .data          0x0007b088        0x0 build/i_video.o
 .data          0x0007b088        0x0 build/doomgeneric.o
 .data          0x0007b088        0x0 build/doomgeneric_jane_cpu.o
 .data          0x0007b088        0x0 ../../minlibc//libminlibc.a(atof.o)
 .data          0x0007b088        0x0 ../../minlibc//libminlibc.a(atoi.o)
 .data          0x0007b088        0x0 ../../minlibc//libminlibc.a(errno.o)
 .data          0x0007b088        0x0 ../../minlibc//libminlibc.a(exit.o)
 .data          0x0007b088        0x0 ../../minlibc//libminlibc.a(fclose.o)
 .data          0x0007b088        0x0 ../../minlibc//libminlibc.a(fflush.o)
 .data          0x0007b088        0x0 ../../minlibc//libminlibc.a(fopen.o)
 .data          0x0007b088        0x0 ../../minlibc//libminlibc.a(fprintf.o)
 .data          0x0007b088        0x0 ../../minlibc//libminlibc.a(fread.o)
 .data          0x0007b088        0x0 ../../minlibc//libminlibc.a(fseek.o)
 .data          0x0007b088        0x0 ../../minlibc//libminlibc.a(ftell.o)
 .data          0x0007b088        0x0 ../../minlibc//libminlibc.a(fwrite.o)
 .data          0x0007b088        0x0 ../../minlibc//libminlibc.a(isdigit.o)
 .data          0x0007b088        0x0 ../../minlibc//libminlibc.a(malloc.o)
 .data          0x0007b088        0x0 ../../minlibc//libminlibc.a(memcpy.o)
 .data          0x0007b088        0x0 ../../minlibc//libminlibc.a(memset.o)
 .data          0x0007b088        0x0 ../../minlibc//libminlibc.a(mkdir.o)
 .data          0x0007b088        0x0 ../../minlibc//libminlibc.a(mmap.o)
 .data          0x0007b088        0x0 ../../minlibc//libminlibc.a(mprotect.o)
 .data          0x0007b088        0x0 ../../minlibc//libminlibc.a(munmap.o)
 .data          0x0007b088        0x0 ../../minlibc//libminlibc.a(printf.o)
 .data          0x0007b088        0x0 ../../minlibc//libminlibc.a(putchar.o)
 .data          0x0007b088        0x0 ../../minlibc//libminlibc.a(puts.o)
 .data          0x0007b088        0x0 ../../minlibc//libminlibc.a(snprintf.o)
 .data          0x0007b088        0x0 ../../minlibc//libminlibc.a(stdio_values.o)
 .data          0x0007b088        0x0 ../../minlibc//libminlibc.a(strcasecmp.o)
 .data          0x0007b088        0x0 ../../minlibc//libminlibc.a(strcmp.o)
 .data          0x0007b088        0x0 ../../minlibc//libminlibc.a(strdup.o)
 .data          0x0007b088        0x0 ../../minlibc//libminlibc.a(strlen.o)
 .data          0x0007b088        0x0 ../../minlibc//libminlibc.a(strncmp.o)
 .data          0x0007b088        0x0 ../../minlibc//libminlibc.a(strncpy.o)
 .data          0x0007b088        0x0 ../../minlibc//libminlibc.a(strrchr.o)
 .data          0x0007b088        0x0 ../../minlibc//libminlibc.a(strstr.o)
 .data          0x0007b088        0x0 ../../minlibc//libminlibc.a(tolower.o)
 .data          0x0007b088        0x0 ../../minlibc//libminlibc.a(toupper.o)
 .data          0x0007b088        0x0 ../../minlibc//libminlibc.a(vfprintf.o)
 .data          0x0007b088        0x0 ../../minlibc//libminlibc.a(vsnprintf.o)
 .data          0x0007b088        0x0 ../../minlibc//libminlibc.a(abort.o)
 .data          0x0007b088        0x0 ../../minlibc//libminlibc.a(bzero.o)
 .data          0x0007b088        0x0 ../../minlibc//libminlibc.a(fputc.o)
 .data          0x0007b088        0x0 ../../minlibc//libminlibc.a(isspace.o)
 .data          0x0007b088        0x0 ../../minlibc//libminlibc.a(strchr.o)
 .data          0x0007b088        0x0 ../../minlibc//libminlibc.a(strnlen.o)
 .data          0x0007b088        0x0 /home/ubuntu/gcc-riscv/lib/gcc/riscv32-unknown-elf/15.1.0/libgcc.a(_divdi3.o)
 .data          0x0007b088        0x0 /home/ubuntu/gcc-riscv/lib/gcc/riscv32-unknown-elf/15.1.0/libgcc.a(_udivdi3.o)
 .data          0x0007b088        0x0 /home/ubuntu/gcc-riscv/lib/gcc/riscv32-unknown-elf/15.1.0/libgcc.a(_umoddi3.o)
 .data          0x0007b088        0x0 /home/ubuntu/gcc-riscv/lib/gcc/riscv32-unknown-elf/15.1.0/libgcc.a(adddf3.o)
 .data          0x0007b088        0x0 /home/ubuntu/gcc-riscv/lib/gcc/riscv32-unknown-elf/15.1.0/libgcc.a(ledf2.o)
 .data          0x0007b088        0x0 /home/ubuntu/gcc-riscv/lib/gcc/riscv32-unknown-elf/15.1.0/libgcc.a(muldf3.o)
 .data          0x0007b088        0x0 /home/ubuntu/gcc-riscv/lib/gcc/riscv32-unknown-elf/15.1.0/libgcc.a(subdf3.o)
 .data          0x0007b088        0x0 /home/ubuntu/gcc-riscv/lib/gcc/riscv32-unknown-elf/15.1.0/libgcc.a(floatsidf.o)
 .data          0x0007b088        0x0 /home/ubuntu/gcc-riscv/lib/gcc/riscv32-unknown-elf/15.1.0/libgcc.a(fixunsdfdi.o)
 .data          0x0007b088        0x0 /home/ubuntu/gcc-riscv/lib/gcc/riscv32-unknown-elf/15.1.0/libgcc.a(floatundidf.o)
 .data          0x0007b088        0x0 /home/ubuntu/gcc-riscv/lib/gcc/riscv32-unknown-elf/15.1.0/libgcc.a(divsf3.o)
 .data          0x0007b088        0x0 /home/ubuntu/gcc-riscv/lib/gcc/riscv32-unknown-elf/15.1.0/libgcc.a(mulsf3.o)
 .data          0x0007b088        0x0 /home/ubuntu/gcc-riscv/lib/gcc/riscv32-unknown-elf/15.1.0/libgcc.a(subsf3.o)
 .data          0x0007b088        0x0 /home/ubuntu/gcc-riscv/lib/gcc/riscv32-unknown-elf/15.1.0/libgcc.a(fixsfsi.o)
 .data          0x0007b088        0x0 /home/ubuntu/gcc-riscv/lib/gcc/riscv32-unknown-elf/15.1.0/libgcc.a(floatsisf.o)
 .data          0x0007b088        0x0 /home/ubuntu/gcc-riscv/lib/gcc/riscv32-unknown-elf/15.1.0/libgcc.a(extendsfdf2.o)
 .data          0x0007b088        0x0 /home/ubuntu/gcc-riscv/lib/gcc/riscv32-unknown-elf/15.1.0/libgcc.a(truncdfsf2.o)
 .data          0x0007b088        0x0 /home/ubuntu/gcc-riscv/lib/gcc/riscv32-unknown-elf/15.1.0/libgcc.a(muldi3.o)
 .data          0x0007b088        0x0 /home/ubuntu/gcc-riscv/lib/gcc/riscv32-unknown-elf/15.1.0/libgcc.a(multi3.o)
 .data          0x0007b088        0x0 /home/ubuntu/gcc-riscv/lib/gcc/riscv32-unknown-elf/15.1.0/libgcc.a(div.o)
 .data          0x0007b088        0x0 /home/ubuntu/gcc-riscv/lib/gcc/riscv32-unknown-elf/15.1.0/libgcc.a(_lshrdi3.o)
 .data          0x0007b088        0x0 /home/ubuntu/gcc-riscv/lib/gcc/riscv32-unknown-elf/15.1.0/libgcc.a(_ashldi3.o)
 .data          0x0007b088        0x0 /home/ubuntu/gcc-riscv/lib/gcc/riscv32-unknown-elf/15.1.0/libgcc.a(_clz.o)
 .data          0x0007b088        0x0 /home/ubuntu/gcc-riscv/lib/gcc/riscv32-unknown-elf/15.1.0/libgcc.a(_clzsi2.o)
                0x0007b088                        _end = .
OUTPUT(doomgeneric elf32-littleriscv)

.sdata          0x0007b088      0x280
 .sdata         0x0007b088       0x14 build/am_map.o
 .sdata         0x0007b09c        0x8 build/doomstat.o
                0x0007b09c                gameversion
                0x0007b0a0                gamemode
 .sdata         0x0007b0a4        0x4 build/d_loop.o
 .sdata         0x0007b0a8        0xc build/d_main.o
                0x0007b0ac                wipegamestate
                0x0007b0b0                show_endoom
 .sdata         0x0007b0b4       0x1c build/g_game.o
                0x0007b0b4                vanilla_demo_limit
                0x0007b0b8                vanilla_savegame_limit
                0x0007b0bc                sidemove
                0x0007b0c4                forwardmove
                0x0007b0cc                precache
 .sdata         0x0007b0d0        0xc build/i_joystick.o
 .sdata         0x0007b0dc       0x18 build/i_sound.o
                0x0007b0dc                snd_sfxdevice
                0x0007b0e0                snd_musicdevice
                0x0007b0e4                snd_musiccmd
                0x0007b0e8                snd_maxslicetime_ms
                0x0007b0ec                snd_cachesize
                0x0007b0f0                snd_samplerate
 .sdata         0x0007b0f4        0x8 build/i_system.o
 .sdata         0x0007b0fc      0x19c build/m_controls.o
                0x0007b0fc                dclick_use
                0x0007b100                joybmenu
                0x0007b104                joybnextweapon
                0x0007b108                joybprevweapon
                0x0007b10c                joybjump
                0x0007b110                joybstraferight
                0x0007b114                joybstrafeleft
                0x0007b118                joybspeed
                0x0007b11c                joybuse
                0x0007b120                joybstrafe
                0x0007b124                key_menu_decscreen
                0x0007b128                key_menu_incscreen
                0x0007b12c                key_menu_gamma
                0x0007b130                key_menu_quit
                0x0007b134                key_menu_qload
                0x0007b138                key_menu_messages
                0x0007b13c                key_menu_endgame
                0x0007b140                key_menu_qsave
                0x0007b144                key_menu_detail
                0x0007b148                key_menu_volume
                0x0007b14c                key_menu_load
                0x0007b150                key_menu_save
                0x0007b154                key_menu_help
                0x0007b158                key_menu_abort
                0x0007b15c                key_menu_confirm
                0x0007b160                key_menu_forward
                0x0007b164                key_menu_back
                0x0007b168                key_menu_right
                0x0007b16c                key_menu_left
                0x0007b170                key_menu_down
                0x0007b174                key_menu_up
                0x0007b178                key_menu_activate
                0x0007b17c                key_map_clearmark
                0x0007b180                key_map_mark
                0x0007b184                key_map_grid
                0x0007b188                key_map_follow
                0x0007b18c                key_map_maxzoom
                0x0007b190                key_map_toggle
                0x0007b194                key_map_zoomout
                0x0007b198                key_map_zoomin
                0x0007b19c                key_map_west
                0x0007b1a0                key_map_east
                0x0007b1a4                key_map_south
                0x0007b1a8                key_map_north
                0x0007b1ac                key_weapon8
                0x0007b1b0                key_weapon7
                0x0007b1b4                key_weapon6
                0x0007b1b8                key_weapon5
                0x0007b1bc                key_weapon4
                0x0007b1c0                key_weapon3
                0x0007b1c4                key_weapon2
                0x0007b1c8                key_weapon1
                0x0007b1cc                key_multi_msg
                0x0007b1d0                key_spy
                0x0007b1d4                key_demo_quit
                0x0007b1d8                key_pause
                0x0007b1dc                key_message_refresh
                0x0007b1e0                mousebnextweapon
                0x0007b1e4                mousebprevweapon
                0x0007b1e8                mousebuse
                0x0007b1ec                mousebbackward
                0x0007b1f0                mousebstraferight
                0x0007b1f4                mousebstrafeleft
                0x0007b1f8                mousebjump
                0x0007b1fc                mousebforward
                0x0007b200                mousebstrafe
                0x0007b204                key_invdrop
                0x0007b208                key_invuse
                0x0007b20c                key_invend
                0x0007b210                key_invhome
                0x0007b214                key_invkey
                0x0007b218                key_invpop
                0x0007b21c                key_mission
                0x0007b220                key_invquery
                0x0007b224                key_usehealth
                0x0007b228                key_arti_invulnerability
                0x0007b22c                key_arti_egg
                0x0007b230                key_arti_teleportother
                0x0007b234                key_arti_teleport
                0x0007b238                key_arti_blastradius
                0x0007b23c                key_arti_poisonbag
                0x0007b240                key_arti_health
                0x0007b244                key_arti_all
                0x0007b248                key_jump
                0x0007b24c                key_useartifact
                0x0007b250                key_invright
                0x0007b254                key_invleft
                0x0007b258                key_lookcenter
                0x0007b25c                key_lookdown
                0x0007b260                key_lookup
                0x0007b264                key_flycenter
                0x0007b268                key_flydown
                0x0007b26c                key_flyup
                0x0007b270                key_speed
                0x0007b274                key_strafe
                0x0007b278                key_use
                0x0007b27c                key_fire
                0x0007b280                key_straferight
                0x0007b284                key_strafeleft
                0x0007b288                key_down
                0x0007b28c                key_up
                0x0007b290                key_left
                0x0007b294                key_right
 .sdata         0x0007b298       0x14 build/m_menu.o
                0x0007b298                skullName
                0x0007b2a0                screenblocks
                0x0007b2a4                showMessages
                0x0007b2a8                mouseSensitivity
 .sdata         0x0007b2ac        0x4 build/p_enemy.o
                0x0007b2ac                TRACEANGLE
 .sdata         0x0007b2b0        0x4 build/p_spec.o
 .sdata         0x0007b2b4        0x4 build/r_main.o
                0x0007b2b4                validcount
 .sdata         0x0007b2b8       0x14 build/st_stuff.o
 .sdata         0x0007b2cc        0xc build/s_sound.o
                0x0007b2cc                snd_channels
                0x0007b2d0                musicVolume
                0x0007b2d4                sfxVolume
 .sdata         0x0007b2d8        0x4 build/tables.o
                0x0007b2d8                finecosine
 .sdata         0x0007b2dc        0x4 build/i_input.o
                0x0007b2dc                vanilla_keyboard_mapping
 .sdata         0x0007b2e0        0xc build/i_video.o