Archive member included to satisfy reference by file (symbol)

../../minlibc//libminlibc.a(atof.o)
                              build/m_config.o (atof)
../../minlibc//libminlibc.a(atoi.o)
                              build/d_main.o (atoi)
../../minlibc//libminlibc.a(errno.o)
                              build/m_misc.o (errno)
../../minlibc//libminlibc.a(exit.o)
                              build/d_main.o (exit)
../../minlibc//libminlibc.a(fclose.o)
                              build/g_game.o (fclose)
../../minlibc//libminlibc.a(fflush.o)
                              build/i_scale.o (fflush)
../../minlibc//libminlibc.a(fopen.o)
                              build/g_game.o (fopen)
../../minlibc//libminlibc.a(fprintf.o)
                              build/am_map.o (fprintf)
../../minlibc//libminlibc.a(fread.o)
                              build/m_menu.o (fread)
../../minlibc//libminlibc.a(fseek.o)
                              build/m_misc.o (fseek)
../../minlibc//libminlibc.a(ftell.o)
                              build/m_misc.o (ftell)
../../minlibc//libminlibc.a(fwrite.o)
                              build/m_misc.o (fwrite)
../../minlibc//libminlibc.a(isdigit.o)
                              ../../minlibc//libminlibc.a(atoi.o) (isdigit)
../../minlibc//libminlibc.a(malloc.o)
                              build/d_iwad.o (malloc)
../../minlibc//libminlibc.a(memcpy.o)
                              build/d_loop.o (memcpy)
../../minlibc//libminlibc.a(memset.o)
                              build/am_map.o (memset)
../../minlibc//libminlibc.a(mkdir.o)
                              build/m_misc.o (mkdir)
../../minlibc//libminlibc.a(mmap.o)
                              ../../minlibc//libminlibc.a(malloc.o) (mmap)
../../minlibc//libminlibc.a(mprotect.o)
                              ../../minlibc//libminlibc.a(malloc.o) (mprotect)
../../minlibc//libminlibc.a(munmap.o)
                              ../../minlibc//libminlibc.a(malloc.o) (munmap)
../../minlibc//libminlibc.a(printf.o)
                              build/d_iwad.o (printf)
../../minlibc//libminlibc.a(putchar.o)
                              build/i_system.o (putchar)
../../minlibc//libminlibc.a(puts.o)
                              build/i_scale.o (puts)
../../minlibc//libminlibc.a(snprintf.o)
                              build/am_map.o (snprintf)
../../minlibc//libminlibc.a(stdio_values.o)
                              build/i_scale.o (stdout)
../../minlibc//libminlibc.a(strcasecmp.o)
                              build/d_iwad.o (strcasecmp)
../../minlibc//libminlibc.a(strcmp.o)
                              build/d_iwad.o (strcmp)
../../minlibc//libminlibc.a(strdup.o)
                              build/d_iwad.o (strdup)
../../minlibc//libminlibc.a(strlen.o)
                              build/d_iwad.o (strlen)
../../minlibc//libminlibc.a(strncmp.o)
                              build/m_misc.o (strncmp)
../../minlibc//libminlibc.a(strncpy.o)
                              build/m_misc.o (strncpy)
../../minlibc//libminlibc.a(strrchr.o)
                              build/d_iwad.o (strrchr)
../../minlibc//libminlibc.a(strstr.o)
                              build/m_misc.o (strstr)
../../minlibc//libminlibc.a(tolower.o)
                              ../../minlibc//libminlibc.a(strcasecmp.o) (tolower)
../../minlibc//libminlibc.a(toupper.o)
                              build/f_finale.o (toupper)
../../minlibc//libminlibc.a(vfprintf.o)
                              build/i_system.o (vfprintf)
../../minlibc//libminlibc.a(vsnprintf.o)
                              build/m_misc.o (vsnprintf)
../../minlibc//libminlibc.a(abort.o)
                              ../../minlibc//libminlibc.a(malloc.o) (abort)
../../minlibc//libminlibc.a(bzero.o)
                              ../../minlibc//libminlibc.a(malloc.o) (bzero)
../../minlibc//libminlibc.a(fputc.o)
                              ../../minlibc//libminlibc.a(fwrite.o) (fputc)
../../minlibc//libminlibc.a(isspace.o)
                              ../../minlibc//libminlibc.a(printf.o) (isspace)
../../minlibc//libminlibc.a(strchr.o)
                              ../../minlibc//libminlibc.a(strstr.o) (strchr)
../../minlibc//libminlibc.a(strnlen.o)
                              ../../minlibc//libminlibc.a(vsnprintf.o) (strnlen)
/home/ubuntu/gcc-riscv/lib/gcc/riscv32-unknown-elf/15.1.0/libgcc.a(_divdi3.o)
                              build/m_fixed.o (__divdi3)
/home/ubuntu/gcc-riscv/lib/gcc/riscv32-unknown-elf/15.1.0/libgcc.a(_udivdi3.o)
                              ../../minlibc//libminlibc.a(vsnprintf.o) (__udivdi3)
/home/ubuntu/gcc-riscv/lib/gcc/riscv32-unknown-elf/15.1.0/libgcc.a(_umoddi3.o)
                              ../../minlibc//libminlibc.a(vsnprintf.o) (__umoddi3)
/home/ubuntu/gcc-riscv/lib/gcc/riscv32-unknown-elf/15.1.0/libgcc.a(adddf3.o)
                              ../../minlibc//libminlibc.a(atof.o) (__adddf3)
/home/ubuntu/gcc-riscv/lib/gcc/riscv32-unknown-elf/15.1.0/libgcc.a(ledf2.o)
[...]
Memory Configuration

Name             Origin             Length             Attributes
*default*        0x00000000         0xffffffff

Linker script and memory map

LOAD build/dummy.o
LOAD build/am_map.o
LOAD build/doomdef.o
LOAD build/doomstat.o
LOAD build/dstrings.o
LOAD build/d_event.o
LOAD build/d_items.o
LOAD build/d_iwad.o
LOAD build/d_loop.o
LOAD build/d_main.o
LOAD build/d_mode.o
LOAD build/d_net.o
LOAD build/f_finale.o
LOAD build/f_wipe.o
LOAD build/g_game.o
LOAD build/hu_lib.o
LOAD build/hu_stuff.o
LOAD build/info.o
LOAD build/i_cdmus.o
LOAD build/i_endoom.o
LOAD build/i_joystick.o
LOAD build/i_scale.o
LOAD build/i_sound.o
LOAD build/i_system.o
LOAD build/i_timer.o
LOAD build/memio.o
LOAD build/m_argv.o
LOAD build/m_bbox.o
LOAD build/m_cheat.o
LOAD build/m_config.o
LOAD build/m_controls.o
LOAD build/m_fixed.o
LOAD build/m_menu.o
LOAD build/m_misc.o
LOAD build/m_random.o
LOAD build/p_ceilng.o
LOAD build/p_doors.o
LOAD build/p_enemy.o
LOAD build/p_floor.o
LOAD build/p_inter.o
LOAD build/p_lights.o
LOAD build/p_map.o
LOAD build/p_maputl.o
LOAD build/p_mobj.o
LOAD build/p_plats.o
LOAD build/p_pspr.o
LOAD build/p_saveg.o
LOAD build/p_setup.o
LOAD build/p_sight.o
LOAD build/p_spec.o
LOAD build/p_switch.o
LOAD build/p_telept.o
LOAD build/p_tick.o
LOAD build/p_user.o
LOAD build/r_bsp.o
LOAD build/r_data.o
LOAD build/r_draw.o
LOAD build/r_main.o
LOAD build/r_plane.o
LOAD build/r_segs.o
LOAD build/r_sky.o
LOAD build/r_things.o
LOAD build/sha1.o
LOAD build/sounds.o
LOAD build/statdump.o
LOAD build/st_lib.o
LOAD build/st_stuff.o
LOAD build/s_sound.o
LOAD build/tables.o
LOAD build/v_video.o
LOAD build/wi_stuff.o
LOAD build/w_checksum.o
LOAD build/w_file.o
LOAD build/w_main.o
LOAD build/w_wad.o
LOAD build/z_zone.o
LOAD build/w_file_stdc.o
LOAD build/i_input.o
LOAD build/i_video.o
LOAD build/doomgeneric.o
LOAD build/doomgeneric_jane_cpu.o
LOAD ../../minlibc//libminlibc.a
LOAD /home/ubuntu/gcc-riscv/riscv32-unknown-elf/lib//libm.a
LOAD /home/ubuntu/gcc-riscv/lib/gcc/riscv32-unknown-elf/15.1.0/libgcc.a
                [!provide]                        PROVIDE (__executable_start = SEGMENT_START ("text-segment", 0x10000))
                0x000100b4                        . = (SEGMENT_START ("text-segment", 0x10000) + SIZEOF_HEADERS)

.note.gnu.build-id
 *(.note.gnu.build-id)

.interp
 *(.interp)

.hash
 *(.hash)

.gnu.hash
 *(.gnu.hash)

.dynsym
 *(.dynsym)

.dynstr
 *(.dynstr)

.gnu.version
 *(.gnu.version)

.gnu.version_d
 *(.gnu.version_d)

.gnu.version_r
 *(.gnu.version_r)

.rela.dyn
 *(.rela.init)
 *(.rela.text .rela.text.* .rela.gnu.linkonce.t.*)
 *(.rela.fini)
 *(.rela.rodata .rela.rodata.* .rela.gnu.linkonce.r.*)
 *(.rela.data .rela.data.* .rela.gnu.linkonce.d.*)
 *(.rela.tdata .rela.tdata.* .rela.gnu.linkonce.td.*)
 *(.rela.tbss .rela.tbss.* .rela.gnu.linkonce.tb.*)
 *(.rela.ctors)
 *(.rela.dtors)
 *(.rela.got)
 *(.rela.sdata .rela.sdata.* .rela.gnu.linkonce.s.*)
 *(.rela.sbss .rela.sbss.* .rela.gnu.linkonce.sb.*)
 *(.rela.sdata2 .rela.sdata2.* .rela.gnu.linkonce.s2.*)
 *(.rela.sbss2 .rela.sbss2.* .rela.gnu.linkonce.sb2.*)
 *(.rela.bss .rela.bss.* .rela.gnu.linkonce.b.*)
 *(.rela.ifunc)

.rela.plt       0x000100b4        0x0
 *(.rela.plt)
                [!provide]                        PROVIDE (__rela_iplt_start = .)
 *(.rela.iplt)
                [!provide]                        PROVIDE (__rela_iplt_end = .)

.init
 *(SORT_NONE(.init))

.plt
 *(.plt)
 *(.iplt)

.text           0x000100b4    0x4f6e8
 *(.text.unlikely .text.*_unlikely .text.unlikely.*)
 *(.text.exit .text.exit.*)
 *(.text.startup .text.startup.*)
 .text.startup  0x000100b4       0x14 build/doomgeneric_jane_cpu.o
                0x000100b4                main
 *(.text.hot .text.hot.*)
 *(SORT_BY_NAME(.text.sorted.*))
 *(.text .stub .text.* .gnu.linkonce.t.*)
 .text          0x000100c8        0x4 build/dummy.o
                0x000100c8                I_InitTimidityConfig
 .text          0x000100cc     0x3288 build/am_map.o
                0x000100cc                AM_getIslope
                0x00010194                AM_activateNewScale
                0x00010274                AM_saveScaleAndLoc
                0x00010298                AM_restoreScaleAndLoc
                0x00010338                AM_addMark
                0x000103ac                AM_findMinMaxBoundaries
                0x00010524                AM_changeWindowLoc
                0x000105d0                AM_initVariables
                0x0001075c                AM_loadPics
                0x000107d4                AM_unloadPics
                0x00010834                AM_clearMarks
                0x0001086c                AM_LevelInit
                0x0001090c                AM_Stop
                0x00010984                AM_Start
                0x00010a98                AM_minOutWindowScale
                0x00010ac0                AM_maxOutWindowScale
                0x00010ae8                AM_Responder
                0x00010f20                AM_changeWindowScale
                0x00010f80                AM_doFollowPlayer
                0x00011064                AM_updateLightLev
                0x000110d8                AM_Ticker
                0x00011168                AM_clearFB
                0x000111a0                AM_clipMline
                0x000117e0                AM_drawFline
                0x00011d80                AM_drawMline
                0x000120d8                AM_drawGrid
                0x00012274                AM_drawWalls
                0x000124ac                AM_rotate
                0x0001256c                AM_drawLineCharacter
                0x000129b4                AM_drawPlayers
                0x00012e48                AM_drawThings
                0x00013138                AM_drawMarks
                0x00013248                AM_drawCrosshair
                0x00013290                AM_Drawer
 .text          0x00013354        0x0 build/doomdef.o
 .text          0x00013354        0x0 build/doomstat.o
 .text          0x00013354        0x0 build/dstrings.o
 .text          0x00013354       0xa8 build/d_event.o
                0x00013354                D_PostEvent
                0x000133b4                D_PopEvent
 .text          0x000133fc        0x0 build/d_items.o
 .text          0x000133fc      0xa50 build/d_iwad.o
                0x000135cc                D_FindWADByName
                0x0001360c                D_TryFindWADByName
                0x00013658                D_FindIWAD
                0x00013a9c                D_FindAllIWADs
                0x00013b5c                D_SaveGameIWADName
                0x00013c04                D_SuggestIWADName
                0x00013cf8                D_SuggestGameName
 .text          0x00013e4c      0xb60 build/d_loop.o
                0x00013e4c                D_QuitNetGame
                0x00013f84                NetUpdate
                0x00014048                D_ReceiveTic
                0x00014228                D_StartGameLoop
                0x00014290                D_StartNetGame
                0x000142bc                D_InitNetGame
                0x000142f8                TryRunTics
                0x000149a4                D_RegisterLoopCallbacks
 .text          0x000149ac     0x1970 build/d_main.o
                0x000149ac                D_GrabMouseCallback
                0x00014e3c                D_ProcessEvents
                0x00014e90                D_Display
                0x00014ea0                D_BindVariables
                0x00015008                doomgeneric_Tick
                0x00015064                D_DoomLoop
                0x00015168                D_PageTicker
                0x00015188                D_PageDrawer
                0x000151b4                D_AdvanceDemo
                0x000151c0                D_DoAdvanceDemo
                0x000153b0                D_StartTitle
                0x000153c8                D_IdentifyVersion
                0x00015628                D_SetGameDescription
                0x00015764                PrintDehackedBanners
                0x00015768                PrintGameVersion
                0x00015828                D_DoomMain
 .text          0x0001631c      0x43c build/d_mode.o
                0x0001631c                D_ValidGameMode
                0x000163ac                D_ValidEpisodeMap
                0x0001651c                D_GetNumEpisodes
                0x00016678                D_ValidGameVersion
                0x0001670c                D_IsEpisodeMap
                0x0001672c                D_GameMissionString
 .text          0x00016758      0x5f0 build/d_net.o
                0x00016a08                D_ConnectNetGame
                0x00016af0                D_CheckNetGame
 .text          0x00016d48     0x1708 build/f_finale.o
                0x00016d48                F_StartFinale
                0x00016fb0                F_Responder
                0x00017078                F_Ticker
                0x000176cc                F_TextWrite
                0x00017848                F_StartCast
                0x000178c8                F_CastTicker
                0x00017db0                F_CastResponder
                0x00017e68                F_CastPrint
                0x00017fb0                F_CastDrawer
                0x00018074                F_DrawPatchCol
                0x0001810c                F_BunnyScroll
                0x000183a8                F_Drawer
 .text          0x00018450      0x880 build/f_wipe.o
                0x00018450                wipe_doColorXForm
                0x000184dc                wipe_exitColorXForm
                0x000184e4                wipe_doMelt
                0x000186e4                wipe_initColorXForm
                0x00018710                wipe_exitMelt
                0x00018740                wipe_initMelt
                0x00018a64                wipe_shittyColMajorXform
                0x00018b30                wipe_StartScreen
                0x00018b64                wipe_EndScreen
                0x00018bd8                wipe_ScreenWipe
 .text          0x00018cd0     0x37bc build/g_game.o
                0x00018cd0                G_CmdChecksum
                0x00018ce8                G_BuildTiccmd
                0x00019768                G_DoLoadLevel
                0x00019938                G_Responder
                0x00019f98                G_PlayerFinishLevel
                0x0001a030                G_PlayerReborn
                0x0001a14c                G_InitPlayer
                0x0001a150                G_CheckSpot
                0x0001a568                G_DeathMatchSpawnPlayer
                0x0001a668                G_DoReborn
                0x0001a850                G_ScreenShot
                0x0001a85c                G_ExitLevel
                0x0001a86c                G_SecretExitLevel
                0x0001a8c0                G_DoCompleted
                0x0001ae70                G_WorldDone
                0x0001aeec                G_DoWorldDone
                0x0001af24                G_LoadGame
                0x0001af54                G_SaveGame
                0x0001af84                G_DoSaveGame
                0x0001afa4                G_DeferedInitNew
                0x0001afbc                G_InitNew
                0x0001b334                G_DoLoadGame
                0x0001b418                G_DoNewGame
                0x0001b474                G_RecordDemo
                0x0001b528                G_VanillaVersionCode
                0x0001b580                G_BeginRecording
                0x0001b718                G_DeferedPlayDemo
                0x0001b728                G_DoPlayDemo
                0x0001b9c0                G_TimeDemo
                0x0001ba08                G_CheckDemoStatus
                0x0001bb78                G_ReadDemoTiccmd
                0x0001bc10                G_WriteDemoTiccmd
                0x0001bd64                G_Ticker
 .text          0x0001c48c      0xf84 build/hu_lib.o
                0x0001c48c                HUlib_init
                0x0001c490                HUlib_clearTextLine
                0x0001c4a4                HUlib_initTextLine
                0x0001c4c8                HUlib_addCharToTextLine
                0x0001c504                HUlib_delCharFromTextLine
                0x0001c534                HUlib_drawTextLine
                0x0001c6a0                HUlib_eraseTextLine
                0x0001c7dc                HUlib_initSText
                0x0001c8f4                HUlib_addLineToSText
                0x0001c964                HUlib_addMessageToSText
                0x0001cac8                HUlib_drawSText
                0x0001cc18                HUlib_eraseSText
                0x0001d084                HUlib_initIText
                0x0001d0b4                HUlib_delCharFromIText
                0x0001d0e4                HUlib_eraseLineFromIText
                0x0001d118                HUlib_resetIText
                0x0001d130                HUlib_addPrefixToIText
                0x0001d198                HUlib_keyInIText
                0x0001d244                HUlib_drawIText
                0x0001d25c                HUlib_eraseIText
 .text          0x0001d410      0xf84 build/hu_stuff.o
                0x0001d410                HU_Init
                0x0001d48c                HU_Stop
                0x0001d494                HU_Start
                0x0001d6f8                HU_Drawer
                0x0001d74c                HU_Erase
                0x0001d784                HU_Ticker
                0x0001dce8                HU_queueChatChar
                0x0001dd28                HU_dequeueChatChar
                0x0001dd58                HU_Responder
 .text          0x0001e394        0x0 build/info.o
 .text          0x0001e394       0x48 build/i_cdmus.o
                0x0001e394                I_CDMusInit
                0x0001e39c                I_CDMusPrintStartup
                0x0001e3a0                I_CDMusPlay
                0x0001e3a8                I_CDMusStop
                0x0001e3b0                I_CDMusResume
                0x0001e3b8                I_CDMusSetVolume
                0x0001e3c4                I_CDMusFirstTrack
                0x0001e3cc                I_CDMusLastTrack
                0x0001e3d4                I_CDMusTrackLength
 .text          0x0001e3dc        0x4 build/i_endoom.o
                0x0001e3dc                I_Endoom
 .text          0x0001e3e0      0x104 build/i_joystick.o
                0x0001e3e0                I_ShutdownJoystick
                0x0001e3e4                I_InitJoystick
                0x0001e3e8                I_UpdateJoystick
                0x0001e3ec                I_BindJoystickVariables
 .text          0x0001e4e4     0x22c4 build/i_scale.o
                0x0002070c                I_InitScale
                0x0002071c                I_ResetScaleTables
 .text          0x000207a8      0x270 build/i_sound.o
                0x000207a8                I_InitSound
                0x00020810                I_ShutdownSound
                0x00020824                I_GetSfxLumpNum
                0x0002083c                I_UpdateSound
                0x00020850                I_UpdateSoundParams
                0x000208a0                I_StartSound
                0x000208f4                I_StopSound
                0x00020908                I_SoundIsPlaying
                0x00020920                I_PrecacheSounds
                0x00020938                I_InitMusic
                0x0002093c                I_ShutdownMusic
                0x00020940                I_SetMusicVolume
                0x00020944                I_PauseSong
                0x00020948                I_ResumeSong
                0x0002094c                I_RegisterSong
                0x00020954                I_UnRegisterSong
                0x00020958                I_PlaySong
                0x0002095c                I_StopSong
                0x00020960                I_MusicIsPlaying
                0x00020968                I_BindSoundVariables
 .text          0x00020a18      0x5b0 build/i_system.o
                0x00020a18                I_AtExit
                0x00020a5c                I_Tactile
                0x00020a60                I_PrintBanner
                0x00020abc                I_PrintDivider
                0x00020af0                I_PrintStartupBanner
                0x00020bac                I_ConsoleStdout
                0x00020bb4                I_Quit
                0x00020be8                I_Error
                0x00020cd4                I_ZoneBase
                0x00020d80                I_GetMemoryValue
 .text          0x00020fc8       0x98 build/i_timer.o
                0x00020fc8                I_GetTicks
                0x00020fcc                I_GetTime
                0x0002101c                I_GetTimeMS
                0x00021054                I_Sleep
                0x00021058                I_WaitVBL
                0x0002105c                I_InitTimer
 .text          0x00021060      0x340 build/memio.o
                0x00021060                mem_fopen_read
                0x000210ac                mem_fread
                0x00021188                mem_fopen_write
                0x000211e4                mem_fwrite
                0x000212d8                mem_get_buf
                0x000212ec                mem_fclose
                0x00021328                mem_ftell
                0x00021330                mem_fseek
 .text          0x000213a0      0x230 build/m_argv.o
                0x000213a0                M_CheckParmWithArgs
                0x00021450                M_ParmExists
                0x000214e4                M_CheckParm
                0x0002157c                M_FindResponseFile
                0x00021580                M_GetExecutableName
 .text          0x000215d0       0x5c build/m_bbox.o
                0x000215d0                M_ClearBox
                0x000215ec                M_AddToBox
 .text          0x0002162c       0xf0 build/m_cheat.o
                0x0002162c                cht_CheckCheat
                0x00021708                cht_GetParam
 .text          0x0002171c      0x874 build/m_config.o
                0x0002171c                M_SetConfigFilenames
                0x00021728                M_SaveDefaults
                0x0002172c                M_SaveDefaultsAlternate
                0x00021730                M_LoadDefaults
                0x00021810                M_BindVariable
                0x00021910                M_SetVariable
                0x00021b3c                M_GetIntVariable
                0x00021c58                M_GetStrVariable
                0x00021d74                M_GetFloatVariable
                0x00021e94                M_SetConfigDir
                0x00021f08                M_GetSaveGameDir
 .text          0x00021f90      0x870 build/m_controls.o
                0x00021f90                M_BindBaseControls
                0x00022150                M_BindHereticControls
                0x000221f0                M_BindHexenControls
                0x000222b0                M_BindStrifeControls
                0x00022410                M_BindWeaponControls
                0x00022500                M_BindMapControls
                0x000225d0                M_BindMenuControls
                0x00022770                M_BindChatControls
                0x000227fc                M_ApplyPlatformDefaults
 .text          0x00022800       0xc8 build/m_fixed.o
                0x00022800                FixedMul
                0x00022830                FixedDiv
 .text          0x000228c8     0x2fc0 build/m_menu.o
                0x000228c8                M_Sound
                0x000228e0                M_Options
                0x000228fc                M_ChangeMessages
                0x00022950                M_ReadThis
                0x0002296c                M_FinishReadThis
                0x00022988                M_DrawReadThis2
                0x000229c0                M_DrawMainMenu
                0x000229f0                M_DrawNewGame
                0x00022a40                M_DrawEpisode
                0x00022a70                M_LoadSelect
                0x00022aa4                M_SaveSelect
                0x00022b18                M_QuitDOOM
                0x00022bbc                M_DrawReadThis1
                0x00022cac                M_SfxVol
                0x00022cf0                M_MusicVol
                0x00022d34                M_SizeDisplay
                0x00022d9c                M_ChangeSensitivity
                0x00022dd8                M_ChangeDetail
                0x00022e48                M_QuickSaveResponse
                0x00022eb0                M_VerifyNightmare
                0x00022ee8                M_ChooseSkill
                0x00022f50                M_EndGameResponse
                0x00022f70                M_NewGame
                0x00022ffc                M_Episode
                0x000230c4                M_ReadThis2
                0x00023114                M_DrawOptions
                0x0002343c                M_DrawSound
                0x000234a4                M_EndGame
                0x0002351c                M_QuickLoadResponse
                0x00023568                M_QuitResponse
                0x000235f0                M_DrawLoad
                0x000237c4                M_DrawSave
                0x00023adc                M_ReadSaveStrings
                0x00023bd0                M_LoadGame
                0x00023c20                M_SaveGame
                0x00023c7c                M_DrawSaveLoadBorder
                0x00023d24                M_DoSave
                0x00023d70                M_QuickSave
                0x00023e7c                M_QuickLoad
                0x00023f2c                M_DrawThermo
                0x0002403c                M_DrawEmptyCell
                0x00024094                M_DrawSelCell
                0x000240ec                M_StartMessage
                0x00024110                M_StopMessage
                0x00024120                M_StringWidth
                0x000241e0                M_StringHeight
                0x00024280                M_WriteText
                0x0002437c                M_Responder
                0x00025348                M_StartControlPanel
                0x00025374                M_Drawer
                0x00025788                M_ClearMenus
                0x00025790                M_SetupNextMenu
                0x000257a0                M_Ticker
                0x000257d4                M_Init
 .text          0x00025888      0xa94 build/m_misc.o
                0x00025888                M_MakeDirectory
                0x00025890                M_FileExists
                0x000258d4                M_FileLength
                0x0002593c                M_WriteFile
                0x000259bc                M_ReadFile
                0x00025ab8                M_StrToInt
                0x00025b68                M_ExtractFileBase
                0x00025c54                M_ForceUppercase
                0x00025c90                M_StrCaseStr
                0x00025d4c                M_StringDuplicate
                0x00025db0                M_StringReplace
                0x00025f00                M_StringCopy
                0x00025f54                M_StringConcat
                0x00025fd4                M_StringStartsWith
                0x00026054                M_StringEndsWith
                0x000260e8                M_StringJoin
                0x00026220                M_TempFile
                0x0002623c                M_vsnprintf
                0x00026298                M_snprintf
 .text          0x0002631c       0x54 build/m_random.o
                0x0002631c                P_Random
                0x00026340                M_Random
                0x00026364                M_ClearRandom
 .text          0x00026370      0x5dc build/p_ceilng.o
                0x00026370                T_MoveCeiling
                0x000265c8                EV_DoCeiling
                0x00026800                P_AddActiveCeiling
                0x00026840                P_RemoveActiveCeiling
                0x000268a8                P_ActivateInStasisCeiling
                0x000268f8                EV_CeilingCrushStop
 .text          0x0002694c      0xa5c build/p_doors.o
                0x0002694c                T_VerticalDoor
                0x00026b4c                EV_DoDoor
                0x00026ea8                EV_DoLockedDoor
                0x00026f90                EV_VerticalDoor
                0x000272a4                P_SpawnDoorCloseIn30
                0x00027310                P_SpawnDoorRaiseIn5Mins
 .text          0x000273a8     0x411c build/p_enemy.o
                0x000273a8                PIT_VileCheck
                0x00027660                P_RecursiveSound
                0x00027818                P_NoiseAlert
                0x0002793c                P_CheckMeleeRange
                0x000279c8                P_CheckMissileRange
                0x00027b00                P_Move
                0x00027cb0                P_TryWalk
                0x00027e54                P_NewChaseDir
                0x00028518                P_LookForPlayers
                0x00028748                A_KeenDie
                0x000287c4                A_Look
                0x000288e4                A_Chase
                0x00028d14                A_FaceTarget
                0x00028dac                A_PosAttack
                0x00028ea4                A_SPosAttack
                0x00028fc8                A_CPosAttack
                0x000290c8                A_CPosRefire
                0x000291b8                A_SpidRefire
                0x000292a8                A_BspiAttack
                0x00029354                A_TroopAttack
                0x00029494                A_SargAttack
                0x000295a0                A_HeadAttack
                0x000296cc                A_CyberAttack
                0x00029778                A_BruisAttack
                0x0002984c                A_SkelMissile
                0x00029930                A_Tracer
                0x00029b34                A_SkelWhoosh
                0x00029bdc                A_SkelFist
                0x00029d08                A_VileChase
                0x00029f20                A_VileStart
                0x00029f28                A_StartFire
                0x0002a00c                A_FireCrackle
                0x0002a0f0                A_Fire
                0x0002a1cc                A_VileTarget
                0x0002a280                A_VileAttack
                0x0002a408                A_FatRaise
                0x0002a4ac                A_FatAttack1
                0x0002a5cc                A_FatAttack2
                0x0002a6f0                A_FatAttack3
                0x0002a870                A_SkullAttack
                0x0002aad8                A_PainShootSkull
                0x0002ab30                A_PainAttack
                0x0002ac24                A_PainDie
                0x0002ad8c                A_Scream
                0x0002ae44                A_XScream
                0x0002ae4c                A_Pain
                0x0002ae60                A_Fall
                0x0002ae70                A_Explode
                0x0002ae7c                A_BossDeath
                0x0002b0bc                A_Hoof
                0x0002b0e0                A_Metal
                0x0002b104                A_BabyMetal
                0x0002b128                A_OpenShotgun2
                0x0002b134                A_LoadShotgun2
                0x0002b140                A_CloseShotgun2
                0x0002b180                A_BrainAwake
                0x0002b200                A_BrainPain
                0x0002b20c                A_BrainScream
                0x0002b2e4                A_BrainExplode
                0x0002b388                A_BrainDie
                0x0002b38c                A_BrainSpit
                0x0002b44c                A_SpawnSound
                0x0002b48c                A_SpawnFly
                0x0002b4a4                A_PlayerScream
 .text          0x0002b4c4      0xedc build/p_floor.o
                0x0002b4c4                T_MoveFloor
                0x0002b6c0                T_MovePlane
                0x0002b908                EV_DoFloor
                0x0002c168                EV_BuildStairs
 .text          0x0002c3a0     0x1580 build/p_inter.o
                0x0002c3a0                P_GiveAmmo
                0x0002c540                P_GiveWeapon
                0x0002c6e0                P_GiveBody
                0x0002c72c                P_GiveArmor
                0x0002c760                P_GiveCard
                0x0002c784                P_GivePower
                0x0002c864                P_TouchSpecialThing
                0x0002d2a4                P_KillMobj
                0x0002d528                P_DamageMobj
 .text          0x0002d920      0x6ac build/p_lights.o
                0x0002d920                T_StrobeFlash
                0x0002d964                T_Glow
                0x0002d9d8                T_FireFlicker
                0x0002da3c                T_LightFlash
                0x0002dac4                P_SpawnFireFlicker
                0x0002db38                P_SpawnLightFlash
                0x0002dbc4                P_SpawnStrobeFlash
                0x0002dc94                EV_StartLightStrobing
                0x0002dd98                EV_TurnTagLightsOff
                0x0002de6c                EV_LightTurnOn
                0x0002df58                P_SpawnGlowingLight
 .text          0x0002dfcc     0x1bfc build/p_map.o
                0x0002dfcc                PIT_StompThing
                0x0002e080                PIT_CheckLine
                0x0002e298                PIT_CheckThing
                0x0002e4d0                PTR_SlideTraverse
                0x0002e5b8                PTR_AimTraverse
                0x0002e788                PTR_ShootTraverse
                0x0002eb30                PTR_UseTraverse
                0x0002ebb4                PIT_RadiusAttack
                0x0002eda0                P_TeleportMove
                0x0002ef58                P_CheckPosition
                0x0002f174                PIT_ChangeSector
                0x0002f2f0                P_TryMove
                0x0002f4b8                P_ThingHeightClip
                0x0002f53c                P_HitSlideLine
                0x0002f560                P_SlideMove
                0x0002f830                P_AimLineAttack
                0x0002f924                P_LineAttack
                0x0002f9fc                P_UseLines
                0x0002fa54                P_RadiusAttack
                0x0002fb1c                P_ChangeSector
 .text          0x0002fbc8     0x15c0 build/p_maputl.o
                0x0002fbc8                P_AproxDistance
                0x0002fc20                P_PointOnLineSide
                0x0002fccc                P_BoxOnLineSide
                0x0002ff28                P_PointOnDivlineSide
                0x0002ffe4                P_MakeDivline
                0x0003000c                P_InterceptVector
                0x000300c8                P_LineOpening
                0x00030138                P_UnsetThingPosition
                0x00030210                P_SetThingPosition
                0x000302f4                P_BlockLinesIterator
                0x000303e4                P_BlockThingsIterator
                0x00030480                PIT_AddLineIntercepts
                0x00030900                PIT_AddThingIntercepts
                0x00030c30                P_TraverseIntercepts
                0x00030d40                P_PathTraverse
 .text          0x00031188     0x1ce8 build/p_mobj.o
                0x00031188                P_SpawnMobj
                0x00031328                P_RemoveMobj
                0x000313ec                P_SetMobjState
                0x000314b4                P_NightmareRespawn
                0x000315fc                P_ExplodeMissile
                0x00031738                P_ZMovement
                0x000319ec                P_XYMovement
                0x00031e50                P_MobjThinker
                0x00031fcc                P_RespawnSpecials
                0x00032174                P_SpawnPlayer
                0x00032378                P_SpawnMapThing
                0x0003273c                P_SpawnPuff
                0x00032860                P_SpawnBlood
                0x000329fc                P_CheckMissileSpawn
                0x00032a94                P_SubstNullMobj
                0x00032abc                P_SpawnMissile
                0x00032c9c                P_SpawnPlayerMissile
 .text          0x00032e70      0x69c build/p_plats.o
                0x00032e70                T_PlatRaise
                0x000330a4                EV_DoPlat
                0x000333b8                P_ActivateInStasis
                0x00033408                EV_StopPlat
                0x00033454                P_AddActivePlat
                0x0003349c                P_RemoveActivePlat
 .text          0x0003350c     0x1c84 build/p_pspr.o
                0x0003350c                P_SetPsprite
                0x000335e0                P_CalcSwing
                0x00033694                P_BringUpWeapon
                0x00033790                P_CheckAmmo
                0x00033980                P_FireWeapon
                0x00033a6c                P_DropWeapon
                0x00033b2c                A_WeaponReady
                0x00033dec                A_ReFire
                0x00033f24                A_CheckReload
                0x00033f28                A_Lower
                0x00034064                A_Raise
                0x00034144                A_GunFlash
                0x00034210                A_Punch
                0x000342e8                A_Saw
                0x0003443c                A_FireMissile
                0x0003447c                A_FireBFG
                0x000344bc                A_FirePlasma
                0x000345bc                P_BulletSlope
                0x00034634                P_GunShot
                0x000346b8                A_FirePistol
                0x00034884                A_FireShotgun
                0x00034a60                A_FireShotgun2
                0x00034c60                A_FireCGun
                0x00034ec0                A_Light0
                0x00034ec8                A_Light1
                0x00034ed4                A_Light2
                0x00034ee0                A_BFGSpray
                0x00034fd8                A_BFGsound
                0x00034fe4                P_SetupPsprites
                0x000350dc                P_MovePsprites
 .text          0x00035190     0x56d4 build/p_saveg.o
                0x000354e8                P_TempSaveGameFile
                0x00035520                P_SaveGameFile
                0x000355b0                P_WriteSaveGameHeader
                0x00035970                P_ReadSaveGameHeader
                0x00035cc8                P_ReadSaveGameEOF
                0x00035d38                P_WriteSaveGameEOF
                0x00035d98                P_ArchivePlayers
                0x00036960                P_UnArchivePlayers
                0x00037250                P_ArchiveWorld
                0x00037a6c                P_UnArchiveWorld
                0x000382f8                P_ArchiveThinkers
                0x000389ac                P_UnArchiveThinkers
                0x0003901c                P_ArchiveSpecials
                0x00039cc8                P_UnArchiveSpecials
 .text          0x0003a864     0x1494 build/p_setup.o
                0x0003a864                P_LoadVertexes
                0x0003a914                GetSectorAtNullAddress
                0x0003a990                P_LoadSegs
                0x0003ac10                P_LoadSubsectors
                0x0003acd8                P_LoadSectors
                0x0003ae30                P_LoadNodes
                0x0003b014                P_LoadThings
                0x0003b14c                P_LoadLineDefs
                0x0003b3d4                P_LoadSideDefs
                0x0003b528                P_LoadBlockMap
                0x0003b5c0                P_GroupLines
                0x0003b8d0                P_SetupLevel
                0x0003bcd4                P_Init
 .text          0x0003bcf8      0xa40 build/p_sight.o
                0x0003bcf8                P_DivlineSide
                0x0003bdbc                P_InterceptVector2
                0x0003be78                P_CrossSubsector
                0x0003c360                P_CrossBSPNode
                0x0003c5a4                P_CheckSight
 .text          0x0003c738     0x1588 build/p_spec.o
                0x0003c738                P_InitPicAnims
                0x0003c878                getSide
                0x0003c8c8                getSector
                0x0003c91c                twoSided
                0x0003c954                getNextSector
                0x0003c980                P_FindLowestFloorSurrounding
                0x0003c9d8                P_FindHighestFloorSurrounding
                0x0003ca3c                P_FindNextHighestFloor
                0x0003cb68                P_FindLowestCeilingSurrounding
                0x0003cbd4                P_FindHighestCeilingSurrounding
                0x0003cc38                P_FindSectorFromLineTag
                0x0003cc94                P_FindMinSurroundingLight
                0x0003cce8                P_CrossSpecialLine
                0x0003d250                P_ShootSpecialLine
                0x0003d304                P_PlayerInSpecialSector
                0x0003d474                P_UpdateSpecials
                0x0003d6d8                EV_DoDonut
                0x0003d9a4                P_SpawnSpecials
 .text          0x0003dcc0     0x108c build/p_switch.o
                0x0003dcc0                P_InitSwitchList
                0x0003ddbc                P_StartButton
                0x0003e060                P_ChangeSwitchTexture
                0x0003e918                P_UseSpecialLine
 .text          0x0003ed4c      0x244 build/p_telept.o
                0x0003ed4c                EV_Teleport
 .text          0x0003ef90      0x204 build/p_tick.o
                0x0003ef90                P_InitThinkers
                0x0003efa4                P_AddThinker
                0x0003efc4                P_RemoveThinker
                0x0003efd0                P_AllocateThinker
                0x0003efd4                P_RunThinkers
                0x0003f050                P_Ticker
 .text          0x0003f194      0x780 build/p_user.o
                0x0003f194                P_Thrust
                0x0003f214                P_CalcHeight
                0x0003f3a0                P_MovePlayer
                0x0003f540                P_DeathThink
                0x0003f64c                P_PlayerThink
 .text          0x0003f914      0x8fc build/r_bsp.o
                0x0003f914                R_ClearDrawSegs
                0x0003f924                R_ClipSolidWallSegment
                0x0003fa94                R_ClipPassWallSegment
                0x0003fb30                R_ClearClipSegs
                0x0003fb6c                R_AddLine
                0x0003fce4                R_CheckBBox
                0x0003fec8                R_Subsector
                0x00040128                R_RenderBSPNode
 .text          0x00040210     0x14d8 build/r_data.o
                0x00040210                R_DrawColumnInCache
                0x000402dc                R_GenerateComposite
                0x00040534                R_GenerateLookup
                0x00040788                R_GetColumn
                0x0004083c                R_InitTextures
                0x00040e90                R_InitFlats
                0x00040f1c                R_InitSpriteLumps
                0x00041090                R_InitColormaps
                0x000410bc                R_InitData
                0x0004118c                R_FlatNumForName
                0x00041208                R_CheckTextureNumForName
                0x000412a0                R_TextureNumForName
                0x00041340                R_PrecacheLevel
 .text          0x000416e8      0xeac build/r_draw.o
                0x000416e8                R_DrawColumn
                0x000417d8                R_DrawColumnLow
                0x000418e4                R_DrawFuzzColumn
                0x00041a04                R_DrawFuzzColumnLow
                0x00041b70                R_DrawTranslatedColumn
                0x00041c68                R_DrawTranslatedColumnLow
                0x00041db0                R_InitTranslationTables
                0x00041e5c                R_DrawSpan
                0x00041f6c                R_DrawSpanLow
                0x000420ac                R_InitBuffer
                0x00042138                R_FillBackScreen
                0x00042440                R_VideoErase
                0x00042460                R_DrawViewBorder
 .text          0x00042594     0x1198 build/r_main.o
                0x00042594                R_AddPointToBox
                0x000425c8                R_PointOnSide
                0x00042678                R_PointOnSegSide
                0x00042740                R_PointToAngle
                0x000428fc                R_PointToAngle2
                0x00042abc                R_PointToDist
                0x00042b68                R_InitPointToAngle
                0x00042b6c                R_ScaleFromGlobalAngle
                0x00042c38                R_InitTables
                0x00042c3c                R_InitTextureMapping
                0x00042e70                R_InitLightTables
                0x00042f6c                R_SetViewSize
                0x00042f80                R_ExecuteSetViewSize
                0x00043364                R_Init
                0x000434c8                R_PointInSubsector
                0x00043620                R_SetupFrame
                0x000436e4                R_RenderPlayerView
 .text          0x0004372c      0x910 build/r_plane.o
                0x0004372c                R_InitPlanes
                0x00043730                R_MapPlane
                0x00043918                R_ClearPlanes
                0x00043a38                R_FindPlane
                0x00043b2c                R_CheckPlane
                0x00043be0                R_MakeSpans
                0x00043d20                R_DrawPlanes
 .text          0x0004403c     0x1030 build/r_segs.o
                0x0004403c                R_RenderMaskedSegRange
                0x00044300                R_RenderSegLoop
                0x00044710                R_StoreWallRange
 .text          0x0004506c        0xc build/r_sky.o
                0x0004506c                R_InitSkyMap
 .text          0x00045078     0x166c build/r_things.o
                0x00045078                R_InstallSpriteLump
                0x000452c4                R_InitSpriteDefs
                0x00045680                R_InitSprites
                0x000456a4                R_ClearSprites
                0x000456b4                R_NewVisSprite
                0x000456dc                R_DrawMaskedColumn
                0x00045848                R_DrawVisSprite
                0x000459d8                R_ProjectSprite
                0x00045d34                R_AddSprites
                0x00045dcc                R_DrawPSprite
                0x00046018                R_DrawPlayerSprites
                0x000460e8                R_SortVisSprites
                0x000461dc                R_DrawSprite
                0x000465a4                R_DrawMasked
 .text          0x000466e4     0x2200 build/sha1.o
                0x00047ffc                SHA1_Init
                0x00048044                SHA1_Update
                0x000481e4                SHA1_Final
                0x000486e8                SHA1_UpdateInt32
                0x000488ac                SHA1_UpdateString
 .text          0x000488e4        0x0 build/sounds.o
 .text          0x000488e4       0x88 build/statdump.o
                0x000488e4                StatCopy
                0x00048968                StatDump
 .text          0x0004896c      0x5b0 build/st_lib.o
                0x0004896c                STlib_init
                0x00048994                STlib_initNum
                0x000489b4                STlib_drawNum
                0x00048b80                STlib_updateNum
                0x00048b94                STlib_initPercent
                0x00048bbc                STlib_updatePercent
                0x00048c30                STlib_initMultIcon
                0x00048c50                STlib_updateMultIcon
                0x00048da8                STlib_initBinIcon
                0x00048dc4                STlib_updateBinIcon
 .text          0x00048f1c     0x1d74 build/st_stuff.o
                0x000495c8                ST_refreshBackground
                0x0004963c                ST_Responder
                0x00049b9c                ST_calcPainOffset
                0x00049c00                ST_updateFaceWidget
                0x0004a1bc                ST_updateWidgets
                0x0004a348                ST_Ticker
                0x0004a380                ST_doPaletteStuff
                0x0004a488                ST_drawWidgets
                0x0004a5a4                ST_doRefresh
                0x0004a628                ST_diffDraw
                0x0004a630                ST_Drawer
                0x0004a6f4                ST_loadGraphics
                0x0004a6f8                ST_loadData
                0x0004a71c                ST_unloadGraphics
                0x0004a720                ST_unloadData
                0x0004a724                ST_initData
                0x0004a7cc                ST_createWidgets
                0x0004ab28                ST_Start
                0x0004ac18                ST_Stop
                0x0004ac50                ST_Init
 .text          0x0004ac90      0xc70 build/s_sound.o
                0x0004ac90                S_Shutdown
                0x0004ae10                S_Init
                0x0004af1c                S_StopSound
                0x0004af9c                S_StartSound
                0x0004b3d8                S_PauseSound
                0x0004b40c                S_ResumeSound
                0x0004b43c                S_UpdateSounds
                0x0004b588                S_SetMusicVolume
                0x0004b5c4                S_SetSfxVolume
                0x0004b604                S_ChangeMusic
                0x0004b758                S_Start
                0x0004b898                S_StartMusic
                0x0004b8a0                S_MusicPlaying
                0x0004b8a4                S_StopMusic
 .text          0x0004b900       0x48 build/tables.o
                0x0004b900                SlopeDiv
 .text          0x0004b948     0x2194 build/v_video.o
                0x0004b948                V_MarkRect
                0x0004b9b8                V_CopyRect
                0x0004bafc                V_SetPatchClipCallback
                0x0004bb04                V_DrawPatch
                0x0004bd70                V_DrawPatchFlipped
                0x0004bfac                V_DrawPatchDirect
                0x0004bfb0                V_DrawTLPatch
                0x0004c15c                V_DrawXlaPatch
                0x0004c2c0                V_DrawAltTLPatch
                0x0004c46c                V_DrawShadowedPatch
                0x0004c630                V_LoadTintTable
                0x0004c658                V_LoadXlaTable
                0x0004c680                V_DrawBlock
                0x0004c788                V_DrawFilledBox
                0x0004c8e4                V_DrawHorizLine
                0x0004c9ec                V_DrawVertLine
                0x0004ca20                V_DrawBox
                0x0004ccf4                V_DrawRawScreen
                0x0004cd08                V_Init
                0x0004cd0c                V_UseBuffer
                0x0004cd14                V_RestoreBuffer
                0x0004cd20                WritePCXfile
                0x0004cf10                V_ScreenShot
                0x0004d12c                V_DrawMouseSpeedBox
 .text          0x0004dadc     0x61a0 build/wi_stuff.o
                0x0004e9c8                WI_slamBackground
                0x0004e9d8                WI_Responder
                0x0004e9e0                WI_drawLF
                0x0004eb50                WI_drawEL
                0x0004ec18                WI_drawOnLnode
                0x0004ed8c                WI_initAnimatedBack
                0x0004edac                WI_updateAnimatedBack
                0x0004edcc                WI_drawAnimatedBack
                0x0004eeb8                WI_drawNum
                0x0004f04c                WI_drawPercent
                0x0004f164                WI_drawTime
                0x0004f368                WI_End
                0x0004f36c                WI_initNoState
                0x0004f384                WI_updateNoState
                0x0004f3e8                WI_initShowNextLoc
                0x0004f41c                WI_updateShowNextLoc
                0x0004f490                WI_drawShowNextLoc
                0x0004f708                WI_drawNoState
                0x0004f714                WI_fragSum
                0x0004f7ac                WI_initDeathmatchStats
                0x0004f9d8                WI_updateDeathmatchStats
                0x000507d4                WI_drawDeathmatchStats
                0x00050f84                WI_initNetgameStats
                0x000513a8                WI_updateNetgameStats
                0x000523ec                WI_drawNetgameStats
                0x00052c18                WI_initStats
                0x00052c70                WI_updateStats
                0x00053110                WI_drawStats
                0x00053564                WI_checkForAccelerate
                0x000536e4                WI_Ticker
                0x00053998                WI_loadData
                0x00053a18                WI_unloadData
                0x00053a1c                WI_Drawer
                0x00053a5c                WI_initVariables
                0x00053ad0                WI_Start
 .text          0x00053c7c      0x138 build/w_checksum.o
                0x00053c7c                W_Checksum
 .text          0x00053db4       0x50 build/w_file.o
                0x00053db4                W_OpenFile
                0x00053dec                W_CloseFile
                0x00053df8                W_Read
 .text          0x00053e04       0xc0 build/w_main.o
                0x00053e04                W_ParseCommandLine
 .text          0x00053ec4      0xe90 build/w_wad.o
                0x00053ec4                W_LumpNameHash
                0x00053f24                W_AddFile
                0x00054264                W_NumLumps
                0x0005426c                W_CheckNumForName
                0x000543f8                W_GetNumForName
                0x00054454                W_LumpLength
                0x000544bc                W_ReadLump
                0x0005456c                W_CacheLumpNum
                0x00054740                W_CacheLumpName
                0x00054928                W_ReleaseLumpNum
                0x000549a0                W_ReleaseLumpName
                0x00054a50                W_GenerateHashTable
                0x00054b70                W_CheckCorrectIWAD
 .text          0x00054d54      0x840 build/z_zone.o
                0x00054d54                Z_ClearZone
                0x00054d94                Z_Init
                0x00054df4                Z_Free
                0x00054ef4                Z_Malloc
                0x00055080                Z_FreeTags
                0x0005510c                Z_DumpHeap
                0x00055254                Z_FileDumpHeap
                0x00055374                Z_CheckHeap
                0x00055454                Z_ChangeTag2
                0x000554ec                Z_ChangeUser
                0x00055540                Z_FreeMemory
                0x00055588                Z_ZoneSize
 .text          0x00055594       0xf0 build/w_file_stdc.o
                0x00055594                W_StdC_Read
 .text          0x00055684      0x144 build/i_input.o
                0x00055684                I_GetEvent
                0x000557c4                I_InitInput
 .text          0x000557c8      0x610 build/i_video.o
                0x000557c8                cmap_to_rgb565
                0x0005582c                cmap_to_fb
                0x0005590c                I_InitGraphics
                0x00055a88                I_ShutdownGraphics
                0x00055a90                I_StartFrame
                0x00055a94                I_StartTic
                0x00055a98                I_UpdateNoBlit
                0x00055a9c                I_FinishUpdate
                0x00055c94                I_ReadScreen
                0x00055ca4                I_SetPalette
                0x00055d14                I_GetPaletteIndex
                0x00055db4                I_BeginRead
                0x00055db8                I_EndRead
                0x00055dbc                I_SetWindowTitle
                0x00055dc0                I_GraphicsCheckCommandLine
                0x00055dc4                I_SetGrabMouseCallback
                0x00055dc8                I_EnableLoadingDisk
                0x00055dcc                I_BindVideoVariables
                0x00055dd0                I_DisplayFPSDots
                0x00055dd4                I_CheckIsScreensaver
 .text          0x00055dd8       0x30 build/doomgeneric.o
                0x00055dd8                doomgeneric_Create
 .text          0x00055e08       0x5c build/doomgeneric_jane_cpu.o
                0x00055e08                DG_Init
                0x00055e14                DG_DrawFrame
                0x00055e20                DG_SleepMs
                0x00055e2c                DG_GetTicksMs
                0x00055e38                DG_GetKey
                0x00055e40                DG_SetWindowTitle
                0x00055e50                _start
 .text          0x00055e64      0x31c ../../minlibc//libminlibc.a(atof.o)
                0x00055e64                atof
 .text          0x00056180       0x90 ../../minlibc//libminlibc.a(atoi.o)
                0x00056180                atoi
 .text          0x00056210       0x28 ../../minlibc//libminlibc.a(errno.o)
                0x00056210                __errno_location
 .text          0x00056238       0x28 ../../minlibc//libminlibc.a(exit.o)
                0x00056238                exit
 .text          0x00056260       0x34 ../../minlibc//libminlibc.a(fclose.o)
                0x00056260                fclose
 .text          0x00056294       0x60 ../../minlibc//libminlibc.a(fflush.o)
                0x00056294                fflush
 .text          0x000562f4       0x38 ../../minlibc//libminlibc.a(fopen.o)
                0x000562f4                fopen
 .text          0x0005632c       0x74 ../../minlibc//libminlibc.a(fprintf.o)
                0x0005632c                fprintf
 .text          0x000563a0       0x4c ../../minlibc//libminlibc.a(fread.o)
                0x000563a0                fread
 .text          0x000563ec       0x48 ../../minlibc//libminlibc.a(fseek.o)
                0x000563ec                fseek
 .text          0x00056434       0x40 ../../minlibc//libminlibc.a(ftell.o)
                0x00056434                ftell
 .text          0x00056474       0xa8 ../../minlibc//libminlibc.a(fwrite.o)
                0x00056474                fwrite
 .text          0x0005651c       0x4c ../../minlibc//libminlibc.a(isdigit.o)
                0x0005651c                isdigit
 .text          0x00056568     0x3544 ../../minlibc//libminlibc.a(malloc.o)
                0x0005983c                malloc
                0x000598ec                free
                0x00059974                realloc
                0x00059a44                calloc
 .text          0x00059aac       0x78 ../../minlibc//libminlibc.a(memcpy.o)
                0x00059aac                memcpy
 .text          0x00059b24       0x68 ../../minlibc//libminlibc.a(memset.o)
                0x00059b24                memset
 .text          0x00059b8c       0x44 ../../minlibc//libminlibc.a(mkdir.o)
                0x00059b8c                mkdir
 .text          0x00059bd0       0x64 ../../minlibc//libminlibc.a(mmap.o)
                0x00059bd0                mmap
 .text          0x00059c34       0x44 ../../minlibc//libminlibc.a(mprotect.o)
                0x00059c34                mprotect
 .text          0x00059c78       0x3c ../../minlibc//libminlibc.a(munmap.o)
                0x00059c78                munmap
 .text          0x00059cb4      0x5dc ../../minlibc//libminlibc.a(printf.o)
                0x00059cb4                printf
                0x00059d2c                sscanf
                0x0005a018                fabs
                0x0005a098                abs
                0x0005a0d4                runtime_exit
                0x0005a0f4                runtime_memprotect
                0x0005a134                runtime_alloc
                0x0005a180                runtime_free
                0x0005a1ac                system_call
                0x0005a204                send_dma_l
                0x0005a254                runtime_write
 .text          0x0005a290       0x3c ../../minlibc//libminlibc.a(putchar.o)
                0x0005a290                putchar
 .text          0x0005a2cc       0x5c ../../minlibc//libminlibc.a(puts.o)
                0x0005a2cc                puts
 .text          0x0005a328       0x78 ../../minlibc//libminlibc.a(snprintf.o)
                0x0005a328                snprintf
 .text          0x0005a3a0        0x0 ../../minlibc//libminlibc.a(stdio_values.o)
 .text          0x0005a3a0      0x180 ../../minlibc//libminlibc.a(strcasecmp.o)
                0x0005a3a0                strcasecmp
                0x0005a438                strncasecmp
 .text          0x0005a520       0x7c ../../minlibc//libminlibc.a(strcmp.o)
                0x0005a520                strcmp
 .text          0x0005a59c       0x64 ../../minlibc//libminlibc.a(strdup.o)
                0x0005a59c                strdup
 .text          0x0005a600       0x58 ../../minlibc//libminlibc.a(strlen.o)
                0x0005a600                strlen
 .text          0x0005a658       0xa0 ../../minlibc//libminlibc.a(strncmp.o)
                0x0005a658                strncmp
 .text          0x0005a6f8       0x78 ../../minlibc//libminlibc.a(strncpy.o)
                0x0005a6f8                strncpy
 .text          0x0005a770       0x74 ../../minlibc//libminlibc.a(strrchr.o)
                0x0005a770                strrchr
 .text          0x0005a7e4       0x94 ../../minlibc//libminlibc.a(strstr.o)
                0x0005a7e4                strstr
 .text          0x0005a878       0x50 ../../minlibc//libminlibc.a(tolower.o)
                0x0005a878                tolower
 .text          0x0005a8c8       0x50 ../../minlibc//libminlibc.a(toupper.o)
                0x0005a8c8                toupper
 .text          0x0005a918       0x90 ../../minlibc//libminlibc.a(vfprintf.o)
                0x0005a918                vfprintf
 .text          0x0005a9a8     0x1114 ../../minlibc//libminlibc.a(vsnprintf.o)
                0x0005afc4                vsnprintf
 .text          0x0005babc       0x20 ../../minlibc//libminlibc.a(abort.o)
                0x0005babc                abort
 .text          0x0005badc       0x68 ../../minlibc//libminlibc.a(bzero.o)
                0x0005badc                bzero
 .text          0x0005bb44       0x54 ../../minlibc//libminlibc.a(fputc.o)
                0x0005bb44                fputc
 .text          0x0005bb98       0x58 ../../minlibc//libminlibc.a(isspace.o)
                0x0005bb98                isspace
 .text          0x0005bbf0       0x70 ../../minlibc//libminlibc.a(strchr.o)
                0x0005bbf0                strchr
 .text          0x0005bc60       0x6c ../../minlibc//libminlibc.a(strnlen.o)
                0x0005bc60                strnlen
 .text          0x0005bccc      0x5a4 /home/ubuntu/gcc-riscv/lib/gcc/riscv32-unknown-elf/15.1.0/libgcc.a(_divdi3.o)
                0x0005bccc                __divdi3
 .text          0x0005c270      0x5b4 /home/ubuntu/gcc-riscv/lib/gcc/riscv32-unknown-elf/15.1.0/libgcc.a(_udivdi3.o)
                0x0005c270                __udivdi3
 .text          0x0005c824      0x5a4 /home/ubuntu/gcc-riscv/lib/gcc/riscv32-unknown-elf/15.1.0/libgcc.a(_umoddi3.o)
                0x0005c824                __umoddi3
 .text          0x0005cdc8      0x74c /home/ubuntu/gcc-riscv/lib/gcc/riscv32-unknown-elf/15.1.0/libgcc.a(adddf3.o)
                0x0005cdc8                __adddf3
 .text          0x0005d514       0xd8 /home/ubuntu/gcc-riscv/lib/gcc/riscv32-unknown-elf/15.1.0/libgcc.a(ledf2.o)
                0x0005d514                __ltdf2
                0x0005d514                __ledf2
 .text          0x0005d5ec      0x69c /home/ubuntu/gcc-riscv/lib/gcc/riscv32-unknown-elf/15.1.0/libgcc.a(muldf3.o)
                0x0005d5ec                __muldf3
 .text          0x0005dc88      0x760 /home/ubuntu/gcc-riscv/lib/gcc/riscv32-unknown-elf/15.1.0/libgcc.a(subdf3.o)
                0x0005dc88                __subdf3
 .text          0x0005e3e8       0xa0 /home/ubuntu/gcc-riscv/lib/gcc/riscv32-unknown-elf/15.1.0/libgcc.a(floatsidf.o)
                0x0005e3e8                __floatsidf
 .text          0x0005e488       0xa4 /home/ubuntu/gcc-riscv/lib/gcc/riscv32-unknown-elf/15.1.0/libgcc.a(fixunsdfdi.o)
                0x0005e488                __fixunsdfdi
 .text          0x0005e52c      0x1b0 /home/ubuntu/gcc-riscv/lib/gcc/riscv32-unknown-elf/15.1.0/libgcc.a(floatundidf.o)
                0x0005e52c                __floatundidf
 .text          0x0005e6dc      0x374 /home/ubuntu/gcc-riscv/lib/gcc/riscv32-unknown-elf/15.1.0/libgcc.a(divsf3.o)
                0x0005e6dc                __divsf3
 .text          0x0005ea50      0x348 /home/ubuntu/gcc-riscv/lib/gcc/riscv32-unknown-elf/15.1.0/libgcc.a(mulsf3.o)
                0x0005ea50                __mulsf3
 .text          0x0005ed98      0x444 /home/ubuntu/gcc-riscv/lib/gcc/riscv32-unknown-elf/15.1.0/libgcc.a(subsf3.o)
                0x0005ed98                __subsf3
 .text          0x0005f1dc       0x70 /home/ubuntu/gcc-riscv/lib/gcc/riscv32-unknown-elf/15.1.0/libgcc.a(fixsfsi.o)
                0x0005f1dc                __fixsfsi
 .text          0x0005f24c      0x10c /home/ubuntu/gcc-riscv/lib/gcc/riscv32-unknown-elf/15.1.0/libgcc.a(floatsisf.o)
                0x0005f24c                __floatsisf
 .text          0x0005f358       0xd8 /home/ubuntu/gcc-riscv/lib/gcc/riscv32-unknown-elf/15.1.0/libgcc.a(extendsfdf2.o)
                0x0005f358                __extendsfdf2
 .text          0x0005f430      0x144 /home/ubuntu/gcc-riscv/lib/gcc/riscv32-unknown-elf/15.1.0/libgcc.a(truncdfsf2.o)
                0x0005f430                __truncdfsf2
 .text          0x0005f574       0x24 /home/ubuntu/gcc-riscv/lib/gcc/riscv32-unknown-elf/15.1.0/libgcc.a(muldi3.o)
                0x0005f574                __mulsi3
 .text          0x0005f598       0x8c /home/ubuntu/gcc-riscv/lib/gcc/riscv32-unknown-elf/15.1.0/libgcc.a(multi3.o)
                0x0005f598                __muldi3
 .text          0x0005f624       0xb4 /home/ubuntu/gcc-riscv/lib/gcc/riscv32-unknown-elf/15.1.0/libgcc.a(div.o)
                0x0005f624                __divsi3
                0x0005f62c                __hidden___udivsi3
                0x0005f62c                __udivsi3
                0x0005f674                __umodsi3
                0x0005f6a8                __modsi3
 .text          0x0005f6d8       0x3c /home/ubuntu/gcc-riscv/lib/gcc/riscv32-unknown-elf/15.1.0/libgcc.a(_lshrdi3.o)
                0x0005f6d8                __lshrdi3
 .text          0x0005f714       0x3c /home/ubuntu/gcc-riscv/lib/gcc/riscv32-unknown-elf/15.1.0/libgcc.a(_ashldi3.o)
                0x0005f714                __ashldi3
 .text          0x0005f750        0x0 /home/ubuntu/gcc-riscv/lib/gcc/riscv32-unknown-elf/15.1.0/libgcc.a(_clz.o)
 .text          0x0005f750       0x4c /home/ubuntu/gcc-riscv/lib/gcc/riscv32-unknown-elf/15.1.0/libgcc.a(_clzsi2.o)
                0x0005f750                __clzsi2
 *(.gnu.warning)

.fini
 *(SORT_NONE(.fini))
                [!provide]                        PROVIDE (__etext = .)
                [!provide]                        PROVIDE (_etext = .)
                [!provide]                        PROVIDE (etext = .)

.rodata         0x0005f7a0    0x19188
 *(.rodata .rodata.* .gnu.linkonce.r.*)
 .rodata.str1.4
                0x0005f7a0     0x76e3 build/am_map.o
                                 0x72 (size before relaxing)
 *fill*         0x00066e83        0x1 
 .rodata        0x00066e84       0x20 build/am_map.o
 .rodata.str1.4
                0x00066ea4      0x33b build/dstrings.o
 .rodata.str1.4
                0x00066ea4      0x20f build/d_iwad.o
 .rodata        0x00066ea4       0xe0 build/d_iwad.o
 .rodata.str1.4
                0x00066f84       0x73 build/d_loop.o
 .rodata.str1.4
                0x00066f84      0xa69 build/d_main.o
 .rodata        0x00066f84      0x164 build/d_main.o
 .rodata.str1.4
                0x000670e8       0x4f build/d_mode.o
 .rodata        0x000670e8       0xf4 build/d_mode.o
 .rodata.str1.4
                0x000671dc      0x187 build/d_net.o
 .rodata.str1.4
                0x000671dc     0x1f63 build/f_finale.o
 .rodata        0x000671dc       0x18 build/f_wipe.o
 .rodata.str1.4
                0x000671f4      0x301 build/g_game.o
 .rodata        0x000671f4       0x84 build/g_game.o
 .rodata.str1.4
                0x00067278      0xd00 build/hu_stuff.o
 .rodata.str1.4
                0x00067278      0x44d build/info.o
 .rodata.str1.4
                0x00067278       0xb3 build/i_joystick.o
 .rodata.str1.4
                0x00067278       0xd9 build/i_scale.o
 .rodata.str1.4
                0x00067278       0xb5 build/i_sound.o
 .rodata.str1.4
                0x00067278      0x1cb build/i_system.o
 .rodata        0x00067278       0x22 build/i_system.o
 .rodata.str1.4
                0x0006729a       0x29 build/memio.o
 .rodata.str1.4
                0x0006729a      0xd54 build/m_config.o
 *fill*         0x0006729a        0x2 
 .rodata        0x0006729c      0x200 build/m_config.o
 .rodata.str1.4
                0x0006749c      0x6c6 build/m_controls.o
 .rodata.str1.4
                0x0006749c      0x455 build/m_menu.o
 .rodata.str1.4
                0x0006749c      0x101 build/m_misc.o
 .rodata        0x0006749c      0x100 build/m_random.o
 .rodata        0x0006759c       0x30 build/p_ceilng.o
 .rodata        0x000675cc       0x20 build/p_doors.o
 .rodata.str1.4
                0x000675ec      0x13f build/p_doors.o
 .rodata.str1.4
                0x000675ec       0x3d build/p_enemy.o
 .rodata        0x000675ec       0x34 build/p_floor.o
 .rodata.str1.4
                0x00067620      0x417 build/p_inter.o
 .rodata        0x00067620       0xb4 build/p_inter.o
 .rodata.str1.4
                0x000676d4       0x77 build/p_map.o
 .rodata        0x000676d4      0x114 build/p_maputl.o
 .rodata.str1.4
                0x000677e8       0x2d build/p_mobj.o
 .rodata.str1.4
                0x000677e8       0x48 build/p_plats.o
 .rodata        0x000677e8       0x14 build/p_plats.o
 .rodata.str1.4
                0x000677fc       0xf2 build/p_saveg.o
 .rodata        0x000677fc       0x20 build/p_saveg.o
 .rodata.str1.4
                0x0006781c       0x60 build/p_setup.o
 .rodata.str1.4
                0x0006781c       0x28 build/p_sight.o
 .rodata.str1.4
                0x0006781c      0x244 build/p_spec.o
 .rodata        0x0006781c      0x2b4 build/p_spec.o
 .rodata.str1.4
                0x00067ad0       0x25 build/p_switch.o
 .rodata        0x00067ad0      0x210 build/p_switch.o
 .rodata.str1.4
                0x00067ce0       0x23 build/r_bsp.o
 .rodata.str1.4
                0x00067ce0      0x15a build/r_data.o
 .rodata.str1.4
                0x00067ce0       0xb4 build/r_draw.o
 .rodata.str1.4
                0x00067ce0        0x2 build/r_main.o
 .rodata.str1.4
                0x00067ce0       0xb0 build/r_plane.o
 .rodata.str1.4
                0x00067ce0       0x20 build/r_segs.o
 .rodata.str1.4
                0x00067ce0      0x1df build/r_things.o
 .rodata.str1.4
                0x00067ce0      0x217 build/sounds.o
 .rodata.str1.4
                0x00067ce0        0xa build/statdump.o
 .rodata.str1.4
                0x00067ce0       0x64 build/st_lib.o
 .rodata.str1.4
                0x00067ce0      0x1f8 build/st_stuff.o
 .rodata.str1.4
                0x00067ce0       0x6d build/s_sound.o
 .rodata        0x00067ce0       0x24 build/s_sound.o
 .rodata        0x00067d04    0x10504 build/tables.o
                0x00067d04                gammatable
                0x00068204                tantoangle
                0x0006a208                finesine
                0x00074208                finetangent
 .rodata.str1.4
                0x00078208      0x110 build/v_video.o
 .rodata.str1.4
                0x00078208      0x125 build/wi_stuff.o
 .rodata        0x00078208      0x1c0 build/wi_stuff.o
 .rodata.str1.4
                0x000783c8        0x6 build/w_file.o
 .rodata.str1.4
                0x000783c8       0x14 build/w_main.o
 .rodata.str1.4
                0x000783c8      0x1ef build/w_wad.o
 .rodata.str1.4
                0x000783c8      0x2b6 build/z_zone.o
 .rodata.str1.4
                0x000783c8        0x3 build/w_file_stdc.o
 .rodata        0x000783c8       0x80 build/i_input.o
 .rodata.str1.4
                0x00078448      0x167 build/i_video.o
 .rodata.str1.4
                0x00078448       0x73 build/doomgeneric_jane_cpu.o
 .rodata        0x00078448       0x10 ../../minlibc//libminlibc.a(atof.o)
 .rodata        0x00078458       0x15 ../../minlibc//libminlibc.a(exit.o)
 *fill*         0x0007846d        0x3 
 .rodata        0x00078470        0x7 ../../minlibc//libminlibc.a(fread.o)
 *fill*         0x00078477        0x1 
 .rodata        0x00078478        0x7 ../../minlibc//libminlibc.a(fseek.o)
 *fill*         0x0007847f        0x1 
 .rodata        0x00078480        0x7 ../../minlibc//libminlibc.a(ftell.o)
 *fill*         0x00078487        0x1 
 .rodata        0x00078488      0x283 ../../minlibc//libminlibc.a(malloc.o)
 *fill*         0x0007870b        0x1 
 .rodata        0x0007870c        0x7 ../../minlibc//libminlibc.a(mkdir.o)
 *fill*         0x00078713        0x1 
 .rodata        0x00078714       0x59 ../../minlibc//libminlibc.a(printf.o)
 *fill*         0x0007876d        0x3 
 .rodata        0x00078770        0x2 ../../minlibc//libminlibc.a(puts.o)
 *fill*         0x00078772        0x6 
 .rodata        0x00078778       0x60 ../../minlibc//libminlibc.a(vsnprintf.o)
 .rodata        0x000787d8        0xf ../../minlibc//libminlibc.a(abort.o)
 *fill*         0x000787e7        0x1 
 .rodata        0x000787e8        0x3 ../../minlibc//libminlibc.a(fputc.o)
 *fill*         0x000787eb        0x1 
 .rodata        0x000787ec       0x3c /home/ubuntu/gcc-riscv/lib/gcc/riscv32-unknown-elf/15.1.0/libgcc.a(divsf3.o)
 .rodata        0x00078828      0x100 /home/ubuntu/gcc-riscv/lib/gcc/riscv32-unknown-elf/15.1.0/libgcc.a(_clz.o)
                0x00078828                __clz_tab

.rodata1
 *(.rodata1)

.sdata2
 *(.sdata2 .sdata2.* .gnu.linkonce.s2.*)

.sbss2
 *(.sbss2 .sbss2.* .gnu.linkonce.sb2.*)

.eh_frame_hdr
 *(.eh_frame_hdr)
 *(.eh_frame_entry .eh_frame_entry.*)

.eh_frame       0x00078928      0x104
 *(.eh_frame)
 .eh_frame      0x00078928       0x64 /home/ubuntu/gcc-riscv/lib/gcc/riscv32-unknown-elf/15.1.0/libgcc.a(_divdi3.o)
 .eh_frame      0x0007898c       0x4c /home/ubuntu/gcc-riscv/lib/gcc/riscv32-unknown-elf/15.1.0/libgcc.a(_udivdi3.o)
                                 0x60 (size before relaxing)
 .eh_frame      0x000789d8       0x54 /home/ubuntu/gcc-riscv/lib/gcc/riscv32-unknown-elf/15.1.0/libgcc.a(_umoddi3.o)
                                 0x68 (size before relaxing)
 *(.eh_frame.*)

.sframe
 *(.sframe)
 *(.sframe.*)

.gcc_except_table
 *(.gcc_except_table .gcc_except_table.*)

.gnu_extab
 *(.gnu_extab*)

.exception_ranges
 *(.exception_ranges*)

.note.build-id
 *(.note.build-id)

.note.GNU-stack
                0x00078a2c        0x0
 *(.note.GNU-stack)
 .note.GNU-stack
                0x00078a2c        0x0 build/dummy.o
 .note.GNU-stack
                0x00078a2c        0x0 build/am_map.o
 .note.GNU-stack
                0x00078a2c        0x0 build/doomdef.o
 .note.GNU-stack
                0x00078a2c        0x0 build/doomstat.o
 .note.GNU-stack
                0x00078a2c        0x0 build/dstrings.o
 .note.GNU-stack
                0x00078a2c        0x0 build/d_event.o
 .note.GNU-stack
                0x00078a2c        0x0 build/d_items.o
 .note.GNU-stack
                0x00078a2c        0x0 build/d_iwad.o
 .note.GNU-stack
                0x00078a2c        0x0 build/d_loop.o
 .note.GNU-stack
                0x00078a2c        0x0 build/d_main.o
 .note.GNU-stack
                0x00078a2c        0x0 build/d_mode.o
 .note.GNU-stack
                0x00078a2c        0x0 build/d_net.o
 .note.GNU-stack
                0x00078a2c        0x0 build/f_finale.o
 .note.GNU-stack
                0x00078a2c        0x0 build/f_wipe.o
 .note.GNU-stack
                0x00078a2c        0x0 build/g_game.o
 .note.GNU-stack
                0x00078a2c        0x0 build/hu_lib.o
 .note.GNU-stack
                0x00078a2c        0x0 build/hu_stuff.o
 .note.GNU-stack
                0x00078a2c        0x0 build/info.o
 .note.GNU-stack
                0x00078a2c        0x0 build/i_cdmus.o
 .note.GNU-stack
                0x00078a2c        0x0 build/i_endoom.o
 .note.GNU-stack
                0x00078a2c        0x0 build/i_joystick.o
 .note.GNU-stack
                0x00078a2c        0x0 build/i_scale.o
 .note.GNU-stack
                0x00078a2c        0x0 build/i_sound.o
 .note.GNU-stack
                0x00078a2c        0x0 build/i_system.o
 .note.GNU-stack
                0x00078a2c        0x0 build/i_timer.o
 .note.GNU-stack
                0x00078a2c        0x0 build/memio.o
 .note.GNU-stack
                0x00078a2c        0x0 build/m_argv.o
 .note.GNU-stack
                0x00078a2c        0x0 build/m_bbox.o
 .note.GNU-stack
                0x00078a2c        0x0 build/m_cheat.o
 .note.GNU-stack
                0x00078a2c        0x0 build/m_config.o
 .note.GNU-stack
                0x00078a2c        0x0 build/m_controls.o
 .note.GNU-stack
                0x00078a2c        0x0 build/m_fixed.o
 .note.GNU-stack
                0x00078a2c        0x0 build/m_menu.o
 .note.GNU-stack
                0x00078a2c        0x0 build/m_misc.o
 .note.GNU-stack
                0x00078a2c        0x0 build/m_random.o
 .note.GNU-stack
                0x00078a2c        0x0 build/p_ceilng.o
 .note.GNU-stack
                0x00078a2c        0x0 build/p_doors.o
 .note.GNU-stack
                0x00078a2c        0x0 build/p_enemy.o
 .note.GNU-stack
                0x00078a2c        0x0 build/p_floor.o
 .note.GNU-stack
                0x00078a2c        0x0 build/p_inter.o
 .note.GNU-stack
                0x00078a2c        0x0 build/p_lights.o
 .note.GNU-stack
                0x00078a2c        0x0 build/p_map.o
 .note.GNU-stack
                0x00078a2c        0x0 build/p_maputl.o
 .note.GNU-stack
                0x00078a2c        0x0 build/p_mobj.o
 .note.GNU-stack
                0x00078a2c        0x0 build/p_plats.o
 .note.GNU-stack
                0x00078a2c        0x0 build/p_pspr.o
 .note.GNU-stack
                0x00078a2c        0x0 build/p_saveg.o
 .note.GNU-stack
                0x00078a2c        0x0 build/p_setup.o
 .note.GNU-stack
                0x00078a2c        0x0 build/p_sight.o
 .note.GNU-stack
                0x00078a2c        0x0 build/p_spec.o
 .note.GNU-stack
                0x00078a2c        0x0 build/p_switch.o
 .note.GNU-stack
                0x00078a2c        0x0 build/p_telept.o
 .note.GNU-stack
                0x00078a2c        0x0 build/p_tick.o
 .note.GNU-stack
                0x00078a2c        0x0 build/p_user.o
 .note.GNU-stack
                0x00078a2c        0x0 build/r_bsp.o
 .note.GNU-stack
                0x00078a2c        0x0 build/r_data.o
 .note.GNU-stack
                0x00078a2c        0x0 build/r_draw.o
 .note.GNU-stack
                0x00078a2c        0x0 build/r_main.o
 .note.GNU-stack
                0x00078a2c        0x0 build/r_plane.o
 .note.GNU-stack
                0x00078a2c        0x0 build/r_segs.o
 .note.GNU-stack
                0x00078a2c        0x0 build/r_sky.o
 .note.GNU-stack
                0x00078a2c        0x0 build/r_things.o
 .note.GNU-stack
                0x00078a2c        0x0 build/sha1.o
 .note.GNU-stack
                0x00078a2c        0x0 build/sounds.o
 .note.GNU-stack
                0x00078a2c        0x0 build/statdump.o
 .note.GNU-stack
                0x00078a2c        0x0 build/st_lib.o
 .note.GNU-stack
                0x00078a2c        0x0 build/st_stuff.o
 .note.GNU-stack
                0x00078a2c        0x0 build/s_sound.o
 .note.GNU-stack
                0x00078a2c        0x0 build/tables.o
 .note.GNU-stack
                0x00078a2c        0x0 build/v_video.o
 .note.GNU-stack
                0x00078a2c        0x0 build/wi_stuff.o
 .note.GNU-stack
                0x00078a2c        0x0 build/w_checksum.o
 .note.GNU-stack
                0x00078a2c        0x0 build/w_file.o
 .note.GNU-stack
                0x00078a2c        0x0 build/w_main.o
 .note.GNU-stack
                0x00078a2c        0x0 build/w_wad.o
 .note.GNU-stack
                0x00078a2c        0x0 build/z_zone.o
 .note.GNU-stack
                0x00078a2c        0x0 build/w_file_stdc.o
 .note.GNU-stack
                0x00078a2c        0x0 build/i_input.o
 .note.GNU-stack
                0x00078a2c        0x0 build/i_video.o
 .note.GNU-stack
                0x00078a2c        0x0 build/doomgeneric.o
 .note.GNU-stack
                0x00078a2c        0x0 build/doomgeneric_jane_cpu.o
 .note.GNU-stack
                0x00078a2c        0x0 ../../minlibc//libminlibc.a(atof.o)
 .note.GNU-stack
                0x00078a2c        0x0 ../../minlibc//libminlibc.a(atoi.o)
 .note.GNU-stack
                0x00078a2c        0x0 ../../minlibc//libminlibc.a(errno.o)
 .note.GNU-stack
                0x00078a2c        0x0 ../../minlibc//libminlibc.a(exit.o)
 .note.GNU-stack
                0x00078a2c        0x0 ../../minlibc//libminlibc.a(fclose.o)
 .note.GNU-stack
                0x00078a2c        0x0 ../../minlibc//libminlibc.a(fflush.o)
 .note.GNU-stack
                0x00078a2c        0x0 ../../minlibc//libminlibc.a(fopen.o)
 .note.GNU-stack
                0x00078a2c        0x0 ../../minlibc//libminlibc.a(fprintf.o)
 .note.GNU-stack
                0x00078a2c        0x0 ../../minlibc//libminlibc.a(fread.o)
 .note.GNU-stack
                0x00078a2c        0x0 ../../minlibc//libminlibc.a(fseek.o)
 .note.GNU-stack
                0x00078a2c        0x0 ../../minlibc//libminlibc.a(ftell.o)
 .note.GNU-stack
                0x00078a2c        0x0 ../../minlibc//libminlibc.a(fwrite.o)
 .note.GNU-stack
                0x00078a2c        0x0 ../../minlibc//libminlibc.a(isdigit.o)
 .note.GNU-stack
                0x00078a2c        0x0 ../../minlibc//libminlibc.a(malloc.o)
 .note.GNU-stack
                0x00078a2c        0x0 ../../minlibc//libminlibc.a(memcpy.o)
 .note.GNU-stack
                0x00078a2c        0x0 ../../minlibc//libminlibc.a(memset.o)
 .note.GNU-stack
                0x00078a2c        0x0 ../../minlibc//libminlibc.a(mkdir.o)
 .note.GNU-stack
                0x00078a2c        0x0 ../../minlibc//libminlibc.a(mmap.o)
 .note.GNU-stack
                0x00078a2c        0x0 ../../minlibc//libminlibc.a(mprotect.o)
 .note.GNU-stack
                0x00078a2c        0x0 ../../minlibc//libminlibc.a(munmap.o)
 .note.GNU-stack
                0x00078a2c        0x0 ../../minlibc//libminlibc.a(printf.o)
 .note.GNU-stack
                0x00078a2c        0x0 ../../minlibc//libminlibc.a(putchar.o)
 .note.GNU-stack
                0x00078a2c        0x0 ../../minlibc//libminlibc.a(puts.o)
 .note.GNU-stack
                0x00078a2c        0x0 ../../minlibc//libminlibc.a(snprintf.o)
 .note.GNU-stack
                0x00078a2c        0x0 ../../minlibc//libminlibc.a(stdio_values.o)
 .note.GNU-stack
                0x00078a2c        0x0 ../../minlibc//libminlibc.a(strcasecmp.o)
 .note.GNU-stack
                0x00078a2c        0x0 ../../minlibc//libminlibc.a(strcmp.o)
 .note.GNU-stack
                0x00078a2c        0x0 ../../minlibc//libminlibc.a(strdup.o)
 .note.GNU-stack
                0x00078a2c        0x0 ../../minlibc//libminlibc.a(strlen.o)
 .note.GNU-stack
                0x00078a2c        0x0 ../../minlibc//libminlibc.a(strncmp.o)
 .note.GNU-stack
                0x00078a2c        0x0 ../../minlibc//libminlibc.a(strncpy.o)
 .note.GNU-stack
                0x00078a2c        0x0 ../../minlibc//libminlibc.a(strrchr.o)
 .note.GNU-stack
                0x00078a2c        0x0 ../../minlibc//libminlibc.a(strstr.o)
 .note.GNU-stack
                0x00078a2c        0x0 ../../minlibc//libminlibc.a(tolower.o)
 .note.GNU-stack
                0x00078a2c        0x0 ../../minlibc//libminlibc.a(toupper.o)
 .note.GNU-stack
                0x00078a2c        0x0 ../../minlibc//libminlibc.a(vfprintf.o)
 .note.GNU-stack
                0x00078a2c        0x0 ../../minlibc//libminlibc.a(vsnprintf.o)
 .note.GNU-stack
                0x00078a2c        0x0 ../../minlibc//libminlibc.a(abort.o)
 .note.GNU-stack
                0x00078a2c        0x0 ../../minlibc//libminlibc.a(bzero.o)
 .note.GNU-stack
                0x00078a2c        0x0 ../../minlibc//libminlibc.a(fputc.o)
 .note.GNU-stack
                0x00078a2c        0x0 ../../minlibc//libminlibc.a(isspace.o)
 .note.GNU-stack
                0x00078a2c        0x0 ../../minlibc//libminlibc.a(strchr.o)
 .note.GNU-stack
                0x00078a2c        0x0 ../../minlibc//libminlibc.a(strnlen.o)
 .note.GNU-stack
                0x00078a2c        0x0 /home/ubuntu/gcc-riscv/lib/gcc/riscv32-unknown-elf/15.1.0/libgcc.a(_divdi3.o)
 .note.GNU-stack
                0x00078a2c        0x0 /home/ubuntu/gcc-riscv/lib/gcc/riscv32-unknown-elf/15.1.0/libgcc.a(_udivdi3.o)
 .note.GNU-stack
                0x00078a2c        0x0 /home/ubuntu/gcc-riscv/lib/gcc/riscv32-unknown-elf/15.1.0/libgcc.a(_umoddi3.o)
 .note.GNU-stack
                0x00078a2c        0x0 /home/ubuntu/gcc-riscv/lib/gcc/riscv32-unknown-elf/15.1.0/libgcc.a(adddf3.o)
 .note.GNU-stack
                0x00078a2c        0x0 /home/ubuntu/gcc-riscv/lib/gcc/riscv32-unknown-elf/15.1.0/libgcc.a(ledf2.o)
 .note.GNU-stack
                0x00078a2c        0x0 /home/ubuntu/gcc-riscv/lib/gcc/riscv32-unknown-elf/15.1.0/libgcc.a(muldf3.o)
 .note.GNU-stack
                0x00078a2c        0x0 /home/ubuntu/gcc-riscv/lib/gcc/riscv32-unknown-elf/15.1.0/libgcc.a(subdf3.o)
 .note.GNU-stack
                0x00078a2c        0x0 /home/ubuntu/gcc-riscv/lib/gcc/riscv32-unknown-elf/15.1.0/libgcc.a(floatsidf.o)
 .note.GNU-stack
                0x00078a2c        0x0 /home/ubuntu/gcc-riscv/lib/gcc/riscv32-unknown-elf/15.1.0/libgcc.a(fixunsdfdi.o)
 .note.GNU-stack
                0x00078a2c        0x0 /home/ubuntu/gcc-riscv/lib/gcc/riscv32-unknown-elf/15.1.0/libgcc.a(floatundidf.o)
 .note.GNU-stack
                0x00078a2c        0x0 /home/ubuntu/gcc-riscv/lib/gcc/riscv32-unknown-elf/15.1.0/libgcc.a(divsf3.o)
 .note.GNU-stack
                0x00078a2c        0x0 /home/ubuntu/gcc-riscv/lib/gcc/riscv32-unknown-elf/15.1.0/libgcc.a(mulsf3.o)
 .note.GNU-stack
                0x00078a2c        0x0 /home/ubuntu/gcc-riscv/lib/gcc/riscv32-unknown-elf/15.1.0/libgcc.a(subsf3.o)
 .note.GNU-stack
                0x00078a2c        0x0 /home/ubuntu/gcc-riscv/lib/gcc/riscv32-unknown-elf/15.1.0/libgcc.a(fixsfsi.o)
 .note.GNU-stack
                0x00078a2c        0x0 /home/ubuntu/gcc-riscv/lib/gcc/riscv32-unknown-elf/15.1.0/libgcc.a(floatsisf.o)
 .note.GNU-stack
                0x00078a2c        0x0 /home/ubuntu/gcc-riscv/lib/gcc/riscv32-unknown-elf/15.1.0/libgcc.a(extendsfdf2.o)
 .note.GNU-stack
                0x00078a2c        0x0 /home/ubuntu/gcc-riscv/lib/gcc/riscv32-unknown-elf/15.1.0/libgcc.a(truncdfsf2.o)
 .note.GNU-stack
                0x00078a2c        0x0 /home/ubuntu/gcc-riscv/lib/gcc/riscv32-unknown-elf/15.1.0/libgcc.a(multi3.o)
 .note.GNU-stack
                0x00078a2c        0x0 /home/ubuntu/gcc-riscv/lib/gcc/riscv32-unknown-elf/15.1.0/libgcc.a(_lshrdi3.o)
 .note.GNU-stack
                0x00078a2c        0x0 /home/ubuntu/gcc-riscv/lib/gcc/riscv32-unknown-elf/15.1.0/libgcc.a(_ashldi3.o)
 .note.GNU-stack
                0x00078a2c        0x0 /home/ubuntu/gcc-riscv/lib/gcc/riscv32-unknown-elf/15.1.0/libgcc.a(_clz.o)
 .note.GNU-stack
                0x00078a2c        0x0 /home/ubuntu/gcc-riscv/lib/gcc/riscv32-unknown-elf/15.1.0/libgcc.a(_clzsi2.o)

.note.gnu-property
 *(.note.gnu-property)

.note.ABI-tag
 *(.note.ABI-tag)

.note.package
 *(.note.package)

.note.dlopen
 *(.note.dlopen)

.note.netbsd.ident
 *(.note.netbsd.ident)

.note.openbsd.ident
 *(.note.openbsd.ident)
                0x00079a2c                        . = DATA_SEGMENT_ALIGN (CONSTANT (MAXPAGESIZE), CONSTANT (COMMONPAGESIZE))

.eh_frame
 *(.eh_frame)
 *(.eh_frame.*)

.sframe
 *(.sframe)
 *(.sframe.*)

.gnu_extab
 *(.gnu_extab)

.gcc_except_table
 *(.gcc_except_table .gcc_except_table.*)

.exception_ranges
 *(.exception_ranges*)

.tdata          0x00079a2c        0x0
                [!provide]                        PROVIDE (__tdata_start = .)
 *(.tdata .tdata.* .gnu.linkonce.td.*)

.tbss
 *(.tbss .tbss.* .gnu.linkonce.tb.*)
 *(.tcommon)

.preinit_array  0x00079a2c        0x0
                [!provide]                        PROVIDE (__preinit_array_start = .)
 *(.preinit_array)
                [!provide]                        PROVIDE (__preinit_array_end = .)

.init_array     0x00079a2c        0x0
                [!provide]                        PROVIDE (__init_array_start = .)
 *(SORT_BY_INIT_PRIORITY(.init_array.*) SORT_BY_INIT_PRIORITY(.ctors.*))
 *(.init_array EXCLUDE_FILE(*crtend?.o *crtend.o *crtbegin?.o *crtbegin.o) .ctors)
                [!provide]                        PROVIDE (__init_array_end = .)

.fini_array     0x00079a2c        0x0
                [!provide]                        PROVIDE (__fini_array_start = .)
 *(SORT_BY_INIT_PRIORITY(.fini_array.*) SORT_BY_INIT_PRIORITY(.dtors.*))
 *(.fini_array EXCLUDE_FILE(*crtend?.o *crtend.o *crtbegin?.o *crtbegin.o) .dtors)
                [!provide]                        PROVIDE (__fini_array_end = .)

.ctors
 *crtbegin.o(.ctors)
 *crtbegin?.o(.ctors)
 *(EXCLUDE_FILE(*crtend?.o *crtend.o) .ctors)
 *(SORT_BY_NAME(.ctors.*))
 *(.ctors)

.dtors
 *crtbegin.o(.dtors)
 *crtbegin?.o(.dtors)
 *(EXCLUDE_FILE(*crtend?.o *crtend.o) .dtors)
 *(SORT_BY_NAME(.dtors.*))
 *(.dtors)

.jcr
 *(.jcr)

.data.rel.ro
 *(.data.rel.ro.local* .gnu.linkonce.d.rel.ro.local.*)
 *(.data.rel.ro .data.rel.ro.* .gnu.linkonce.d.rel.ro.*)

.dynamic
 *(.dynamic)

.got
 *(.got)
 *(.igot)
                0x00079a2c                        . = DATA_SEGMENT_RELRO_END (., (SIZEOF (.got.plt) >= 0x8)?0x8:0x0)

.got.plt
 *(.got.plt)
 *(.igot.plt)

.data           0x00079a2c     0xe82c
                0x00079a2c                        __DATA_BEGIN__ = .
 *(.data .data.* .gnu.linkonce.d.*)
 .data          0x00079a2c        0x0 build/dummy.o
 .data          0x00079a2c      0x22c build/am_map.o
                0x00079a54                cheat_amap
                0x00079a88                player_arrow
                0x00079af8                cheat_player_arrow
                0x00079bf8                thintriangle_guy
                0x00079c28                triangle_guy
 .data          0x00079c58        0x0 build/doomdef.o
 .data          0x00079c58        0x0 build/doomstat.o
 .data          0x00079c58       0x40 build/dstrings.o
                0x00079c58                doom2_endmsg
                0x00079c78                doom1_endmsg
 .data          0x00079c98        0x0 build/d_event.o
 .data          0x00079c98       0xd8 build/d_items.o
                0x00079c98                weaponinfo
 .data          0x00079d70        0x0 build/d_iwad.o
 .data          0x00079d70        0x0 build/d_loop.o
 .data          0x00079d70        0x0 build/d_main.o
 .data          0x00079d70        0x0 build/d_mode.o
 .data          0x00079d70       0x10 build/d_net.o
 .data          0x00079d80      0x248 build/f_finale.o
                0x00079f38                castorder
 .data          0x00079fc8        0x0 build/f_wipe.o
 .data          0x00079fc8      0x12c build/g_game.o
                0x00079fc8                angleturn
                0x00079fd4                cpars
                0x0007a054                pars
 .data          0x0007a0f4        0x0 build/hu_lib.o
 .data          0x0007a0f4      0x26c build/hu_stuff.o
                0x0007a0f4                mapnames
                0x0007a1a8                mapnames_commercial
                0x0007a328                player_names
                0x0007a338                chat_macros
 .data          0x0007a360     0x9d2c build/info.o
                0x0007a360                mobjinfo
                0x0007d49c                states
                0x00083e60                sprnames
 .data          0x0008408c        0x0 build/i_cdmus.o
 .data          0x0008408c        0x0 build/i_endoom.o
 .data          0x0008408c       0x28 build/i_joystick.o
 .data          0x000840b4      0x12c build/i_scale.o
                0x000840b4                mode_squash_5x
                0x000840c8                mode_squash_4x
                0x000840dc                mode_squash_3x
                0x000840f0                mode_squash_2x
                0x00084104                mode_squash_1x
                0x00084118                mode_stretch_5x
                0x0008412c                mode_stretch_4x
                0x00084140                mode_stretch_3x
                0x00084154                mode_stretch_2x
                0x00084168                mode_stretch_1x
                0x0008417c                mode_scale_5x
                0x00084190                mode_scale_4x
                0x000841a4                mode_scale_3x
                0x000841b8                mode_scale_2x
                0x000841cc                mode_scale_1x
 .data          0x000841e0        0x0 build/i_sound.o
 .data          0x000841e0        0x0 build/i_system.o
 .data          0x000841e0        0x0 build/i_timer.o
 .data          0x000841e0        0x0 build/memio.o
 .data          0x000841e0        0x0 build/m_argv.o
 .data          0x000841e0        0x0 build/m_bbox.o
 .data          0x000841e0        0x0 build/m_cheat.o
 .data          0x000841e0     0x1260 build/m_config.o
 .data          0x00085440        0x0 build/m_controls.o
 .data          0x00085440        0x0 build/m_fixed.o
 .data          0x00085440      0x4d0 build/m_menu.o
                0x00085440                SoundDef
                0x00085458                OptionsDef
                0x00085470                ReadDef1
                0x00085488                MainDef
                0x000854a0                NewDef
                0x000854b8                EpiDef
                0x000854d0                ReadDef2
                0x000854e8                quitsounds2
                0x00085508                quitsounds
                0x00085528                LoadDef
                0x00085540                LoadMenu
                0x000855b8                SaveDef
                0x000855d0                gammamsg
                0x00085654                MainMenu
                0x000856cc                SaveMenu
                0x00085744                SoundMenu
                0x00085794                ReadMenu2
                0x000857a8                ReadMenu1
                0x000857bc                OptionsMenu
                0x0008585c                NewGameMenu
                0x000858c0                EpisodeMenu
 .data          0x00085910        0x0 build/m_misc.o
 .data          0x00085910        0x0 build/m_random.o
 .data          0x00085910        0x0 build/p_ceilng.o
 .data          0x00085910        0x0 build/p_doors.o
 .data          0x00085910       0x74 build/p_enemy.o
                0x00085910                yspeed
                0x00085930                xspeed
                0x00085950                opposite
                0x00085974                diags
 .data          0x00085984        0x0 build/p_floor.o
 .data          0x00085984       0x20 build/p_inter.o
                0x00085984                clipammo
                0x00085994                maxammo
 .data          0x000859a4        0x0 build/p_lights.o
 .data          0x000859a4        0x0 build/p_map.o
 .data          0x000859a4        0x0 build/p_maputl.o
 .data          0x000859a4        0x0 build/p_mobj.o
 .data          0x000859a4        0x0 build/p_plats.o
 .data          0x000859a4        0x0 build/p_pspr.o
 .data          0x000859a4        0x0 build/p_saveg.o
 .data          0x000859a4        0x0 build/p_setup.o
 .data          0x000859a4        0x0 build/p_sight.o
 .data          0x000859a4      0x284 build/p_spec.o
                0x000859a4                animdefs
 .data          0x00085c28      0x334 build/p_switch.o