Archive member included to satisfy reference by file (symbol)

../minlibc//libminlibc.a(atof.o)
                              build/m_config.o (atof)
../minlibc//libminlibc.a(atoi.o)
                              build/d_main.o (atoi)
../minlibc//libminlibc.a(errno.o)
                              build/m_misc.o (errno)
../minlibc//libminlibc.a(exit.o)
                              build/d_main.o (exit)
../minlibc//libminlibc.a(fake_files.o)
                              build/g_game.o (fopen)
../minlibc//libminlibc.a(fclose.o)
                              build/g_game.o (fclose)
../minlibc//libminlibc.a(fflush.o)
                              build/i_scale.o (fflush)
../minlibc//libminlibc.a(fprintf.o)
                              build/am_map.o (fprintf)
../minlibc//libminlibc.a(fwrite.o)
                              build/m_misc.o (fwrite)
../minlibc//libminlibc.a(isdigit.o)
                              ../minlibc//libminlibc.a(atoi.o) (isdigit)
../minlibc//libminlibc.a(malloc.o)
                              build/i_system.o (malloc)
../minlibc//libminlibc.a(memcpy.o)
                              build/d_loop.o (memcpy)
../minlibc//libminlibc.a(memset.o)
                              build/am_map.o (memset)
../minlibc//libminlibc.a(mkdir.o)
                              build/m_misc.o (mkdir)
../minlibc//libminlibc.a(mmap.o)
                              ../minlibc//libminlibc.a(malloc.o) (mmap)
../minlibc//libminlibc.a(mprotect.o)
                              ../minlibc//libminlibc.a(malloc.o) (mprotect)
../minlibc//libminlibc.a(munmap.o)
                              ../minlibc//libminlibc.a(malloc.o) (munmap)
../minlibc//libminlibc.a(printf.o)
                              build/d_loop.o (printf)
../minlibc//libminlibc.a(putchar.o)
                              build/i_system.o (putchar)
../minlibc//libminlibc.a(puts.o)
                              build/i_scale.o (puts)
../minlibc//libminlibc.a(snprintf.o)
                              build/am_map.o (snprintf)
../minlibc//libminlibc.a(stdio_values.o)
                              build/i_scale.o (stdout)
../minlibc//libminlibc.a(strcasecmp.o)
                              build/d_iwad.o (strcasecmp)
../minlibc//libminlibc.a(strcmp.o)
                              build/d_main.o (strcmp)
../minlibc//libminlibc.a(strdup.o)
                              build/d_iwad.o (strdup)
../minlibc//libminlibc.a(strlen.o)
                              build/d_iwad.o (strlen)
../minlibc//libminlibc.a(strncmp.o)
                              build/m_misc.o (strncmp)
../minlibc//libminlibc.a(strncpy.o)
                              build/m_misc.o (strncpy)
../minlibc//libminlibc.a(strrchr.o)
                              build/m_argv.o (strrchr)
../minlibc//libminlibc.a(strstr.o)
                              build/m_misc.o (strstr)
../minlibc//libminlibc.a(tolower.o)
                              ../minlibc//libminlibc.a(strcasecmp.o) (tolower)
../minlibc//libminlibc.a(toupper.o)
                              build/f_finale.o (toupper)
../minlibc//libminlibc.a(vfprintf.o)
                              build/i_system.o (vfprintf)
../minlibc//libminlibc.a(vsnprintf.o)
                              build/m_misc.o (vsnprintf)
../minlibc//libminlibc.a(abort.o)
                              ../minlibc//libminlibc.a(malloc.o) (abort)
../minlibc//libminlibc.a(bzero.o)
                              ../minlibc//libminlibc.a(malloc.o) (bzero)
../minlibc//libminlibc.a(doom1.o)
                              ../minlibc//libminlibc.a(fake_files.o) (DOOM1_WAD)
../minlibc//libminlibc.a(fputc.o)
                              ../minlibc//libminlibc.a(fwrite.o) (fputc)
../minlibc//libminlibc.a(isspace.o)
                              ../minlibc//libminlibc.a(printf.o) (isspace)
../minlibc//libminlibc.a(strchr.o)
                              ../minlibc//libminlibc.a(strstr.o) (strchr)
../minlibc//libminlibc.a(strnlen.o)
                              ../minlibc//libminlibc.a(vsnprintf.o) (strnlen)
/home/ubuntu/gcc-riscv/lib/gcc/riscv32-unknown-elf/15.1.0/libgcc.a(_divdi3.o)
                              build/m_fixed.o (__divdi3)
/home/ubuntu/gcc-riscv/lib/gcc/riscv32-unknown-elf/15.1.0/libgcc.a(_udivdi3.o)
                              ../minlibc//libminlibc.a(vsnprintf.o) (__udivdi3)
/home/ubuntu/gcc-riscv/lib/gcc/riscv32-unknown-elf/15.1.0/libgcc.a(_umoddi3.o)
                              ../minlibc//libminlibc.a(vsnprintf.o) (__umoddi3)
/home/ubuntu/gcc-riscv/lib/gcc/riscv32-unknown-elf/15.1.0/libgcc.a(adddf3.o)
                              ../minlibc//libminlibc.a(atof.o) (__adddf3)
/home/ubuntu/gcc-riscv/lib/gcc/riscv32-unknown-elf/15.1.0/libgcc.a(ledf2.o)
                              build/v_video.o (__ltdf2)
/home/ubuntu/gcc-riscv/lib/gcc/riscv32-unknown-elf/15.1.0/libgcc.a(muldf3.o)
                              ../minlibc//libminlibc.a(atof.o) (__muldf3)
/home/ubuntu/gcc-riscv/lib/gcc/riscv32-unknown-elf/15.1.0/libgcc.a(subdf3.o)
[...]
Memory Configuration

Name             Origin             Length             Attributes
*default*        0x00000000         0xffffffff

Linker script and memory map

LOAD entry.o
LOAD build/dummy.o
LOAD build/am_map.o
LOAD build/doomdef.o
LOAD build/doomstat.o
LOAD build/dstrings.o
LOAD build/d_event.o
LOAD build/d_items.o
LOAD build/d_iwad.o
LOAD build/d_loop.o
LOAD build/d_main.o
LOAD build/d_mode.o
LOAD build/d_net.o
LOAD build/f_finale.o
LOAD build/f_wipe.o
LOAD build/g_game.o
LOAD build/hu_lib.o
LOAD build/hu_stuff.o
LOAD build/info.o
LOAD build/i_cdmus.o
LOAD build/i_endoom.o
LOAD build/i_joystick.o
LOAD build/i_scale.o
LOAD build/i_sound.o
LOAD build/i_system.o
LOAD build/i_timer.o
LOAD build/memio.o
LOAD build/m_argv.o
LOAD build/m_bbox.o
LOAD build/m_cheat.o
LOAD build/m_config.o
LOAD build/m_controls.o
LOAD build/m_fixed.o
LOAD build/m_menu.o
LOAD build/m_misc.o
LOAD build/m_random.o
LOAD build/p_ceilng.o
LOAD build/p_doors.o
LOAD build/p_enemy.o
LOAD build/p_floor.o
LOAD build/p_inter.o
LOAD build/p_lights.o
LOAD build/p_map.o
LOAD build/p_maputl.o
LOAD build/p_mobj.o
LOAD build/p_plats.o
LOAD build/p_pspr.o
LOAD build/p_saveg.o
LOAD build/p_setup.o
LOAD build/p_sight.o
LOAD build/p_spec.o
LOAD build/p_switch.o
LOAD build/p_telept.o
LOAD build/p_tick.o
LOAD build/p_user.o
LOAD build/r_bsp.o
LOAD build/r_data.o
LOAD build/r_draw.o
LOAD build/r_main.o
LOAD build/r_plane.o
LOAD build/r_segs.o
LOAD build/r_sky.o
LOAD build/r_things.o
LOAD build/sha1.o
LOAD build/sounds.o
LOAD build/statdump.o
LOAD build/st_lib.o
LOAD build/st_stuff.o
LOAD build/s_sound.o
LOAD build/tables.o
LOAD build/v_video.o
LOAD build/wi_stuff.o
LOAD build/w_checksum.o
LOAD build/w_file.o
LOAD build/w_main.o
LOAD build/w_wad.o
LOAD build/z_zone.o
LOAD build/w_file_stdc.o
LOAD build/i_input.o
LOAD build/i_video.o
LOAD build/doomgeneric.o
LOAD build/doomgeneric_jane_cpu.o
LOAD ../minlibc//libminlibc.a
LOAD /home/ubuntu/gcc-riscv/lib/gcc/riscv32-unknown-elf/15.1.0/libgcc.a
LOAD /home/ubuntu/gcc-riscv/riscv32-unknown-elf/lib//libm.a
                0x00000000                        . = 0x0

.text           0x00000000    0x524b0
 *(.text)
 .text          0x00000000        0xc entry.o
                0x00000000                _start
 .text          0x0000000c        0x4 build/dummy.o
                0x0000000c                I_InitTimidityConfig
 .text          0x00000010     0x3480 build/am_map.o
                0x00000010                AM_getIslope
                0x000000d8                AM_activateNewScale
                0x000001dc                AM_saveScaleAndLoc
                0x00000220                AM_restoreScaleAndLoc
                0x000002fc                AM_addMark
                0x00000390                AM_findMinMaxBoundaries
                0x00000534                AM_changeWindowLoc
                0x00000614                AM_initVariables
                0x000007fc                AM_loadPics
                0x00000878                AM_unloadPics
                0x000008d8                AM_clearMarks
                0x00000918                AM_LevelInit
                0x000009e0                AM_Stop
                0x00000a60                AM_Start
                0x00000b90                AM_minOutWindowScale
                0x00000bc4                AM_maxOutWindowScale
                0x00000bf8                AM_Responder
                0x0000116c                AM_changeWindowScale
                0x000011e4                AM_doFollowPlayer
                0x00001304                AM_updateLightLev
                0x00001380                AM_Ticker
                0x0000142c                AM_clearFB
                0x00001450                AM_clipMline
                0x00001ab0                AM_drawFline
                0x00001efc                AM_drawMline
                0x00002128                AM_drawGrid
                0x000022e4                AM_drawWalls
                0x0000254c                AM_rotate
                0x00002610                AM_drawLineCharacter
                0x00002a6c                AM_drawPlayers
                0x00002f3c                AM_drawThings
                0x00003244                AM_drawMarks
                0x00003374                AM_drawCrosshair
                0x000033ac                AM_Drawer
 .text          0x00003490        0x0 build/doomdef.o
 .text          0x00003490        0x0 build/doomstat.o
 .text          0x00003490        0x0 build/dstrings.o
 .text          0x00003490       0xbc build/d_event.o
                0x00003490                D_PostEvent
                0x000034f8                D_PopEvent
 .text          0x0000354c        0x0 build/d_items.o
 .text          0x0000354c      0x290 build/d_iwad.o
                0x00003720                D_FindWADByName
                0x00003760                D_TryFindWADByName
                0x000037ac                D_FindIWAD
                0x000037b8                D_SaveGameIWADName
                0x000037c4                D_SuggestIWADName
                0x000037d0                D_SuggestGameName
 .text          0x000037dc      0xc54 build/d_loop.o
                0x000037dc                D_QuitNetGame
                0x00003930                NetUpdate
                0x00003a1c                D_ReceiveTic
                0x00003c04                D_StartGameLoop
                0x00003c8c                D_StartNetGame
                0x00003cc4                D_InitNetGame
                0x00003d04                TryRunTics
                0x00004424                D_RegisterLoopCallbacks
 .text          0x00004430     0x1cb4 build/d_main.o
                0x00004430                D_GrabMouseCallback
                0x000049a0                D_ProcessEvents
                0x000049f8                D_Display
                0x00004a0c                D_BindVariables
                0x00004b9c                doomgeneric_Tick
                0x00004c04                D_DoomLoop
                0x00004d40                D_PageTicker
                0x00004d68                D_PageDrawer
                0x00004d98                D_AdvanceDemo
                0x00004da8                D_DoAdvanceDemo
                0x00005038                D_StartTitle
                0x0000505c                D_IdentifyVersion
                0x000052d8                D_SetGameDescription
                0x00005420                PrintDehackedBanners
                0x00005424                PrintGameVersion
                0x000054e8                D_DoomMain
 .text          0x000060e4      0x43c build/d_mode.o
                0x000060e4                D_ValidGameMode
                0x00006174                D_ValidEpisodeMap
                0x000062e4                D_GetNumEpisodes
                0x00006440                D_ValidGameVersion
                0x000064d4                D_IsEpisodeMap
                0x000064f4                D_GameMissionString
 .text          0x00006520      0x688 build/d_net.o
                0x0000681c                D_ConnectNetGame
                0x00006918                D_CheckNetGame
 .text          0x00006ba8     0x17ec build/f_finale.o
                0x00006ba8                F_StartFinale
                0x00006e40                F_Responder
                0x00006f18                F_Ticker
                0x00007598                F_TextWrite
                0x00007730                F_StartCast
                0x000077c8                F_CastTicker
                0x00007cac                F_CastResponder
                0x00007d70                F_CastPrint
                0x00007eb8                F_CastDrawer
                0x00007f8c                F_DrawPatchCol
                0x00008028                F_BunnyScroll
                0x000082e0                F_Drawer
 .text          0x00008394      0x850 build/f_wipe.o
                0x00008394                wipe_doColorXForm
                0x00008408                wipe_exitColorXForm
                0x00008410                wipe_doMelt
                0x000085b4                wipe_initColorXForm
                0x000085e4                wipe_exitMelt
                0x00008620                wipe_initMelt
                0x00008968                wipe_shittyColMajorXform
                0x00008a2c                wipe_StartScreen
                0x00008a64                wipe_EndScreen
                0x00008ae0                wipe_ScreenWipe
 .text          0x00008be4     0x3d44 build/g_game.o
                0x00008be4                G_CmdChecksum
                0x00008bfc                G_BuildTiccmd
                0x0000977c                G_DoLoadLevel
                0x000099a8                G_Responder
                0x0000a0d0                G_PlayerFinishLevel
                0x0000a168                G_PlayerReborn
                0x0000a284                G_InitPlayer
                0x0000a288                G_CheckSpot
                0x0000a6c4                G_DeathMatchSpawnPlayer
                0x0000a7b0                G_DoReborn
                0x0000a990                G_ScreenShot
                0x0000a9a0                G_ExitLevel
                0x0000a9b8                G_SecretExitLevel
                0x0000aa20                G_DoCompleted
                0x0000b038                G_WorldDone
                0x0000b0c8                G_DoWorldDone
                0x0000b110                G_LoadGame
                0x0000b144                G_SaveGame
                0x0000b17c                G_DoSaveGame
                0x0000b19c                G_DeferedInitNew
                0x0000b1c4                G_InitNew
                0x0000b58c                G_DoLoadGame
                0x0000b698                G_DoNewGame
                0x0000b724                G_RecordDemo
                0x0000b7f0                G_VanillaVersionCode
                0x0000b84c                G_BeginRecording
                0x0000ba1c                G_DeferedPlayDemo
                0x0000ba34                G_DoPlayDemo
                0x0000bd14                G_TimeDemo
                0x0000bd70                G_CheckDemoStatus
                0x0000bf44                G_ReadDemoTiccmd
                0x0000bfe4                G_WriteDemoTiccmd
                0x0000c15c                G_Ticker
 .text          0x0000c928      0xf18 build/hu_lib.o
                0x0000c928                HUlib_init
                0x0000c92c                HUlib_clearTextLine
                0x0000c940                HUlib_initTextLine
                0x0000c964                HUlib_addCharToTextLine
                0x0000c9a0                HUlib_delCharFromTextLine
                0x0000c9d0                HUlib_drawTextLine
                0x0000cb3c                HUlib_eraseTextLine
                0x0000cc8c                HUlib_initSText
                0x0000cda4                HUlib_addLineToSText
                0x0000ce08                HUlib_addMessageToSText
                0x0000cf50                HUlib_drawSText
                0x0000d09c                HUlib_eraseSText
                0x0000d49c                HUlib_initIText
                0x0000d4cc                HUlib_delCharFromIText
                0x0000d4fc                HUlib_eraseLineFromIText
                0x0000d530                HUlib_resetIText
                0x0000d548                HUlib_addPrefixToIText
                0x0000d5b0                HUlib_keyInIText
                0x0000d65c                HUlib_drawIText
                0x0000d674                HUlib_eraseIText
 .text          0x0000d840     0x1118 build/hu_stuff.o
                0x0000d840                HU_Init
                0x0000d8bc                HU_Stop
                0x0000d8c8                HU_Start
                0x0000db74                HU_Drawer
                0x0000dbcc                HU_Erase
                0x0000dc04                HU_Ticker
                0x0000e20c                HU_queueChatChar
                0x0000e258                HU_dequeueChatChar
                0x0000e290                HU_Responder
 .text          0x0000e958        0x0 build/info.o
 .text          0x0000e958       0x4c build/i_cdmus.o
                0x0000e958                I_CDMusInit
                0x0000e960                I_CDMusPrintStartup
                0x0000e964                I_CDMusPlay
                0x0000e96c                I_CDMusStop
                0x0000e974                I_CDMusResume
                0x0000e97c                I_CDMusSetVolume
                0x0000e98c                I_CDMusFirstTrack
                0x0000e994                I_CDMusLastTrack
                0x0000e99c                I_CDMusTrackLength
 .text          0x0000e9a4        0x4 build/i_endoom.o
                0x0000e9a4                I_Endoom
 .text          0x0000e9a8      0x124 build/i_joystick.o
                0x0000e9a8                I_ShutdownJoystick
                0x0000e9ac                I_InitJoystick
                0x0000e9b0                I_UpdateJoystick
                0x0000e9b4                I_BindJoystickVariables
 .text          0x0000eacc     0x20e4 build/i_scale.o
                0x00010b00                I_InitScale
                0x00010b1c                I_ResetScaleTables
 .text          0x00010bb0      0x2c0 build/i_sound.o
                0x00010bb0                I_InitSound
                0x00010c20                I_ShutdownSound
                0x00010c38                I_GetSfxLumpNum
                0x00010c54                I_UpdateSound
                0x00010c6c                I_UpdateSoundParams
                0x00010cc0                I_StartSound
                0x00010d18                I_StopSound
                0x00010d30                I_SoundIsPlaying
                0x00010d4c                I_PrecacheSounds
                0x00010d68                I_InitMusic
                0x00010d6c                I_ShutdownMusic
                0x00010d70                I_SetMusicVolume
                0x00010d74                I_PauseSong
                0x00010d78                I_ResumeSong
                0x00010d7c                I_RegisterSong
                0x00010d84                I_UnRegisterSong
                0x00010d88                I_PlaySong
                0x00010d8c                I_StopSong
                0x00010d90                I_MusicIsPlaying
                0x00010d98                I_BindSoundVariables
 .text          0x00010e70      0x600 build/i_system.o
                0x00010e70                I_AtExit
                0x00010eb8                I_Tactile
                0x00010ebc                I_PrintBanner
                0x00010f18                I_PrintDivider
                0x00010f4c                I_PrintStartupBanner
                0x00011008                I_ConsoleStdout
                0x00011010                I_Quit
                0x00011048                I_Error
                0x00011144                I_ZoneBase
                0x000111f4                I_GetMemoryValue
 .text          0x00011470       0xa8 build/i_timer.o
                0x00011470                I_GetTicks
                0x00011474                I_GetTime
                0x000114d0                I_GetTimeMS
                0x0001150c                I_Sleep
                0x00011510                I_WaitVBL
                0x00011514                I_InitTimer
 .text          0x00011518      0x318 build/memio.o
                0x00011518                mem_fopen_read
                0x00011564                mem_fread
                0x00011624                mem_fopen_write
                0x00011680                mem_fwrite
                0x00011768                mem_get_buf
                0x0001177c                mem_fclose
                0x000117b8                mem_ftell
                0x000117c0                mem_fseek
 .text          0x00011830      0x24c build/m_argv.o
                0x00011830                M_CheckParmWithArgs
                0x000118e8                M_ParmExists
                0x00011984                M_CheckParm
                0x00011a24                M_FindResponseFile
                0x00011a28                M_GetExecutableName
 .text          0x00011a7c       0x5c build/m_bbox.o
                0x00011a7c                M_ClearBox
                0x00011a98                M_AddToBox
 .text          0x00011ad8       0xf0 build/m_cheat.o
                0x00011ad8                cht_CheckCheat
                0x00011bb4                cht_GetParam
 .text          0x00011bc8      0x89c build/m_config.o
                0x00011bc8                M_SetConfigFilenames
                0x00011bdc                M_SaveDefaults
                0x00011be0                M_SaveDefaultsAlternate
                0x00011be4                M_LoadDefaults
                0x00011cdc                M_BindVariable
                0x00011ddc                M_SetVariable
                0x00012008                M_GetIntVariable
                0x00012124                M_GetStrVariable
                0x00012240                M_GetFloatVariable
                0x00012360                M_SetConfigDir
                0x000123d8                M_GetSaveGameDir
 .text          0x00012464      0xa40 build/m_controls.o
                0x00012464                M_BindBaseControls
                0x00012690                M_BindHereticControls
                0x00012754                M_BindHexenControls
                0x00012840                M_BindStrifeControls
                0x000129e4                M_BindWeaponControls
                0x00012b0c                M_BindMapControls
                0x00012c0c                M_BindMenuControls
                0x00012e10                M_BindChatControls
                0x00012ea0                M_ApplyPlatformDefaults
 .text          0x00012ea4       0xb0 build/m_fixed.o
                0x00012ea4                FixedMul
                0x00012ebc                FixedDiv
 .text          0x00012f54     0x359c build/m_menu.o
                0x00012f54                M_Sound
                0x00012f74                M_Options
                0x00012f98                M_ChangeMessages
                0x00012ff8                M_ReadThis
                0x0001301c                M_FinishReadThis
                0x00013040                M_DrawReadThis2
                0x0001307c                M_DrawMainMenu
                0x000130ac                M_DrawNewGame
                0x000130fc                M_DrawEpisode
                0x0001312c                M_LoadSelect
                0x00013164                M_SaveSelect
                0x000131e4                M_QuitDOOM
                0x000132a8                M_DrawReadThis1
                0x000133a4                M_SfxVol
                0x000133ec                M_MusicVol
                0x00013434                M_SizeDisplay
                0x000134b4                M_ChangeSensitivity
                0x000134f8                M_ChangeDetail
                0x00013574                M_QuickSaveResponse
                0x000135ec                M_VerifyNightmare
                0x00013630                M_ChooseSkill
                0x000136b8                M_EndGameResponse
                0x000136e8                M_NewGame
                0x000137ac                M_Episode
                0x000138b4                M_ReadThis2
                0x0001391c                M_DrawOptions
                0x00013c5c                M_DrawSound
                0x00013ccc                M_EndGame
                0x00013d78                M_QuickLoadResponse
                0x00013dd0                M_QuitResponse
                0x00013e68                M_DrawLoad
                0x0001403c                M_DrawSave
                0x0001435c                M_ReadSaveStrings
                0x00014450                M_LoadGame
                0x000144c4                M_SaveGame
                0x00014548                M_DrawSaveLoadBorder
                0x000145f0                M_DoSave
                0x00014644                M_QuickSave
                0x0001478c                M_QuickLoad
                0x00014864                M_DrawThermo
                0x00014974                M_DrawEmptyCell
                0x000149cc                M_DrawSelCell
                0x00014a24                M_StartMessage
                0x00014a60                M_StopMessage
                0x00014a7c                M_StringWidth
                0x00014b3c                M_StringHeight
                0x00014bdc                M_WriteText
                0x00014cd8                M_Responder
                0x00015f2c                M_StartControlPanel
                0x00015f64                M_Drawer
                0x000163a8                M_ClearMenus
                0x000163b4                M_SetupNextMenu
                0x000163cc                M_Ticker
                0x00016408                M_Init
 .text          0x000164f0      0xa98 build/m_misc.o
                0x000164f0                M_MakeDirectory
                0x000164f8                M_FileExists
                0x00016540                M_FileLength
                0x000165a8                M_WriteFile
                0x00016628                M_ReadFile
                0x00016724                M_StrToInt
                0x000167d4                M_ExtractFileBase
                0x000168c0                M_ForceUppercase
                0x000168fc                M_StrCaseStr
                0x000169b8                M_StringDuplicate
                0x00016a1c                M_StringReplace
                0x00016b6c                M_StringCopy
                0x00016bc0                M_StringConcat
                0x00016c40                M_StringStartsWith
                0x00016cc0                M_StringEndsWith
                0x00016d54                M_StringJoin
                0x00016e8c                M_TempFile
                0x00016ea8                M_vsnprintf
                0x00016f04                M_snprintf
 .text          0x00016f88       0x64 build/m_random.o
                0x00016f88                P_Random
                0x00016fb0                M_Random
                0x00016fd8                M_ClearRandom
 .text          0x00016fec      0x5dc build/p_ceilng.o
                0x00016fec                T_MoveCeiling
                0x0001724c                EV_DoCeiling
                0x0001747c                P_AddActiveCeiling
                0x000174bc                P_RemoveActiveCeiling
                0x00017524                P_ActivateInStasisCeiling
                0x00017574                EV_CeilingCrushStop
 .text          0x000175c8      0xa50 build/p_doors.o
                0x000175c8                T_VerticalDoor
                0x000177c8                EV_DoDoor
                0x00017b0c                EV_DoLockedDoor
                0x00017bf4                EV_VerticalDoor
                0x00017f14                P_SpawnDoorCloseIn30
                0x00017f80                P_SpawnDoorRaiseIn5Mins
 .text          0x00018018     0x42e0 build/p_enemy.o
                0x00018018                PIT_VileCheck
                0x000182e0                P_RecursiveSound
                0x000184b0                P_NoiseAlert
                0x000185e4                P_CheckMeleeRange
                0x00018670                P_CheckMissileRange
                0x000187a8                P_Move
                0x00018954                P_TryWalk
                0x00018b00                P_NewChaseDir
                0x000191c4                P_LookForPlayers
                0x000193f4                A_KeenDie
                0x00019470                A_Look
                0x000195a8                A_Chase
                0x000199ec                A_FaceTarget
                0x00019a84                A_PosAttack
                0x00019ba0                A_SPosAttack
                0x00019cec                A_CPosAttack
                0x00019e10                A_CPosRefire
                0x00019f00                A_SpidRefire
                0x00019ff0                A_BspiAttack
                0x0001a09c                A_TroopAttack
                0x0001a1dc                A_SargAttack
                0x0001a30c                A_HeadAttack
                0x0001a458                A_CyberAttack
                0x0001a504                A_BruisAttack
                0x0001a5d8                A_SkelMissile
                0x0001a6bc                A_Tracer
                0x0001a8cc                A_SkelWhoosh
                0x0001a974                A_SkelFist
                0x0001aabc                A_VileChase
                0x0001acd8                A_VileStart
                0x0001ace0                A_StartFire
                0x0001adc8                A_FireCrackle
                0x0001aeb0                A_Fire
                0x0001af90                A_VileTarget
                0x0001b044                A_VileAttack
                0x0001b1d0                A_FatRaise
                0x0001b274                A_FatAttack1
                0x0001b398                A_FatAttack2
                0x0001b4c0                A_FatAttack3
                0x0001b644                A_SkullAttack
                0x0001b8c0                A_PainShootSkull
                0x0001b918                A_PainAttack
                0x0001ba0c                A_PainDie
                0x0001bb74                A_Scream
                0x0001bc44                A_XScream
                0x0001bc4c                A_Pain
                0x0001bc60                A_Fall
                0x0001bc70                A_Explode
                0x0001bc7c                A_BossDeath
                0x0001bed4                A_Hoof
                0x0001bef8                A_Metal
                0x0001bf1c                A_BabyMetal
                0x0001bf40                A_OpenShotgun2
                0x0001bf4c                A_LoadShotgun2
                0x0001bf58                A_CloseShotgun2
                0x0001bf98                A_BrainAwake
                0x0001c020                A_BrainPain
                0x0001c02c                A_BrainScream
                0x0001c104                A_BrainExplode
                0x0001c1a8                A_BrainDie
                0x0001c1ac                A_BrainSpit
                0x0001c27c                A_SpawnSound
                0x0001c2bc                A_SpawnFly
                0x0001c2d4                A_PlayerScream
 .text          0x0001c2f8      0xdf4 build/p_floor.o
                0x0001c2f8                T_MoveFloor
                0x0001c500                T_MovePlane
                0x0001c748                EV_DoFloor
                0x0001cf10                EV_BuildStairs
 .text          0x0001d0ec     0x1644 build/p_inter.o
                0x0001d0ec                P_GiveAmmo
                0x0001d354                P_GiveWeapon
                0x0001d500                P_GiveBody
                0x0001d54c                P_GiveArmor
                0x0001d574                P_GiveCard
                0x0001d598                P_GivePower
                0x0001d678                P_TouchSpecialThing
                0x0001e0e8                P_KillMobj
                0x0001e348                P_DamageMobj
 .text          0x0001e730      0x6c4 build/p_lights.o
                0x0001e730                T_StrobeFlash
                0x0001e774                T_Glow
                0x0001e7e8                T_FireFlicker
                0x0001e84c                T_LightFlash
                0x0001e8d4                P_SpawnFireFlicker
                0x0001e948                P_SpawnLightFlash
                0x0001e9d4                P_SpawnStrobeFlash
                0x0001eaa4                EV_StartLightStrobing
                0x0001ebb0                EV_TurnTagLightsOff
                0x0001ec8c                EV_LightTurnOn
                0x0001ed80                P_SpawnGlowingLight
 .text          0x0001edf4     0x1e1c build/p_map.o
                0x0001edf4                PIT_StompThing
                0x0001eebc                PIT_CheckLine
                0x0001f120                PIT_CheckThing
                0x0001f358                PTR_SlideTraverse
                0x0001f464                PTR_AimTraverse
                0x0001f688                PTR_ShootTraverse
                0x0001faa0                PTR_UseTraverse
                0x0001fb34                PIT_RadiusAttack
                0x0001fd4c                P_TeleportMove
                0x0001ff34                P_CheckPosition
                0x00020180                PIT_ChangeSector
                0x00020310                P_TryMove
                0x000204f8                P_ThingHeightClip
                0x00020584                P_HitSlideLine
                0x000205b0                P_SlideMove
                0x00020894                P_AimLineAttack
                0x00020980                P_LineAttack
                0x00020a20                P_UseLines
                0x00020a80                P_RadiusAttack
                0x00020b5c                P_ChangeSector
 .text          0x00020c10     0x1670 build/p_maputl.o
                0x00020c10                P_AproxDistance
                0x00020c68                P_PointOnLineSide
                0x00020d14                P_BoxOnLineSide
                0x00020f70                P_PointOnDivlineSide
                0x0002102c                P_MakeDivline
                0x00021054                P_InterceptVector
                0x00021110                P_LineOpening
                0x00021194                P_UnsetThingPosition
                0x00021260                P_SetThingPosition
                0x00021350                P_BlockLinesIterator
                0x00021450                P_BlockThingsIterator
                0x000214f0                PIT_AddLineIntercepts
                0x00021978                PIT_AddThingIntercepts
                0x00021cac                P_TraverseIntercepts
                0x00021dac                P_PathTraverse
 .text          0x00022280     0x1d24 build/p_mobj.o
                0x00022280                P_SpawnMobj
                0x00022410                P_RemoveMobj
                0x000224e0                P_SetMobjState
                0x000225a8                P_NightmareRespawn
                0x00022704                P_ExplodeMissile
                0x00022834                P_ZMovement
                0x00022aec                P_XYMovement
                0x00022f38                P_MobjThinker
                0x000230bc                P_RespawnSpecials
                0x00023274                P_SpawnPlayer
                0x00023494                P_SpawnMapThing
                0x00023860                P_SpawnPuff
                0x00023988                P_SpawnBlood
                0x00023b24                P_CheckMissileSpawn
                0x00023bbc                P_SubstNullMobj
                0x00023be4                P_SpawnMissile
                0x00023dc8                P_SpawnPlayerMissile
 .text          0x00023fa4      0x6a0 build/p_plats.o
                0x00023fa4                T_PlatRaise
                0x000241dc                EV_DoPlat
                0x000244f0                P_ActivateInStasis
                0x00024540                EV_StopPlat
                0x0002458c                P_AddActivePlat
                0x000245d4                P_RemoveActivePlat
 .text          0x00024644     0x1d6c build/p_pspr.o
                0x00024644                P_SetPsprite
                0x00024718                P_CalcSwing
                0x000247bc                P_BringUpWeapon
                0x000248b8                P_CheckAmmo
                0x00024ab4                P_FireWeapon
                0x00024ba0                P_DropWeapon
                0x00024c60                A_WeaponReady
                0x00024f28                A_ReFire
                0x00025060                A_CheckReload
                0x00025064                A_Lower
                0x000251a0                A_Raise
                0x00025280                A_GunFlash
                0x0002534c                A_Punch
                0x00025448                A_Saw
                0x000255b8                A_FireMissile
                0x000255f8                A_FireBFG
                0x00025638                A_FirePlasma
                0x00025738                P_BulletSlope
                0x000257c4                P_GunShot
                0x00025864                A_FirePistol
                0x00025a54                A_FireShotgun
                0x00025c54                A_FireShotgun2
                0x00025e78                A_FireCGun
                0x000260dc                A_Light0
                0x000260e4                A_Light1
                0x000260f0                A_Light2
                0x000260fc                A_BFGSpray
                0x000261f8                A_BFGsound
                0x00026204                P_SetupPsprites
                0x000262fc                P_MovePsprites
 .text          0x000263b0     0x5960 build/p_saveg.o
                0x0002671c                P_TempSaveGameFile
                0x00026760                P_SaveGameFile
                0x00026804                P_WriteSaveGameHeader
                0x00026c0c                P_ReadSaveGameHeader
                0x00026fa0                P_ReadSaveGameEOF
                0x00027020                P_WriteSaveGameEOF
                0x00027090                P_ArchivePlayers
                0x00027d08                P_UnArchivePlayers
                0x00028634                P_ArchiveWorld
                0x00028e7c                P_UnArchiveWorld
                0x00029734                P_ArchiveThinkers
                0x00029df8                P_UnArchiveThinkers
                0x0002a49c                P_ArchiveSpecials
                0x0002b144                P_UnArchiveSpecials
 .text          0x0002bd10     0x156c build/p_setup.o
                0x0002bd10                P_LoadVertexes
                0x0002bdc8                GetSectorAtNullAddress
                0x0002be4c                P_LoadSegs
                0x0002c0ec                P_LoadSubsectors
                0x0002c1bc                P_LoadSectors
                0x0002c304                P_LoadNodes
                0x0002c4e8                P_LoadThings
                0x0002c630                P_LoadLineDefs
                0x0002c8d0                P_LoadSideDefs
                0x0002ca30                P_LoadBlockMap
                0x0002cae4                P_GroupLines
                0x0002ce1c                P_SetupLevel
                0x0002d258                P_Init
 .text          0x0002d27c      0x918 build/p_sight.o
                0x0002d27c                P_DivlineSide
                0x0002d308                P_InterceptVector2
                0x0002d3c4                P_CrossSubsector
                0x0002d888                P_CrossBSPNode
                0x0002da58                P_CheckSight
 .text          0x0002db94     0x15ec build/p_spec.o
                0x0002db94                P_InitPicAnims
                0x0002dcd8                getSide
                0x0002dd24                getSector
                0x0002dd74                twoSided
                0x0002dda4                getNextSector
                0x0002ddd0                P_FindLowestFloorSurrounding
                0x0002de28                P_FindHighestFloorSurrounding
                0x0002de8c                P_FindNextHighestFloor
                0x0002dfb8                P_FindLowestCeilingSurrounding
                0x0002e024                P_FindHighestCeilingSurrounding
                0x0002e088                P_FindSectorFromLineTag
                0x0002e0e0                P_FindMinSurroundingLight
                0x0002e134                P_CrossSpecialLine
                0x0002e6a0                P_ShootSpecialLine
                0x0002e754                P_PlayerInSpecialSector
                0x0002e8d4                P_UpdateSpecials
                0x0002eb5c                EV_DoDonut
                0x0002ee4c                P_SpawnSpecials
 .text          0x0002f180     0x10a8 build/p_switch.o
                0x0002f180                P_InitSwitchList
                0x0002f284                P_StartButton
                0x0002f528                P_ChangeSwitchTexture
                0x0002fdf4                P_UseSpecialLine
 .text          0x00030228      0x234 build/p_telept.o
                0x00030228                EV_Teleport
 .text          0x0003045c      0x21c build/p_tick.o
                0x0003045c                P_InitThinkers
                0x00030470                P_AddThinker
                0x00030490                P_RemoveThinker
                0x0003049c                P_AllocateThinker
                0x000304a0                P_RunThinkers
                0x0003051c                P_Ticker
 .text          0x00030678      0x794 build/p_user.o
                0x00030678                P_Thrust
                0x000306fc                P_CalcHeight
                0x00030880                P_MovePlayer
                0x00030a30                P_DeathThink
                0x00030b40                P_PlayerThink
 .text          0x00030e0c      0x984 build/r_bsp.o
                0x00030e0c                R_ClearDrawSegs
                0x00030e20                R_ClipSolidWallSegment
                0x00030f98                R_ClipPassWallSegment
                0x00031034                R_ClearClipSegs
                0x00031078                R_AddLine
                0x00031208                R_CheckBBox
                0x00031408                R_Subsector
                0x000316a8                R_RenderBSPNode
 .text          0x00031790     0x1644 build/r_data.o
                0x00031790                R_DrawColumnInCache
                0x0003185c                R_GenerateComposite
                0x00031ac8                R_GenerateLookup
                0x00031d30                R_GetColumn
                0x00031df8                R_InitTextures
                0x000324d8                R_InitFlats
                0x00032574                R_InitSpriteLumps
                0x00032700                R_InitColormaps
                0x00032730                R_InitData
                0x00032814                R_FlatNumForName
                0x00032898                R_CheckTextureNumForName
                0x00032938                R_TextureNumForName
                0x000329e0                R_PrecacheLevel
 .text          0x00032dd4      0xfe8 build/r_draw.o
                0x00032dd4                R_DrawColumn
                0x00032edc                R_DrawColumnLow
                0x00032ff8                R_DrawFuzzColumn
                0x00033138                R_DrawFuzzColumnLow
                0x000332c0                R_DrawTranslatedColumn
                0x000333d4                R_DrawTranslatedColumnLow
                0x0003352c                R_InitTranslationTables
                0x000335dc                R_DrawSpan
                0x0003371c                R_DrawSpanLow
                0x0003388c                R_InitBuffer
                0x00033924                R_FillBackScreen
                0x00033c4c                R_VideoErase
                0x00033c74                R_DrawViewBorder
 .text          0x00033dbc     0x12b8 build/r_main.o
                0x00033dbc                R_AddPointToBox
                0x00033df0                R_PointOnSide
                0x00033ea0                R_PointOnSegSide
                0x00033f68                R_PointToAngle
                0x0003412c                R_PointToAngle2
                0x000342f4                R_PointToDist
                0x000343a8                R_InitPointToAngle
                0x000343ac                R_ScaleFromGlobalAngle
                0x0003448c                R_InitTables
                0x00034490                R_InitTextureMapping
                0x000346d0                R_InitLightTables
                0x000347d0                R_SetViewSize
                0x000347f0                R_ExecuteSetViewSize
                0x00034c38                R_Init
                0x00034db8                R_PointInSubsector
                0x00034f20                R_SetupFrame
                0x00035028                R_RenderPlayerView
 .text          0x00035074      0x9b4 build/r_plane.o
                0x00035074                R_InitPlanes
                0x00035078                R_MapPlane
                0x000352b8                R_ClearPlanes
                0x000353fc                R_FindPlane
                0x000354fc                R_CheckPlane
                0x000355b4                R_MakeSpans
                0x000356f4                R_DrawPlanes
 .text          0x00035a28     0x1298 build/r_segs.o
                0x00035a28                R_RenderMaskedSegRange
                0x00035d30                R_RenderSegLoop
                0x00036204                R_StoreWallRange
 .text          0x00036cc0       0x10 build/r_sky.o
                0x00036cc0                R_InitSkyMap
 .text          0x00036cd0     0x17bc build/r_things.o
                0x00036cd0                R_InstallSpriteLump
                0x00036f38                R_InitSpriteDefs
                0x0003731c                R_InitSprites
                0x00037340                R_ClearSprites
                0x00037354                R_NewVisSprite
                0x00037380                R_DrawMaskedColumn
                0x000374f8                R_DrawVisSprite
                0x000376cc                R_ProjectSprite
                0x00037a74                R_AddSprites
                0x00037b18                R_DrawPSprite
                0x00037d88                R_DrawPlayerSprites
                0x00037e6c                R_SortVisSprites
                0x00037f54                R_DrawSprite
                0x0003832c                R_DrawMasked
 .text          0x0003848c     0x2200 build/sha1.o
                0x00039da4                SHA1_Init
                0x00039dec                SHA1_Update
                0x00039f8c                SHA1_Final
                0x0003a490                SHA1_UpdateInt32
                0x0003a654                SHA1_UpdateString
 .text          0x0003a68c        0x0 build/sounds.o
 .text          0x0003a68c       0x80 build/statdump.o
                0x0003a68c                StatCopy
                0x0003a708                StatDump
 .text          0x0003a70c      0x5f4 build/st_lib.o
                0x0003a70c                STlib_init
                0x0003a738                STlib_initNum
                0x0003a758                STlib_drawNum
                0x0003a95c                STlib_updateNum
                0x0003a970                STlib_initPercent
                0x0003a998                STlib_updatePercent
                0x0003aa0c                STlib_initMultIcon
                0x0003aa2c                STlib_updateMultIcon
                0x0003ab88                STlib_initBinIcon
                0x0003aba4                STlib_updateBinIcon
 .text          0x0003ad00     0x1fc0 build/st_stuff.o
                0x0003b3d4                ST_refreshBackground
                0x0003b460                ST_Responder
                0x0003ba1c                ST_calcPainOffset
                0x0003ba88                ST_updateFaceWidget
                0x0003c0d0                ST_updateWidgets
                0x0003c284                ST_Ticker
                0x0003c2cc                ST_doPaletteStuff
                0x0003c3ec                ST_drawWidgets
                0x0003c518                ST_doRefresh
                0x0003c5b8                ST_diffDraw
                0x0003c5c0                ST_Drawer
                0x0003c6a0                ST_loadGraphics
                0x0003c6a4                ST_loadData
                0x0003c6cc                ST_unloadGraphics
                0x0003c6d0                ST_unloadData
                0x0003c6d4                ST_initData
                0x0003c7a0                ST_createWidgets
                0x0003cb18                ST_Start
                0x0003cc34                ST_Stop
                0x0003cc78                ST_Init
 .text          0x0003ccc0      0xd44 build/s_sound.o
                0x0003ccc0                S_Shutdown
                0x0003ce68                S_Init
                0x0003cf88                S_StopSound
                0x0003d010                S_StartSound
                0x0003d478                S_PauseSound
                0x0003d4b8                S_ResumeSound
                0x0003d4f4                S_UpdateSounds
                0x0003d64c                S_SetMusicVolume
                0x0003d688                S_SetSfxVolume
                0x0003d6d0                S_ChangeMusic
                0x0003d83c                S_Start
                0x0003d994                S_StartMusic
                0x0003d99c                S_MusicPlaying
                0x0003d9a0                S_StopMusic
 .text          0x0003da04       0x48 build/tables.o
                0x0003da04                SlopeDiv
 .text          0x0003da4c     0x2240 build/v_video.o
                0x0003da4c                V_MarkRect
                0x0003dac4                V_CopyRect
                0x0003dc14                V_SetPatchClipCallback
                0x0003dc20                V_DrawPatch
                0x0003de9c                V_DrawPatchFlipped
                0x0003e0e8                V_DrawPatchDirect
                0x0003e0ec                V_DrawTLPatch
                0x0003e2a0                V_DrawXlaPatch
                0x0003e410                V_DrawAltTLPatch
                0x0003e5c4                V_DrawShadowedPatch
                0x0003e790                V_LoadTintTable
                0x0003e7bc                V_LoadXlaTable
                0x0003e7e8                V_DrawBlock
                0x0003e904                V_DrawFilledBox
                0x0003ea64                V_DrawHorizLine
                0x0003eb70                V_DrawVertLine
                0x0003eba8                V_DrawBox
                0x0003ee80                V_DrawRawScreen
                0x0003ee98                V_Init
                0x0003ee9c                V_UseBuffer
                0x0003eea8                V_RestoreBuffer
                0x0003eebc                WritePCXfile
                0x0003f0a0                V_ScreenShot
                0x0003f2c0                V_DrawMouseSpeedBox
 .text          0x0003fc8c     0x670c build/wi_stuff.o
                0x00040c64                WI_slamBackground
                0x00040c78                WI_Responder
                0x00040c80                WI_drawLF
                0x00040e0c                WI_drawEL
                0x00040ee0                WI_drawOnLnode
                0x00041058                WI_initAnimatedBack
                0x00041080                WI_updateAnimatedBack
                0x000410a8                WI_drawAnimatedBack
                0x0004119c                WI_drawNum
                0x0004136c                WI_drawPercent
                0x000414c4                WI_drawTime
                0x00041714                WI_End
                0x00041718                WI_initNoState
                0x0004173c                WI_updateNoState
                0x000417b0                WI_initShowNextLoc
                0x000417f8                WI_updateShowNextLoc
                0x00041884                WI_drawShowNextLoc
                0x00041b20                WI_drawNoState
                0x00041b30                WI_fragSum
                0x00041bcc                WI_initDeathmatchStats
                0x00041e10                WI_updateDeathmatchStats
                0x00042c5c                WI_drawDeathmatchStats
                0x0004347c                WI_initNetgameStats
                0x000438c4                WI_updateNetgameStats
                0x00044790                WI_drawNetgameStats
                0x000450a4                WI_initStats
                0x0004511c                WI_updateStats
                0x00045650                WI_drawStats
                0x00045b7c                WI_checkForAccelerate
                0x00045d1c                WI_Ticker
                0x0004602c                WI_loadData
                0x000460c0                WI_unloadData
                0x000460c4                WI_Drawer
                0x00046114                WI_initVariables
                0x000461a4                WI_Start
 .text          0x00046398      0x148 build/w_checksum.o
                0x00046398                W_Checksum
 .text          0x000464e0       0x24 build/w_file.o
                0x000464e0                W_OpenFile
                0x000464ec                W_CloseFile
                0x000464f8                W_Read
 .text          0x00046504       0xec build/w_main.o
                0x00046504                W_ParseCommandLine
 .text          0x000465f0      0xfbc build/w_wad.o
                0x000465f0                W_LumpNameHash
                0x00046650                W_AddFile
                0x00046a28                W_NumLumps
                0x00046a34                W_CheckNumForName
                0x00046bc4                W_GetNumForName
                0x00046c20                W_LumpLength
                0x00046c94                W_ReadLump
                0x00046d4c                W_CacheLumpNum
                0x00046f3c                W_CacheLumpName
                0x00047140                W_ReleaseLumpNum
                0x000471c0                W_ReleaseLumpName
                0x00047278                W_GenerateHashTable
                0x000473c8                W_CheckCorrectIWAD
 .text          0x000475ac      0x868 build/z_zone.o
                0x000475ac                Z_ClearZone
                0x000475ec                Z_Init
                0x00047650                Z_Free
                0x00047758                Z_Malloc
                0x000478e8                Z_FreeTags
                0x00047978                Z_DumpHeap
                0x00047ac4                Z_FileDumpHeap
                0x00047be8                Z_CheckHeap
                0x00047ccc                Z_ChangeTag2
                0x00047d64                Z_ChangeUser
                0x00047db8                Z_FreeMemory
                0x00047e04                Z_ZoneSize
 .text          0x00047e14       0xf0 build/w_file_stdc.o
                0x00047e14                W_StdC_Read
 .text          0x00047f04      0x14c build/i_input.o
                0x00047f04                I_GetEvent
                0x0004804c                I_InitInput
 .text          0x00048050      0x60c build/i_video.o
                0x00048050                cmap_to_rgb565
                0x000480b8                cmap_to_fb
                0x0004819c                I_InitGraphics
                0x00048330                I_ShutdownGraphics
                0x0004833c                I_StartFrame
                0x00048340                I_StartTic
                0x00048344                I_UpdateNoBlit
                0x00048348                I_FinishUpdate
                0x0004852c                I_ReadScreen
                0x00048540                I_SetPalette
                0x000485b4                I_GetPaletteIndex
                0x00048638                I_BeginRead
                0x0004863c                I_EndRead
                0x00048640                I_SetWindowTitle
                0x00048644                I_GraphicsCheckCommandLine
                0x00048648                I_SetGrabMouseCallback
                0x0004864c                I_EnableLoadingDisk
                0x00048650                I_BindVideoVariables
                0x00048654                I_DisplayFPSDots
                0x00048658                I_CheckIsScreensaver
 .text          0x0004865c       0x70 build/doomgeneric.o
                0x0004865c                doomgeneric_Create
 .text          0x000486cc       0x88 build/doomgeneric_jane_cpu.o
                0x000486cc                DG_Init
                0x000486d8                DG_DrawFrame
                0x000486e4                DG_SleepMs
                0x000486f0                DG_GetTicksMs
                0x00048714                DG_GetKey
                0x00048720                DG_SetWindowTitle
                0x00048730                c_start
 .text          0x00048754      0x314 ../minlibc//libminlibc.a(atof.o)
                0x00048754                atof
 .text          0x00048a68       0x90 ../minlibc//libminlibc.a(atoi.o)
                0x00048a68                atoi
 .text          0x00048af8       0x2c ../minlibc//libminlibc.a(errno.o)
                0x00048af8                __errno_location
 .text          0x00048b24       0x28 ../minlibc//libminlibc.a(exit.o)
                0x00048b24                exit
 .text          0x00048b4c      0x4c8 ../minlibc//libminlibc.a(fake_files.o)
                0x00048b4c                fopen
                0x00048bf0                ftell
                0x00048c70                fseek
                0x00048eac                fread
                0x00048fd0                feof
 .text          0x00049014       0x38 ../minlibc//libminlibc.a(fclose.o)
                0x00049014                fclose
 .text          0x0004904c       0x70 ../minlibc//libminlibc.a(fflush.o)
                0x0004904c                fflush
 .text          0x000490bc       0x74 ../minlibc//libminlibc.a(fprintf.o)
                0x000490bc                fprintf
 .text          0x00049130       0xa4 ../minlibc//libminlibc.a(fwrite.o)
                0x00049130                fwrite
 .text          0x000491d4       0x4c ../minlibc//libminlibc.a(isdigit.o)
                0x000491d4                isdigit
 .text          0x00049220     0x35f4 ../minlibc//libminlibc.a(malloc.o)
                0x0004c574                malloc
                0x0004c658                free
                0x0004c6e0                realloc
                0x0004c7b4                calloc
 .text          0x0004c814       0x78 ../minlibc//libminlibc.a(memcpy.o)
                0x0004c814                memcpy
 .text          0x0004c88c       0x68 ../minlibc//libminlibc.a(memset.o)
                0x0004c88c                memset
 .text          0x0004c8f4       0x48 ../minlibc//libminlibc.a(mkdir.o)
                0x0004c8f4                mkdir
 .text          0x0004c93c       0x64 ../minlibc//libminlibc.a(mmap.o)
                0x0004c93c                mmap
 .text          0x0004c9a0       0x44 ../minlibc//libminlibc.a(mprotect.o)
                0x0004c9a0                mprotect
 .text          0x0004c9e4       0x3c ../minlibc//libminlibc.a(munmap.o)
                0x0004c9e4                munmap
 .text          0x0004ca20      0x604 ../minlibc//libminlibc.a(printf.o)
                0x0004ca20                printf
                0x0004ca9c                sscanf
                0x0004cd88                fabs
                0x0004ce08                abs
                0x0004ce44                runtime_exit
                0x0004ce64                runtime_memprotect
                0x0004cea4                runtime_alloc
                0x0004cf14                runtime_free
                0x0004cf40                system_call
                0x0004cf98                send_dma_l
                0x0004cfe8                runtime_write
 .text          0x0004d024       0x3c ../minlibc//libminlibc.a(putchar.o)
                0x0004d024                putchar
 .text          0x0004d060       0x5c ../minlibc//libminlibc.a(puts.o)
                0x0004d060                puts
 .text          0x0004d0bc       0x78 ../minlibc//libminlibc.a(snprintf.o)
                0x0004d0bc                snprintf
 .text          0x0004d134        0x0 ../minlibc//libminlibc.a(stdio_values.o)
 .text          0x0004d134      0x180 ../minlibc//libminlibc.a(strcasecmp.o)
                0x0004d134                strcasecmp
                0x0004d1cc                strncasecmp
 .text          0x0004d2b4       0x7c ../minlibc//libminlibc.a(strcmp.o)
                0x0004d2b4                strcmp
 .text          0x0004d330       0x64 ../minlibc//libminlibc.a(strdup.o)
                0x0004d330                strdup
 .text          0x0004d394       0x58 ../minlibc//libminlibc.a(strlen.o)
                0x0004d394                strlen
 .text          0x0004d3ec       0xa0 ../minlibc//libminlibc.a(strncmp.o)
                0x0004d3ec                strncmp
 .text          0x0004d48c       0x78 ../minlibc//libminlibc.a(strncpy.o)
                0x0004d48c                strncpy
 .text          0x0004d504       0x74 ../minlibc//libminlibc.a(strrchr.o)
                0x0004d504                strrchr
 .text          0x0004d578       0x94 ../minlibc//libminlibc.a(strstr.o)
                0x0004d578                strstr
 .text          0x0004d60c       0x50 ../minlibc//libminlibc.a(tolower.o)
                0x0004d60c                tolower
 .text          0x0004d65c       0x50 ../minlibc//libminlibc.a(toupper.o)
                0x0004d65c                toupper
 .text          0x0004d6ac       0x9c ../minlibc//libminlibc.a(vfprintf.o)
                0x0004d6ac                vfprintf
 .text          0x0004d748     0x1114 ../minlibc//libminlibc.a(vsnprintf.o)
                0x0004dd64                vsnprintf
 .text          0x0004e85c       0x20 ../minlibc//libminlibc.a(abort.o)
                0x0004e85c                abort
 .text          0x0004e87c       0x68 ../minlibc//libminlibc.a(bzero.o)
                0x0004e87c                bzero
 .text          0x0004e8e4        0x0 ../minlibc//libminlibc.a(doom1.o)
 .text          0x0004e8e4       0x54 ../minlibc//libminlibc.a(fputc.o)
                0x0004e8e4                fputc
 .text          0x0004e938       0x58 ../minlibc//libminlibc.a(isspace.o)
                0x0004e938                isspace
 .text          0x0004e990       0x70 ../minlibc//libminlibc.a(strchr.o)
                0x0004e990                strchr
 .text          0x0004ea00       0x6c ../minlibc//libminlibc.a(strnlen.o)
                0x0004ea00                strnlen
 .text          0x0004ea6c      0x5a4 /home/ubuntu/gcc-riscv/lib/gcc/riscv32-unknown-elf/15.1.0/libgcc.a(_divdi3.o)
                0x0004ea6c                __divdi3
 .text          0x0004f010      0x5b4 /home/ubuntu/gcc-riscv/lib/gcc/riscv32-unknown-elf/15.1.0/libgcc.a(_udivdi3.o)
                0x0004f010                __udivdi3
 .text          0x0004f5c4      0x5a4 /home/ubuntu/gcc-riscv/lib/gcc/riscv32-unknown-elf/15.1.0/libgcc.a(_umoddi3.o)
                0x0004f5c4                __umoddi3
 .text          0x0004fb68      0x74c /home/ubuntu/gcc-riscv/lib/gcc/riscv32-unknown-elf/15.1.0/libgcc.a(adddf3.o)
                0x0004fb68                __adddf3
 .text          0x000502b4       0xd8 /home/ubuntu/gcc-riscv/lib/gcc/riscv32-unknown-elf/15.1.0/libgcc.a(ledf2.o)
                0x000502b4                __ltdf2
                0x000502b4                __ledf2
 .text          0x0005038c      0x69c /home/ubuntu/gcc-riscv/lib/gcc/riscv32-unknown-elf/15.1.0/libgcc.a(muldf3.o)
                0x0005038c                __muldf3
 .text          0x00050a28      0x760 /home/ubuntu/gcc-riscv/lib/gcc/riscv32-unknown-elf/15.1.0/libgcc.a(subdf3.o)
                0x00050a28                __subdf3
 .text          0x00051188       0xa0 /home/ubuntu/gcc-riscv/lib/gcc/riscv32-unknown-elf/15.1.0/libgcc.a(floatsidf.o)
                0x00051188                __floatsidf
 .text          0x00051228       0xa4 /home/ubuntu/gcc-riscv/lib/gcc/riscv32-unknown-elf/15.1.0/libgcc.a(fixunsdfdi.o)
                0x00051228                __fixunsdfdi
 .text          0x000512cc      0x1b0 /home/ubuntu/gcc-riscv/lib/gcc/riscv32-unknown-elf/15.1.0/libgcc.a(floatundidf.o)
                0x000512cc                __floatundidf
 .text          0x0005147c      0x374 /home/ubuntu/gcc-riscv/lib/gcc/riscv32-unknown-elf/15.1.0/libgcc.a(divsf3.o)
                0x0005147c                __divsf3
 .text          0x000517f0      0x348 /home/ubuntu/gcc-riscv/lib/gcc/riscv32-unknown-elf/15.1.0/libgcc.a(mulsf3.o)
                0x000517f0                __mulsf3
 .text          0x00051b38      0x444 /home/ubuntu/gcc-riscv/lib/gcc/riscv32-unknown-elf/15.1.0/libgcc.a(subsf3.o)
                0x00051b38                __subsf3
 .text          0x00051f7c       0x70 /home/ubuntu/gcc-riscv/lib/gcc/riscv32-unknown-elf/15.1.0/libgcc.a(fixsfsi.o)
                0x00051f7c                __fixsfsi
 .text          0x00051fec      0x10c /home/ubuntu/gcc-riscv/lib/gcc/riscv32-unknown-elf/15.1.0/libgcc.a(floatsisf.o)
                0x00051fec                __floatsisf
 .text          0x000520f8       0xd8 /home/ubuntu/gcc-riscv/lib/gcc/riscv32-unknown-elf/15.1.0/libgcc.a(extendsfdf2.o)
                0x000520f8                __extendsfdf2
 .text          0x000521d0      0x144 /home/ubuntu/gcc-riscv/lib/gcc/riscv32-unknown-elf/15.1.0/libgcc.a(truncdfsf2.o)
                0x000521d0                __truncdfsf2
 .text          0x00052314       0x24 /home/ubuntu/gcc-riscv/lib/gcc/riscv32-unknown-elf/15.1.0/libgcc.a(muldi3.o)
                0x00052314                __mulsi3
 .text          0x00052338       0xb4 /home/ubuntu/gcc-riscv/lib/gcc/riscv32-unknown-elf/15.1.0/libgcc.a(div.o)
                0x00052338                __divsi3
                0x00052340                __hidden___udivsi3
                0x00052340                __udivsi3
                0x00052388                __umodsi3
                0x000523bc                __modsi3
 .text          0x000523ec       0x3c /home/ubuntu/gcc-riscv/lib/gcc/riscv32-unknown-elf/15.1.0/libgcc.a(_lshrdi3.o)
                0x000523ec                __lshrdi3
 .text          0x00052428       0x3c /home/ubuntu/gcc-riscv/lib/gcc/riscv32-unknown-elf/15.1.0/libgcc.a(_ashldi3.o)
                0x00052428                __ashldi3
 .text          0x00052464        0x0 /home/ubuntu/gcc-riscv/lib/gcc/riscv32-unknown-elf/15.1.0/libgcc.a(_clz.o)
 .text          0x00052464       0x4c /home/ubuntu/gcc-riscv/lib/gcc/riscv32-unknown-elf/15.1.0/libgcc.a(_clzsi2.o)
                0x00052464                __clzsi2

.text.startup   0x000524b0       0x44
 .text.startup  0x000524b0       0x44 build/doomgeneric_jane_cpu.o
                0x000524b0                main

.rodata.str1.4  0x000524f4     0x7726
 .rodata.str1.4
                0x000524f4     0x7726 build/am_map.o
                                 0x72 (size before relaxing)
 .rodata.str1.4
                0x00059c1a      0x33b build/dstrings.o
 .rodata.str1.4
                0x00059c1a       0x2e build/d_iwad.o
 .rodata.str1.4
                0x00059c1a       0x73 build/d_loop.o
 .rodata.str1.4
                0x00059c1a      0xa4d build/d_main.o
 .rodata.str1.4
                0x00059c1a       0x4f build/d_mode.o
 .rodata.str1.4
                0x00059c1a      0x187 build/d_net.o
 .rodata.str1.4
                0x00059c1a     0x1f63 build/f_finale.o
 .rodata.str1.4
                0x00059c1a      0x301 build/g_game.o
 .rodata.str1.4
                0x00059c1a      0xd00 build/hu_stuff.o
 .rodata.str1.4
                0x00059c1a      0x44d build/info.o
 .rodata.str1.4
                0x00059c1a       0xb3 build/i_joystick.o
 .rodata.str1.4
                0x00059c1a       0xd9 build/i_scale.o
 .rodata.str1.4
                0x00059c1a       0xb5 build/i_sound.o
 .rodata.str1.4
                0x00059c1a      0x1cb build/i_system.o
 .rodata.str1.4
                0x00059c1a       0x29 build/memio.o
 .rodata.str1.4
                0x00059c1a      0xd54 build/m_config.o
 .rodata.str1.4
                0x00059c1a      0x6c6 build/m_controls.o
 .rodata.str1.4
                0x00059c1a      0x455 build/m_menu.o
 .rodata.str1.4
                0x00059c1a      0x101 build/m_misc.o
 .rodata.str1.4
                0x00059c1a      0x13f build/p_doors.o
 .rodata.str1.4
                0x00059c1a       0x3d build/p_enemy.o
 .rodata.str1.4
                0x00059c1a      0x417 build/p_inter.o
 .rodata.str1.4
                0x00059c1a       0x77 build/p_map.o
 .rodata.str1.4
                0x00059c1a       0x2d build/p_mobj.o
 .rodata.str1.4
                0x00059c1a       0x48 build/p_plats.o
 .rodata.str1.4
                0x00059c1a       0xf2 build/p_saveg.o
 .rodata.str1.4
                0x00059c1a       0x60 build/p_setup.o
 .rodata.str1.4
                0x00059c1a       0x28 build/p_sight.o
 .rodata.str1.4
                0x00059c1a      0x244 build/p_spec.o
 .rodata.str1.4
                0x00059c1a       0x25 build/p_switch.o
 .rodata.str1.4
                0x00059c1a       0x23 build/r_bsp.o
 .rodata.str1.4
                0x00059c1a      0x1a6 build/r_data.o
 .rodata.str1.4
                0x00059c1a       0xb4 build/r_draw.o
 .rodata.str1.4
                0x00059c1a        0x2 build/r_main.o
 .rodata.str1.4
                0x00059c1a       0xb0 build/r_plane.o
 .rodata.str1.4
                0x00059c1a       0x20 build/r_segs.o
 .rodata.str1.4
                0x00059c1a      0x1df build/r_things.o
 .rodata.str1.4
                0x00059c1a      0x217 build/sounds.o
 .rodata.str1.4
                0x00059c1a        0xa build/statdump.o
 .rodata.str1.4
                0x00059c1a       0x64 build/st_lib.o
 .rodata.str1.4
                0x00059c1a      0x1f8 build/st_stuff.o
 .rodata.str1.4
                0x00059c1a       0x6d build/s_sound.o
 .rodata.str1.4
                0x00059c1a      0x110 build/v_video.o
 .rodata.str1.4
                0x00059c1a      0x125 build/wi_stuff.o
 .rodata.str1.4
                0x00059c1a       0x36 build/w_main.o
 .rodata.str1.4
                0x00059c1a      0x2d7 build/w_wad.o
 .rodata.str1.4
                0x00059c1a      0x2b6 build/z_zone.o
 .rodata.str1.4
                0x00059c1a        0x3 build/w_file_stdc.o
 .rodata.str1.4
                0x00059c1a      0x167 build/i_video.o
 .rodata.str1.4
                0x00059c1a       0x5a build/doomgeneric.o
 .rodata.str1.4
                0x00059c1a       0xb6 build/doomgeneric_jane_cpu.o

.rodata         0x00059c20    0x11b60
 .rodata        0x00059c20       0x20 build/am_map.o
 .rodata        0x00059c40      0x164 build/d_main.o
 .rodata        0x00059da4       0xf4 build/d_mode.o
 .rodata        0x00059e98       0x18 build/f_wipe.o
 .rodata        0x00059eb0       0x84 build/g_game.o
 .rodata        0x00059f34       0x22 build/i_system.o
 *fill*         0x00059f56        0x2 
 .rodata        0x00059f58      0x200 build/m_config.o
 .rodata        0x0005a158      0x100 build/m_random.o
 .rodata        0x0005a258       0x30 build/p_ceilng.o
 .rodata        0x0005a288       0x20 build/p_doors.o
 .rodata        0x0005a2a8       0x34 build/p_floor.o
 .rodata        0x0005a2dc       0xb4 build/p_inter.o
 .rodata        0x0005a390      0x114 build/p_maputl.o
 .rodata        0x0005a4a4       0x14 build/p_plats.o
 .rodata        0x0005a4b8       0x20 build/p_saveg.o
 .rodata        0x0005a4d8      0x2b4 build/p_spec.o
 .rodata        0x0005a78c      0x210 build/p_switch.o
 .rodata        0x0005a99c       0x24 build/s_sound.o
 .rodata        0x0005a9c0    0x10504 build/tables.o
                0x0005a9c0                gammatable
                0x0005aec0                tantoangle
                0x0005cec4                finesine
                0x00066ec4                finetangent
 .rodata        0x0006aec4      0x1c0 build/wi_stuff.o
 .rodata        0x0006b084       0x80 build/i_input.o
 *fill*         0x0006b104        0x4 
 .rodata        0x0006b108       0x10 ../minlibc//libminlibc.a(atof.o)
 .rodata        0x0006b118       0x15 ../minlibc//libminlibc.a(exit.o)
 *fill*         0x0006b12d        0x3 
 .rodata        0x0006b130      0x14d ../minlibc//libminlibc.a(fake_files.o)
 *fill*         0x0006b27d        0x3 
 .rodata        0x0006b280      0x2bb ../minlibc//libminlibc.a(malloc.o)
 *fill*         0x0006b53b        0x1 
 .rodata        0x0006b53c        0x7 ../minlibc//libminlibc.a(mkdir.o)
 *fill*         0x0006b543        0x1 
 .rodata        0x0006b544       0x87 ../minlibc//libminlibc.a(printf.o)
 *fill*         0x0006b5cb        0x1 
 .rodata        0x0006b5cc        0x2 ../minlibc//libminlibc.a(puts.o)
 *fill*         0x0006b5ce        0x2 
 .rodata        0x0006b5d0       0x60 ../minlibc//libminlibc.a(vsnprintf.o)
 .rodata        0x0006b630        0xf ../minlibc//libminlibc.a(abort.o)
 *fill*         0x0006b63f        0x1 
 .rodata        0x0006b640        0x3 ../minlibc//libminlibc.a(fputc.o)
 *fill*         0x0006b643        0x1 
 .rodata        0x0006b644       0x3c /home/ubuntu/gcc-riscv/lib/gcc/riscv32-unknown-elf/15.1.0/libgcc.a(divsf3.o)
 .rodata        0x0006b680      0x100 /home/ubuntu/gcc-riscv/lib/gcc/riscv32-unknown-elf/15.1.0/libgcc.a(_clz.o)
                0x0006b680                __clz_tab

.srodata.cst4   0x0006b780        0x8
 .srodata.cst4  0x0006b780        0x8 build/g_game.o
                                  0x4 (size before relaxing)
 .srodata.cst4  0x0006b788        0x4 build/v_video.o

.srodata        0x0006b788       0x10
 .srodata       0x0006b788       0x10 build/m_menu.o

.srodata.cst8   0x0006b798        0x8
 .srodata.cst8  0x0006b798        0x8 build/v_video.o

.eh_frame       0x0006b7a0      0x104
 .eh_frame      0x0006b7a0       0x64 /home/ubuntu/gcc-riscv/lib/gcc/riscv32-unknown-elf/15.1.0/libgcc.a(_divdi3.o)
 .eh_frame      0x0006b804       0x4c /home/ubuntu/gcc-riscv/lib/gcc/riscv32-unknown-elf/15.1.0/libgcc.a(_udivdi3.o)
                                 0x60 (size before relaxing)
 .eh_frame      0x0006b850       0x54 /home/ubuntu/gcc-riscv/lib/gcc/riscv32-unknown-elf/15.1.0/libgcc.a(_umoddi3.o)
                                 0x68 (size before relaxing)

.data           0x0006b8a4   0x1e65d8
 *(.data)
 .data          0x0006b8a4        0x0 entry.o
 .data          0x0006b8a4        0x0 build/dummy.o
 .data          0x0006b8a4      0x22c build/am_map.o
                0x0006b8cc                cheat_amap
                0x0006b900                player_arrow
                0x0006b970                cheat_player_arrow
                0x0006ba70                thintriangle_guy
                0x0006baa0                triangle_guy
 .data          0x0006bad0        0x0 build/doomdef.o
 .data          0x0006bad0        0x0 build/doomstat.o
 .data          0x0006bad0       0x40 build/dstrings.o
                0x0006bad0                doom2_endmsg
                0x0006baf0                doom1_endmsg
 .data          0x0006bb10        0x0 build/d_event.o
 .data          0x0006bb10       0xd8 build/d_items.o
                0x0006bb10                weaponinfo
 .data          0x0006bbe8        0x0 build/d_iwad.o
 .data          0x0006bbe8        0x0 build/d_loop.o
 .data          0x0006bbe8        0x0 build/d_main.o
 .data          0x0006bbe8        0x0 build/d_mode.o
 .data          0x0006bbe8       0x10 build/d_net.o
 .data          0x0006bbf8      0x248 build/f_finale.o
                0x0006bdb0                castorder
 .data          0x0006be40        0x0 build/f_wipe.o
 .data          0x0006be40      0x12c build/g_game.o
                0x0006be40                angleturn
                0x0006be4c                cpars
                0x0006becc                pars
 .data          0x0006bf6c        0x0 build/hu_lib.o
 .data          0x0006bf6c      0x26c build/hu_stuff.o
                0x0006bf6c                mapnames
                0x0006c020                mapnames_commercial
                0x0006c1a0                player_names
                0x0006c1b0                chat_macros
 .data          0x0006c1d8     0x9d2c build/info.o
                0x0006c1d8                mobjinfo
                0x0006f314                states
                0x00075cd8                sprnames
 .data          0x00075f04        0x0 build/i_cdmus.o
 .data          0x00075f04        0x0 build/i_endoom.o
 .data          0x00075f04       0x28 build/i_joystick.o
 .data          0x00075f2c      0x12c build/i_scale.o
                0x00075f2c                mode_squash_5x
                0x00075f40                mode_squash_4x
                0x00075f54                mode_squash_3x
                0x00075f68                mode_squash_2x
                0x00075f7c                mode_squash_1x
                0x00075f90                mode_stretch_5x
                0x00075fa4                mode_stretch_4x
                0x00075fb8                mode_stretch_3x
                0x00075fcc                mode_stretch_2x
                0x00075fe0                mode_stretch_1x
                0x00075ff4                mode_scale_5x
                0x00076008                mode_scale_4x
                0x0007601c                mode_scale_3x
                0x00076030                mode_scale_2x
                0x00076044                mode_scale_1x
 .data          0x00076058        0x0 build/i_sound.o
 .data          0x00076058        0x0 build/i_system.o
 .data          0x00076058        0x0 build/i_timer.o
 .data          0x00076058        0x0 build/memio.o
 .data          0x00076058        0x0 build/m_argv.o
 .data          0x00076058        0x0 build/m_bbox.o
 .data          0x00076058        0x0 build/m_cheat.o
 .data          0x00076058     0x1260 build/m_config.o
 .data          0x000772b8        0x0 build/m_controls.o
 .data          0x000772b8        0x0 build/m_fixed.o
 .data          0x000772b8      0x4d0 build/m_menu.o
                0x000772b8                SoundDef
                0x000772d0                OptionsDef
                0x000772e8                ReadDef1
                0x00077300                MainDef
                0x00077318                NewDef
                0x00077330                EpiDef
                0x00077348                ReadDef2
                0x00077360                quitsounds2
                0x00077380                quitsounds
                0x000773a0                LoadDef
                0x000773b8                LoadMenu
                0x00077430                SaveDef
                0x00077448                gammamsg
                0x000774cc                MainMenu
                0x00077544                SaveMenu
                0x000775bc                SoundMenu
                0x0007760c                ReadMenu2
                0x00077620                ReadMenu1
                0x00077634                OptionsMenu
                0x000776d4                NewGameMenu
                0x00077738                EpisodeMenu
 .data          0x00077788        0x0 build/m_misc.o
 .data          0x00077788        0x0 build/m_random.o
 .data          0x00077788        0x0 build/p_ceilng.o
 .data          0x00077788        0x0 build/p_doors.o
 .data          0x00077788       0x74 build/p_enemy.o
                0x00077788                yspeed
                0x000777a8                xspeed
                0x000777c8                opposite
                0x000777ec                diags
 .data          0x000777fc        0x0 build/p_floor.o
 .data          0x000777fc       0x20 build/p_inter.o
                0x000777fc                clipammo
                0x0007780c                maxammo
 .data          0x0007781c        0x0 build/p_lights.o
 .data          0x0007781c        0x0 build/p_map.o
 .data          0x0007781c        0x0 build/p_maputl.o
 .data          0x0007781c        0x0 build/p_mobj.o
 .data          0x0007781c        0x0 build/p_plats.o
 .data          0x0007781c        0x0 build/p_pspr.o
 .data          0x0007781c        0x0 build/p_saveg.o
 .data          0x0007781c        0x0 build/p_setup.o
 .data          0x0007781c        0x0 build/p_sight.o
 .data          0x0007781c      0x284 build/p_spec.o
                0x0007781c                animdefs
 .data          0x00077aa0      0x334 build/p_switch.o
                0x00077aa0                alphSwitchList
 .data          0x00077dd4        0x0 build/p_telept.o
 .data          0x00077dd4        0x0 build/p_tick.o
 .data          0x00077dd4        0x0 build/p_user.o
 .data          0x00077dd4       0xc0 build/r_bsp.o
                0x00077dd4                checkcoord
 .data          0x00077e94        0x0 build/r_data.o
 .data          0x00077e94       0xc8 build/r_draw.o
                0x00077e94                fuzzoffset
 .data          0x00077f5c        0x0 build/r_main.o
 .data          0x00077f5c        0x0 build/r_plane.o
 .data          0x00077f5c        0x0 build/r_segs.o
 .data          0x00077f5c        0x0 build/r_sky.o
 .data          0x00077f5c        0x0 build/r_things.o
 .data          0x00077f5c        0x0 build/sha1.o
 .data          0x00077f5c     0x18b0 build/sounds.o
                0x00077f5c                S_sfx
                0x000793cc                S_music
 .data          0x0007980c        0x0 build/statdump.o
 .data          0x0007980c        0x0 build/st_lib.o
 .data          0x0007980c      0x340 build/st_stuff.o
                0x0007980c                cheat_clev
                0x00079840                cheat_god
                0x00079874                cheat_ammonokey
                0x000798a8                cheat_powerup
                0x00079a14                cheat_ammo
                0x00079a48                cheat_mus
                0x00079a7c                cheat_commercial_noclip
                0x00079ab0                cheat_noclip
                0x00079ae4                cheat_choppers
                0x00079b18                cheat_mypos
 .data          0x00079b4c        0x0 build/s_sound.o
 .data          0x00079b4c        0x0 build/tables.o
 .data          0x00079b4c        0x0 build/v_video.o
 .data          0x00079b4c      0x578 build/wi_stuff.o
 .data          0x0007a0c4        0x0 build/w_checksum.o
 .data          0x0007a0c4        0x0 build/w_file.o
 .data          0x0007a0c4        0x0 build/w_main.o
 .data          0x0007a0c4        0x0 build/w_wad.o
 .data          0x0007a0c4        0x0 build/z_zone.o
 .data          0x0007a0c4        0xc build/w_file_stdc.o
                0x0007a0c4                stdc_wad_file
 .data          0x0007a0d0        0x0 build/i_input.o
 .data          0x0007a0d0        0x0 build/i_video.o
 .data          0x0007a0d0        0x0 build/doomgeneric.o
 .data          0x0007a0d0        0x0 build/doomgeneric_jane_cpu.o
 .data          0x0007a0d0        0x0 ../minlibc//libminlibc.a(atof.o)
 .data          0x0007a0d0        0x0 ../minlibc//libminlibc.a(atoi.o)
 .data          0x0007a0d0        0x0 ../minlibc//libminlibc.a(errno.o)
 .data          0x0007a0d0        0x0 ../minlibc//libminlibc.a(exit.o)
 .data          0x0007a0d0        0x0 ../minlibc//libminlibc.a(fake_files.o)
 .data          0x0007a0d0        0x0 ../minlibc//libminlibc.a(fclose.o)
 .data          0x0007a0d0        0x0 ../minlibc//libminlibc.a(fflush.o)
 .data          0x0007a0d0        0x0 ../minlibc//libminlibc.a(fprintf.o)
 .data          0x0007a0d0        0x0 ../minlibc//libminlibc.a(fwrite.o)
 .data          0x0007a0d0        0x0 ../minlibc//libminlibc.a(isdigit.o)
 .data          0x0007a0d0        0x0 ../minlibc//libminlibc.a(malloc.o)
 .data          0x0007a0d0        0x0 ../minlibc//libminlibc.a(memcpy.o)
 .data          0x0007a0d0        0x0 ../minlibc//libminlibc.a(memset.o)
 .data          0x0007a0d0        0x0 ../minlibc//libminlibc.a(mkdir.o)
 .data          0x0007a0d0        0x0 ../minlibc//libminlibc.a(mmap.o)
 .data          0x0007a0d0        0x0 ../minlibc//libminlibc.a(mprotect.o)
 .data          0x0007a0d0        0x0 ../minlibc//libminlibc.a(munmap.o)
 .data          0x0007a0d0        0x0 ../minlibc//libminlibc.a(printf.o)
 .data          0x0007a0d0        0x0 ../minlibc//libminlibc.a(putchar.o)
 .data          0x0007a0d0        0x0 ../minlibc//libminlibc.a(puts.o)
 .data          0x0007a0d0        0x0 ../minlibc//libminlibc.a(snprintf.o)
 .data          0x0007a0d0        0x0 ../minlibc//libminlibc.a(stdio_values.o)
 .data          0x0007a0d0        0x0 ../minlibc//libminlibc.a(strcasecmp.o)
 .data          0x0007a0d0        0x0 ../minlibc//libminlibc.a(strcmp.o)
 .data          0x0007a0d0        0x0 ../minlibc//libminlibc.a(strdup.o)
 .data          0x0007a0d0        0x0 ../minlibc//libminlibc.a(strlen.o)
 .data          0x0007a0d0        0x0 ../minlibc//libminlibc.a(strncmp.o)
 .data          0x0007a0d0        0x0 ../minlibc//libminlibc.a(strncpy.o)
 .data          0x0007a0d0        0x0 ../minlibc//libminlibc.a(strrchr.o)
 .data          0x0007a0d0        0x0 ../minlibc//libminlibc.a(strstr.o)
 .data          0x0007a0d0        0x0 ../minlibc//libminlibc.a(tolower.o)
 .data          0x0007a0d0        0x0 ../minlibc//libminlibc.a(toupper.o)
 .data          0x0007a0d0        0x0 ../minlibc//libminlibc.a(vfprintf.o)
 .data          0x0007a0d0        0x0 ../minlibc//libminlibc.a(vsnprintf.o)
 .data          0x0007a0d0        0x0 ../minlibc//libminlibc.a(abort.o)
 .data          0x0007a0d0        0x0 ../minlibc//libminlibc.a(bzero.o)
 .data          0x0007a0d0   0x1d7dac ../minlibc//libminlibc.a(doom1.o)
                0x0007a0d0                DOOM1_WAD
 .data          0x00251e7c        0x0 ../minlibc//libminlibc.a(fputc.o)
 .data          0x00251e7c        0x0 ../minlibc//libminlibc.a(isspace.o)
 .data          0x00251e7c        0x0 ../minlibc//libminlibc.a(strchr.o)
 .data          0x00251e7c        0x0 ../minlibc//libminlibc.a(strnlen.o)
 .data          0x00251e7c        0x0 /home/ubuntu/gcc-riscv/lib/gcc/riscv32-unknown-elf/15.1.0/libgcc.a(_divdi3.o)
 .data          0x00251e7c        0x0 /home/ubuntu/gcc-riscv/lib/gcc/riscv32-unknown-elf/15.1.0/libgcc.a(_udivdi3.o)
 .data          0x00251e7c        0x0 /home/ubuntu/gcc-riscv/lib/gcc/riscv32-unknown-elf/15.1.0/libgcc.a(_umoddi3.o)
 .data          0x00251e7c        0x0 /home/ubuntu/gcc-riscv/lib/gcc/riscv32-unknown-elf/15.1.0/libgcc.a(adddf3.o)
 .data          0x00251e7c        0x0 /home/ubuntu/gcc-riscv/lib/gcc/riscv32-unknown-elf/15.1.0/libgcc.a(ledf2.o)
 .data          0x00251e7c        0x0 /home/ubuntu/gcc-riscv/lib/gcc/riscv32-unknown-elf/15.1.0/libgcc.a(muldf3.o)
 .data          0x00251e7c        0x0 /home/ubuntu/gcc-riscv/lib/gcc/riscv32-unknown-elf/15.1.0/libgcc.a(subdf3.o)
 .data          0x00251e7c        0x0 /home/ubuntu/gcc-riscv/lib/gcc/riscv32-unknown-elf/15.1.0/libgcc.a(floatsidf.o)
 .data          0x00251e7c        0x0 /home/ubuntu/gcc-riscv/lib/gcc/riscv32-unknown-elf/15.1.0/libgcc.a(fixunsdfdi.o)
 .data          0x00251e7c        0x0 /home/ubuntu/gcc-riscv/lib/gcc/riscv32-unknown-elf/15.1.0/libgcc.a(floatundidf.o)
 .data          0x00251e7c        0x0 /home/ubuntu/gcc-riscv/lib/gcc/riscv32-unknown-elf/15.1.0/libgcc.a(divsf3.o)
 .data          0x00251e7c        0x0 /home/ubuntu/gcc-riscv/lib/gcc/riscv32-unknown-elf/15.1.0/libgcc.a(mulsf3.o)
 .data          0x00251e7c        0x0 /home/ubuntu/gcc-riscv/lib/gcc/riscv32-unknown-elf/15.1.0/libgcc.a(subsf3.o)
 .data          0x00251e7c        0x0 /home/ubuntu/gcc-riscv/lib/gcc/riscv32-unknown-elf/15.1.0/libgcc.a(fixsfsi.o)
 .data          0x00251e7c        0x0 /home/ubuntu/gcc-riscv/lib/gcc/riscv32-unknown-elf/15.1.0/libgcc.a(floatsisf.o)
 .data          0x00251e7c        0x0 /home/ubuntu/gcc-riscv/lib/gcc/riscv32-unknown-elf/15.1.0/libgcc.a(extendsfdf2.o)
 .data          0x00251e7c        0x0 /home/ubuntu/gcc-riscv/lib/gcc/riscv32-unknown-elf/15.1.0/libgcc.a(truncdfsf2.o)
 .data          0x00251e7c        0x0 /home/ubuntu/gcc-riscv/lib/gcc/riscv32-unknown-elf/15.1.0/libgcc.a(muldi3.o)
 .data          0x00251e7c        0x0 /home/ubuntu/gcc-riscv/lib/gcc/riscv32-unknown-elf/15.1.0/libgcc.a(div.o)
 .data          0x00251e7c        0x0 /home/ubuntu/gcc-riscv/lib/gcc/riscv32-unknown-elf/15.1.0/libgcc.a(_lshrdi3.o)
 .data          0x00251e7c        0x0 /home/ubuntu/gcc-riscv/lib/gcc/riscv32-unknown-elf/15.1.0/libgcc.a(_ashldi3.o)
 .data          0x00251e7c        0x0 /home/ubuntu/gcc-riscv/lib/gcc/riscv32-unknown-elf/15.1.0/libgcc.a(_clz.o)
 .data          0x00251e7c        0x0 /home/ubuntu/gcc-riscv/lib/gcc/riscv32-unknown-elf/15.1.0/libgcc.a(_clzsi2.o)
                0x00251e7c                        _end = .
OUTPUT(doomgeneric elf32-littleriscv)

.sdata          0x00251e7c      0x288
 .sdata         0x00251e7c       0x14 build/am_map.o
 .sdata         0x00251e90        0x8 build/doomstat.o
                0x00251e90                gameversion
                0x00251e94                gamemode
 .sdata         0x00251e98        0x4 build/d_loop.o
 .sdata         0x00251e9c        0xc build/d_main.o
                0x00251ea0                wipegamestate
                0x00251ea4                show_endoom
 .sdata         0x00251ea8       0x1c build/g_game.o
                0x00251ea8                vanilla_demo_limit
                0x00251eac                vanilla_savegame_limit
                0x00251eb0                sidemove
                0x00251eb8                forwardmove
                0x00251ec0                precache
 .sdata         0x00251ec4        0xc build/i_joystick.o
 .sdata         0x00251ed0       0x18 build/i_sound.o
                0x00251ed0                snd_sfxdevice
                0x00251ed4                snd_musicdevice
                0x00251ed8                snd_musiccmd
                0x00251edc                snd_maxslicetime_ms
                0x00251ee0                snd_cachesize
                0x00251ee4                snd_samplerate
 .sdata         0x00251ee8        0x8 build/i_system.o
 .sdata         0x00251ef0      0x19c build/m_controls.o
                0x00251ef0                dclick_use
                0x00251ef4                joybmenu
                0x00251ef8                joybnextweapon
                0x00251efc                joybprevweapon
                0x00251f00                joybjump
                0x00251f04                joybstraferight
                0x00251f08                joybstrafeleft
                0x00251f0c                joybspeed
                0x00251f10                joybuse
                0x00251f14                joybstrafe
                0x00251f18                key_menu_decscreen
                0x00251f1c                key_menu_incscreen
                0x00251f20                key_menu_gamma
                0x00251f24                key_menu_quit
                0x00251f28                key_menu_qload
                0x00251f2c                key_menu_messages
                0x00251f30                key_menu_endgame
                0x00251f34                key_menu_qsave
                0x00251f38                key_menu_detail
                0x00251f3c                key_menu_volume
                0x00251f40                key_menu_load
                0x00251f44                key_menu_save
                0x00251f48                key_menu_help
                0x00251f4c                key_menu_abort
                0x00251f50                key_menu_confirm
                0x00251f54                key_menu_forward
                0x00251f58                key_menu_back
                0x00251f5c                key_menu_right
                0x00251f60                key_menu_left
                0x00251f64                key_menu_down
                0x00251f68                key_menu_up
                0x00251f6c                key_menu_activate
                0x00251f70                key_map_clearmark
                0x00251f74                key_map_mark
                0x00251f78                key_map_grid
                0x00251f7c                key_map_follow
                0x00251f80                key_map_maxzoom
                0x00251f84                key_map_toggle
                0x00251f88                key_map_zoomout
                0x00251f8c                key_map_zoomin
                0x00251f90                key_map_west
                0x00251f94                key_map_east
                0x00251f98                key_map_south
                0x00251f9c                key_map_north
                0x00251fa0                key_weapon8
                0x00251fa4                key_weapon7
                0x00251fa8                key_weapon6
                0x00251fac                key_weapon5
                0x00251fb0                key_weapon4
                0x00251fb4                key_weapon3
                0x00251fb8                key_weapon2
                0x00251fbc                key_weapon1
                0x00251fc0                key_multi_msg
                0x00251fc4                key_spy
                0x00251fc8                key_demo_quit
                0x00251fcc                key_pause
                0x00251fd0                key_message_refresh
                0x00251fd4                mousebnextweapon
                0x00251fd8                mousebprevweapon
                0x00251fdc                mousebuse
                0x00251fe0                mousebbackward
                0x00251fe4                mousebstraferight
                0x00251fe8                mousebstrafeleft
                0x00251fec                mousebjump
                0x00251ff0                mousebforward
                0x00251ff4                mousebstrafe
                0x00251ff8                key_invdrop
                0x00251ffc                key_invuse
                0x00252000                key_invend
                0x00252004                key_invhome
                0x00252008                key_invkey
                0x0025200c                key_invpop
                0x00252010                key_mission
                0x00252014                key_invquery
                0x00252018                key_usehealth
                0x0025201c                key_arti_invulnerability
                0x00252020                key_arti_egg
                0x00252024                key_arti_teleportother
                0x00252028                key_arti_teleport
                0x0025202c                key_arti_blastradius
                0x00252030                key_arti_poisonbag
                0x00252034                key_arti_health
                0x00252038                key_arti_all
                0x0025203c                key_jump
                0x00252040                key_useartifact
                0x00252044                key_invright
                0x00252048                key_invleft
                0x0025204c                key_lookcenter
                0x00252050                key_lookdown
                0x00252054                key_lookup
                0x00252058                key_flycenter
                0x0025205c                key_flydown
                0x00252060                key_flyup
                0x00252064                key_speed
                0x00252068                key_strafe
                0x0025206c                key_use
                0x00252070                key_fire
                0x00252074                key_straferight
                0x00252078                key_strafeleft
                0x0025207c                key_down
                0x00252080                key_up
                0x00252084                key_left
                0x00252088                key_right
 .sdata         0x0025208c       0x14 build/m_menu.o
                0x0025208c                skullName
                0x00252094                screenblocks
                0x00252098                showMessages
                0x0025209c                mouseSensitivity
 .sdata         0x002520a0        0x4 build/p_enemy.o
                0x002520a0                TRACEANGLE
 .sdata         0x002520a4        0x4 build/p_spec.o
 .sdata         0x002520a8        0x4 build/r_main.o
                0x002520a8                validcount
 .sdata         0x002520ac       0x14 build/st_stuff.o
 .sdata         0x002520c0        0xc build/s_sound.o
                0x002520c0                snd_channels
                0x002520c4                musicVolume
                0x002520c8                sfxVolume
 .sdata         0x002520cc        0x4 build/tables.o
                0x002520cc                finecosine
 .sdata         0x002520d0        0x4 build/i_input.o
                0x002520d0                vanilla_keyboard_mapping
 .sdata         0x002520d4        0xc build/i_video.o
                0x002520d4                mouse_threshold
                0x002520d8                mouse_acceleration
                0x002520dc                fb_scaling
 .sdata         0x002520e0        0x4 build/doomgeneric_jane_cpu.o
                0x002520e0                ARGS
 .sdata         0x002520e4        0xc ../minlibc//libminlibc.a(malloc.o)
                0x002520ec                __progname
 .sdata         0x002520f0        0x4 ../minlibc//libminlibc.a(printf.o)
                0x002520f0                mmap_start_address
 .sdata         0x002520f4        0xc ../minlibc//libminlibc.a(stdio_values.o)
                0x002520f4                stdout
                0x002520f8                stdin
                0x002520fc                stderr
 .sdata         0x00252100        0x4 ../minlibc//libminlibc.a(doom1.o)
                0x00252100                DOOM1_WAD_len

.bss            0x00252104    0x3bf74
 .bss           0x00252104        0x0 entry.o
 .bss           0x00252104        0x0 build/dummy.o