Archive member included to satisfy reference by file (symbol)

../minlibc//libminlibc.a(atof.o)
                              build/m_config.o (atof)
../minlibc//libminlibc.a(atoi.o)
                              build/d_main.o (atoi)
../minlibc//libminlibc.a(errno.o)
                              build/m_misc.o (errno)
../minlibc//libminlibc.a(exit.o)
                              build/d_main.o (exit)
../minlibc//libminlibc.a(fake_files.o)
                              build/g_game.o (fopen)
../minlibc//libminlibc.a(fclose.o)
                              build/g_game.o (fclose)
../minlibc//libminlibc.a(fflush.o)
                              build/i_scale.o (fflush)
../minlibc//libminlibc.a(fprintf.o)
                              build/am_map.o (fprintf)
../minlibc//libminlibc.a(fwrite.o)
                              build/m_misc.o (fwrite)
../minlibc//libminlibc.a(isdigit.o)
                              ../minlibc//libminlibc.a(atoi.o) (isdigit)
../minlibc//libminlibc.a(malloc.o)
                              build/i_system.o (malloc)
../minlibc//libminlibc.a(memcpy.o)
                              build/d_loop.o (memcpy)
../minlibc//libminlibc.a(memset.o)
                              build/am_map.o (memset)
../minlibc//libminlibc.a(mkdir.o)
                              build/m_misc.o (mkdir)
../minlibc//libminlibc.a(mmap.o)
                              ../minlibc//libminlibc.a(malloc.o) (mmap)
../minlibc//libminlibc.a(mprotect.o)
                              ../minlibc//libminlibc.a(malloc.o) (mprotect)
../minlibc//libminlibc.a(munmap.o)
                              ../minlibc//libminlibc.a(malloc.o) (munmap)
../minlibc//libminlibc.a(printf.o)
                              build/d_loop.o (printf)
../minlibc//libminlibc.a(putchar.o)
                              build/i_system.o (putchar)
../minlibc//libminlibc.a(puts.o)
                              build/i_scale.o (puts)
../minlibc//libminlibc.a(snprintf.o)
                              build/am_map.o (snprintf)
../minlibc//libminlibc.a(stdio_values.o)
                              build/i_scale.o (stdout)
../minlibc//libminlibc.a(strcasecmp.o)
                              build/d_iwad.o (strcasecmp)
../minlibc//libminlibc.a(strcmp.o)
                              build/d_main.o (strcmp)
../minlibc//libminlibc.a(strdup.o)
                              build/d_iwad.o (strdup)
../minlibc//libminlibc.a(strlen.o)
                              build/d_iwad.o (strlen)
../minlibc//libminlibc.a(strncmp.o)
                              build/m_misc.o (strncmp)
../minlibc//libminlibc.a(strncpy.o)
                              build/m_misc.o (strncpy)
../minlibc//libminlibc.a(strrchr.o)
                              build/m_argv.o (strrchr)
../minlibc//libminlibc.a(strstr.o)
                              build/m_misc.o (strstr)
../minlibc//libminlibc.a(tolower.o)
                              ../minlibc//libminlibc.a(strcasecmp.o) (tolower)
../minlibc//libminlibc.a(toupper.o)
                              build/f_finale.o (toupper)
../minlibc//libminlibc.a(vfprintf.o)
                              build/i_system.o (vfprintf)
../minlibc//libminlibc.a(vsnprintf.o)
                              build/m_misc.o (vsnprintf)
../minlibc//libminlibc.a(abort.o)
                              ../minlibc//libminlibc.a(malloc.o) (abort)
../minlibc//libminlibc.a(bzero.o)
                              ../minlibc//libminlibc.a(malloc.o) (bzero)
../minlibc//libminlibc.a(doom1.o)
                              ../minlibc//libminlibc.a(fake_files.o) (DOOM1_WAD)
../minlibc//libminlibc.a(fputc.o)
                              ../minlibc//libminlibc.a(fwrite.o) (fputc)
../minlibc//libminlibc.a(isspace.o)
                              ../minlibc//libminlibc.a(printf.o) (isspace)
../minlibc//libminlibc.a(strchr.o)
                              ../minlibc//libminlibc.a(strstr.o) (strchr)
../minlibc//libminlibc.a(strnlen.o)
                              ../minlibc//libminlibc.a(vsnprintf.o) (strnlen)
/var/home/blake/gcc-riscv/lib/gcc/riscv32-unknown-elf/15.1.0/libgcc.a(_divdi3.o)
                              build/m_fixed.o (__divdi3)
/var/home/blake/gcc-riscv/lib/gcc/riscv32-unknown-elf/15.1.0/libgcc.a(_udivdi3.o)
                              ../minlibc//libminlibc.a(vsnprintf.o) (__udivdi3)
/var/home/blake/gcc-riscv/lib/gcc/riscv32-unknown-elf/15.1.0/libgcc.a(_umoddi3.o)
                              ../minlibc//libminlibc.a(vsnprintf.o) (__umoddi3)
/var/home/blake/gcc-riscv/lib/gcc/riscv32-unknown-elf/15.1.0/libgcc.a(adddf3.o)
                              ../minlibc//libminlibc.a(atof.o) (__adddf3)
/var/home/blake/gcc-riscv/lib/gcc/riscv32-unknown-elf/15.1.0/libgcc.a(ledf2.o)
                              build/v_video.o (__ltdf2)
/var/home/blake/gcc-riscv/lib/gcc/riscv32-unknown-elf/15.1.0/libgcc.a(muldf3.o)
                              ../minlibc//libminlibc.a(atof.o) (__muldf3)
/var/home/blake/gcc-riscv/lib/gcc/riscv32-unknown-elf/15.1.0/libgcc.a(subdf3.o)
[...]
Memory Configuration

Name             Origin             Length             Attributes
RAM              0x00000000         0x08000000         xrw
*default*        0x00000000         0xffffffff

Linker script and memory map

LOAD entry.o
LOAD build/dummy.o
LOAD build/am_map.o
LOAD build/doomdef.o
LOAD build/doomstat.o
LOAD build/dstrings.o
LOAD build/d_event.o
LOAD build/d_items.o
LOAD build/d_iwad.o
LOAD build/d_loop.o
LOAD build/d_main.o
LOAD build/d_mode.o
LOAD build/d_net.o
LOAD build/f_finale.o
LOAD build/f_wipe.o
LOAD build/g_game.o
LOAD build/hu_lib.o
LOAD build/hu_stuff.o
LOAD build/info.o
LOAD build/i_cdmus.o
LOAD build/i_endoom.o
LOAD build/i_joystick.o
LOAD build/i_scale.o
LOAD build/i_sound.o
LOAD build/i_system.o
LOAD build/i_timer.o
LOAD build/memio.o
LOAD build/m_argv.o
LOAD build/m_bbox.o
LOAD build/m_cheat.o
LOAD build/m_config.o
LOAD build/m_controls.o
LOAD build/m_fixed.o
LOAD build/m_menu.o
LOAD build/m_misc.o
LOAD build/m_random.o
LOAD build/p_ceilng.o
LOAD build/p_doors.o
LOAD build/p_enemy.o
LOAD build/p_floor.o
LOAD build/p_inter.o
LOAD build/p_lights.o
LOAD build/p_map.o
LOAD build/p_maputl.o
LOAD build/p_mobj.o
LOAD build/p_plats.o
LOAD build/p_pspr.o
LOAD build/p_saveg.o
LOAD build/p_setup.o
LOAD build/p_sight.o
LOAD build/p_spec.o
LOAD build/p_switch.o
LOAD build/p_telept.o
LOAD build/p_tick.o
LOAD build/p_user.o
LOAD build/r_bsp.o
LOAD build/r_data.o
LOAD build/r_draw.o
LOAD build/r_main.o
LOAD build/r_plane.o
LOAD build/r_segs.o
LOAD build/r_sky.o
LOAD build/r_things.o
LOAD build/sha1.o
LOAD build/sounds.o
LOAD build/statdump.o
LOAD build/st_lib.o
LOAD build/st_stuff.o
LOAD build/s_sound.o
LOAD build/tables.o
LOAD build/v_video.o
LOAD build/wi_stuff.o
LOAD build/w_checksum.o
LOAD build/w_file.o
LOAD build/w_main.o
LOAD build/w_wad.o
LOAD build/z_zone.o
LOAD build/w_file_stdc.o
LOAD build/i_input.o
LOAD build/i_video.o
LOAD build/doomgeneric.o
LOAD build/riscv.o
LOAD ../minlibc//libminlibc.a
LOAD /var/home/blake/gcc-riscv/lib/gcc/riscv32-unknown-elf/15.1.0/libgcc.a
LOAD /var/home/blake/gcc-riscv/lib/gcc/riscv32-unknown-elf/15.1.0/../../../../riscv32-unknown-elf/lib/libm.a

.text           0x00000000    0x6bcc8
 *(.text*)
 .text          0x00000000        0xc entry.o
                0x00000000                _start
 .text          0x0000000c        0x4 build/dummy.o
                0x0000000c                I_InitTimidityConfig
 .text          0x00000010     0x3480 build/am_map.o
                0x00000010                AM_getIslope
                0x000000d8                AM_activateNewScale
                0x000001dc                AM_saveScaleAndLoc
                0x00000220                AM_restoreScaleAndLoc
                0x000002fc                AM_addMark
                0x00000390                AM_findMinMaxBoundaries
                0x00000534                AM_changeWindowLoc
                0x00000614                AM_initVariables
                0x000007fc                AM_loadPics
                0x00000878                AM_unloadPics
                0x000008d8                AM_clearMarks
                0x00000918                AM_LevelInit
                0x000009e0                AM_Stop
                0x00000a60                AM_Start
                0x00000b90                AM_minOutWindowScale
                0x00000bc4                AM_maxOutWindowScale
                0x00000bf8                AM_Responder
                0x0000116c                AM_changeWindowScale
                0x000011e4                AM_doFollowPlayer
                0x00001304                AM_updateLightLev
                0x00001380                AM_Ticker
                0x0000142c                AM_clearFB
                0x00001450                AM_clipMline
                0x00001ab0                AM_drawFline
                0x00001efc                AM_drawMline
                0x00002128                AM_drawGrid
                0x000022e4                AM_drawWalls
                0x0000254c                AM_rotate
                0x00002610                AM_drawLineCharacter
                0x00002a6c                AM_drawPlayers
                0x00002f3c                AM_drawThings
                0x00003244                AM_drawMarks
                0x00003374                AM_drawCrosshair
                0x000033ac                AM_Drawer
 .text          0x00003490        0x0 build/doomdef.o
 .text          0x00003490        0x0 build/doomstat.o
 .text          0x00003490        0x0 build/dstrings.o
 .text          0x00003490       0xbc build/d_event.o
                0x00003490                D_PostEvent
                0x000034f8                D_PopEvent
 .text          0x0000354c        0x0 build/d_items.o
 .text          0x0000354c      0x290 build/d_iwad.o
                0x00003720                D_FindWADByName
                0x00003760                D_TryFindWADByName
                0x000037ac                D_FindIWAD
                0x000037b8                D_SaveGameIWADName
                0x000037c4                D_SuggestIWADName
                0x000037d0                D_SuggestGameName
 .text          0x000037dc      0xc54 build/d_loop.o
                0x000037dc                D_QuitNetGame
                0x00003930                NetUpdate
                0x00003a1c                D_ReceiveTic
                0x00003c04                D_StartGameLoop
                0x00003c8c                D_StartNetGame
                0x00003cc4                D_InitNetGame
                0x00003d04                TryRunTics
                0x00004424                D_RegisterLoopCallbacks
 .text          0x00004430     0x1ab4 build/d_main.o
                0x00004430                D_GrabMouseCallback
                0x000049a0                D_ProcessEvents
                0x000049e8                D_Display
                0x000049fc                D_BindVariables
                0x00004b8c                doomgeneric_Tick
                0x00004bf4                D_DoomLoop
                0x00004d58                D_PageTicker
                0x00004d80                D_PageDrawer
                0x00004db0                D_AdvanceDemo
                0x00004dc0                D_DoAdvanceDemo
                0x00005050                D_StartTitle
                0x00005074                D_IdentifyVersion
                0x000050d0                D_SetGameDescription
                0x00005218                PrintDehackedBanners
                0x0000521c                PrintGameVersion
                0x000052e0                D_DoomMain
 .text          0x00005ee4      0x43c build/d_mode.o
                0x00005ee4                D_ValidGameMode
                0x00005f74                D_ValidEpisodeMap
                0x000060e4                D_GetNumEpisodes
                0x00006240                D_ValidGameVersion
                0x000062d4                D_IsEpisodeMap
                0x000062f4                D_GameMissionString
 .text          0x00006320      0x688 build/d_net.o
                0x0000661c                D_ConnectNetGame
                0x00006718                D_CheckNetGame
 .text          0x000069a8     0x17ec build/f_finale.o
                0x000069a8                F_StartFinale
                0x00006c40                F_Responder
                0x00006d18                F_Ticker
                0x00007398                F_TextWrite
                0x00007530                F_StartCast
                0x000075c8                F_CastTicker
                0x00007aac                F_CastResponder
                0x00007b70                F_CastPrint
                0x00007cb8                F_CastDrawer
                0x00007d8c                F_DrawPatchCol
                0x00007e28                F_BunnyScroll
                0x000080e0                F_Drawer
 .text          0x00008194      0x850 build/f_wipe.o
                0x00008194                wipe_doColorXForm
                0x00008208                wipe_exitColorXForm
                0x00008210                wipe_doMelt
                0x000083b4                wipe_initColorXForm
                0x000083e4                wipe_exitMelt
                0x00008420                wipe_initMelt
                0x00008768                wipe_shittyColMajorXform
                0x0000882c                wipe_StartScreen
                0x00008864                wipe_EndScreen
                0x000088e0                wipe_ScreenWipe
 .text          0x000089e4     0x3d64 build/g_game.o
                0x000089e4                G_CmdChecksum
                0x000089fc                G_BuildTiccmd
                0x0000957c                G_DoLoadLevel
                0x000097c8                G_Responder
                0x00009ef0                G_PlayerFinishLevel
                0x00009f88                G_PlayerReborn
                0x0000a0a4                G_InitPlayer
                0x0000a0a8                G_CheckSpot
                0x0000a4e4                G_DeathMatchSpawnPlayer
                0x0000a5d0                G_DoReborn
                0x0000a7b0                G_ScreenShot
                0x0000a7c0                G_ExitLevel
                0x0000a7d8                G_SecretExitLevel
                0x0000a840                G_DoCompleted
                0x0000ae58                G_WorldDone
                0x0000aee8                G_DoWorldDone
                0x0000af30                G_LoadGame
                0x0000af64                G_SaveGame
                0x0000af9c                G_DoSaveGame
                0x0000afbc                G_DeferedInitNew
                0x0000afe4                G_InitNew
                0x0000b3ac                G_DoLoadGame
                0x0000b4b8                G_DoNewGame
                0x0000b544                G_RecordDemo
                0x0000b610                G_VanillaVersionCode
                0x0000b66c                G_BeginRecording
                0x0000b83c                G_DeferedPlayDemo
                0x0000b854                G_DoPlayDemo
                0x0000bb34                G_TimeDemo
                0x0000bb90                G_CheckDemoStatus
                0x0000bd64                G_ReadDemoTiccmd
                0x0000be04                G_WriteDemoTiccmd
                0x0000bf7c                G_Ticker
 .text          0x0000c748      0xf18 build/hu_lib.o
                0x0000c748                HUlib_init
                0x0000c74c                HUlib_clearTextLine
                0x0000c760                HUlib_initTextLine
                0x0000c784                HUlib_addCharToTextLine
                0x0000c7c0                HUlib_delCharFromTextLine
                0x0000c7f0                HUlib_drawTextLine
                0x0000c95c                HUlib_eraseTextLine
                0x0000caac                HUlib_initSText
                0x0000cbc4                HUlib_addLineToSText
                0x0000cc28                HUlib_addMessageToSText
                0x0000cd70                HUlib_drawSText
                0x0000cebc                HUlib_eraseSText
                0x0000d2bc                HUlib_initIText
                0x0000d2ec                HUlib_delCharFromIText
                0x0000d31c                HUlib_eraseLineFromIText
                0x0000d350                HUlib_resetIText
                0x0000d368                HUlib_addPrefixToIText
                0x0000d3d0                HUlib_keyInIText
                0x0000d47c                HUlib_drawIText
                0x0000d494                HUlib_eraseIText
 .text          0x0000d660     0x1118 build/hu_stuff.o
                0x0000d660                HU_Init
                0x0000d6dc                HU_Stop
                0x0000d6e8                HU_Start
                0x0000d994                HU_Drawer
                0x0000d9ec                HU_Erase
                0x0000da24                HU_Ticker
                0x0000e02c                HU_queueChatChar
                0x0000e078                HU_dequeueChatChar
                0x0000e0b0                HU_Responder
 .text          0x0000e778        0x0 build/info.o
 .text          0x0000e778       0x4c build/i_cdmus.o
                0x0000e778                I_CDMusInit
                0x0000e780                I_CDMusPrintStartup
                0x0000e784                I_CDMusPlay
                0x0000e78c                I_CDMusStop
                0x0000e794                I_CDMusResume
                0x0000e79c                I_CDMusSetVolume
                0x0000e7ac                I_CDMusFirstTrack
                0x0000e7b4                I_CDMusLastTrack
                0x0000e7bc                I_CDMusTrackLength
 .text          0x0000e7c4        0x4 build/i_endoom.o
                0x0000e7c4                I_Endoom
 .text          0x0000e7c8      0x124 build/i_joystick.o
                0x0000e7c8                I_ShutdownJoystick
                0x0000e7cc                I_InitJoystick
                0x0000e7d0                I_UpdateJoystick
                0x0000e7d4                I_BindJoystickVariables
 .text          0x0000e8ec     0x20e4 build/i_scale.o
                0x00010920                I_InitScale
                0x0001093c                I_ResetScaleTables
 .text          0x000109d0      0x2c0 build/i_sound.o
                0x000109d0                I_InitSound
                0x00010a40                I_ShutdownSound
                0x00010a58                I_GetSfxLumpNum
                0x00010a74                I_UpdateSound
                0x00010a8c                I_UpdateSoundParams
                0x00010ae0                I_StartSound
                0x00010b38                I_StopSound
                0x00010b50                I_SoundIsPlaying
                0x00010b6c                I_PrecacheSounds
                0x00010b88                I_InitMusic
                0x00010b8c                I_ShutdownMusic
                0x00010b90                I_SetMusicVolume
                0x00010b94                I_PauseSong
                0x00010b98                I_ResumeSong
                0x00010b9c                I_RegisterSong
                0x00010ba4                I_UnRegisterSong
                0x00010ba8                I_PlaySong
                0x00010bac                I_StopSong
                0x00010bb0                I_MusicIsPlaying
                0x00010bb8                I_BindSoundVariables
 .text          0x00010c90      0x650 build/i_system.o
                0x00010c90                I_AtExit
                0x00010cd8                I_Tactile
                0x00010cdc                I_PrintBanner
                0x00010d38                I_PrintDivider
                0x00010d6c                I_PrintStartupBanner
                0x00010e28                I_ConsoleStdout
                0x00010e30                I_Quit
                0x00010e68                I_Error
                0x00010f80                I_ZoneBase
                0x00011064                I_GetMemoryValue
 .text          0x000112e0       0xa8 build/i_timer.o
                0x000112e0                I_GetTicks
                0x000112e4                I_GetTime
                0x00011340                I_GetTimeMS
                0x0001137c                I_Sleep
                0x00011380                I_WaitVBL
                0x00011384                I_InitTimer
 .text          0x00011388      0x318 build/memio.o
                0x00011388                mem_fopen_read
                0x000113d4                mem_fread
                0x00011494                mem_fopen_write
                0x000114f0                mem_fwrite
                0x000115d8                mem_get_buf
                0x000115ec                mem_fclose
                0x00011628                mem_ftell
                0x00011630                mem_fseek
 .text          0x000116a0      0x338 build/m_argv.o
                0x000116a0                M_CheckParmWithArgs
                0x000117a8                M_ParmExists
                0x00011894                M_CheckParm
                0x00011984                M_FindResponseFile
                0x00011988                M_GetExecutableName
 .text          0x000119d8       0x5c build/m_bbox.o
                0x000119d8                M_ClearBox
                0x000119f4                M_AddToBox
 .text          0x00011a34       0xf0 build/m_cheat.o
                0x00011a34                cht_CheckCheat
                0x00011b10                cht_GetParam
 .text          0x00011b24      0x8f4 build/m_config.o
                0x00011b24                M_SetConfigFilenames
                0x00011b38                M_SaveDefaults
                0x00011b3c                M_SaveDefaultsAlternate
                0x00011b40                M_LoadDefaults
                0x00011c38                M_BindVariable
                0x00011d38                M_SetVariable
                0x00011f64                M_GetIntVariable
                0x00012080                M_GetStrVariable
                0x0001219c                M_GetFloatVariable
                0x000122bc                M_SetConfigDir
                0x0001238c                M_GetSaveGameDir
 .text          0x00012418      0xa40 build/m_controls.o
                0x00012418                M_BindBaseControls
                0x00012644                M_BindHereticControls
                0x00012708                M_BindHexenControls
                0x000127f4                M_BindStrifeControls
                0x00012998                M_BindWeaponControls
                0x00012ac0                M_BindMapControls
                0x00012bc0                M_BindMenuControls
                0x00012dc4                M_BindChatControls
                0x00012e54                M_ApplyPlatformDefaults
 .text          0x00012e58       0xb0 build/m_fixed.o
                0x00012e58                FixedMul
                0x00012e70                FixedDiv
 .text          0x00012f08     0x359c build/m_menu.o
                0x00012f08                M_Sound
                0x00012f28                M_Options
                0x00012f4c                M_ChangeMessages
                0x00012fac                M_ReadThis
                0x00012fd0                M_FinishReadThis
                0x00012ff4                M_DrawReadThis2
                0x00013030                M_DrawMainMenu
                0x00013060                M_DrawNewGame
                0x000130b0                M_DrawEpisode
                0x000130e0                M_LoadSelect
                0x00013118                M_SaveSelect
                0x00013198                M_QuitDOOM
                0x0001325c                M_DrawReadThis1
                0x00013358                M_SfxVol
                0x000133a0                M_MusicVol
                0x000133e8                M_SizeDisplay
                0x00013468                M_ChangeSensitivity
                0x000134ac                M_ChangeDetail
                0x00013528                M_QuickSaveResponse
                0x000135a0                M_VerifyNightmare
                0x000135e4                M_ChooseSkill
                0x0001366c                M_EndGameResponse
                0x0001369c                M_NewGame
                0x00013760                M_Episode
                0x00013868                M_ReadThis2
                0x000138d0                M_DrawOptions
                0x00013c10                M_DrawSound
                0x00013c80                M_EndGame
                0x00013d2c                M_QuickLoadResponse
                0x00013d84                M_QuitResponse
                0x00013e1c                M_DrawLoad
                0x00013ff0                M_DrawSave
                0x00014310                M_ReadSaveStrings
                0x00014404                M_LoadGame
                0x00014478                M_SaveGame
                0x000144fc                M_DrawSaveLoadBorder
                0x000145a4                M_DoSave
                0x000145f8                M_QuickSave
                0x00014740                M_QuickLoad
                0x00014818                M_DrawThermo
                0x00014928                M_DrawEmptyCell
                0x00014980                M_DrawSelCell
                0x000149d8                M_StartMessage
                0x00014a14                M_StopMessage
                0x00014a30                M_StringWidth
                0x00014af0                M_StringHeight
                0x00014b90                M_WriteText
                0x00014c8c                M_Responder
                0x00015ee0                M_StartControlPanel
                0x00015f18                M_Drawer
                0x0001635c                M_ClearMenus
                0x00016368                M_SetupNextMenu
                0x00016380                M_Ticker
                0x000163bc                M_Init
 .text          0x000164a4      0xa98 build/m_misc.o
                0x000164a4                M_MakeDirectory
                0x000164ac                M_FileExists
                0x000164f4                M_FileLength
                0x0001655c                M_WriteFile
                0x000165dc                M_ReadFile
                0x000166d8                M_StrToInt
                0x00016788                M_ExtractFileBase
                0x00016874                M_ForceUppercase
                0x000168b0                M_StrCaseStr
                0x0001696c                M_StringDuplicate
                0x000169d0                M_StringReplace
                0x00016b20                M_StringCopy
                0x00016b74                M_StringConcat
                0x00016bf4                M_StringStartsWith
                0x00016c74                M_StringEndsWith
                0x00016d08                M_StringJoin
                0x00016e40                M_TempFile
                0x00016e5c                M_vsnprintf
                0x00016eb8                M_snprintf
 .text          0x00016f3c       0x64 build/m_random.o
                0x00016f3c                P_Random
                0x00016f64                M_Random
                0x00016f8c                M_ClearRandom
 .text          0x00016fa0      0x5dc build/p_ceilng.o
                0x00016fa0                T_MoveCeiling
                0x00017200                EV_DoCeiling
                0x00017430                P_AddActiveCeiling
                0x00017470                P_RemoveActiveCeiling
                0x000174d8                P_ActivateInStasisCeiling
                0x00017528                EV_CeilingCrushStop
 .text          0x0001757c      0xa50 build/p_doors.o
                0x0001757c                T_VerticalDoor
                0x0001777c                EV_DoDoor
                0x00017ac0                EV_DoLockedDoor
                0x00017ba8                EV_VerticalDoor
                0x00017ec8                P_SpawnDoorCloseIn30
                0x00017f34                P_SpawnDoorRaiseIn5Mins
 .text          0x00017fcc     0x42e0 build/p_enemy.o
                0x00017fcc                PIT_VileCheck
                0x00018294                P_RecursiveSound
                0x00018464                P_NoiseAlert
                0x00018598                P_CheckMeleeRange
                0x00018624                P_CheckMissileRange
                0x0001875c                P_Move
                0x00018908                P_TryWalk
                0x00018ab4                P_NewChaseDir
                0x00019178                P_LookForPlayers
                0x000193a8                A_KeenDie
                0x00019424                A_Look
                0x0001955c                A_Chase
                0x000199a0                A_FaceTarget
                0x00019a38                A_PosAttack
                0x00019b54                A_SPosAttack
                0x00019ca0                A_CPosAttack
                0x00019dc4                A_CPosRefire
                0x00019eb4                A_SpidRefire
                0x00019fa4                A_BspiAttack
                0x0001a050                A_TroopAttack
                0x0001a190                A_SargAttack
                0x0001a2c0                A_HeadAttack
                0x0001a40c                A_CyberAttack
                0x0001a4b8                A_BruisAttack
                0x0001a58c                A_SkelMissile
                0x0001a670                A_Tracer
                0x0001a880                A_SkelWhoosh
                0x0001a928                A_SkelFist
                0x0001aa70                A_VileChase
                0x0001ac8c                A_VileStart
                0x0001ac94                A_StartFire
                0x0001ad7c                A_FireCrackle
                0x0001ae64                A_Fire
                0x0001af44                A_VileTarget
                0x0001aff8                A_VileAttack
                0x0001b184                A_FatRaise
                0x0001b228                A_FatAttack1
                0x0001b34c                A_FatAttack2
                0x0001b474                A_FatAttack3
                0x0001b5f8                A_SkullAttack
                0x0001b874                A_PainShootSkull
                0x0001b8cc                A_PainAttack
                0x0001b9c0                A_PainDie
                0x0001bb28                A_Scream
                0x0001bbf8                A_XScream
                0x0001bc00                A_Pain
                0x0001bc14                A_Fall
                0x0001bc24                A_Explode
                0x0001bc30                A_BossDeath
                0x0001be88                A_Hoof
                0x0001beac                A_Metal
                0x0001bed0                A_BabyMetal
                0x0001bef4                A_OpenShotgun2
                0x0001bf00                A_LoadShotgun2
                0x0001bf0c                A_CloseShotgun2
                0x0001bf4c                A_BrainAwake
                0x0001bfd4                A_BrainPain
                0x0001bfe0                A_BrainScream
                0x0001c0b8                A_BrainExplode
                0x0001c15c                A_BrainDie
                0x0001c160                A_BrainSpit
                0x0001c230                A_SpawnSound
                0x0001c270                A_SpawnFly
                0x0001c288                A_PlayerScream
 .text          0x0001c2ac      0xdf4 build/p_floor.o
                0x0001c2ac                T_MoveFloor
                0x0001c4b4                T_MovePlane
                0x0001c6fc                EV_DoFloor
                0x0001cec4                EV_BuildStairs
 .text          0x0001d0a0     0x1644 build/p_inter.o
                0x0001d0a0                P_GiveAmmo
                0x0001d308                P_GiveWeapon
                0x0001d4b4                P_GiveBody
                0x0001d500                P_GiveArmor
                0x0001d528                P_GiveCard
                0x0001d54c                P_GivePower
                0x0001d62c                P_TouchSpecialThing
                0x0001e09c                P_KillMobj
                0x0001e2fc                P_DamageMobj
 .text          0x0001e6e4      0x6c4 build/p_lights.o
                0x0001e6e4                T_StrobeFlash
                0x0001e728                T_Glow
                0x0001e79c                T_FireFlicker
                0x0001e800                T_LightFlash
                0x0001e888                P_SpawnFireFlicker
                0x0001e8fc                P_SpawnLightFlash
                0x0001e988                P_SpawnStrobeFlash
                0x0001ea58                EV_StartLightStrobing
                0x0001eb64                EV_TurnTagLightsOff
                0x0001ec40                EV_LightTurnOn
                0x0001ed34                P_SpawnGlowingLight
 .text          0x0001eda8     0x1e1c build/p_map.o
                0x0001eda8                PIT_StompThing
                0x0001ee70                PIT_CheckLine
                0x0001f0d4                PIT_CheckThing
                0x0001f30c                PTR_SlideTraverse
                0x0001f418                PTR_AimTraverse
                0x0001f63c                PTR_ShootTraverse
                0x0001fa54                PTR_UseTraverse
                0x0001fae8                PIT_RadiusAttack
                0x0001fd00                P_TeleportMove
                0x0001fee8                P_CheckPosition
                0x00020134                PIT_ChangeSector
                0x000202c4                P_TryMove
                0x000204ac                P_ThingHeightClip
                0x00020538                P_HitSlideLine
                0x00020564                P_SlideMove
                0x00020848                P_AimLineAttack
                0x00020934                P_LineAttack
                0x000209d4                P_UseLines
                0x00020a34                P_RadiusAttack
                0x00020b10                P_ChangeSector
 .text          0x00020bc4     0x1670 build/p_maputl.o
                0x00020bc4                P_AproxDistance
                0x00020c1c                P_PointOnLineSide
                0x00020cc8                P_BoxOnLineSide
                0x00020f24                P_PointOnDivlineSide
                0x00020fe0                P_MakeDivline
                0x00021008                P_InterceptVector
                0x000210c4                P_LineOpening
                0x00021148                P_UnsetThingPosition
                0x00021214                P_SetThingPosition
                0x00021304                P_BlockLinesIterator
                0x00021404                P_BlockThingsIterator
                0x000214a4                PIT_AddLineIntercepts
                0x0002192c                PIT_AddThingIntercepts
                0x00021c60                P_TraverseIntercepts
                0x00021d60                P_PathTraverse
 .text          0x00022234     0x1d24 build/p_mobj.o
                0x00022234                P_SpawnMobj
                0x000223c4                P_RemoveMobj
                0x00022494                P_SetMobjState
                0x0002255c                P_NightmareRespawn
                0x000226b8                P_ExplodeMissile
                0x000227e8                P_ZMovement
                0x00022aa0                P_XYMovement
                0x00022eec                P_MobjThinker
                0x00023070                P_RespawnSpecials
                0x00023228                P_SpawnPlayer
                0x00023448                P_SpawnMapThing
                0x00023814                P_SpawnPuff
                0x0002393c                P_SpawnBlood
                0x00023ad8                P_CheckMissileSpawn
                0x00023b70                P_SubstNullMobj
                0x00023b98                P_SpawnMissile
                0x00023d7c                P_SpawnPlayerMissile
 .text          0x00023f58      0x6a0 build/p_plats.o
                0x00023f58                T_PlatRaise
                0x00024190                EV_DoPlat
                0x000244a4                P_ActivateInStasis
                0x000244f4                EV_StopPlat
                0x00024540                P_AddActivePlat
                0x00024588                P_RemoveActivePlat
 .text          0x000245f8     0x1d6c build/p_pspr.o
                0x000245f8                P_SetPsprite
                0x000246cc                P_CalcSwing
                0x00024770                P_BringUpWeapon
                0x0002486c                P_CheckAmmo
                0x00024a68                P_FireWeapon
                0x00024b54                P_DropWeapon
                0x00024c14                A_WeaponReady
                0x00024edc                A_ReFire
                0x00025014                A_CheckReload
                0x00025018                A_Lower
                0x00025154                A_Raise
                0x00025234                A_GunFlash
                0x00025300                A_Punch
                0x000253fc                A_Saw
                0x0002556c                A_FireMissile
                0x000255ac                A_FireBFG
                0x000255ec                A_FirePlasma
                0x000256ec                P_BulletSlope
                0x00025778                P_GunShot
                0x00025818                A_FirePistol
                0x00025a08                A_FireShotgun
                0x00025c08                A_FireShotgun2
                0x00025e2c                A_FireCGun
                0x00026090                A_Light0
                0x00026098                A_Light1
                0x000260a4                A_Light2
                0x000260b0                A_BFGSpray
                0x000261ac                A_BFGsound
                0x000261b8                P_SetupPsprites
                0x000262b0                P_MovePsprites
 .text          0x00026364     0x5960 build/p_saveg.o
                0x000266d0                P_TempSaveGameFile
                0x00026714                P_SaveGameFile
                0x000267b8                P_WriteSaveGameHeader
                0x00026bc0                P_ReadSaveGameHeader
                0x00026f54                P_ReadSaveGameEOF
                0x00026fd4                P_WriteSaveGameEOF
                0x00027044                P_ArchivePlayers
                0x00027cbc                P_UnArchivePlayers
                0x000285e8                P_ArchiveWorld
                0x00028e30                P_UnArchiveWorld
                0x000296e8                P_ArchiveThinkers
                0x00029dac                P_UnArchiveThinkers
                0x0002a450                P_ArchiveSpecials
                0x0002b0f8                P_UnArchiveSpecials
 .text          0x0002bcc4     0x157c build/p_setup.o
                0x0002bcc4                P_LoadVertexes
                0x0002bd7c                GetSectorAtNullAddress
                0x0002be00                P_LoadSegs
                0x0002c0a0                P_LoadSubsectors
                0x0002c170                P_LoadSectors
                0x0002c2b8                P_LoadNodes
                0x0002c49c                P_LoadThings
                0x0002c5e4                P_LoadLineDefs
                0x0002c884                P_LoadSideDefs
                0x0002c9e4                P_LoadBlockMap
                0x0002ca98                P_GroupLines
                0x0002cdd0                P_SetupLevel
                0x0002d1f8                P_Init
 .text          0x0002d240      0x918 build/p_sight.o
                0x0002d240                P_DivlineSide
                0x0002d2cc                P_InterceptVector2
                0x0002d388                P_CrossSubsector
                0x0002d84c                P_CrossBSPNode
                0x0002da1c                P_CheckSight
 .text          0x0002db58     0x15f8 build/p_spec.o
                0x0002db58                P_InitPicAnims
                0x0002dca8                getSide
                0x0002dcf4                getSector
                0x0002dd44                twoSided
                0x0002dd74                getNextSector
                0x0002dda0                P_FindLowestFloorSurrounding
                0x0002ddf8                P_FindHighestFloorSurrounding
                0x0002de5c                P_FindNextHighestFloor
                0x0002df88                P_FindLowestCeilingSurrounding
                0x0002dff4                P_FindHighestCeilingSurrounding
                0x0002e058                P_FindSectorFromLineTag
                0x0002e0b0                P_FindMinSurroundingLight
                0x0002e104                P_CrossSpecialLine
                0x0002e670                P_ShootSpecialLine
                0x0002e724                P_PlayerInSpecialSector
                0x0002e8a4                P_UpdateSpecials
                0x0002eb2c                EV_DoDonut
                0x0002ee1c                P_SpawnSpecials
 .text          0x0002f150     0x10b4 build/p_switch.o
                0x0002f150                P_InitSwitchList
                0x0002f260                P_StartButton
                0x0002f504                P_ChangeSwitchTexture
                0x0002fdd0                P_UseSpecialLine
 .text          0x00030204      0x234 build/p_telept.o
                0x00030204                EV_Teleport
 .text          0x00030438      0x21c build/p_tick.o
                0x00030438                P_InitThinkers
                0x0003044c                P_AddThinker
                0x0003046c                P_RemoveThinker
                0x00030478                P_AllocateThinker
                0x0003047c                P_RunThinkers
                0x000304f8                P_Ticker
 .text          0x00030654      0x794 build/p_user.o
                0x00030654                P_Thrust
                0x000306d8                P_CalcHeight
                0x0003085c                P_MovePlayer
                0x00030a0c                P_DeathThink
                0x00030b1c                P_PlayerThink
 .text          0x00030de8      0x984 build/r_bsp.o
                0x00030de8                R_ClearDrawSegs
                0x00030dfc                R_ClipSolidWallSegment
                0x00030f74                R_ClipPassWallSegment
                0x00031010                R_ClearClipSegs
                0x00031054                R_AddLine
                0x000311e4                R_CheckBBox
                0x000313e4                R_Subsector
                0x00031684                R_RenderBSPNode
 .text          0x0003176c     0x1644 build/r_data.o
                0x0003176c                R_DrawColumnInCache
                0x00031838                R_GenerateComposite
                0x00031aa4                R_GenerateLookup
                0x00031d0c                R_GetColumn
                0x00031dd4                R_InitTextures
                0x000324b4                R_InitFlats
                0x00032550                R_InitSpriteLumps
                0x000326dc                R_InitColormaps
                0x0003270c                R_InitData
                0x000327f0                R_FlatNumForName
                0x00032874                R_CheckTextureNumForName
                0x00032914                R_TextureNumForName
                0x000329bc                R_PrecacheLevel
 .text          0x00032db0      0xfe8 build/r_draw.o
                0x00032db0                R_DrawColumn
                0x00032eb8                R_DrawColumnLow
                0x00032fd4                R_DrawFuzzColumn
                0x00033114                R_DrawFuzzColumnLow
                0x0003329c                R_DrawTranslatedColumn
                0x000333b0                R_DrawTranslatedColumnLow
                0x00033508                R_InitTranslationTables
                0x000335b8                R_DrawSpan
                0x000336f8                R_DrawSpanLow
                0x00033868                R_InitBuffer
                0x00033900                R_FillBackScreen
                0x00033c28                R_VideoErase
                0x00033c50                R_DrawViewBorder
 .text          0x00033d98     0x12b8 build/r_main.o
                0x00033d98                R_AddPointToBox
                0x00033dcc                R_PointOnSide
                0x00033e7c                R_PointOnSegSide
                0x00033f44                R_PointToAngle
                0x00034108                R_PointToAngle2
                0x000342d0                R_PointToDist
                0x00034384                R_InitPointToAngle
                0x00034388                R_ScaleFromGlobalAngle
                0x00034468                R_InitTables
                0x0003446c                R_InitTextureMapping
                0x000346ac                R_InitLightTables
                0x000347ac                R_SetViewSize
                0x000347cc                R_ExecuteSetViewSize
                0x00034c14                R_Init
                0x00034d94                R_PointInSubsector
                0x00034efc                R_SetupFrame
                0x00035004                R_RenderPlayerView
 .text          0x00035050      0x9b4 build/r_plane.o
                0x00035050                R_InitPlanes
                0x00035054                R_MapPlane
                0x00035294                R_ClearPlanes
                0x000353d8                R_FindPlane
                0x000354d8                R_CheckPlane
                0x00035590                R_MakeSpans
                0x000356d0                R_DrawPlanes
 .text          0x00035a04     0x1298 build/r_segs.o
                0x00035a04                R_RenderMaskedSegRange
                0x00035d0c                R_RenderSegLoop
                0x000361e0                R_StoreWallRange
 .text          0x00036c9c       0x10 build/r_sky.o
                0x00036c9c                R_InitSkyMap
 .text          0x00036cac     0x17e8 build/r_things.o
                0x00036cac                R_InstallSpriteLump
                0x00036f14                R_InitSpriteDefs
                0x000372f8                R_InitSprites
                0x00037348                R_ClearSprites
                0x0003735c                R_NewVisSprite
                0x00037388                R_DrawMaskedColumn
                0x00037500                R_DrawVisSprite
                0x000376d4                R_ProjectSprite
                0x00037a7c                R_AddSprites
                0x00037b20                R_DrawPSprite
                0x00037d90                R_DrawPlayerSprites
                0x00037e74                R_SortVisSprites
                0x00037f5c                R_DrawSprite
                0x00038334                R_DrawMasked
 .text          0x00038494     0x2200 build/sha1.o
                0x00039dac                SHA1_Init
                0x00039df4                SHA1_Update
                0x00039f94                SHA1_Final
                0x0003a498                SHA1_UpdateInt32
                0x0003a65c                SHA1_UpdateString
 .text          0x0003a694        0x0 build/sounds.o
 .text          0x0003a694       0x80 build/statdump.o
                0x0003a694                StatCopy
                0x0003a710                StatDump
 .text          0x0003a714      0x5f4 build/st_lib.o
                0x0003a714                STlib_init
                0x0003a740                STlib_initNum
                0x0003a760                STlib_drawNum
                0x0003a964                STlib_updateNum
                0x0003a978                STlib_initPercent
                0x0003a9a0                STlib_updatePercent
                0x0003aa14                STlib_initMultIcon
                0x0003aa34                STlib_updateMultIcon
                0x0003ab90                STlib_initBinIcon
                0x0003abac                STlib_updateBinIcon
 .text          0x0003ad08     0x1fc0 build/st_stuff.o
                0x0003b3dc                ST_refreshBackground
                0x0003b468                ST_Responder
                0x0003ba24                ST_calcPainOffset
                0x0003ba90                ST_updateFaceWidget
                0x0003c0d8                ST_updateWidgets
                0x0003c28c                ST_Ticker
                0x0003c2d4                ST_doPaletteStuff
                0x0003c3f4                ST_drawWidgets
                0x0003c520                ST_doRefresh
                0x0003c5c0                ST_diffDraw
                0x0003c5c8                ST_Drawer
                0x0003c6a8                ST_loadGraphics
                0x0003c6ac                ST_loadData
                0x0003c6d4                ST_unloadGraphics
                0x0003c6d8                ST_unloadData
                0x0003c6dc                ST_initData
                0x0003c7a8                ST_createWidgets
                0x0003cb20                ST_Start
                0x0003cc3c                ST_Stop
                0x0003cc80                ST_Init
 .text          0x0003ccc8      0xd44 build/s_sound.o
                0x0003ccc8                S_Shutdown
                0x0003ce70                S_Init
                0x0003cf90                S_StopSound
                0x0003d018                S_StartSound
                0x0003d480                S_PauseSound
                0x0003d4c0                S_ResumeSound
                0x0003d4fc                S_UpdateSounds
                0x0003d654                S_SetMusicVolume
                0x0003d690                S_SetSfxVolume
                0x0003d6d8                S_ChangeMusic
                0x0003d844                S_Start
                0x0003d99c                S_StartMusic
                0x0003d9a4                S_MusicPlaying
                0x0003d9a8                S_StopMusic
 .text          0x0003da0c       0x48 build/tables.o
                0x0003da0c                SlopeDiv
 .text          0x0003da54     0x2240 build/v_video.o
                0x0003da54                V_MarkRect
                0x0003dacc                V_CopyRect
                0x0003dc1c                V_SetPatchClipCallback
                0x0003dc28                V_DrawPatch
                0x0003dea4                V_DrawPatchFlipped
                0x0003e0f0                V_DrawPatchDirect
                0x0003e0f4                V_DrawTLPatch
                0x0003e2a8                V_DrawXlaPatch
                0x0003e418                V_DrawAltTLPatch
                0x0003e5cc                V_DrawShadowedPatch
                0x0003e798                V_LoadTintTable
                0x0003e7c4                V_LoadXlaTable
                0x0003e7f0                V_DrawBlock
                0x0003e90c                V_DrawFilledBox
                0x0003ea6c                V_DrawHorizLine
                0x0003eb78                V_DrawVertLine
                0x0003ebb0                V_DrawBox
                0x0003ee88                V_DrawRawScreen
                0x0003eea0                V_Init
                0x0003eea4                V_UseBuffer
                0x0003eeb0                V_RestoreBuffer
                0x0003eec4                WritePCXfile
                0x0003f0a8                V_ScreenShot
                0x0003f2c8                V_DrawMouseSpeedBox
 .text          0x0003fc94     0x670c build/wi_stuff.o
                0x00040c6c                WI_slamBackground
                0x00040c80                WI_Responder
                0x00040c88                WI_drawLF
                0x00040e14                WI_drawEL
                0x00040ee8                WI_drawOnLnode
                0x00041060                WI_initAnimatedBack
                0x00041088                WI_updateAnimatedBack
                0x000410b0                WI_drawAnimatedBack
                0x000411a4                WI_drawNum
                0x00041374                WI_drawPercent
                0x000414cc                WI_drawTime
                0x0004171c                WI_End
                0x00041720                WI_initNoState
                0x00041744                WI_updateNoState
                0x000417b8                WI_initShowNextLoc
                0x00041800                WI_updateShowNextLoc
                0x0004188c                WI_drawShowNextLoc
                0x00041b28                WI_drawNoState
                0x00041b38                WI_fragSum
                0x00041bd4                WI_initDeathmatchStats
                0x00041e18                WI_updateDeathmatchStats
                0x00042c64                WI_drawDeathmatchStats
                0x00043484                WI_initNetgameStats
                0x000438cc                WI_updateNetgameStats
                0x00044798                WI_drawNetgameStats
                0x000450ac                WI_initStats
                0x00045124                WI_updateStats
                0x00045658                WI_drawStats
                0x00045b84                WI_checkForAccelerate
                0x00045d24                WI_Ticker
                0x00046034                WI_loadData
                0x000460c8                WI_unloadData
                0x000460cc                WI_Drawer
                0x0004611c                WI_initVariables
                0x000461ac                WI_Start
 .text          0x000463a0      0x148 build/w_checksum.o
                0x000463a0                W_Checksum
 .text          0x000464e8       0x24 build/w_file.o
                0x000464e8                W_OpenFile
                0x000464f4                W_CloseFile
                0x00046500                W_Read
 .text          0x0004650c       0xf0 build/w_main.o
                0x0004650c                W_ParseCommandLine
 .text          0x000465fc     0x100c build/w_wad.o
                0x000465fc                W_LumpNameHash
                0x0004665c                W_AddFile
                0x00046a34                W_NumLumps
                0x00046a40                W_CheckNumForName
                0x00046c00                W_GetNumForName
                0x00046c5c                W_LumpLength
                0x00046cd0                W_ReadLump
                0x00046d88                W_CacheLumpNum
                0x00046f78                W_CacheLumpName
                0x0004717c                W_ReleaseLumpNum
                0x000471fc                W_ReleaseLumpName
                0x000472b4                W_GenerateHashTable
                0x00047424                W_CheckCorrectIWAD
 .text          0x00047608      0x884 build/z_zone.o
                0x00047608                Z_ClearZone
                0x00047648                Z_Init
                0x000476c8                Z_Free
                0x000477d0                Z_Malloc
                0x00047960                Z_FreeTags
                0x000479f0                Z_DumpHeap
                0x00047b3c                Z_FileDumpHeap
                0x00047c60                Z_CheckHeap
                0x00047d44                Z_ChangeTag2
                0x00047ddc                Z_ChangeUser
                0x00047e30                Z_FreeMemory
                0x00047e7c                Z_ZoneSize
 .text          0x00047e8c       0xf0 build/w_file_stdc.o
                0x00047e8c                W_StdC_Read
 .text          0x00047f7c      0x14c build/i_input.o
                0x00047f7c                I_GetEvent
                0x000480c4                I_InitInput
 .text          0x000480c8      0x648 build/i_video.o
                0x000480c8                cmap_to_rgb565
                0x00048130                cmap_to_fb
                0x00048214                I_InitGraphics
                0x000483c0                I_ShutdownGraphics
                0x000483cc                I_StartFrame
                0x000483d0                I_StartTic
                0x000483d4                I_UpdateNoBlit
                0x000483d8                I_FinishUpdate
                0x000485e0                I_ReadScreen
                0x000485f4                I_SetPalette
                0x00048668                I_GetPaletteIndex
                0x000486ec                I_BeginRead
                0x000486f0                I_EndRead
                0x000486f4                I_SetWindowTitle
                0x000486f8                I_GraphicsCheckCommandLine
                0x000486fc                I_SetGrabMouseCallback
                0x00048700                I_EnableLoadingDisk
                0x00048704                I_BindVideoVariables
                0x00048708                I_DisplayFPSDots
                0x0004870c                I_CheckIsScreensaver
 .text          0x00048710       0x40 build/doomgeneric.o
                0x00048710                doomgeneric_Create
 .text          0x00048750       0xa4 build/riscv.o
                0x00048750                DG_Init
                0x0004875c                DG_DrawFrame
                0x00048768                get_time_ms
                0x00048780                DG_SleepMs
                0x00048784                DG_GetTicksMs
                0x00048798                DG_GetKey
                0x000487a0                DG_SetWindowTitle
                0x000487a4                clear_bss
                0x000487dc                c_start
 .text.startup  0x000487f4       0x60 build/riscv.o
                0x000487f4                main
 .text          0x00048854      0x314 ../minlibc//libminlibc.a(atof.o)
                0x00048854                atof
 .text          0x00048b68       0x90 ../minlibc//libminlibc.a(atoi.o)
                0x00048b68                atoi
 .text          0x00048bf8       0x2c ../minlibc//libminlibc.a(errno.o)
                0x00048bf8                __errno_location
 .text          0x00048c24       0x28 ../minlibc//libminlibc.a(exit.o)
                0x00048c24                exit
 .text          0x00048c4c      0x4c8 ../minlibc//libminlibc.a(fake_files.o)
                0x00048c4c                fopen
                0x00048cf0                ftell
                0x00048d70                fseek
                0x00048fac                fread
                0x000490d0                feof
 .text          0x00049114       0x38 ../minlibc//libminlibc.a(fclose.o)
                0x00049114                fclose
 .text          0x0004914c       0x70 ../minlibc//libminlibc.a(fflush.o)
                0x0004914c                fflush
 .text          0x000491bc       0x74 ../minlibc//libminlibc.a(fprintf.o)
                0x000491bc                fprintf
 .text          0x00049230       0xa4 ../minlibc//libminlibc.a(fwrite.o)
                0x00049230                fwrite
 .text          0x000492d4       0x4c ../minlibc//libminlibc.a(isdigit.o)
                0x000492d4                isdigit
 .text          0x00049320     0x36ac ../minlibc//libminlibc.a(malloc.o)
                0x0004c714                malloc
                0x0004c810                free
                0x0004c898                realloc
                0x0004c96c                calloc
 .text          0x0004c9cc       0x78 ../minlibc//libminlibc.a(memcpy.o)
                0x0004c9cc                memcpy
 .text          0x0004ca44       0x68 ../minlibc//libminlibc.a(memset.o)
                0x0004ca44                memset
 .text          0x0004caac       0x48 ../minlibc//libminlibc.a(mkdir.o)
                0x0004caac                mkdir
 .text          0x0004caf4       0x64 ../minlibc//libminlibc.a(mmap.o)
                0x0004caf4                mmap
 .text          0x0004cb58       0x44 ../minlibc//libminlibc.a(mprotect.o)
                0x0004cb58                mprotect
 .text          0x0004cb9c       0x3c ../minlibc//libminlibc.a(munmap.o)
                0x0004cb9c                munmap
 .text          0x0004cbd8      0x630 ../minlibc//libminlibc.a(printf.o)
                0x0004cbd8                printf
                0x0004cc54                sscanf
                0x0004cf40                fabs
                0x0004cfc0                abs
                0x0004cffc                runtime_exit
                0x0004d01c                runtime_memprotect
                0x0004d05c                runtime_alloc
                0x0004d0ec                runtime_free
                0x0004d118                system_call
                0x0004d170                send_dma_l
                0x0004d1c0                runtime_write
 .text          0x0004d208       0x3c ../minlibc//libminlibc.a(putchar.o)
                0x0004d208                putchar
 .text          0x0004d244       0x5c ../minlibc//libminlibc.a(puts.o)
                0x0004d244                puts
 .text          0x0004d2a0       0x78 ../minlibc//libminlibc.a(snprintf.o)
                0x0004d2a0                snprintf
 .text          0x0004d318        0x0 ../minlibc//libminlibc.a(stdio_values.o)
 .text          0x0004d318      0x180 ../minlibc//libminlibc.a(strcasecmp.o)
                0x0004d318                strcasecmp
                0x0004d3b0                strncasecmp
 .text          0x0004d498       0x7c ../minlibc//libminlibc.a(strcmp.o)
                0x0004d498                strcmp
 .text          0x0004d514       0x64 ../minlibc//libminlibc.a(strdup.o)
                0x0004d514                strdup
 .text          0x0004d578       0x58 ../minlibc//libminlibc.a(strlen.o)
                0x0004d578                strlen
 .text          0x0004d5d0       0xa0 ../minlibc//libminlibc.a(strncmp.o)
                0x0004d5d0                strncmp
 .text          0x0004d670       0x78 ../minlibc//libminlibc.a(strncpy.o)
                0x0004d670                strncpy
 .text          0x0004d6e8       0x74 ../minlibc//libminlibc.a(strrchr.o)
                0x0004d6e8                strrchr
 .text          0x0004d75c       0x94 ../minlibc//libminlibc.a(strstr.o)
                0x0004d75c                strstr
 .text          0x0004d7f0       0x50 ../minlibc//libminlibc.a(tolower.o)
                0x0004d7f0                tolower
 .text          0x0004d840       0x50 ../minlibc//libminlibc.a(toupper.o)
                0x0004d840                toupper
 .text          0x0004d890       0x9c ../minlibc//libminlibc.a(vfprintf.o)
                0x0004d890                vfprintf
 .text          0x0004d92c     0x1114 ../minlibc//libminlibc.a(vsnprintf.o)
                0x0004df48                vsnprintf
 .text          0x0004ea40       0x20 ../minlibc//libminlibc.a(abort.o)
                0x0004ea40                abort
 .text          0x0004ea60       0x68 ../minlibc//libminlibc.a(bzero.o)
                0x0004ea60                bzero
 .text          0x0004eac8        0x0 ../minlibc//libminlibc.a(doom1.o)
 .text          0x0004eac8       0x54 ../minlibc//libminlibc.a(fputc.o)
                0x0004eac8                fputc
 .text          0x0004eb1c       0x58 ../minlibc//libminlibc.a(isspace.o)
                0x0004eb1c                isspace
 .text          0x0004eb74       0x70 ../minlibc//libminlibc.a(strchr.o)
                0x0004eb74                strchr
 .text          0x0004ebe4       0x6c ../minlibc//libminlibc.a(strnlen.o)
                0x0004ebe4                strnlen
 .text          0x0004ec50      0x5a4 /var/home/blake/gcc-riscv/lib/gcc/riscv32-unknown-elf/15.1.0/libgcc.a(_divdi3.o)
                0x0004ec50                __divdi3
 .text          0x0004f1f4      0x5b4 /var/home/blake/gcc-riscv/lib/gcc/riscv32-unknown-elf/15.1.0/libgcc.a(_udivdi3.o)
                0x0004f1f4                __udivdi3
 .text          0x0004f7a8      0x5a4 /var/home/blake/gcc-riscv/lib/gcc/riscv32-unknown-elf/15.1.0/libgcc.a(_umoddi3.o)
                0x0004f7a8                __umoddi3
 .text          0x0004fd4c      0x74c /var/home/blake/gcc-riscv/lib/gcc/riscv32-unknown-elf/15.1.0/libgcc.a(adddf3.o)
                0x0004fd4c                __adddf3
 .text          0x00050498       0xd8 /var/home/blake/gcc-riscv/lib/gcc/riscv32-unknown-elf/15.1.0/libgcc.a(ledf2.o)
                0x00050498                __ltdf2
                0x00050498                __ledf2
 .text          0x00050570      0x69c /var/home/blake/gcc-riscv/lib/gcc/riscv32-unknown-elf/15.1.0/libgcc.a(muldf3.o)
                0x00050570                __muldf3
 .text          0x00050c0c      0x760 /var/home/blake/gcc-riscv/lib/gcc/riscv32-unknown-elf/15.1.0/libgcc.a(subdf3.o)
                0x00050c0c                __subdf3
 .text          0x0005136c       0xa0 /var/home/blake/gcc-riscv/lib/gcc/riscv32-unknown-elf/15.1.0/libgcc.a(floatsidf.o)
                0x0005136c                __floatsidf
 .text          0x0005140c       0xa4 /var/home/blake/gcc-riscv/lib/gcc/riscv32-unknown-elf/15.1.0/libgcc.a(fixunsdfdi.o)
                0x0005140c                __fixunsdfdi
 .text          0x000514b0      0x1b0 /var/home/blake/gcc-riscv/lib/gcc/riscv32-unknown-elf/15.1.0/libgcc.a(floatundidf.o)
                0x000514b0                __floatundidf
 .text          0x00051660      0x374 /var/home/blake/gcc-riscv/lib/gcc/riscv32-unknown-elf/15.1.0/libgcc.a(divsf3.o)
                0x00051660                __divsf3
 .text          0x000519d4      0x348 /var/home/blake/gcc-riscv/lib/gcc/riscv32-unknown-elf/15.1.0/libgcc.a(mulsf3.o)
                0x000519d4                __mulsf3
 .text          0x00051d1c      0x444 /var/home/blake/gcc-riscv/lib/gcc/riscv32-unknown-elf/15.1.0/libgcc.a(subsf3.o)
                0x00051d1c                __subsf3
 .text          0x00052160       0x70 /var/home/blake/gcc-riscv/lib/gcc/riscv32-unknown-elf/15.1.0/libgcc.a(fixsfsi.o)
                0x00052160                __fixsfsi
 .text          0x000521d0      0x10c /var/home/blake/gcc-riscv/lib/gcc/riscv32-unknown-elf/15.1.0/libgcc.a(floatsisf.o)
                0x000521d0                __floatsisf
 .text          0x000522dc       0xd8 /var/home/blake/gcc-riscv/lib/gcc/riscv32-unknown-elf/15.1.0/libgcc.a(extendsfdf2.o)
                0x000522dc                __extendsfdf2
 .text          0x000523b4      0x144 /var/home/blake/gcc-riscv/lib/gcc/riscv32-unknown-elf/15.1.0/libgcc.a(truncdfsf2.o)
                0x000523b4                __truncdfsf2
 .text          0x000524f8       0x24 /var/home/blake/gcc-riscv/lib/gcc/riscv32-unknown-elf/15.1.0/libgcc.a(muldi3.o)
                0x000524f8                __mulsi3
 .text          0x0005251c       0xb4 /var/home/blake/gcc-riscv/lib/gcc/riscv32-unknown-elf/15.1.0/libgcc.a(div.o)
                0x0005251c                __divsi3
                0x00052524                __hidden___udivsi3
                0x00052524                __udivsi3
                0x0005256c                __umodsi3
                0x000525a0                __modsi3
 .text          0x000525d0       0x3c /var/home/blake/gcc-riscv/lib/gcc/riscv32-unknown-elf/15.1.0/libgcc.a(_lshrdi3.o)
                0x000525d0                __lshrdi3
 .text          0x0005260c       0x3c /var/home/blake/gcc-riscv/lib/gcc/riscv32-unknown-elf/15.1.0/libgcc.a(_ashldi3.o)
                0x0005260c                __ashldi3
 .text          0x00052648        0x0 /var/home/blake/gcc-riscv/lib/gcc/riscv32-unknown-elf/15.1.0/libgcc.a(_clz.o)
 .text          0x00052648       0x4c /var/home/blake/gcc-riscv/lib/gcc/riscv32-unknown-elf/15.1.0/libgcc.a(_clzsi2.o)
                0x00052648                __clzsi2
 *(.rodata*)
 .rodata.str1.4
                0x00052694     0x79b0 build/am_map.o
                                 0x72 (size before relaxing)
 .rodata        0x0005a044       0x20 build/am_map.o
 .rodata.str1.4
                0x0005a064        0x0 build/dstrings.o
                                0x33b (size before relaxing)
 .rodata.str1.4
                0x0005a064        0x0 build/d_iwad.o
                                 0x2e (size before relaxing)
 .rodata.str1.4
                0x0005a064        0x0 build/d_loop.o
                                 0x73 (size before relaxing)
 .rodata.str1.4
                0x0005a064        0x0 build/d_main.o
                                0xa91 (size before relaxing)
 .rodata        0x0005a064      0x14c build/d_main.o
 .rodata.str1.4
                0x0005a1b0        0x0 build/d_mode.o
                                 0x4f (size before relaxing)
 .rodata        0x0005a1b0       0xf4 build/d_mode.o
 .rodata.str1.4
                0x0005a2a4        0x0 build/d_net.o
                                0x187 (size before relaxing)
 .rodata.str1.4
                0x0005a2a4        0x0 build/f_finale.o
                               0x1f63 (size before relaxing)
 .rodata        0x0005a2a4       0x18 build/f_wipe.o
 .rodata.str1.4
                0x0005a2bc        0x0 build/g_game.o
                                0x349 (size before relaxing)
 .rodata        0x0005a2bc       0x84 build/g_game.o
 .rodata.str1.4
                0x0005a340        0x0 build/hu_stuff.o
                                0xd00 (size before relaxing)
 .rodata.str1.4
                0x0005a340        0x0 build/info.o
                                0x44d (size before relaxing)
 .rodata.str1.4
                0x0005a340        0x0 build/i_joystick.o
                                 0xb3 (size before relaxing)
 .rodata.str1.4
                0x0005a340        0x0 build/i_scale.o
                                 0xd9 (size before relaxing)
 .rodata.str1.4
                0x0005a340        0x0 build/i_sound.o
                                 0xb5 (size before relaxing)
 .rodata.str1.4
                0x0005a340        0x0 build/i_system.o
                                0x217 (size before relaxing)
 .rodata        0x0005a340       0x22 build/i_system.o
 .rodata.str1.4
                0x0005a362        0x0 build/memio.o
                                 0x29 (size before relaxing)
 .rodata.str1.4
                0x0005a362        0x0 build/m_argv.o
                                 0x5b (size before relaxing)
 .rodata.str1.4
                0x0005a362        0x0 build/m_config.o
                                0xddc (size before relaxing)
 *fill*         0x0005a362        0x2 
 .rodata        0x0005a364      0x200 build/m_config.o
 .rodata.str1.4
                0x0005a564        0x0 build/m_controls.o
                                0x6c6 (size before relaxing)
 .rodata.str1.4
                0x0005a564        0x0 build/m_menu.o
                                0x455 (size before relaxing)
 .rodata.str1.4
                0x0005a564        0x0 build/m_misc.o
                                0x101 (size before relaxing)
 .rodata        0x0005a564      0x100 build/m_random.o
 .rodata        0x0005a664       0x30 build/p_ceilng.o
 .rodata        0x0005a694       0x20 build/p_doors.o
 .rodata.str1.4
                0x0005a6b4        0x0 build/p_doors.o
                                0x13f (size before relaxing)
 .rodata.str1.4
                0x0005a6b4        0x0 build/p_enemy.o
                                 0x3d (size before relaxing)
 .rodata        0x0005a6b4       0x34 build/p_floor.o
 .rodata.str1.4
                0x0005a6e8        0x0 build/p_inter.o
                                0x417 (size before relaxing)
 .rodata        0x0005a6e8       0xb4 build/p_inter.o
 .rodata.str1.4
                0x0005a79c        0x0 build/p_map.o
                                 0x77 (size before relaxing)
 .rodata        0x0005a79c      0x114 build/p_maputl.o
 .rodata.str1.4
                0x0005a8b0        0x0 build/p_mobj.o
                                 0x2d (size before relaxing)
 .rodata.str1.4
                0x0005a8b0        0x0 build/p_plats.o
                                 0x48 (size before relaxing)
 .rodata        0x0005a8b0       0x14 build/p_plats.o
 .rodata.str1.4
                0x0005a8c4        0x0 build/p_saveg.o
                                 0xf2 (size before relaxing)
 .rodata        0x0005a8c4       0x20 build/p_saveg.o
 .rodata.str1.4
                0x0005a8e4        0x0 build/p_setup.o
                                 0xf3 (size before relaxing)
 .rodata.str1.4
                0x0005a8e4        0x0 build/p_sight.o
                                 0x28 (size before relaxing)
 .rodata.str1.4
                0x0005a8e4        0x0 build/p_spec.o
                                0x254 (size before relaxing)
 .rodata        0x0005a8e4      0x2b4 build/p_spec.o
 .rodata.str1.4
                0x0005ab98        0x0 build/p_switch.o
                                 0x35 (size before relaxing)
 .rodata        0x0005ab98      0x210 build/p_switch.o
 .rodata.str1.4
                0x0005ada8        0x0 build/r_bsp.o
                                 0x23 (size before relaxing)
 .rodata.str1.4
                0x0005ada8        0x0 build/r_data.o
                                0x1a6 (size before relaxing)
 .rodata.str1.4
                0x0005ada8        0x0 build/r_draw.o
                                 0xb4 (size before relaxing)
 .rodata.str1.4
                0x0005ada8        0x0 build/r_main.o
                                  0x2 (size before relaxing)
 .rodata.str1.4
                0x0005ada8        0x0 build/r_plane.o
                                 0xb0 (size before relaxing)
 .rodata.str1.4
                0x0005ada8        0x0 build/r_segs.o
                                 0x20 (size before relaxing)
 .rodata.str1.4
                0x0005ada8        0x0 build/r_things.o
                                0x1f3 (size before relaxing)
 .rodata.str1.4
                0x0005ada8        0x0 build/sounds.o
                                0x217 (size before relaxing)
 .rodata.str1.4
                0x0005ada8        0x0 build/statdump.o
                                  0xa (size before relaxing)
 .rodata.str1.4
                0x0005ada8        0x0 build/st_lib.o
                                 0x64 (size before relaxing)
 .rodata.str1.4
                0x0005ada8        0x0 build/st_stuff.o
                                0x1f8 (size before relaxing)
 .rodata.str1.4
                0x0005ada8        0x0 build/s_sound.o
                                 0x6d (size before relaxing)
 .rodata        0x0005ada8       0x24 build/s_sound.o
 .rodata        0x0005adcc    0x10504 build/tables.o
                0x0005adcc                gammatable
                0x0005b2cc                tantoangle
                0x0005d2d0                finesine
                0x000672d0                finetangent
 .rodata.str1.4
                0x0006b2d0        0x0 build/v_video.o
                                0x110 (size before relaxing)
 .rodata.str1.4
                0x0006b2d0        0x0 build/wi_stuff.o
                                0x125 (size before relaxing)
 .rodata        0x0006b2d0      0x1c0 build/wi_stuff.o
 .rodata.str1.4
                0x0006b490        0x0 build/w_main.o
                                 0x36 (size before relaxing)
 .rodata.str1.4
                0x0006b490        0x0 build/w_wad.o
                                0x32f (size before relaxing)
 .rodata.str1.4
                0x0006b490        0x0 build/z_zone.o
                                0x2ca (size before relaxing)
 .rodata.str1.4
                0x0006b490        0x0 build/w_file_stdc.o
                                  0x3 (size before relaxing)
 .rodata        0x0006b490       0x80 build/i_input.o
 .rodata.str1.4
                0x0006b510        0x0 build/i_video.o
                                0x173 (size before relaxing)
 .rodata.str1.4
                0x0006b510        0x0 build/doomgeneric.o
                                 0x3e (size before relaxing)
 .rodata.str1.4
                0x0006b510        0x0 build/riscv.o
                                 0x58 (size before relaxing)
 .rodata        0x0006b510       0x10 ../minlibc//libminlibc.a(atof.o)
 .rodata        0x0006b520       0x15 ../minlibc//libminlibc.a(exit.o)
 *fill*         0x0006b535        0x3 
 .rodata        0x0006b538      0x14d ../minlibc//libminlibc.a(fake_files.o)
 *fill*         0x0006b685        0x3 
 .rodata        0x0006b688      0x3ef ../minlibc//libminlibc.a(malloc.o)
 *fill*         0x0006ba77        0x1 
 .rodata        0x0006ba78        0x7 ../minlibc//libminlibc.a(mkdir.o)
 *fill*         0x0006ba7f        0x1 
 .rodata        0x0006ba80       0x93 ../minlibc//libminlibc.a(printf.o)
 *fill*         0x0006bb13        0x1 
 .rodata        0x0006bb14        0x2 ../minlibc//libminlibc.a(puts.o)
 *fill*         0x0006bb16        0x2 
 .rodata        0x0006bb18       0x60 ../minlibc//libminlibc.a(vsnprintf.o)
 .rodata        0x0006bb78        0xf ../minlibc//libminlibc.a(abort.o)
 *fill*         0x0006bb87        0x1 
 .rodata        0x0006bb88        0x3 ../minlibc//libminlibc.a(fputc.o)
 *fill*         0x0006bb8b        0x1 
 .rodata        0x0006bb8c       0x3c /var/home/blake/gcc-riscv/lib/gcc/riscv32-unknown-elf/15.1.0/libgcc.a(divsf3.o)
 .rodata        0x0006bbc8      0x100 /var/home/blake/gcc-riscv/lib/gcc/riscv32-unknown-elf/15.1.0/libgcc.a(_clz.o)
                0x0006bbc8                __clz_tab
                0x0006bcc8                        . = ALIGN (0x4)

.srodata.cst4   0x0006bcc8        0x8
 .srodata.cst4  0x0006bcc8        0x8 build/g_game.o
                                  0x4 (size before relaxing)
 .srodata.cst4  0x0006bcd0        0x0 build/v_video.o
                                  0x4 (size before relaxing)

.srodata        0x0006bcd0       0x10
 .srodata       0x0006bcd0       0x10 build/m_menu.o

.srodata.cst8   0x0006bce0        0x8
 .srodata.cst8  0x0006bce0        0x8 build/v_video.o

.eh_frame       0x0006bce8      0x104
 .eh_frame      0x0006bce8       0x64 /var/home/blake/gcc-riscv/lib/gcc/riscv32-unknown-elf/15.1.0/libgcc.a(_divdi3.o)
 .eh_frame      0x0006bd4c       0x4c /var/home/blake/gcc-riscv/lib/gcc/riscv32-unknown-elf/15.1.0/libgcc.a(_udivdi3.o)
                                 0x60 (size before relaxing)
 .eh_frame      0x0006bd98       0x54 /var/home/blake/gcc-riscv/lib/gcc/riscv32-unknown-elf/15.1.0/libgcc.a(_umoddi3.o)
                                 0x68 (size before relaxing)

.rela.dyn       0x0006bdec        0x0
 .rela.text     0x0006bdec        0x0 entry.o
 .rela.text.startup
                0x0006bdec        0x0 entry.o
 .rela.sdata    0x0006bdec        0x0 entry.o

.data           0x0006bdec   0x1aae00
                0x0006bdec                        _sdata = .
 *(.data*)
 .data          0x0006bdec        0x0 entry.o
 .data          0x0006bdec        0x0 build/dummy.o
 .data          0x0006bdec      0x22c build/am_map.o
                0x0006be14                cheat_amap
                0x0006be48                player_arrow
                0x0006beb8                cheat_player_arrow
                0x0006bfb8                thintriangle_guy
                0x0006bfe8                triangle_guy
 .data          0x0006c018        0x0 build/doomdef.o
 .data          0x0006c018        0x0 build/doomstat.o
 .data          0x0006c018       0x40 build/dstrings.o
                0x0006c018                doom2_endmsg
                0x0006c038                doom1_endmsg
 .data          0x0006c058        0x0 build/d_event.o
 .data          0x0006c058       0xd8 build/d_items.o
                0x0006c058                weaponinfo
 .data          0x0006c130        0x0 build/d_iwad.o
 .data          0x0006c130        0x0 build/d_loop.o
 .data          0x0006c130        0x0 build/d_main.o
 .data          0x0006c130        0x0 build/d_mode.o
 .data          0x0006c130       0x10 build/d_net.o
 .data          0x0006c140      0x248 build/f_finale.o
                0x0006c2f8                castorder
 .data          0x0006c388        0x0 build/f_wipe.o
 .data          0x0006c388      0x12c build/g_game.o
                0x0006c388                angleturn
                0x0006c394                cpars
                0x0006c414                pars
 .data          0x0006c4b4        0x0 build/hu_lib.o
 .data          0x0006c4b4      0x26c build/hu_stuff.o
                0x0006c4b4                mapnames
                0x0006c568                mapnames_commercial
                0x0006c6e8                player_names
                0x0006c6f8                chat_macros
 .data          0x0006c720     0x9d2c build/info.o
                0x0006c720                mobjinfo
                0x0006f85c                states
                0x00076220                sprnames
 .data          0x0007644c        0x0 build/i_cdmus.o
 .data          0x0007644c        0x0 build/i_endoom.o
 .data          0x0007644c       0x28 build/i_joystick.o
 .data          0x00076474      0x12c build/i_scale.o
                0x00076474                mode_squash_5x
                0x00076488                mode_squash_4x
                0x0007649c                mode_squash_3x
                0x000764b0                mode_squash_2x
                0x000764c4                mode_squash_1x
                0x000764d8                mode_stretch_5x
                0x000764ec                mode_stretch_4x
                0x00076500                mode_stretch_3x
                0x00076514                mode_stretch_2x
                0x00076528                mode_stretch_1x
                0x0007653c                mode_scale_5x
                0x00076550                mode_scale_4x
                0x00076564                mode_scale_3x
                0x00076578                mode_scale_2x
                0x0007658c                mode_scale_1x
 .data          0x000765a0        0x0 build/i_sound.o
 .data          0x000765a0        0x0 build/i_system.o
 .data          0x000765a0        0x0 build/i_timer.o
 .data          0x000765a0        0x0 build/memio.o
 .data          0x000765a0       0x10 build/m_argv.o
                0x000765a0                myargv
 .data          0x000765b0        0x0 build/m_bbox.o
 .data          0x000765b0        0x0 build/m_cheat.o
 .data          0x000765b0     0x1260 build/m_config.o
 .data          0x00077810        0x0 build/m_controls.o
 .data          0x00077810        0x0 build/m_fixed.o
 .data          0x00077810      0x4d0 build/m_menu.o
                0x00077810                SoundDef
                0x00077828                OptionsDef
                0x00077840                ReadDef1
                0x00077858                MainDef
                0x00077870                NewDef
                0x00077888                EpiDef
                0x000778a0                ReadDef2
                0x000778b8                quitsounds2
                0x000778d8                quitsounds
                0x000778f8                LoadDef
                0x00077910                LoadMenu
                0x00077988                SaveDef
                0x000779a0                gammamsg
                0x00077a24                MainMenu
                0x00077a9c                SaveMenu
                0x00077b14                SoundMenu
                0x00077b64                ReadMenu2
                0x00077b78                ReadMenu1
                0x00077b8c                OptionsMenu
                0x00077c2c                NewGameMenu
                0x00077c90                EpisodeMenu
 .data          0x00077ce0        0x0 build/m_misc.o
 .data          0x00077ce0        0x0 build/m_random.o
 .data          0x00077ce0        0x0 build/p_ceilng.o
 .data          0x00077ce0        0x0 build/p_doors.o
 .data          0x00077ce0       0x74 build/p_enemy.o
                0x00077ce0                yspeed
                0x00077d00                xspeed
                0x00077d20                opposite
                0x00077d44                diags
 .data          0x00077d54        0x0 build/p_floor.o
 .data          0x00077d54       0x20 build/p_inter.o
                0x00077d54                clipammo
                0x00077d64                maxammo
 .data          0x00077d74        0x0 build/p_lights.o
 .data          0x00077d74        0x0 build/p_map.o
 .data          0x00077d74        0x0 build/p_maputl.o
 .data          0x00077d74        0x0 build/p_mobj.o
 .data          0x00077d74        0x0 build/p_plats.o
 .data          0x00077d74        0x0 build/p_pspr.o
 .data          0x00077d74        0x0 build/p_saveg.o
 .data          0x00077d74        0x0 build/p_setup.o
 .data          0x00077d74        0x0 build/p_sight.o
 .data          0x00077d74      0x284 build/p_spec.o
                0x00077d74                animdefs
 .data          0x00077ff8      0x334 build/p_switch.o
                0x00077ff8                alphSwitchList
 .data          0x0007832c        0x0 build/p_telept.o
 .data          0x0007832c        0x0 build/p_tick.o
 .data          0x0007832c        0x0 build/p_user.o
 .data          0x0007832c       0xc0 build/r_bsp.o
                0x0007832c                checkcoord
 .data          0x000783ec        0x0 build/r_data.o
 .data          0x000783ec       0xc8 build/r_draw.o
                0x000783ec                fuzzoffset
 .data          0x000784b4        0x0 build/r_main.o
 .data          0x000784b4        0x0 build/r_plane.o
 .data          0x000784b4        0x0 build/r_segs.o
 .data          0x000784b4        0x0 build/r_sky.o
 .data          0x000784b4        0x0 build/r_things.o
 .data          0x000784b4        0x0 build/sha1.o
 .data          0x000784b4     0x18b0 build/sounds.o
                0x000784b4                S_sfx
                0x00079924                S_music
 .data          0x00079d64        0x0 build/statdump.o
 .data          0x00079d64        0x0 build/st_lib.o
 .data          0x00079d64      0x340 build/st_stuff.o
                0x00079d64                cheat_clev
                0x00079d98                cheat_god
                0x00079dcc                cheat_ammonokey
                0x00079e00                cheat_powerup
                0x00079f6c                cheat_ammo
                0x00079fa0                cheat_mus
                0x00079fd4                cheat_commercial_noclip
                0x0007a008                cheat_noclip
                0x0007a03c                cheat_choppers
                0x0007a070                cheat_mypos
 .data          0x0007a0a4        0x0 build/s_sound.o
 .data          0x0007a0a4        0x0 build/tables.o
 .data          0x0007a0a4        0x0 build/v_video.o
 .data          0x0007a0a4      0x578 build/wi_stuff.o
 .data          0x0007a61c        0x0 build/w_checksum.o
 .data          0x0007a61c        0x0 build/w_file.o
 .data          0x0007a61c        0x0 build/w_main.o
 .data          0x0007a61c        0x0 build/w_wad.o
 .data          0x0007a61c        0x0 build/z_zone.o
 .data          0x0007a61c        0xc build/w_file_stdc.o
                0x0007a61c                stdc_wad_file
 .data          0x0007a628        0x0 build/i_input.o
 .data          0x0007a628        0x0 build/i_video.o
 .data          0x0007a628        0x0 build/doomgeneric.o
 .data          0x0007a628        0x0 build/riscv.o
 .data          0x0007a628        0x0 ../minlibc//libminlibc.a(atof.o)
 .data          0x0007a628        0x0 ../minlibc//libminlibc.a(atoi.o)
 .data          0x0007a628        0x0 ../minlibc//libminlibc.a(errno.o)
 .data          0x0007a628        0x0 ../minlibc//libminlibc.a(exit.o)
 .data          0x0007a628        0x0 ../minlibc//libminlibc.a(fake_files.o)
 .data          0x0007a628        0x0 ../minlibc//libminlibc.a(fclose.o)
 .data          0x0007a628        0x0 ../minlibc//libminlibc.a(fflush.o)
 .data          0x0007a628        0x0 ../minlibc//libminlibc.a(fprintf.o)
 .data          0x0007a628        0x0 ../minlibc//libminlibc.a(fwrite.o)
 .data          0x0007a628        0x0 ../minlibc//libminlibc.a(isdigit.o)
 .data          0x0007a628        0x0 ../minlibc//libminlibc.a(malloc.o)
 .data          0x0007a628        0x0 ../minlibc//libminlibc.a(memcpy.o)
 .data          0x0007a628        0x0 ../minlibc//libminlibc.a(memset.o)
 .data          0x0007a628        0x0 ../minlibc//libminlibc.a(mkdir.o)
 .data          0x0007a628        0x0 ../minlibc//libminlibc.a(mmap.o)
 .data          0x0007a628        0x0 ../minlibc//libminlibc.a(mprotect.o)
 .data          0x0007a628        0x0 ../minlibc//libminlibc.a(munmap.o)
 .data          0x0007a628        0x0 ../minlibc//libminlibc.a(printf.o)
 .data          0x0007a628        0x0 ../minlibc//libminlibc.a(putchar.o)
 .data          0x0007a628        0x0 ../minlibc//libminlibc.a(puts.o)
 .data          0x0007a628        0x0 ../minlibc//libminlibc.a(snprintf.o)
 .data          0x0007a628        0x0 ../minlibc//libminlibc.a(stdio_values.o)
 .data          0x0007a628        0x0 ../minlibc//libminlibc.a(strcasecmp.o)
 .data          0x0007a628        0x0 ../minlibc//libminlibc.a(strcmp.o)
 .data          0x0007a628        0x0 ../minlibc//libminlibc.a(strdup.o)
 .data          0x0007a628        0x0 ../minlibc//libminlibc.a(strlen.o)
 .data          0x0007a628        0x0 ../minlibc//libminlibc.a(strncmp.o)
 .data          0x0007a628        0x0 ../minlibc//libminlibc.a(strncpy.o)
 .data          0x0007a628        0x0 ../minlibc//libminlibc.a(strrchr.o)
 .data          0x0007a628        0x0 ../minlibc//libminlibc.a(strstr.o)
 .data          0x0007a628        0x0 ../minlibc//libminlibc.a(tolower.o)
 .data          0x0007a628        0x0 ../minlibc//libminlibc.a(toupper.o)
 .data          0x0007a628        0x0 ../minlibc//libminlibc.a(vfprintf.o)
 .data          0x0007a628        0x0 ../minlibc//libminlibc.a(vsnprintf.o)
 .data          0x0007a628        0x0 ../minlibc//libminlibc.a(abort.o)
 .data          0x0007a628        0x0 ../minlibc//libminlibc.a(bzero.o)
 .data          0x0007a628   0x19c5c2 ../minlibc//libminlibc.a(doom1.o)
                0x0007a628                DOOM1_WAD
 .data          0x00216bea        0x0 ../minlibc//libminlibc.a(fputc.o)
 .data          0x00216bea        0x0 ../minlibc//libminlibc.a(isspace.o)
 .data          0x00216bea        0x0 ../minlibc//libminlibc.a(strchr.o)
 .data          0x00216bea        0x0 ../minlibc//libminlibc.a(strnlen.o)
 .data          0x00216bea        0x0 /var/home/blake/gcc-riscv/lib/gcc/riscv32-unknown-elf/15.1.0/libgcc.a(_divdi3.o)
 .data          0x00216bea        0x0 /var/home/blake/gcc-riscv/lib/gcc/riscv32-unknown-elf/15.1.0/libgcc.a(_udivdi3.o)
 .data          0x00216bea        0x0 /var/home/blake/gcc-riscv/lib/gcc/riscv32-unknown-elf/15.1.0/libgcc.a(_umoddi3.o)
 .data          0x00216bea        0x0 /var/home/blake/gcc-riscv/lib/gcc/riscv32-unknown-elf/15.1.0/libgcc.a(adddf3.o)
 .data          0x00216bea        0x0 /var/home/blake/gcc-riscv/lib/gcc/riscv32-unknown-elf/15.1.0/libgcc.a(ledf2.o)
 .data          0x00216bea        0x0 /var/home/blake/gcc-riscv/lib/gcc/riscv32-unknown-elf/15.1.0/libgcc.a(muldf3.o)
 .data          0x00216bea        0x0 /var/home/blake/gcc-riscv/lib/gcc/riscv32-unknown-elf/15.1.0/libgcc.a(subdf3.o)
 .data          0x00216bea        0x0 /var/home/blake/gcc-riscv/lib/gcc/riscv32-unknown-elf/15.1.0/libgcc.a(floatsidf.o)
 .data          0x00216bea        0x0 /var/home/blake/gcc-riscv/lib/gcc/riscv32-unknown-elf/15.1.0/libgcc.a(fixunsdfdi.o)
 .data          0x00216bea        0x0 /var/home/blake/gcc-riscv/lib/gcc/riscv32-unknown-elf/15.1.0/libgcc.a(floatundidf.o)
 .data          0x00216bea        0x0 /var/home/blake/gcc-riscv/lib/gcc/riscv32-unknown-elf/15.1.0/libgcc.a(divsf3.o)
 .data          0x00216bea        0x0 /var/home/blake/gcc-riscv/lib/gcc/riscv32-unknown-elf/15.1.0/libgcc.a(mulsf3.o)
 .data          0x00216bea        0x0 /var/home/blake/gcc-riscv/lib/gcc/riscv32-unknown-elf/15.1.0/libgcc.a(subsf3.o)
 .data          0x00216bea        0x0 /var/home/blake/gcc-riscv/lib/gcc/riscv32-unknown-elf/15.1.0/libgcc.a(fixsfsi.o)
 .data          0x00216bea        0x0 /var/home/blake/gcc-riscv/lib/gcc/riscv32-unknown-elf/15.1.0/libgcc.a(floatsisf.o)
 .data          0x00216bea        0x0 /var/home/blake/gcc-riscv/lib/gcc/riscv32-unknown-elf/15.1.0/libgcc.a(extendsfdf2.o)
 .data          0x00216bea        0x0 /var/home/blake/gcc-riscv/lib/gcc/riscv32-unknown-elf/15.1.0/libgcc.a(truncdfsf2.o)
 .data          0x00216bea        0x0 /var/home/blake/gcc-riscv/lib/gcc/riscv32-unknown-elf/15.1.0/libgcc.a(muldi3.o)
 .data          0x00216bea        0x0 /var/home/blake/gcc-riscv/lib/gcc/riscv32-unknown-elf/15.1.0/libgcc.a(div.o)
 .data          0x00216bea        0x0 /var/home/blake/gcc-riscv/lib/gcc/riscv32-unknown-elf/15.1.0/libgcc.a(_lshrdi3.o)
 .data          0x00216bea        0x0 /var/home/blake/gcc-riscv/lib/gcc/riscv32-unknown-elf/15.1.0/libgcc.a(_ashldi3.o)
 .data          0x00216bea        0x0 /var/home/blake/gcc-riscv/lib/gcc/riscv32-unknown-elf/15.1.0/libgcc.a(_clz.o)
 .data          0x00216bea        0x0 /var/home/blake/gcc-riscv/lib/gcc/riscv32-unknown-elf/15.1.0/libgcc.a(_clzsi2.o)
                0x00216bec                        . = ALIGN (0x4)
 *fill*         0x00216bea        0x2 
                0x00216bec                        _edata = .

.sdata          0x00216bec      0x290
 .sdata         0x00216bec       0x14 build/am_map.o
 .sdata         0x00216c00        0x8 build/doomstat.o
                0x00216c00                gameversion
                0x00216c04                gamemode
 .sdata         0x00216c08        0x4 build/d_loop.o
 .sdata         0x00216c0c        0xc build/d_main.o
                0x00216c10                wipegamestate
                0x00216c14                show_endoom
 .sdata         0x00216c18       0x1c build/g_game.o
                0x00216c18                vanilla_demo_limit
                0x00216c1c                vanilla_savegame_limit
                0x00216c20                sidemove
                0x00216c28                forwardmove
                0x00216c30                precache
 .sdata         0x00216c34        0xc build/i_joystick.o
 .sdata         0x00216c40       0x18 build/i_sound.o
                0x00216c40                snd_sfxdevice
                0x00216c44                snd_musicdevice
                0x00216c48                snd_musiccmd
                0x00216c4c                snd_maxslicetime_ms
                0x00216c50                snd_cachesize
                0x00216c54                snd_samplerate
 .sdata         0x00216c58        0x8 build/i_system.o
 .sdata         0x00216c60        0x4 build/m_argv.o
                0x00216c60                myargc
 .sdata         0x00216c64      0x19c build/m_controls.o
                0x00216c64                dclick_use
                0x00216c68                joybmenu
                0x00216c6c                joybnextweapon
                0x00216c70                joybprevweapon
                0x00216c74                joybjump
                0x00216c78                joybstraferight
                0x00216c7c                joybstrafeleft
                0x00216c80                joybspeed
                0x00216c84                joybuse
                0x00216c88                joybstrafe
                0x00216c8c                key_menu_decscreen
                0x00216c90                key_menu_incscreen
                0x00216c94                key_menu_gamma
                0x00216c98                key_menu_quit
                0x00216c9c                key_menu_qload
                0x00216ca0                key_menu_messages
                0x00216ca4                key_menu_endgame
                0x00216ca8                key_menu_qsave
                0x00216cac                key_menu_detail
                0x00216cb0                key_menu_volume
                0x00216cb4                key_menu_load
                0x00216cb8                key_menu_save
                0x00216cbc                key_menu_help
                0x00216cc0                key_menu_abort
                0x00216cc4                key_menu_confirm
                0x00216cc8                key_menu_forward
                0x00216ccc                key_menu_back
                0x00216cd0                key_menu_right
                0x00216cd4                key_menu_left
                0x00216cd8                key_menu_down
                0x00216cdc                key_menu_up
                0x00216ce0                key_menu_activate
                0x00216ce4                key_map_clearmark
                0x00216ce8                key_map_mark
                0x00216cec                key_map_grid
                0x00216cf0                key_map_follow
                0x00216cf4                key_map_maxzoom
                0x00216cf8                key_map_toggle
                0x00216cfc                key_map_zoomout
                0x00216d00                key_map_zoomin
                0x00216d04                key_map_west
                0x00216d08                key_map_east
                0x00216d0c                key_map_south
                0x00216d10                key_map_north
                0x00216d14                key_weapon8
                0x00216d18                key_weapon7
                0x00216d1c                key_weapon6
                0x00216d20                key_weapon5
                0x00216d24                key_weapon4
                0x00216d28                key_weapon3
                0x00216d2c                key_weapon2
                0x00216d30                key_weapon1
                0x00216d34                key_multi_msg
                0x00216d38                key_spy
                0x00216d3c                key_demo_quit
                0x00216d40                key_pause
                0x00216d44                key_message_refresh
                0x00216d48                mousebnextweapon
                0x00216d4c                mousebprevweapon
                0x00216d50                mousebuse
                0x00216d54                mousebbackward
                0x00216d58                mousebstraferight
                0x00216d5c                mousebstrafeleft
                0x00216d60                mousebjump
                0x00216d64                mousebforward
                0x00216d68                mousebstrafe
                0x00216d6c                key_invdrop
                0x00216d70                key_invuse
                0x00216d74                key_invend
                0x00216d78                key_invhome
                0x00216d7c                key_invkey